=== RUN   TestAC01_Authentication
--- PASS: TestAC01_Authentication (0.75s)
=== RUN   TestAC03_SearchDoesNotLeak
--- PASS: TestAC03_SearchDoesNotLeak (1.02s)
=== RUN   TestAC04_InheritedViewRestriction
--- PASS: TestAC04_InheritedViewRestriction (3.56s)
=== RUN   TestAC05_EditRestrictionNotInherited
--- PASS: TestAC05_EditRestrictionNotInherited (1.02s)
=== RUN   TestAC06_RequesterNotServiceAccount
--- PASS: TestAC06_RequesterNotServiceAccount (1.01s)
=== RUN   TestAC07_PluginFailureBlocks
--- PASS: TestAC07_PluginFailureBlocks (1.02s)
=== RUN   TestAC08_IncludeMacroNotExpanded
--- PASS: TestAC08_IncludeMacroNotExpanded (0.51s)
=== RUN   TestAC09_StaleApproval
--- PASS: TestAC09_StaleApproval (2.05s)
=== RUN   TestAC10_SingleExecution
--- PASS: TestAC10_SingleExecution (1.04s)
=== RUN   TestAC12_MacrosPreserved
--- PASS: TestAC12_MacrosPreserved (2.05s)
=== RUN   TestAC15_ContextPathKorean
--- PASS: TestAC15_ContextPathKorean (0.51s)
=== RUN   TestReplaceTextPreservesLiteralWhitespace
=== RUN   TestReplaceTextPreservesLiteralWhitespace/surrounding_spaces
=== RUN   TestReplaceTextPreservesLiteralWhitespace/whitespace_only
=== RUN   TestReplaceTextPreservesLiteralWhitespace/tabs_and_newlines
=== RUN   TestReplaceTextPreservesLiteralWhitespace/delete_first_match
--- PASS: TestReplaceTextPreservesLiteralWhitespace (10.26s)
    --- PASS: TestReplaceTextPreservesLiteralWhitespace/surrounding_spaces (2.57s)
    --- PASS: TestReplaceTextPreservesLiteralWhitespace/whitespace_only (2.56s)
    --- PASS: TestReplaceTextPreservesLiteralWhitespace/tabs_and_newlines (2.56s)
    --- PASS: TestReplaceTextPreservesLiteralWhitespace/delete_first_match (2.56s)
=== RUN   TestReplaceTextApprovalBindsLiteralWhitespace
=== RUN   TestReplaceTextApprovalBindsLiteralWhitespace/find
=== RUN   TestReplaceTextApprovalBindsLiteralWhitespace/body
--- PASS: TestReplaceTextApprovalBindsLiteralWhitespace (7.17s)
    --- PASS: TestReplaceTextApprovalBindsLiteralWhitespace/find (3.59s)
    --- PASS: TestReplaceTextApprovalBindsLiteralWhitespace/body (3.58s)
=== RUN   TestAC17_CursorBoundToUser
--- PASS: TestAC17_CursorBoundToUser (1.01s)
=== RUN   TestPolicyDeniesHR
--- PASS: TestPolicyDeniesHR (0.51s)
=== RUN   TestMoveNeedsSeparateApprover
--- PASS: TestMoveNeedsSeparateApprover (0.52s)
PASS
ok  	github.com/hkjang/confmcp/hack/e2e	34.022s
