
added 123 packages in 14s

> confmcp-web@0.1.1 check
> tsc -b --noEmit


> confmcp-web@0.1.1 build
> tsc -b && vite build

vite v5.4.21 building for production...
transforming...
✓ 7093 modules transformed.
rendering chunks...
computing gzip size...
../internal/webui/dist/index.html                                            0.85 kB │ gzip:   0.53 kB
../internal/webui/dist/assets/PretendardVariable.subset.66-C3HqaDeY.woff2    8.25 kB
../internal/webui/dist/assets/PretendardVariable.subset.64-CTbrgYF9.woff2    8.26 kB
../internal/webui/dist/assets/PretendardVariable.subset.65-B66rjuyf.woff2   11.11 kB
../internal/webui/dist/assets/PretendardVariable.subset.68-DS9B48d0.woff2   16.34 kB
../internal/webui/dist/assets/PretendardVariable.subset.73-DMrK970F.woff2   18.34 kB
../internal/webui/dist/assets/PretendardVariable.subset.72-pYYGrEQR.woff2   19.51 kB
../internal/webui/dist/assets/PretendardVariable.subset.75-CxKdrRNf.woff2   20.00 kB
../internal/webui/dist/assets/PretendardVariable.subset.90-BF7RiZjm.woff2   20.85 kB
../internal/webui/dist/assets/PretendardVariable.subset.67-BmuXdlDy.woff2   21.84 kB
../internal/webui/dist/assets/PretendardVariable.subset.89-DOzqWPpX.woff2   21.86 kB
../internal/webui/dist/assets/PretendardVariable.subset.74-D4tQnymK.woff2   22.39 kB
../internal/webui/dist/assets/PretendardVariable.subset.84-Brb8EsYQ.woff2   24.49 kB
../internal/webui/dist/assets/PretendardVariable.subset.87-Lzui2vbK.woff2   24.66 kB
../internal/webui/dist/assets/PretendardVariable.subset.76-DhPm2b_q.woff2   24.92 kB
../internal/webui/dist/assets/PretendardVariable.subset.85-Byo_x2hf.woff2   25.10 kB
../internal/webui/dist/assets/PretendardVariable.subset.88-CqX6JSgh.woff2   25.64 kB
../internal/webui/dist/assets/PretendardVariable.subset.86-XG7lTN_6.woff2   25.72 kB
../internal/webui/dist/assets/PretendardVariable.subset.77-DwaxqOC8.woff2   26.04 kB
../internal/webui/dist/assets/PretendardVariable.subset.79-XpoyPP38.woff2   26.22 kB
../internal/webui/dist/assets/PretendardVariable.subset.81-BZzF9Hb3.woff2   26.30 kB
../internal/webui/dist/assets/PretendardVariable.subset.82-BgAHe30u.woff2   26.50 kB
../internal/webui/dist/assets/PretendardVariable.subset.78-DhqRbBzT.woff2   26.55 kB
../internal/webui/dist/assets/PretendardVariable.subset.83-DF-zBLLe.woff2   26.96 kB
../internal/webui/dist/assets/PretendardVariable.subset.70-BUXiAGMT.woff2   27.55 kB
../internal/webui/dist/assets/PretendardVariable.subset.37-BD6FyOtY.woff2   27.92 kB
../internal/webui/dist/assets/PretendardVariable.subset.71-DuPZj8us.woff2   28.32 kB
../internal/webui/dist/assets/PretendardVariable.subset.80-DsV9Qp_h.woff2   28.80 kB
../internal/webui/dist/assets/PretendardVariable.subset.63-B35xsm4O.woff2   28.82 kB
../internal/webui/dist/assets/PretendardVariable.subset.40-BDaOfdUe.woff2   29.84 kB
../internal/webui/dist/assets/PretendardVariable.subset.43-DHdpry7N.woff2   30.38 kB
../internal/webui/dist/assets/PretendardVariable.subset.7-E2HaA55t.woff2    31.91 kB
../internal/webui/dist/assets/PretendardVariable.subset.1-C-__qv6_.woff2    32.04 kB
../internal/webui/dist/assets/PretendardVariable.subset.44-qHopVhdd.woff2   32.14 kB
../internal/webui/dist/assets/PretendardVariable.subset.24-CmkE8Q8D.woff2   32.30 kB
../internal/webui/dist/assets/PretendardVariable.subset.10-DzSWztS8.woff2   33.03 kB
../internal/webui/dist/assets/PretendardVariable.subset.41-BUACvzZC.woff2   33.19 kB
../internal/webui/dist/assets/PretendardVariable.subset.50-C8IyFH7L.woff2   33.23 kB
../internal/webui/dist/assets/PretendardVariable.subset.54-Dt2-cQkx.woff2   33.34 kB
../internal/webui/dist/assets/PretendardVariable.subset.5-K_MNGNCe.woff2    33.62 kB
../internal/webui/dist/assets/PretendardVariable.subset.6-Bxhohlcm.woff2    33.97 kB
../internal/webui/dist/assets/PretendardVariable.subset.9-Btb3bmS6.woff2    34.01 kB
../internal/webui/dist/assets/PretendardVariable.subset.55-jFgflYjX.woff2   34.18 kB
../internal/webui/dist/assets/PretendardVariable.subset.39-B_7wfth9.woff2   34.26 kB
../internal/webui/dist/assets/PretendardVariable.subset.52-CNgqKOOJ.woff2   34.36 kB
../internal/webui/dist/assets/PretendardVariable.subset.0-BHUkWNFR.woff2    34.57 kB
../internal/webui/dist/assets/PretendardVariable.subset.53-BSRnyb-u.woff2   34.57 kB
../internal/webui/dist/assets/PretendardVariable.subset.42-Dp-5mnyL.woff2   34.61 kB
../internal/webui/dist/assets/PretendardVariable.subset.45-BniyRFfm.woff2   34.66 kB
../internal/webui/dist/assets/PretendardVariable.subset.36-Dn5IBRQB.woff2   34.69 kB
../internal/webui/dist/assets/PretendardVariable.subset.34-CaCS33Md.woff2   34.72 kB
../internal/webui/dist/assets/PretendardVariable.subset.69-YT16ymcp.woff2   34.78 kB
../internal/webui/dist/assets/PretendardVariable.subset.38-D4hu443z.woff2   34.81 kB
../internal/webui/dist/assets/PretendardVariable.subset.62-DGSAWCfb.woff2   34.88 kB
../internal/webui/dist/assets/PretendardVariable.subset.33--0OT__YQ.woff2   34.92 kB
../internal/webui/dist/assets/PretendardVariable.subset.17-BfZSA-Xc.woff2   34.94 kB
../internal/webui/dist/assets/PretendardVariable.subset.4-Bvh2YGoc.woff2    35.16 kB
../internal/webui/dist/assets/PretendardVariable.subset.56-BwZdvJZQ.woff2   35.18 kB
../internal/webui/dist/assets/PretendardVariable.subset.35-DWFYRGLp.woff2   35.35 kB
../internal/webui/dist/assets/PretendardVariable.subset.27-CT6nuW9L.woff2   35.42 kB
../internal/webui/dist/assets/PretendardVariable.subset.61-PUuTnod4.woff2   35.64 kB
../internal/webui/dist/assets/PretendardVariable.subset.15-D04iXIE3.woff2   35.67 kB
../internal/webui/dist/assets/PretendardVariable.subset.13-C42mj_j2.woff2   35.71 kB
../internal/webui/dist/assets/PretendardVariable.subset.47-B-cWO2pw.woff2   35.72 kB
../internal/webui/dist/assets/PretendardVariable.subset.57-BwFDg-Fs.woff2   35.96 kB
../internal/webui/dist/assets/PretendardVariable.subset.51-Bxd0gTAs.woff2   36.02 kB
../internal/webui/dist/assets/PretendardVariable.subset.49-BblQVys9.woff2   36.05 kB
../internal/webui/dist/assets/PretendardVariable.subset.20-Ig1-z3n5.woff2   36.13 kB
../internal/webui/dist/assets/PretendardVariable.subset.14-Bl512uUX.woff2   36.51 kB
../internal/webui/dist/assets/PretendardVariable.subset.46-BMRq7xC-.woff2   36.54 kB
../internal/webui/dist/assets/PretendardVariable.subset.8-CRbJhhyA.woff2    36.70 kB
../internal/webui/dist/assets/PretendardVariable.subset.21-yKPEdLXC.woff2   37.27 kB
../internal/webui/dist/assets/PretendardVariable.subset.11-CqVmlKJn.woff2   37.40 kB
../internal/webui/dist/assets/PretendardVariable.subset.48-Ct-fWrPO.woff2   37.78 kB
../internal/webui/dist/assets/PretendardVariable.subset.60-CeHezjjf.woff2   37.78 kB
../internal/webui/dist/assets/PretendardVariable.subset.16-BQUnS2GX.woff2   37.92 kB
../internal/webui/dist/assets/PretendardVariable.subset.12-BHuZSgT0.woff2   37.94 kB
../internal/webui/dist/assets/PretendardVariable.subset.91-Csm0YNoH.woff2   38.00 kB
../internal/webui/dist/assets/PretendardVariable.subset.30-CWDM1c0J.woff2   38.45 kB
../internal/webui/dist/assets/PretendardVariable.subset.28-CpO0Y96p.woff2   38.47 kB
../internal/webui/dist/assets/PretendardVariable.subset.22-CSqxKoOs.woff2   38.68 kB
../internal/webui/dist/assets/PretendardVariable.subset.59-CMkWjhdo.woff2   38.97 kB
../internal/webui/dist/assets/PretendardVariable.subset.29-D6hjrUWm.woff2   39.29 kB
../internal/webui/dist/assets/PretendardVariable.subset.32-CGnFWD2i.woff2   40.22 kB
../internal/webui/dist/assets/PretendardVariable.subset.23-DK80wi0t.woff2   40.28 kB
../internal/webui/dist/assets/PretendardVariable.subset.26-Sozl8dw8.woff2   40.32 kB
../internal/webui/dist/assets/PretendardVariable.subset.3-Dqw33sf4.woff2    40.65 kB
../internal/webui/dist/assets/PretendardVariable.subset.58-DlucQts_.woff2   41.56 kB
../internal/webui/dist/assets/PretendardVariable.subset.18-CwAxMC3C.woff2   41.60 kB
../internal/webui/dist/assets/PretendardVariable.subset.31-CdmyZ5mm.woff2   41.89 kB
../internal/webui/dist/assets/PretendardVariable.subset.25-CsoWBIZB.woff2   42.03 kB
../internal/webui/dist/assets/PretendardVariable.subset.19-CJu4Zcdo.woff2   42.33 kB
../internal/webui/dist/assets/PretendardVariable.subset.2-dCZkyKLw.woff2    43.92 kB
../internal/webui/dist/assets/index-6VkXd8f1.css                           254.14 kB │ gzip:  44.77 kB
../internal/webui/dist/assets/index-BD-7jINV.js                            779.75 kB │ gzip: 240.46 kB
✓ built in 5.27s
