=== RUN   TestCSVSafeSharedVectors
=== RUN   TestCSVSafeSharedVectors/empty
=== RUN   TestCSVSafeSharedVectors/korean
=== RUN   TestCSVSafeSharedVectors/cve
=== RUN   TestCSVSafeSharedVectors/quoted
=== RUN   TestCSVSafeSharedVectors/multiline
=== RUN   TestCSVSafeSharedVectors/protected
=== RUN   TestCSVSafeSharedVectors/space-text
=== RUN   TestCSVSafeSharedVectors/space-tab-text
=== RUN   TestCSVSafeSharedVectors/direct-=
=== RUN   TestCSVSafeSharedVectors/space-=
=== RUN   TestCSVSafeSharedVectors/space-tab-=
=== RUN   TestCSVSafeSharedVectors/mixed-=
=== RUN   TestCSVSafeSharedVectors/direct-+
=== RUN   TestCSVSafeSharedVectors/space-+
=== RUN   TestCSVSafeSharedVectors/space-tab-+
=== RUN   TestCSVSafeSharedVectors/mixed-+
=== RUN   TestCSVSafeSharedVectors/direct--
=== RUN   TestCSVSafeSharedVectors/space--
=== RUN   TestCSVSafeSharedVectors/space-tab--
=== RUN   TestCSVSafeSharedVectors/mixed--
=== RUN   TestCSVSafeSharedVectors/direct-@
=== RUN   TestCSVSafeSharedVectors/space-@
=== RUN   TestCSVSafeSharedVectors/space-tab-@
=== RUN   TestCSVSafeSharedVectors/mixed-@
=== RUN   TestCSVSafeSharedVectors/c0-00
=== RUN   TestCSVSafeSharedVectors/c0-01
=== RUN   TestCSVSafeSharedVectors/c0-02
=== RUN   TestCSVSafeSharedVectors/c0-03
=== RUN   TestCSVSafeSharedVectors/c0-04
=== RUN   TestCSVSafeSharedVectors/c0-05
=== RUN   TestCSVSafeSharedVectors/c0-06
=== RUN   TestCSVSafeSharedVectors/c0-07
=== RUN   TestCSVSafeSharedVectors/c0-08
=== RUN   TestCSVSafeSharedVectors/c0-09
=== RUN   TestCSVSafeSharedVectors/c0-0a
=== RUN   TestCSVSafeSharedVectors/c0-0b
=== RUN   TestCSVSafeSharedVectors/c0-0c
=== RUN   TestCSVSafeSharedVectors/c0-0d
=== RUN   TestCSVSafeSharedVectors/c0-0e
=== RUN   TestCSVSafeSharedVectors/c0-0f
=== RUN   TestCSVSafeSharedVectors/c0-10
=== RUN   TestCSVSafeSharedVectors/c0-11
=== RUN   TestCSVSafeSharedVectors/c0-12
=== RUN   TestCSVSafeSharedVectors/c0-13
=== RUN   TestCSVSafeSharedVectors/c0-14
=== RUN   TestCSVSafeSharedVectors/c0-15
=== RUN   TestCSVSafeSharedVectors/c0-16
=== RUN   TestCSVSafeSharedVectors/c0-17
=== RUN   TestCSVSafeSharedVectors/c0-18
=== RUN   TestCSVSafeSharedVectors/c0-19
=== RUN   TestCSVSafeSharedVectors/c0-1a
=== RUN   TestCSVSafeSharedVectors/c0-1b
=== RUN   TestCSVSafeSharedVectors/c0-1c
=== RUN   TestCSVSafeSharedVectors/c0-1d
=== RUN   TestCSVSafeSharedVectors/c0-1e
=== RUN   TestCSVSafeSharedVectors/c0-1f
=== RUN   TestCSVSafeSharedVectors/tab
=== RUN   TestCSVSafeSharedVectors/cr
=== RUN   TestCSVSafeSharedVectors/lf
=== RUN   TestCSVSafeSharedVectors/js-space-0020
=== RUN   TestCSVSafeSharedVectors/js-space-00a0
=== RUN   TestCSVSafeSharedVectors/js-space-1680
=== RUN   TestCSVSafeSharedVectors/js-space-2000
=== RUN   TestCSVSafeSharedVectors/js-space-2001
=== RUN   TestCSVSafeSharedVectors/js-space-2002
=== RUN   TestCSVSafeSharedVectors/js-space-2003
=== RUN   TestCSVSafeSharedVectors/js-space-2004
=== RUN   TestCSVSafeSharedVectors/js-space-2005
=== RUN   TestCSVSafeSharedVectors/js-space-2006
=== RUN   TestCSVSafeSharedVectors/js-space-2007
=== RUN   TestCSVSafeSharedVectors/js-space-2008
=== RUN   TestCSVSafeSharedVectors/js-space-2009
=== RUN   TestCSVSafeSharedVectors/js-space-200a
=== RUN   TestCSVSafeSharedVectors/js-space-2028
=== RUN   TestCSVSafeSharedVectors/js-space-2029
=== RUN   TestCSVSafeSharedVectors/js-space-202f
=== RUN   TestCSVSafeSharedVectors/js-space-205f
=== RUN   TestCSVSafeSharedVectors/js-space-3000
=== RUN   TestCSVSafeSharedVectors/js-space-feff
=== RUN   TestCSVSafeSharedVectors/non-js-space-007f
=== RUN   TestCSVSafeSharedVectors/non-js-space-0085
=== RUN   TestCSVSafeSharedVectors/non-js-space-180e
=== RUN   TestCSVSafeSharedVectors/non-js-space-200b
--- PASS: TestCSVSafeSharedVectors (0.01s)
    --- PASS: TestCSVSafeSharedVectors/empty (0.00s)
    --- PASS: TestCSVSafeSharedVectors/korean (0.00s)
    --- PASS: TestCSVSafeSharedVectors/cve (0.00s)
    --- PASS: TestCSVSafeSharedVectors/quoted (0.00s)
    --- PASS: TestCSVSafeSharedVectors/multiline (0.00s)
    --- PASS: TestCSVSafeSharedVectors/protected (0.00s)
    --- PASS: TestCSVSafeSharedVectors/space-text (0.00s)
    --- PASS: TestCSVSafeSharedVectors/space-tab-text (0.00s)
    --- PASS: TestCSVSafeSharedVectors/direct-= (0.00s)
    --- PASS: TestCSVSafeSharedVectors/space-= (0.00s)
    --- PASS: TestCSVSafeSharedVectors/space-tab-= (0.00s)
    --- PASS: TestCSVSafeSharedVectors/mixed-= (0.00s)
    --- PASS: TestCSVSafeSharedVectors/direct-+ (0.00s)
    --- PASS: TestCSVSafeSharedVectors/space-+ (0.00s)
    --- PASS: TestCSVSafeSharedVectors/space-tab-+ (0.00s)
    --- PASS: TestCSVSafeSharedVectors/mixed-+ (0.00s)
    --- PASS: TestCSVSafeSharedVectors/direct-- (0.00s)
    --- PASS: TestCSVSafeSharedVectors/space-- (0.00s)
    --- PASS: TestCSVSafeSharedVectors/space-tab-- (0.00s)
    --- PASS: TestCSVSafeSharedVectors/mixed-- (0.00s)
    --- PASS: TestCSVSafeSharedVectors/direct-@ (0.00s)
    --- PASS: TestCSVSafeSharedVectors/space-@ (0.00s)
    --- PASS: TestCSVSafeSharedVectors/space-tab-@ (0.00s)
    --- PASS: TestCSVSafeSharedVectors/mixed-@ (0.00s)
    --- PASS: TestCSVSafeSharedVectors/c0-00 (0.00s)
    --- PASS: TestCSVSafeSharedVectors/c0-01 (0.00s)
    --- PASS: TestCSVSafeSharedVectors/c0-02 (0.00s)
    --- PASS: TestCSVSafeSharedVectors/c0-03 (0.00s)
    --- PASS: TestCSVSafeSharedVectors/c0-04 (0.00s)
    --- PASS: TestCSVSafeSharedVectors/c0-05 (0.00s)
    --- PASS: TestCSVSafeSharedVectors/c0-06 (0.00s)
    --- PASS: TestCSVSafeSharedVectors/c0-07 (0.00s)
    --- PASS: TestCSVSafeSharedVectors/c0-08 (0.00s)
    --- PASS: TestCSVSafeSharedVectors/c0-09 (0.00s)
    --- PASS: TestCSVSafeSharedVectors/c0-0a (0.00s)
    --- PASS: TestCSVSafeSharedVectors/c0-0b (0.00s)
    --- PASS: TestCSVSafeSharedVectors/c0-0c (0.00s)
    --- PASS: TestCSVSafeSharedVectors/c0-0d (0.00s)
    --- PASS: TestCSVSafeSharedVectors/c0-0e (0.00s)
    --- PASS: TestCSVSafeSharedVectors/c0-0f (0.00s)
    --- PASS: TestCSVSafeSharedVectors/c0-10 (0.00s)
    --- PASS: TestCSVSafeSharedVectors/c0-11 (0.00s)
    --- PASS: TestCSVSafeSharedVectors/c0-12 (0.00s)
    --- PASS: TestCSVSafeSharedVectors/c0-13 (0.00s)
    --- PASS: TestCSVSafeSharedVectors/c0-14 (0.00s)
    --- PASS: TestCSVSafeSharedVectors/c0-15 (0.00s)
    --- PASS: TestCSVSafeSharedVectors/c0-16 (0.00s)
    --- PASS: TestCSVSafeSharedVectors/c0-17 (0.00s)
    --- PASS: TestCSVSafeSharedVectors/c0-18 (0.00s)
    --- PASS: TestCSVSafeSharedVectors/c0-19 (0.00s)
    --- PASS: TestCSVSafeSharedVectors/c0-1a (0.00s)
    --- PASS: TestCSVSafeSharedVectors/c0-1b (0.00s)
    --- PASS: TestCSVSafeSharedVectors/c0-1c (0.00s)
    --- PASS: TestCSVSafeSharedVectors/c0-1d (0.00s)
    --- PASS: TestCSVSafeSharedVectors/c0-1e (0.00s)
    --- PASS: TestCSVSafeSharedVectors/c0-1f (0.00s)
    --- PASS: TestCSVSafeSharedVectors/tab (0.00s)
    --- PASS: TestCSVSafeSharedVectors/cr (0.00s)
    --- PASS: TestCSVSafeSharedVectors/lf (0.00s)
    --- PASS: TestCSVSafeSharedVectors/js-space-0020 (0.00s)
    --- PASS: TestCSVSafeSharedVectors/js-space-00a0 (0.00s)
    --- PASS: TestCSVSafeSharedVectors/js-space-1680 (0.00s)
    --- PASS: TestCSVSafeSharedVectors/js-space-2000 (0.00s)
    --- PASS: TestCSVSafeSharedVectors/js-space-2001 (0.00s)
    --- PASS: TestCSVSafeSharedVectors/js-space-2002 (0.00s)
    --- PASS: TestCSVSafeSharedVectors/js-space-2003 (0.00s)
    --- PASS: TestCSVSafeSharedVectors/js-space-2004 (0.00s)
    --- PASS: TestCSVSafeSharedVectors/js-space-2005 (0.00s)
    --- PASS: TestCSVSafeSharedVectors/js-space-2006 (0.00s)
    --- PASS: TestCSVSafeSharedVectors/js-space-2007 (0.00s)
    --- PASS: TestCSVSafeSharedVectors/js-space-2008 (0.00s)
    --- PASS: TestCSVSafeSharedVectors/js-space-2009 (0.00s)
    --- PASS: TestCSVSafeSharedVectors/js-space-200a (0.00s)
    --- PASS: TestCSVSafeSharedVectors/js-space-2028 (0.00s)
    --- PASS: TestCSVSafeSharedVectors/js-space-2029 (0.00s)
    --- PASS: TestCSVSafeSharedVectors/js-space-202f (0.00s)
    --- PASS: TestCSVSafeSharedVectors/js-space-205f (0.00s)
    --- PASS: TestCSVSafeSharedVectors/js-space-3000 (0.00s)
    --- PASS: TestCSVSafeSharedVectors/js-space-feff (0.00s)
    --- PASS: TestCSVSafeSharedVectors/non-js-space-007f (0.00s)
    --- PASS: TestCSVSafeSharedVectors/non-js-space-0085 (0.00s)
    --- PASS: TestCSVSafeSharedVectors/non-js-space-180e (0.00s)
    --- PASS: TestCSVSafeSharedVectors/non-js-space-200b (0.00s)
=== RUN   TestReportCSVFormulaSafety
--- PASS: TestReportCSVFormulaSafety (8.44s)
PASS
ok  	github.com/hkjang/hunter/internal/app	9.520s
