ok  	dataworks/cmd/api-surface-audit	0.004s
?   	dataworks/cmd/clustara	[no test files]
?   	dataworks/cmd/clustara-agent	[no test files]
ok  	dataworks/cmd/clustara-cli	0.004s
?   	dataworks/cmd/dataworks	[no test files]
ok  	dataworks/internal/action	0.004s
ok  	dataworks/internal/agent	0.011s
ok  	dataworks/internal/analyzer	0.009s
ok  	dataworks/internal/audit	0.004s
?   	dataworks/internal/buildinfo	[no test files]
ok  	dataworks/internal/collector	0.624s
ok  	dataworks/internal/config	0.003s
ok  	dataworks/internal/dataworks	0.006s
ok  	dataworks/internal/kube	0.014s
ok  	dataworks/internal/prometheus	0.008s
ok  	dataworks/internal/proxy	51.564s
ok  	dataworks/internal/secret	0.003s
ok  	dataworks/internal/store	22.622s
ok  	dataworks/internal/text2sql	0.004s
ok  	dataworks/internal/tracking	0.003s
?   	dataworks/web	[no test files]
?   	dataworks/web/node_modules/flatted/golang/pkg/flatted	[no test files]
API Surface Audit
  server routes : 550
  OpenAPI paths : 612
  CLI paths     : 5
  SDK paths     : 5
  cli_only (FAIL)         : []
  sdk_only (FAIL)         : []
  openapi_missing (FAIL)  : []
  undocumented_routes(FAIL): []
