[33mConfiguration file: none[0m
  Logging at level: debug
      GitHub Pages: github-pages v232
      GitHub Pages: jekyll v3.10.0
             Theme: jekyll-theme-primer
      Theme source: /usr/local/bundle/gems/jekyll-theme-primer-0.6.0
         Requiring: jekyll-github-metadata
To use retry middleware with Faraday v2.0+, install `faraday-retry` gem
[33m   GitHub Metadata: No GitHub API authentication could be found. Some fields may be missing or have incorrect data.[0m
         Requiring: jekyll-seo-tag
         Requiring: jekyll-coffeescript
         Requiring: jekyll-commonmark-ghpages
         Requiring: jekyll-gist
         Requiring: jekyll-github-metadata
         Requiring: jekyll-paginate
         Requiring: jekyll-relative-links
         Requiring: jekyll-optional-front-matter
         Requiring: jekyll-readme-index
         Requiring: jekyll-default-layout
         Requiring: jekyll-titles-from-headings
   GitHub Metadata: Initializing...
            Source: /github/workspace/docs
       Destination: /github/workspace/_site
 Incremental build: disabled. Enable with --incremental
      Generating... 
        Generating: JekyllOptionalFrontMatter::Generator finished in 0.002805603 seconds.
        Generating: JekyllReadmeIndex::Generator finished in 0.002684584 seconds.
        Generating: Jekyll::Paginate::Pagination finished in 4.782e-06 seconds.
        Generating: JekyllRelativeLinks::Generator finished in 0.012241154 seconds.
        Generating: JekyllDefaultLayout::Generator finished in 0.000257575 seconds.
         Requiring: kramdown-parser-gfm
        Generating: JekyllTitlesFromHeadings::Generator finished in 0.011230224 seconds.
         Rendering: assets/css/style.scss
  Pre-Render Hooks: assets/css/style.scss
  Rendering Markup: assets/css/style.scss
         Rendering: ADMIN_GUIDE.md
  Pre-Render Hooks: ADMIN_GUIDE.md
  Rendering Markup: ADMIN_GUIDE.md
  Rendering Layout: ADMIN_GUIDE.md
     Layout source: theme
   GitHub Metadata: Generating for hkjang/Invenqor
   GitHub Metadata: Calling @client.repository("hkjang/Invenqor", {:accept=>"application/vnd.github.drax-preview+json"})
   GitHub Metadata: Calling @client.pages("hkjang/Invenqor", {})
fatal: not a git repository (or any of the parent directories): .git
         Rendering: API_MCP_GUIDE.md
  Pre-Render Hooks: API_MCP_GUIDE.md
  Rendering Markup: API_MCP_GUIDE.md
  Rendering Layout: API_MCP_GUIDE.md
     Layout source: theme
         Rendering: EXECUTIVE_REPORT.md
  Pre-Render Hooks: EXECUTIVE_REPORT.md
  Rendering Markup: EXECUTIVE_REPORT.md
  Rendering Layout: EXECUTIVE_REPORT.md
     Layout source: theme
         Rendering: RELEASE_NOTES_v0.2.1.md
  Pre-Render Hooks: RELEASE_NOTES_v0.2.1.md
  Rendering Markup: RELEASE_NOTES_v0.2.1.md
  Rendering Layout: RELEASE_NOTES_v0.2.1.md
     Layout source: theme
         Rendering: RELEASE_NOTES_v0.2.10.md
  Pre-Render Hooks: RELEASE_NOTES_v0.2.10.md
  Rendering Markup: RELEASE_NOTES_v0.2.10.md
  Rendering Layout: RELEASE_NOTES_v0.2.10.md
     Layout source: theme
         Rendering: RELEASE_NOTES_v0.2.11.md
  Pre-Render Hooks: RELEASE_NOTES_v0.2.11.md
  Rendering Markup: RELEASE_NOTES_v0.2.11.md
  Rendering Layout: RELEASE_NOTES_v0.2.11.md
     Layout source: theme
         Rendering: RELEASE_NOTES_v0.2.12.md
  Pre-Render Hooks: RELEASE_NOTES_v0.2.12.md
  Rendering Markup: RELEASE_NOTES_v0.2.12.md
  Rendering Layout: RELEASE_NOTES_v0.2.12.md
     Layout source: theme
         Rendering: RELEASE_NOTES_v0.2.13.md
  Pre-Render Hooks: RELEASE_NOTES_v0.2.13.md
  Rendering Markup: RELEASE_NOTES_v0.2.13.md
  Rendering Layout: RELEASE_NOTES_v0.2.13.md
     Layout source: theme
         Rendering: RELEASE_NOTES_v0.2.14.md
  Pre-Render Hooks: RELEASE_NOTES_v0.2.14.md
  Rendering Markup: RELEASE_NOTES_v0.2.14.md
  Rendering Layout: RELEASE_NOTES_v0.2.14.md
     Layout source: theme
         Rendering: RELEASE_NOTES_v0.2.15.md
  Pre-Render Hooks: RELEASE_NOTES_v0.2.15.md
  Rendering Markup: RELEASE_NOTES_v0.2.15.md
  Rendering Layout: RELEASE_NOTES_v0.2.15.md
     Layout source: theme
         Rendering: RELEASE_NOTES_v0.2.17.md
  Pre-Render Hooks: RELEASE_NOTES_v0.2.17.md
  Rendering Markup: RELEASE_NOTES_v0.2.17.md
  Rendering Layout: RELEASE_NOTES_v0.2.17.md
     Layout source: theme
         Rendering: RELEASE_NOTES_v0.2.18.md
  Pre-Render Hooks: RELEASE_NOTES_v0.2.18.md
  Rendering Markup: RELEASE_NOTES_v0.2.18.md
  Rendering Layout: RELEASE_NOTES_v0.2.18.md
     Layout source: theme
         Rendering: RELEASE_NOTES_v0.2.19.md
  Pre-Render Hooks: RELEASE_NOTES_v0.2.19.md
  Rendering Markup: RELEASE_NOTES_v0.2.19.md
  Rendering Layout: RELEASE_NOTES_v0.2.19.md
     Layout source: theme
         Rendering: RELEASE_NOTES_v0.2.2.md
  Pre-Render Hooks: RELEASE_NOTES_v0.2.2.md
  Rendering Markup: RELEASE_NOTES_v0.2.2.md
  Rendering Layout: RELEASE_NOTES_v0.2.2.md
     Layout source: theme
         Rendering: RELEASE_NOTES_v0.2.20.md
  Pre-Render Hooks: RELEASE_NOTES_v0.2.20.md
  Rendering Markup: RELEASE_NOTES_v0.2.20.md
  Rendering Layout: RELEASE_NOTES_v0.2.20.md
     Layout source: theme
         Rendering: RELEASE_NOTES_v0.2.21.md
  Pre-Render Hooks: RELEASE_NOTES_v0.2.21.md
  Rendering Markup: RELEASE_NOTES_v0.2.21.md
  Rendering Layout: RELEASE_NOTES_v0.2.21.md
     Layout source: theme
         Rendering: RELEASE_NOTES_v0.2.22.md
  Pre-Render Hooks: RELEASE_NOTES_v0.2.22.md
  Rendering Markup: RELEASE_NOTES_v0.2.22.md
  Rendering Layout: RELEASE_NOTES_v0.2.22.md
     Layout source: theme
         Rendering: RELEASE_NOTES_v0.2.23.md
  Pre-Render Hooks: RELEASE_NOTES_v0.2.23.md
  Rendering Markup: RELEASE_NOTES_v0.2.23.md
  Rendering Layout: RELEASE_NOTES_v0.2.23.md
     Layout source: theme
         Rendering: RELEASE_NOTES_v0.2.24.md
  Pre-Render Hooks: RELEASE_NOTES_v0.2.24.md
  Rendering Markup: RELEASE_NOTES_v0.2.24.md
  Rendering Layout: RELEASE_NOTES_v0.2.24.md
     Layout source: theme
         Rendering: RELEASE_NOTES_v0.2.25.md
  Pre-Render Hooks: RELEASE_NOTES_v0.2.25.md
  Rendering Markup: RELEASE_NOTES_v0.2.25.md
  Rendering Layout: RELEASE_NOTES_v0.2.25.md
     Layout source: theme
         Rendering: RELEASE_NOTES_v0.2.26.md
  Pre-Render Hooks: RELEASE_NOTES_v0.2.26.md
  Rendering Markup: RELEASE_NOTES_v0.2.26.md
  Rendering Layout: RELEASE_NOTES_v0.2.26.md
     Layout source: theme
         Rendering: RELEASE_NOTES_v0.2.27.md
  Pre-Render Hooks: RELEASE_NOTES_v0.2.27.md
  Rendering Markup: RELEASE_NOTES_v0.2.27.md
  Rendering Layout: RELEASE_NOTES_v0.2.27.md
     Layout source: theme
         Rendering: RELEASE_NOTES_v0.2.28.md
  Pre-Render Hooks: RELEASE_NOTES_v0.2.28.md
  Rendering Markup: RELEASE_NOTES_v0.2.28.md
  Rendering Layout: RELEASE_NOTES_v0.2.28.md
     Layout source: theme
         Rendering: RELEASE_NOTES_v0.2.29.md
  Pre-Render Hooks: RELEASE_NOTES_v0.2.29.md
  Rendering Markup: RELEASE_NOTES_v0.2.29.md
  Rendering Layout: RELEASE_NOTES_v0.2.29.md
     Layout source: theme
         Rendering: RELEASE_NOTES_v0.2.3.md
  Pre-Render Hooks: RELEASE_NOTES_v0.2.3.md
  Rendering Markup: RELEASE_NOTES_v0.2.3.md
  Rendering Layout: RELEASE_NOTES_v0.2.3.md
     Layout source: theme
         Rendering: RELEASE_NOTES_v0.2.30.md
  Pre-Render Hooks: RELEASE_NOTES_v0.2.30.md
  Rendering Markup: RELEASE_NOTES_v0.2.30.md
  Rendering Layout: RELEASE_NOTES_v0.2.30.md
     Layout source: theme
         Rendering: RELEASE_NOTES_v0.2.31.md
  Pre-Render Hooks: RELEASE_NOTES_v0.2.31.md
  Rendering Markup: RELEASE_NOTES_v0.2.31.md
  Rendering Layout: RELEASE_NOTES_v0.2.31.md
     Layout source: theme
         Rendering: RELEASE_NOTES_v0.2.32.md
  Pre-Render Hooks: RELEASE_NOTES_v0.2.32.md
  Rendering Markup: RELEASE_NOTES_v0.2.32.md
  Rendering Layout: RELEASE_NOTES_v0.2.32.md
     Layout source: theme
         Rendering: RELEASE_NOTES_v0.2.33.md
  Pre-Render Hooks: RELEASE_NOTES_v0.2.33.md
  Rendering Markup: RELEASE_NOTES_v0.2.33.md
  Rendering Layout: RELEASE_NOTES_v0.2.33.md
     Layout source: theme
         Rendering: RELEASE_NOTES_v0.2.34.md
  Pre-Render Hooks: RELEASE_NOTES_v0.2.34.md
  Rendering Markup: RELEASE_NOTES_v0.2.34.md
  Rendering Layout: RELEASE_NOTES_v0.2.34.md
     Layout source: theme
         Rendering: RELEASE_NOTES_v0.2.35.md
  Pre-Render Hooks: RELEASE_NOTES_v0.2.35.md
  Rendering Markup: RELEASE_NOTES_v0.2.35.md
  Rendering Layout: RELEASE_NOTES_v0.2.35.md
     Layout source: theme
         Rendering: RELEASE_NOTES_v0.2.36.md
  Pre-Render Hooks: RELEASE_NOTES_v0.2.36.md
  Rendering Markup: RELEASE_NOTES_v0.2.36.md
  Rendering Layout: RELEASE_NOTES_v0.2.36.md
     Layout source: theme
         Rendering: RELEASE_NOTES_v0.2.37.md
  Pre-Render Hooks: RELEASE_NOTES_v0.2.37.md
  Rendering Markup: RELEASE_NOTES_v0.2.37.md
  Rendering Layout: RELEASE_NOTES_v0.2.37.md
     Layout source: theme
         Rendering: RELEASE_NOTES_v0.2.38.md
  Pre-Render Hooks: RELEASE_NOTES_v0.2.38.md
  Rendering Markup: RELEASE_NOTES_v0.2.38.md
  Rendering Layout: RELEASE_NOTES_v0.2.38.md
     Layout source: theme
         Rendering: RELEASE_NOTES_v0.2.39.md
  Pre-Render Hooks: RELEASE_NOTES_v0.2.39.md
  Rendering Markup: RELEASE_NOTES_v0.2.39.md
  Rendering Layout: RELEASE_NOTES_v0.2.39.md
     Layout source: theme
         Rendering: RELEASE_NOTES_v0.2.4.md
  Pre-Render Hooks: RELEASE_NOTES_v0.2.4.md
  Rendering Markup: RELEASE_NOTES_v0.2.4.md
  Rendering Layout: RELEASE_NOTES_v0.2.4.md
     Layout source: theme
         Rendering: RELEASE_NOTES_v0.2.40.md
  Pre-Render Hooks: RELEASE_NOTES_v0.2.40.md
  Rendering Markup: RELEASE_NOTES_v0.2.40.md
  Rendering Layout: RELEASE_NOTES_v0.2.40.md
     Layout source: theme
         Rendering: RELEASE_NOTES_v0.2.41.md
  Pre-Render Hooks: RELEASE_NOTES_v0.2.41.md
  Rendering Markup: RELEASE_NOTES_v0.2.41.md
  Rendering Layout: RELEASE_NOTES_v0.2.41.md
     Layout source: theme
         Rendering: RELEASE_NOTES_v0.2.42.md
  Pre-Render Hooks: RELEASE_NOTES_v0.2.42.md
  Rendering Markup: RELEASE_NOTES_v0.2.42.md
  Rendering Layout: RELEASE_NOTES_v0.2.42.md
     Layout source: theme
         Rendering: RELEASE_NOTES_v0.2.43.md
  Pre-Render Hooks: RELEASE_NOTES_v0.2.43.md
  Rendering Markup: RELEASE_NOTES_v0.2.43.md
  Rendering Layout: RELEASE_NOTES_v0.2.43.md
     Layout source: theme
         Rendering: RELEASE_NOTES_v0.2.44.md
  Pre-Render Hooks: RELEASE_NOTES_v0.2.44.md
  Rendering Markup: RELEASE_NOTES_v0.2.44.md
  Rendering Layout: RELEASE_NOTES_v0.2.44.md
     Layout source: theme
         Rendering: RELEASE_NOTES_v0.2.45.md[31m  Liquid Exception: Liquid syntax error (line 150): Tag '{%' was not properly terminated with regexp: /\%\}/ in RELEASE_NOTES_v0.2.45.md[0m
/usr/local/bundle/gems/liquid-4.0.4/lib/liquid/block_body.rb:132:in `raise_missing_tag_terminator': Liquid syntax error (line 150): Tag '{%' was not properly terminated with regexp: /\%\}/ (Liquid::SyntaxError)
	from /usr/local/bundle/gems/liquid-4.0.4/lib/liquid/block_body.rb:24:in `parse'
	from /usr/local/bundle/gems/liquid-4.0.4/lib/liquid/document.rb:10:in `parse'
	from /usr/local/bundle/gems/liquid-4.0.4/lib/liquid/document.rb:5:in `parse'
	from /usr/local/bundle/gems/liquid-4.0.4/lib/liquid/template.rb:130:in `parse'
	from /usr/local/bundle/gems/liquid-4.0.4/lib/liquid/template.rb:114:in `parse'
	from /usr/local/bundle/gems/jekyll-3.10.0/lib/jekyll/liquid_renderer/file.rb:13:in `block in parse'
	from /usr/local/bundle/gems/jekyll-3.10.0/lib/jekyll/liquid_renderer/file.rb:49:in `measure_time'
	from /usr/local/bundle/gems/jekyll-3.10.0/lib/jekyll/liquid_renderer/file.rb:12:in `parse'
	from /usr/local/bundle/gems/jekyll-3.10.0/lib/jekyll/renderer.rb:121:in `render_liquid'
	from /usr/local/bundle/gems/jekyll-3.10.0/lib/jekyll/renderer.rb:79:in `render_document'
	from /usr/local/bundle/gems/jekyll-3.10.0/lib/jekyll/renderer.rb:62:in `run'
	from /usr/local/bundle/gems/jekyll-3.10.0/lib/jekyll/site.rb:479:in `render_regenerated'
	from /usr/local/bundle/gems/jekyll-3.10.0/lib/jekyll/site.rb:472:in `block in render_pages'
	from /usr/local/bundle/gems/jekyll-3.10.0/lib/jekyll/site.rb:471:in `each'
	from /usr/local/bundle/gems/jekyll-3.10.0/lib/jekyll/site.rb:471:in `render_pages'
	from /usr/local/bundle/gems/jekyll-3.10.0/lib/jekyll/site.rb:192:in `render'
	from /usr/local/bundle/gems/jekyll-3.10.0/lib/jekyll/site.rb:71:in `process'
	from /usr/local/bundle/gems/jekyll-3.10.0/lib/jekyll/command.rb:28:in `process_site'
	from /usr/local/bundle/gems/jekyll-3.10.0/lib/jekyll/commands/build.rb:65:in `build'
	from /usr/local/bundle/gems/jekyll-3.10.0/lib/jekyll/commands/build.rb:36:in `process'
	from /usr/local/bundle/gems/github-pages-232/bin/github-pages:70:in `block (3 levels) in <top (required)>'
	from /usr/local/bundle/gems/mercenary-0.3.6/lib/mercenary/command.rb:220:in `block in execute'
	from /usr/local/bundle/gems/mercenary-0.3.6/lib/mercenary/command.rb:220:in `each'
	from /usr/local/bundle/gems/mercenary-0.3.6/lib/mercenary/command.rb:220:in `execute'
	from /usr/local/bundle/gems/mercenary-0.3.6/lib/mercenary/program.rb:42:in `go'
	from /usr/local/bundle/gems/mercenary-0.3.6/lib/mercenary.rb:19:in `program'
	from /usr/local/bundle/gems/github-pages-232/bin/github-pages:6:in `<top (required)>'
	from /usr/local/bundle/bin/github-pages:25:in `load'
	from /usr/local/bundle/bin/github-pages:25:in `<main>'

  Pre-Render Hooks: RELEASE_NOTES_v0.2.45.md
  Rendering Liquid: RELEASE_NOTES_v0.2.45.md
github-pages 232 | Error:  Liquid syntax error (line 150): Tag '{%' was not properly terminated with regexp: /\%\}/
