[33mConfiguration file: none[0m
  Logging at level: debug
      GitHub Pages: github-pages v232
      GitHub Pages: jekyll v3.10.0
             Theme: jekyll-theme-primer
      Theme source: /usr/local/bundle/gems/jekyll-theme-primer-0.6.0
         Requiring: jekyll-github-metadata
To use retry middleware with Faraday v2.0+, install `faraday-retry` gem
[33m   GitHub Metadata: No GitHub API authentication could be found. Some fields may be missing or have incorrect data.[0m
         Requiring: jekyll-seo-tag
         Requiring: jekyll-coffeescript
         Requiring: jekyll-commonmark-ghpages
         Requiring: jekyll-gist
         Requiring: jekyll-github-metadata
         Requiring: jekyll-paginate
         Requiring: jekyll-relative-links
         Requiring: jekyll-optional-front-matter
         Requiring: jekyll-readme-index
         Requiring: jekyll-default-layout
         Requiring: jekyll-titles-from-headings
   GitHub Metadata: Initializing...
            Source: /github/workspace/docs
       Destination: /github/workspace/_site
 Incremental build: disabled. Enable with --incremental
      Generating... 
        Generating: JekyllOptionalFrontMatter::Generator finished in 0.002453719 seconds.
        Generating: JekyllReadmeIndex::Generator finished in 0.002425325 seconds.
        Generating: Jekyll::Paginate::Pagination finished in 3.905e-06 seconds.
        Generating: JekyllRelativeLinks::Generator finished in 0.011913752 seconds.
        Generating: JekyllDefaultLayout::Generator finished in 0.000283075 seconds.
         Requiring: kramdown-parser-gfm
        Generating: JekyllTitlesFromHeadings::Generator finished in 0.011727331 seconds.
         Rendering: assets/css/style.scss
  Pre-Render Hooks: assets/css/style.scss
  Rendering Markup: assets/css/style.scss
         Rendering: ADMIN_GUIDE.md
  Pre-Render Hooks: ADMIN_GUIDE.md
  Rendering Markup: ADMIN_GUIDE.md
  Rendering Layout: ADMIN_GUIDE.md
     Layout source: theme
   GitHub Metadata: Generating for hkjang/Invenqor
   GitHub Metadata: Calling @client.repository("hkjang/Invenqor", {:accept=>"application/vnd.github.drax-preview+json"})
   GitHub Metadata: Calling @client.pages("hkjang/Invenqor", {})
fatal: not a git repository (or any of the parent directories): .git
         Rendering: API_MCP_GUIDE.md
  Pre-Render Hooks: API_MCP_GUIDE.md
  Rendering Markup: API_MCP_GUIDE.md
  Rendering Layout: API_MCP_GUIDE.md
     Layout source: theme
         Rendering: EXECUTIVE_REPORT.md
  Pre-Render Hooks: EXECUTIVE_REPORT.md
  Rendering Markup: EXECUTIVE_REPORT.md
  Rendering Layout: EXECUTIVE_REPORT.md
     Layout source: theme
         Rendering: RELEASE_NOTES_v0.2.1.md
  Pre-Render Hooks: RELEASE_NOTES_v0.2.1.md
  Rendering Markup: RELEASE_NOTES_v0.2.1.md
  Rendering Layout: RELEASE_NOTES_v0.2.1.md
     Layout source: theme
         Rendering: RELEASE_NOTES_v0.2.10.md
  Pre-Render Hooks: RELEASE_NOTES_v0.2.10.md
  Rendering Markup: RELEASE_NOTES_v0.2.10.md
  Rendering Layout: RELEASE_NOTES_v0.2.10.md
     Layout source: theme
         Rendering: RELEASE_NOTES_v0.2.11.md
  Pre-Render Hooks: RELEASE_NOTES_v0.2.11.md
  Rendering Markup: RELEASE_NOTES_v0.2.11.md
  Rendering Layout: RELEASE_NOTES_v0.2.11.md
     Layout source: theme
         Rendering: RELEASE_NOTES_v0.2.12.md
  Pre-Render Hooks: RELEASE_NOTES_v0.2.12.md
  Rendering Markup: RELEASE_NOTES_v0.2.12.md
  Rendering Layout: RELEASE_NOTES_v0.2.12.md
     Layout source: theme
         Rendering: RELEASE_NOTES_v0.2.13.md
  Pre-Render Hooks: RELEASE_NOTES_v0.2.13.md
  Rendering Markup: RELEASE_NOTES_v0.2.13.md
  Rendering Layout: RELEASE_NOTES_v0.2.13.md
     Layout source: theme
         Rendering: RELEASE_NOTES_v0.2.14.md
  Pre-Render Hooks: RELEASE_NOTES_v0.2.14.md
  Rendering Markup: RELEASE_NOTES_v0.2.14.md
  Rendering Layout: RELEASE_NOTES_v0.2.14.md
     Layout source: theme
         Rendering: RELEASE_NOTES_v0.2.15.md
  Pre-Render Hooks: RELEASE_NOTES_v0.2.15.md
  Rendering Markup: RELEASE_NOTES_v0.2.15.md
  Rendering Layout: RELEASE_NOTES_v0.2.15.md
     Layout source: theme
         Rendering: RELEASE_NOTES_v0.2.17.md
  Pre-Render Hooks: RELEASE_NOTES_v0.2.17.md
  Rendering Markup: RELEASE_NOTES_v0.2.17.md
  Rendering Layout: RELEASE_NOTES_v0.2.17.md
     Layout source: theme
         Rendering: RELEASE_NOTES_v0.2.18.md
  Pre-Render Hooks: RELEASE_NOTES_v0.2.18.md
  Rendering Markup: RELEASE_NOTES_v0.2.18.md
  Rendering Layout: RELEASE_NOTES_v0.2.18.md
     Layout source: theme
         Rendering: RELEASE_NOTES_v0.2.19.md
  Pre-Render Hooks: RELEASE_NOTES_v0.2.19.md
  Rendering Markup: RELEASE_NOTES_v0.2.19.md
  Rendering Layout: RELEASE_NOTES_v0.2.19.md
     Layout source: theme
         Rendering: RELEASE_NOTES_v0.2.2.md
  Pre-Render Hooks: RELEASE_NOTES_v0.2.2.md
  Rendering Markup: RELEASE_NOTES_v0.2.2.md
  Rendering Layout: RELEASE_NOTES_v0.2.2.md
     Layout source: theme
         Rendering: RELEASE_NOTES_v0.2.20.md
  Pre-Render Hooks: RELEASE_NOTES_v0.2.20.md
  Rendering Markup: RELEASE_NOTES_v0.2.20.md
  Rendering Layout: RELEASE_NOTES_v0.2.20.md
     Layout source: theme
         Rendering: RELEASE_NOTES_v0.2.21.md
  Pre-Render Hooks: RELEASE_NOTES_v0.2.21.md
  Rendering Markup: RELEASE_NOTES_v0.2.21.md
  Rendering Layout: RELEASE_NOTES_v0.2.21.md
     Layout source: theme
         Rendering: RELEASE_NOTES_v0.2.22.md
  Pre-Render Hooks: RELEASE_NOTES_v0.2.22.md
  Rendering Markup: RELEASE_NOTES_v0.2.22.md
  Rendering Layout: RELEASE_NOTES_v0.2.22.md
     Layout source: theme
         Rendering: RELEASE_NOTES_v0.2.23.md
  Pre-Render Hooks: RELEASE_NOTES_v0.2.23.md
  Rendering Markup: RELEASE_NOTES_v0.2.23.md
  Rendering Layout: RELEASE_NOTES_v0.2.23.md
     Layout source: theme
         Rendering: RELEASE_NOTES_v0.2.24.md
  Pre-Render Hooks: RELEASE_NOTES_v0.2.24.md
  Rendering Markup: RELEASE_NOTES_v0.2.24.md
  Rendering Layout: RELEASE_NOTES_v0.2.24.md
     Layout source: theme
         Rendering: RELEASE_NOTES_v0.2.25.md
  Pre-Render Hooks: RELEASE_NOTES_v0.2.25.md
  Rendering Markup: RELEASE_NOTES_v0.2.25.md
  Rendering Layout: RELEASE_NOTES_v0.2.25.md
     Layout source: theme
         Rendering: RELEASE_NOTES_v0.2.26.md
  Pre-Render Hooks: RELEASE_NOTES_v0.2.26.md
  Rendering Markup: RELEASE_NOTES_v0.2.26.md
  Rendering Layout: RELEASE_NOTES_v0.2.26.md
     Layout source: theme
         Rendering: RELEASE_NOTES_v0.2.27.md
  Pre-Render Hooks: RELEASE_NOTES_v0.2.27.md
  Rendering Markup: RELEASE_NOTES_v0.2.27.md
  Rendering Layout: RELEASE_NOTES_v0.2.27.md
     Layout source: theme
         Rendering: RELEASE_NOTES_v0.2.28.md
  Pre-Render Hooks: RELEASE_NOTES_v0.2.28.md
  Rendering Markup: RELEASE_NOTES_v0.2.28.md
  Rendering Layout: RELEASE_NOTES_v0.2.28.md
     Layout source: theme
         Rendering: RELEASE_NOTES_v0.2.29.md
  Pre-Render Hooks: RELEASE_NOTES_v0.2.29.md
  Rendering Markup: RELEASE_NOTES_v0.2.29.md
  Rendering Layout: RELEASE_NOTES_v0.2.29.md
     Layout source: theme
         Rendering: RELEASE_NOTES_v0.2.3.md
  Pre-Render Hooks: RELEASE_NOTES_v0.2.3.md
  Rendering Markup: RELEASE_NOTES_v0.2.3.md
  Rendering Layout: RELEASE_NOTES_v0.2.3.md
     Layout source: theme
         Rendering: RELEASE_NOTES_v0.2.30.md
  Pre-Render Hooks: RELEASE_NOTES_v0.2.30.md
  Rendering Markup: RELEASE_NOTES_v0.2.30.md
  Rendering Layout: RELEASE_NOTES_v0.2.30.md
     Layout source: theme
         Rendering: RELEASE_NOTES_v0.2.31.md
  Pre-Render Hooks: RELEASE_NOTES_v0.2.31.md
  Rendering Markup: RELEASE_NOTES_v0.2.31.md
  Rendering Layout: RELEASE_NOTES_v0.2.31.md
     Layout source: theme
         Rendering: RELEASE_NOTES_v0.2.32.md
  Pre-Render Hooks: RELEASE_NOTES_v0.2.32.md
  Rendering Markup: RELEASE_NOTES_v0.2.32.md
  Rendering Layout: RELEASE_NOTES_v0.2.32.md
     Layout source: theme
         Rendering: RELEASE_NOTES_v0.2.33.md
  Pre-Render Hooks: RELEASE_NOTES_v0.2.33.md
  Rendering Markup: RELEASE_NOTES_v0.2.33.md
  Rendering Layout: RELEASE_NOTES_v0.2.33.md
     Layout source: theme
         Rendering: RELEASE_NOTES_v0.2.34.md
  Pre-Render Hooks: RELEASE_NOTES_v0.2.34.md
  Rendering Markup: RELEASE_NOTES_v0.2.34.md
  Rendering Layout: RELEASE_NOTES_v0.2.34.md
     Layout source: theme
         Rendering: RELEASE_NOTES_v0.2.35.md
  Pre-Render Hooks: RELEASE_NOTES_v0.2.35.md
  Rendering Markup: RELEASE_NOTES_v0.2.35.md
  Rendering Layout: RELEASE_NOTES_v0.2.35.md
     Layout source: theme
         Rendering: RELEASE_NOTES_v0.2.36.md
  Pre-Render Hooks: RELEASE_NOTES_v0.2.36.md
  Rendering Markup: RELEASE_NOTES_v0.2.36.md
  Rendering Layout: RELEASE_NOTES_v0.2.36.md
     Layout source: theme
         Rendering: RELEASE_NOTES_v0.2.37.md
  Pre-Render Hooks: RELEASE_NOTES_v0.2.37.md
  Rendering Markup: RELEASE_NOTES_v0.2.37.md
  Rendering Layout: RELEASE_NOTES_v0.2.37.md
     Layout source: theme
         Rendering: RELEASE_NOTES_v0.2.38.md
  Pre-Render Hooks: RELEASE_NOTES_v0.2.38.md
  Rendering Markup: RELEASE_NOTES_v0.2.38.md
  Rendering Layout: RELEASE_NOTES_v0.2.38.md
     Layout source: theme
         Rendering: RELEASE_NOTES_v0.2.39.md
  Pre-Render Hooks: RELEASE_NOTES_v0.2.39.md
  Rendering Markup: RELEASE_NOTES_v0.2.39.md
  Rendering Layout: RELEASE_NOTES_v0.2.39.md
     Layout source: theme
         Rendering: RELEASE_NOTES_v0.2.4.md
  Pre-Render Hooks: RELEASE_NOTES_v0.2.4.md
  Rendering Markup: RELEASE_NOTES_v0.2.4.md
  Rendering Layout: RELEASE_NOTES_v0.2.4.md
     Layout source: theme
         Rendering: RELEASE_NOTES_v0.2.40.md
  Pre-Render Hooks: RELEASE_NOTES_v0.2.40.md
  Rendering Markup: RELEASE_NOTES_v0.2.40.md
  Rendering Layout: RELEASE_NOTES_v0.2.40.md
     Layout source: theme
         Rendering: RELEASE_NOTES_v0.2.41.md
  Pre-Render Hooks: RELEASE_NOTES_v0.2.41.md
  Rendering Markup: RELEASE_NOTES_v0.2.41.md
  Rendering Layout: RELEASE_NOTES_v0.2.41.md
     Layout source: theme
         Rendering: RELEASE_NOTES_v0.2.42.md
  Pre-Render Hooks: RELEASE_NOTES_v0.2.42.md
  Rendering Markup: RELEASE_NOTES_v0.2.42.md
  Rendering Layout: RELEASE_NOTES_v0.2.42.md
     Layout source: theme
         Rendering: RELEASE_NOTES_v0.2.43.md
  Pre-Render Hooks: RELEASE_NOTES_v0.2.43.md
  Rendering Markup: RELEASE_NOTES_v0.2.43.md
  Rendering Layout: RELEASE_NOTES_v0.2.43.md
     Layout source: theme
         Rendering: RELEASE_NOTES_v0.2.44.md
  Pre-Render Hooks: RELEASE_NOTES_v0.2.44.md
  Rendering Markup: RELEASE_NOTES_v0.2.44.md
  Rendering Layout: RELEASE_NOTES_v0.2.44.md
     Layout source: theme
         Rendering: RELEASE_NOTES_v0.2.45.md[33m    Liquid Warning: Liquid syntax error (line 98): [:dot, "."] is not a valid expression in "{{.Id}}" in SERVER_INSTALLATION.md[0m
[33m    Liquid Warning: Liquid syntax error (line 98): [:dot, "."] is not a valid expression in "{{.Architecture}}" in SERVER_INSTALLATION.md[0m
[33m    Liquid Warning: Liquid syntax error (line 99): [:dot, "."] is not a valid expression in "{{.Id}}" in SERVER_INSTALLATION.md[0m
[33m    Liquid Warning: Liquid syntax error (line 99): [:dot, "."] is not a valid expression in "{{.Architecture}}" in SERVER_INSTALLATION.md[0m

  Pre-Render Hooks: RELEASE_NOTES_v0.2.45.md
  Rendering Markup: RELEASE_NOTES_v0.2.45.md
  Rendering Layout: RELEASE_NOTES_v0.2.45.md
     Layout source: theme
         Rendering: RELEASE_NOTES_v0.2.5.md
  Pre-Render Hooks: RELEASE_NOTES_v0.2.5.md
  Rendering Markup: RELEASE_NOTES_v0.2.5.md
  Rendering Layout: RELEASE_NOTES_v0.2.5.md
     Layout source: theme
         Rendering: RELEASE_NOTES_v0.2.6.md
  Pre-Render Hooks: RELEASE_NOTES_v0.2.6.md
  Rendering Markup: RELEASE_NOTES_v0.2.6.md
  Rendering Layout: RELEASE_NOTES_v0.2.6.md
     Layout source: theme
         Rendering: RELEASE_NOTES_v0.2.7.md
  Pre-Render Hooks: RELEASE_NOTES_v0.2.7.md
  Rendering Markup: RELEASE_NOTES_v0.2.7.md
  Rendering Layout: RELEASE_NOTES_v0.2.7.md
     Layout source: theme
         Rendering: RELEASE_NOTES_v0.2.8.md
  Pre-Render Hooks: RELEASE_NOTES_v0.2.8.md
  Rendering Markup: RELEASE_NOTES_v0.2.8.md
  Rendering Layout: RELEASE_NOTES_v0.2.8.md
     Layout source: theme
         Rendering: RELEASE_NOTES_v0.2.9.md
  Pre-Render Hooks: RELEASE_NOTES_v0.2.9.md
  Rendering Markup: RELEASE_NOTES_v0.2.9.md
  Rendering Layout: RELEASE_NOTES_v0.2.9.md
     Layout source: theme
         Rendering: SERVER_INSTALLATION.md
  Pre-Render Hooks: SERVER_INSTALLATION.md
  Rendering Liquid: SERVER_INSTALLATION.md
  Rendering Markup: SERVER_INSTALLATION.md
  Rendering Layout: SERVER_INSTALLATION.md
     Layout source: theme
         Rendering: USER_GUIDE.md
  Pre-Render Hooks: USER_GUIDE.md
  Rendering Markup: USER_GUIDE.md
  Rendering Layout: USER_GUIDE.md
     Layout source: theme
           Writing: /github/workspace/_site/assets/css/style.css
           Writing: /github/workspace/_site/ADMIN_GUIDE.html
           Writing: /github/workspace/_site/API_MCP_GUIDE.html
           Writing: /github/workspace/_site/EXECUTIVE_REPORT.html
           Writing: /github/workspace/_site/RELEASE_NOTES_v0.2.1.html
           Writing: /github/workspace/_site/RELEASE_NOTES_v0.2.10.html
           Writing: /github/workspace/_site/RELEASE_NOTES_v0.2.11.html
           Writing: /github/workspace/_site/RELEASE_NOTES_v0.2.12.html
           Writing: /github/workspace/_site/RELEASE_NOTES_v0.2.13.html
           Writing: /github/workspace/_site/RELEASE_NOTES_v0.2.14.html
           Writing: /github/workspace/_site/RELEASE_NOTES_v0.2.15.html
           Writing: /github/workspace/_site/RELEASE_NOTES_v0.2.17.html
           Writing: /github/workspace/_site/RELEASE_NOTES_v0.2.18.html
           Writing: /github/workspace/_site/RELEASE_NOTES_v0.2.19.html
           Writing: /github/workspace/_site/RELEASE_NOTES_v0.2.2.html
           Writing: /github/workspace/_site/RELEASE_NOTES_v0.2.20.html
           Writing: /github/workspace/_site/RELEASE_NOTES_v0.2.21.html
           Writing: /github/workspace/_site/RELEASE_NOTES_v0.2.22.html
           Writing: /github/workspace/_site/RELEASE_NOTES_v0.2.23.html
           Writing: /github/workspace/_site/RELEASE_NOTES_v0.2.24.html
           Writing: /github/workspace/_site/RELEASE_NOTES_v0.2.25.html
           Writing: /github/workspace/_site/RELEASE_NOTES_v0.2.26.html
           Writing: /github/workspace/_site/RELEASE_NOTES_v0.2.27.html
           Writing: /github/workspace/_site/RELEASE_NOTES_v0.2.28.html
           Writing: /github/workspace/_site/RELEASE_NOTES_v0.2.29.html
           Writing: /github/workspace/_site/RELEASE_NOTES_v0.2.3.html
           Writing: /github/workspace/_site/RELEASE_NOTES_v0.2.30.html
           Writing: /github/workspace/_site/RELEASE_NOTES_v0.2.31.html
           Writing: /github/workspace/_site/RELEASE_NOTES_v0.2.32.html
           Writing: /github/workspace/_site/RELEASE_NOTES_v0.2.33.html
           Writing: /github/workspace/_site/RELEASE_NOTES_v0.2.34.html
           Writing: /github/workspace/_site/RELEASE_NOTES_v0.2.35.html
           Writing: /github/workspace/_site/RELEASE_NOTES_v0.2.36.html
           Writing: /github/workspace/_site/RELEASE_NOTES_v0.2.37.html
           Writing: /github/workspace/_site/RELEASE_NOTES_v0.2.38.html
           Writing: /github/workspace/_site/RELEASE_NOTES_v0.2.39.html
           Writing: /github/workspace/_site/RELEASE_NOTES_v0.2.4.html
           Writing: /github/workspace/_site/RELEASE_NOTES_v0.2.40.html
           Writing: /github/workspace/_site/RELEASE_NOTES_v0.2.41.html
           Writing: /github/workspace/_site/RELEASE_NOTES_v0.2.42.html
           Writing: /github/workspace/_site/RELEASE_NOTES_v0.2.43.html
           Writing: /github/workspace/_site/RELEASE_NOTES_v0.2.44.html
           Writing: /github/workspace/_site/RELEASE_NOTES_v0.2.45.html
           Writing: /github/workspace/_site/RELEASE_NOTES_v0.2.5.html
           Writing: /github/workspace/_site/RELEASE_NOTES_v0.2.6.html
           Writing: /github/workspace/_site/RELEASE_NOTES_v0.2.7.html
           Writing: /github/workspace/_site/RELEASE_NOTES_v0.2.8.html
           Writing: /github/workspace/_site/RELEASE_NOTES_v0.2.9.html
           Writing: /github/workspace/_site/SERVER_INSTALLATION.html
           Writing: /github/workspace/_site/USER_GUIDE.html
                    done in 2.442 seconds.
 Auto-regeneration: disabled. Use --watch to enable.
GitHub Pages build and published page checks passed.
