==> web dependencies

added 172 packages, and audited 173 packages in 14s

35 packages are looking for funding
  run `npm fund` for details

4 vulnerabilities (1 moderate, 1 high, 2 critical)

To address issues that do not require attention, run:
  npm audit fix

To address all issues (including breaking changes), run:
  npm audit fix --force

Run `npm audit` for details.
==> production UI build

> visitflow-web@2.8.18 build
> tsc -b && vite build

vite v7.3.6 building client environment for production...
transforming...
✓ 1028 modules transformed.
rendering chunks...
computing gzip size...
dist/index.html                                     0.82 kB │ gzip:   0.46 kB
dist/assets/ContentCopyRounded-K8uzaMY1.js          0.26 kB │ gzip:   0.21 kB
dist/assets/MeetingRoomRounded-BMeYOpKC.js          0.31 kB │ gzip:   0.20 kB
dist/assets/CheckCircleRounded-NysdD0ur.js          0.32 kB │ gzip:   0.23 kB
dist/assets/DeleteOutlineRounded-CQxN6Pne.js        0.37 kB │ gzip:   0.26 kB
dist/assets/SearchRounded-Cm93406p.js               0.38 kB │ gzip:   0.27 kB
dist/assets/PrintRounded-Dd9RIhUT.js                0.39 kB │ gzip:   0.25 kB
dist/assets/StopCircleOutlined-C3WMfB42.js          0.41 kB │ gzip:   0.28 kB
dist/assets/AutorenewRounded-CmkWt19Z.js            0.54 kB │ gzip:   0.34 kB
dist/assets/TranslateRounded-C-UN-08F.js            0.75 kB │ gzip:   0.45 kB
dist/assets/schedule-MNodVauH.js                    0.80 kB │ gzip:   0.53 kB
dist/assets/ResetPasswordPage-CEg1SknK.js           2.61 kB │ gzip:   1.23 kB
dist/assets/MobilePassPage-CedsVjGW.js              4.35 kB │ gzip:   2.10 kB
dist/assets/RosterPage-BdLWkWrh.js                  5.32 kB │ gzip:   2.48 kB
dist/assets/SelfRegistrationPage-0Tz0zHNi.js        5.44 kB │ gzip:   2.04 kB
dist/assets/KeysPage-bjmfpWuK.js                    5.71 kB │ gzip:   2.55 kB
dist/assets/KioskPage-CVhPJiu1.js                   5.75 kB │ gzip:   2.81 kB
dist/assets/ScannerPage-BX4iOUlm.js                 5.86 kB │ gzip:   2.83 kB
dist/assets/ApprovalsPage-wCCqA7-1.js               6.01 kB │ gzip:   2.46 kB
dist/assets/GuidePage-BiYSt5_g.js                   7.02 kB │ gzip:   2.97 kB
dist/assets/i18n-COpZ_NGU.js                        7.15 kB │ gzip:   3.60 kB
dist/assets/LobbyPage-CzsxBcw_.js                   9.01 kB │ gzip:   4.27 kB
dist/assets/TemplatesPage-AqNFt4u3.js              11.73 kB │ gzip:   4.00 kB
dist/assets/VisitsPage-BYuNyF2F.js                 15.05 kB │ gzip:   5.28 kB
dist/assets/VisitFormPage-D6AiSs6V.js              16.97 kB │ gzip:   6.52 kB
dist/assets/NotificationSettingsPage-eM8FoPtW.js   17.32 kB │ gzip:   5.58 kB
dist/assets/SettingsPage-D_918DE3.js               20.85 kB │ gzip:   8.32 kB
dist/assets/AdminPage-D4TswtO7.js                  48.68 kB │ gzip:  13.90 kB
dist/assets/react-BbpKA4hf.js                      49.99 kB │ gzip:  17.77 kB
dist/assets/index-PVs8DMl1.js                     227.74 kB │ gzip:  73.65 kB
dist/assets/mui-DXnYUF2f.js                       368.61 kB │ gzip: 111.87 kB
✓ built in -173ms
==> embedding the build into cmd/visitflow/webdist
==> server build
==> PostgreSQL
==> VisitFlow server
==> browser
using channel 'chrome' (no bundled browser installed)
==> npm run test:e2e against http://127.0.0.1:60538

> visitflow-web@2.8.18 test:e2e
> playwright test


Running 26 tests using 1 worker

(node:2672594) Warning: The 'NO_COLOR' env is ignored due to the 'FORCE_COLOR' env being set.
(Use `node --trace-warnings ...` to show where the warning was created)
  ✓   1 [chromium] › e2e/visit-flow.spec.ts:90:3 › visitor lifecycle › rejects a wrong password before signing in (1.3s)
  ✓   2 [chromium] › e2e/visit-flow.spec.ts:98:3 › visitor lifecycle › registers a visit and lists it (2.9s)
  ✓   3 [chromium] › e2e/visit-flow.spec.ts:112:3 › visitor lifecycle › reports what the server said about a notification resend (5.1s)
  ✓   4 [chromium] › e2e/visit-flow.spec.ts:153:3 › visitor lifecycle › shows the mobile pass and switches language (3.0s)
  ✓   5 [chromium] › e2e/visit-flow.spec.ts:165:3 › visitor lifecycle › keeps a cancelled approval pending and allows an empty approval memo (2.7s)
  ✓   6 [chromium] › e2e/visit-flow.spec.ts:199:3 › visitor lifecycle › preserves a confirmed approval memo in the request and visit detail (1.8s)
  ✓   7 [chromium] › e2e/visit-flow.spec.ts:217:3 › visitor lifecycle › requires a confirmed nonblank reason to reject a pending visit (2.0s)
  ✓   8 [chromium] › e2e/visit-flow.spec.ts:248:3 › visitor lifecycle › checks a visitor in from a keyboard-wedge scan (3.7s)
  ✘   9 [chromium] › e2e/visit-flow.spec.ts:264:3 › visitor lifecycle › keeps the scanner lobby load failure visible after QR verification and recovers on reload (12.1s)
(node:2673639) Warning: The 'NO_COLOR' env is ignored due to the 'FORCE_COLOR' env being set.
(Use `node --trace-warnings ...` to show where the warning was created)
  ✓  10 [chromium] › e2e/visit-flow.spec.ts:309:3 › visitor lifecycle › does not report a scanner lobby failure while loading or for a successful empty list (3.0s)
  ✓  11 [chromium] › e2e/visit-flow.spec.ts:351:3 › visitor lifecycle › enrols a kiosk tablet and checks a visitor in without a login (2.9s)
  ✓  12 [chromium] › e2e/visit-flow.spec.ts:378:3 › visitor lifecycle › registers a site, a lobby and an organization from the admin console (3.0s)
  ✓  13 [chromium] › e2e/visit-flow.spec.ts:417:3 › visitor lifecycle › creates and then edits a delivery rule (2.2s)
  ✓  14 [chromium] › e2e/visit-flow.spec.ts:435:3 › visitor lifecycle › prints the emergency roster with the current headcount (1.1s)
  ✓  15 [chromium] › e2e/visit-flow.spec.ts:444:3 › company policy blocks missing companies and permits registration on /visits/new (3.5s)
  ✓  16 [chromium] › e2e/visit-flow.spec.ts:444:3 › company policy blocks missing companies and permits registration on /lobby/walk-in (2.7s)
  ✓  17 [chromium] › e2e/visit-flow.spec.ts:560:3 › emergency roster trust › refuses to report an unreachable roster as an empty building (1.6s)
  ✓  18 [chromium] › e2e/visit-flow.spec.ts:588:3 › emergency roster trust › keeps the last roster it received when a refresh fails (2.5s)
  ✓  19 [chromium] › e2e/visit-flow.spec.ts:605:3 › emergency roster trust › prints a live roster without any trust warning (1.5s)
  ✓  20 [chromium] › e2e/visit-flow.spec.ts:619:3 › emergency roster offline fallback › shows the service worker's cached roster as offline, not as a failure (2.6s)
  ✓  21 [chromium] › e2e/visit-flow.spec.ts:657:3 › profile dialog trust › says the choices failed to load instead of showing an empty department list (1.2s)
  ✓  22 [chromium] › e2e/visit-flow.spec.ts:676:3 › profile dialog trust › keeps a healthy dialog free of load warnings and saves a mail toggle (1.5s)
  ✓  23 [chromium] › e2e/visit-flow.spec.ts:698:3 › profile dialog trust › rolls a mail toggle back to its stored value when the save fails (1.2s)
  ✓  24 [chromium] › e2e/visit-flow.spec.ts:744:3 › API key policy trust › refuses to state an API key policy it never received (1.4s)
  ✓  25 [chromium] › e2e/visit-flow.spec.ts:779:3 › API key policy trust › states the API key policy the server actually sent (1.2s)
  ✓  26 [chromium] › e2e/visit-flow.spec.ts:804:3 › API key policy trust › shows what the server said when a revoke fails (1.8s)


  1) [chromium] › e2e/visit-flow.spec.ts:264:3 › visitor lifecycle › keeps the scanner lobby load failure visible after QR verification and recovers on reload 

    Error: expect(locator).toBeVisible() failed

    Locator: getByRole('alert').filter({ hasText: '로비 목록을 불러오지 못했습니다. 페이지를 새로고침해 주세요.' })
    Expected: visible
    Timeout: 10000ms
    Error: element(s) not found

    Call log:
      - Expect "toBeVisible" with timeout 10000ms
      - waiting for getByRole('alert').filter({ hasText: '로비 목록을 불러오지 못했습니다. 페이지를 새로고침해 주세요.' })


      272 |     await page.goto("/lobby/scan");
      273 |     const warning = page.getByRole("alert").filter({ hasText: message });
    > 274 |     await expect(warning).toBeVisible();
          |                           ^
      275 |     expect(pageErrors).toEqual([]);
      276 |
      277 |     const field = page.getByLabel(/^QR URL 또는 Token/);
        at /home/hkjang/.cache/auto-improve-wt/visitflow/web/e2e/visit-flow.spec.ts:274:27

    attachment #1: screenshot (image/png) ──────────────────────────────────────────────────────────
    test-results/visit-flow-visitor-lifecyc-c4340-tion-and-recovers-on-reload-chromium/test-failed-1.png
    ────────────────────────────────────────────────────────────────────────────────────────────────

    Error Context: test-results/visit-flow-visitor-lifecyc-c4340-tion-and-recovers-on-reload-chromium/error-context.md

    attachment #3: trace (application/zip) ─────────────────────────────────────────────────────────
    test-results/visit-flow-visitor-lifecyc-c4340-tion-and-recovers-on-reload-chromium/trace.zip
    Usage:

        npx playwright show-trace test-results/visit-flow-visitor-lifecyc-c4340-tion-and-recovers-on-reload-chromium/trace.zip

    ────────────────────────────────────────────────────────────────────────────────────────────────

  1 failed
    [chromium] › e2e/visit-flow.spec.ts:264:3 › visitor lifecycle › keeps the scanner lobby load failure visible after QR verification and recovers on reload 
  25 passed (1.2m)
playwright: failed with exit code 1 (base URL http://127.0.0.1:60538, channel 'chrome' (no bundled browser installed))
