==> web dependencies
==> production UI build

> visitflow-web@2.8.18 build
> tsc -b && vite build

vite v7.3.6 building client environment for production...
transforming...
✓ 1028 modules transformed.
rendering chunks...
computing gzip size...
dist/index.html                                     0.82 kB │ gzip:   0.46 kB
dist/assets/ContentCopyRounded-K8uzaMY1.js          0.26 kB │ gzip:   0.21 kB
dist/assets/MeetingRoomRounded-BMeYOpKC.js          0.31 kB │ gzip:   0.20 kB
dist/assets/CheckCircleRounded-NysdD0ur.js          0.32 kB │ gzip:   0.23 kB
dist/assets/DeleteOutlineRounded-CQxN6Pne.js        0.37 kB │ gzip:   0.26 kB
dist/assets/SearchRounded-Cm93406p.js               0.38 kB │ gzip:   0.27 kB
dist/assets/PrintRounded-Dd9RIhUT.js                0.39 kB │ gzip:   0.25 kB
dist/assets/StopCircleOutlined-C3WMfB42.js          0.41 kB │ gzip:   0.28 kB
dist/assets/AutorenewRounded-CmkWt19Z.js            0.54 kB │ gzip:   0.34 kB
dist/assets/TranslateRounded-C-UN-08F.js            0.75 kB │ gzip:   0.45 kB
dist/assets/schedule-MNodVauH.js                    0.80 kB │ gzip:   0.53 kB
dist/assets/ResetPasswordPage-BNtzSHxq.js           2.61 kB │ gzip:   1.23 kB
dist/assets/MobilePassPage-CHyc6myY.js              4.35 kB │ gzip:   2.10 kB
dist/assets/RosterPage-DnCHOiuQ.js                  5.32 kB │ gzip:   2.48 kB
dist/assets/SelfRegistrationPage-BEmwSh2l.js        5.44 kB │ gzip:   2.04 kB
dist/assets/KeysPage-nsO6JmoL.js                    5.71 kB │ gzip:   2.55 kB
dist/assets/KioskPage-Chj5Htcr.js                   5.75 kB │ gzip:   2.81 kB
dist/assets/ApprovalsPage-Bajg5i-F.js               6.01 kB │ gzip:   2.46 kB
dist/assets/ScannerPage-Be_rcXX5.js                 6.06 kB │ gzip:   2.93 kB
dist/assets/GuidePage-Cnefp9F4.js                   7.02 kB │ gzip:   2.97 kB
dist/assets/i18n-COpZ_NGU.js                        7.15 kB │ gzip:   3.60 kB
dist/assets/LobbyPage-De0DrEW9.js                   9.01 kB │ gzip:   4.27 kB
dist/assets/TemplatesPage-C1cY4fRr.js              11.73 kB │ gzip:   4.00 kB
dist/assets/VisitsPage-DxmMZUj_.js                 15.05 kB │ gzip:   5.28 kB
dist/assets/VisitFormPage-Cab5dWe6.js              16.97 kB │ gzip:   6.52 kB
dist/assets/NotificationSettingsPage-BaJVESDV.js   17.32 kB │ gzip:   5.58 kB
dist/assets/SettingsPage-4Y7m9CQA.js               20.85 kB │ gzip:   8.32 kB
dist/assets/AdminPage-CAXl25X4.js                  48.68 kB │ gzip:  13.90 kB
dist/assets/react-BbpKA4hf.js                      49.99 kB │ gzip:  17.77 kB
dist/assets/index-AQf3a8V7.js                     227.74 kB │ gzip:  73.65 kB
dist/assets/mui-DXnYUF2f.js                       368.61 kB │ gzip: 111.87 kB
✓ built in 2.43s
==> embedding the build into cmd/visitflow/webdist
==> server build
==> PostgreSQL
PostgreSQL did not become ready
The files belonging to this database system will be owned by user "postgres".
This user must also own the server process.

The database cluster will be initialized with locale "en_US.utf8".
The default database encoding has accordingly been set to "UTF8".
The default text search configuration will be set to "english".

Data page checksums are disabled.

fixing permissions on existing directory /var/lib/postgresql/data ... ok
creating subdirectories ... ok
selecting dynamic shared memory implementation ... posix
selecting default max_connections ... 100
selecting default shared_buffers ... 128MB
selecting default time zone ... UTC
creating configuration files ... ok
running bootstrap script ... ok
sh: locale: not found
2026-10-08 17:37:57.654 UTC [41] WARNING:  no usable system locales were found
performing post-bootstrap initialization ... ok
initdb: warning: enabling "trust" authentication for local connections
initdb: hint: You can change this by editing pg_hba.conf or using the option -A, or --auth-local and --auth-host, the next time you run initdb.
syncing data to disk ... ok


Success. You can now start the database server using:

    pg_ctl -D /var/lib/postgresql/data -l logfile start

waiting for server to start....2026-10-08 17:37:58.369 UTC [47] LOG:  starting PostgreSQL 16.15 on x86_64-pc-linux-musl, compiled by gcc (Alpine 15.2.0) 15.2.0, 64-bit
2026-10-08 17:37:58.371 UTC [47] LOG:  listening on Unix socket "/var/run/postgresql/.s.PGSQL.5432"
2026-10-08 17:37:58.378 UTC [50] LOG:  database system was shut down at 2026-10-08 17:37:58 UTC
2026-10-08 17:37:58.383 UTC [47] LOG:  database system is ready to accept connections
 done
server started
2026-10-08 17:37:58.480 UTC [65] FATAL:  database "visitflow" does not exist
CREATE DATABASE


/usr/local/bin/docker-entrypoint.sh: ignoring /docker-entrypoint-initdb.d/*

waiting for server to shut down...2026-10-08 17:37:58.530 UTC [47] LOG:  received fast shutdown request
.2026-10-08 17:37:58.533 UTC [47] LOG:  aborting any active transactions
2026-10-08 17:37:58.534 UTC [47] LOG:  background worker "logical replication launcher" (PID 53) exited with exit code 1
2026-10-08 17:37:58.535 UTC [48] LOG:  shutting down
2026-10-08 17:37:58.537 UTC [48] LOG:  checkpoint starting: shutdown immediate
2026-10-08 17:37:58.568 UTC [73] FATAL:  the database system is shutting down
