govulncheck: Loading packages failed, possibly due to a mismatch between the Go version
used to build govulncheck and the Go version on PATH. Consider rebuilding
govulncheck with the current Go version.


There are errors with the provided package patterns:

/home/hkjang/.cache/auto-improve-wt/igame-release/internal/battle/realmguard/digest.go:1:1: package requires newer Go version go1.26 (application built with go1.25)
-: This application uses version go1.25 of the source-processing packages but runs version go1.26 of 'go list'. It may fail to process source files that rely on newer language features. If so, rebuild the application using a newer version of Go.
/home/hkjang/.cache/auto-improve-wt/igame-release/internal/secretbox/secretbox.go:2:1: package requires newer Go version go1.26 (application built with go1.25)
-: This application uses version go1.25 of the source-processing packages but runs version go1.26 of 'go list'. It may fail to process source files that rely on newer language features. If so, rebuild the application using a newer version of Go.
/home/hkjang/.cache/auto-improve-wt/igame-release/internal/tracking/tracking.go:8:1: package requires newer Go version go1.26 (application built with go1.25)
-: This application uses version go1.25 of the source-processing packages but runs version go1.26 of 'go list'. It may fail to process source files that rely on newer language features. If so, rebuild the application using a newer version of Go.
/home/hkjang/.cache/auto-improve-wt/igame-release/internal/version/version.go:1:1: package requires newer Go version go1.26 (application built with go1.25)
-: This application uses version go1.25 of the source-processing packages but runs version go1.26 of 'go list'. It may fail to process source files that rely on newer language features. If so, rebuild the application using a newer version of Go.
/home/hkjang/sdk/go1.26.7/src/vendor/golang.org/x/crypto/chacha20poly1305/fips140only_go1.26.go:7:9: file requires newer Go version go1.26 (application built with go1.25)
-: This application uses version go1.25 of the source-processing packages but runs version go1.26 of 'go list'. It may fail to process source files that rely on newer language features. If so, rebuild the application using a newer version of Go.
/home/hkjang/.cache/auto-improve-wt/igame-release/internal/web/web.go:2:1: package requires newer Go version go1.26 (application built with go1.25)
-: This application uses version go1.25 of the source-processing packages but runs version go1.26 of 'go list'. It may fail to process source files that rely on newer language features. If so, rebuild the application using a newer version of Go.
/home/hkjang/.cache/auto-improve-wt/igame-release/internal/api/admin.go:1:1: package requires newer Go version go1.26 (application built with go1.25)
-: This application uses version go1.25 of the source-processing packages but runs version go1.26 of 'go list'. It may fail to process source files that rely on newer language features. If so, rebuild the application using a newer version of Go.
/home/hkjang/.cache/auto-improve-wt/igame-release/internal/config/config.go:3:1: package requires newer Go version go1.26 (application built with go1.25)
-: This application uses version go1.25 of the source-processing packages but runs version go1.26 of 'go list'. It may fail to process source files that rely on newer language features. If so, rebuild the application using a newer version of Go.
/home/hkjang/.cache/auto-improve-wt/igame-release/migrations/migrations.go:1:1: package requires newer Go version go1.26 (application built with go1.25)
-: This application uses version go1.25 of the source-processing packages but runs version go1.26 of 'go list'. It may fail to process source files that rely on newer language features. If so, rebuild the application using a newer version of Go.
/home/hkjang/.cache/auto-improve-wt/igame-release/internal/database/database.go:1:1: package requires newer Go version go1.26 (application built with go1.25)
-: This application uses version go1.25 of the source-processing packages but runs version go1.26 of 'go list'. It may fail to process source files that rely on newer language features. If so, rebuild the application using a newer version of Go.
/home/hkjang/.cache/auto-improve-wt/igame-release/cmd/igame/main.go:1:1: package requires newer Go version go1.26 (application built with go1.25)
-: This application uses version go1.25 of the source-processing packages but runs version go1.26 of 'go list'. It may fail to process source files that rely on newer language features. If so, rebuild the application using a newer version of Go.
/home/hkjang/.cache/auto-improve-wt/igame-release/sdk/gamehub-js/node_modules/flatted/golang/pkg/flatted/flatted.go:1:1: package requires newer Go version go1.26 (application built with go1.25)
-: This application uses version go1.25 of the source-processing packages but runs version go1.26 of 'go list'. It may fail to process source files that rely on newer language features. If so, rebuild the application using a newer version of Go.
/home/hkjang/.cache/auto-improve-wt/igame-release/web/node_modules/flatted/golang/pkg/flatted/flatted.go:1:1: package requires newer Go version go1.26 (application built with go1.25)
-: This application uses version go1.25 of the source-processing packages but runs version go1.26 of 'go list'. It may fail to process source files that rely on newer language features. If so, rebuild the application using a newer version of Go.

For details on package patterns, see https://pkg.go.dev/cmd/go#hdr-Package_lists_and_patterns.

