running the suite against postgres:17-alpine
?   	github.com/hkjang/invenqor/server/cmd/invenqor-server	[no test files]
ok  	github.com/hkjang/invenqor/server/internal/agents	0.007s [no tests to run]
ok  	github.com/hkjang/invenqor/server/internal/apikeys	0.006s [no tests to run]
ok  	github.com/hkjang/invenqor/server/internal/apitime	0.003s [no tests to run]
?   	github.com/hkjang/invenqor/server/internal/audit	[no test files]
ok  	github.com/hkjang/invenqor/server/internal/auth	0.006s [no tests to run]
ok  	github.com/hkjang/invenqor/server/internal/bootstrap	0.003s [no tests to run]
ok  	github.com/hkjang/invenqor/server/internal/classify	0.005s [no tests to run]
ok  	github.com/hkjang/invenqor/server/internal/config	0.005s [no tests to run]
ok  	github.com/hkjang/invenqor/server/internal/diagnostics	0.006s [no tests to run]
ok  	github.com/hkjang/invenqor/server/internal/durablefs	0.003s [no tests to run]
ok  	github.com/hkjang/invenqor/server/internal/httpapi	9.907s
ok  	github.com/hkjang/invenqor/server/internal/ingest	0.005s [no tests to run]
ok  	github.com/hkjang/invenqor/server/internal/mail	0.005s [no tests to run]
ok  	github.com/hkjang/invenqor/server/internal/querydsl	0.004s [no tests to run]
ok  	github.com/hkjang/invenqor/server/internal/softwarecatalog	0.005s
ok  	github.com/hkjang/invenqor/server/internal/spool	0.004s [no tests to run]
ok  	github.com/hkjang/invenqor/server/internal/storage	0.005s [no tests to run]
?   	github.com/hkjang/invenqor/server/internal/storagetest	[no test files]
ok  	github.com/hkjang/invenqor/server/internal/tracking	0.003s [no tests to run]
ok  	github.com/hkjang/invenqor/server/internal/updates	0.004s [no tests to run]
?   	github.com/hkjang/invenqor/server/internal/version	[no test files]
ok  	github.com/hkjang/invenqor/server/internal/webui	0.005s [no tests to run]
?   	github.com/hkjang/invenqor/server/migrations	[no test files]
