--- FAIL: TestMCPAssetIDsRequireCanonicalUUID (0.38s)
    --- FAIL: TestMCPAssetIDsRequireCanonicalUUID/legacy (0.05s)
        --- FAIL: TestMCPAssetIDsRequireCanonicalUUID/legacy/asset_get (0.03s)
            --- FAIL: TestMCPAssetIDsRequireCanonicalUUID/legacy/asset_get/upper (0.00s)
                mcp_asset_id_validation_test.go:155: canonical-equivalent lookup differs: map[string]interface {}{"content":[]interface {}{map[string]interface {}{"text":"asset not found", "type":"text"}}, "isError":true}
            --- FAIL: TestMCPAssetIDsRequireCanonicalUUID/legacy/asset_get/trimmed (0.00s)
                mcp_asset_id_validation_test.go:155: canonical-equivalent lookup differs: map[string]interface {}{"content":[]interface {}{map[string]interface {}{"text":"asset not found", "type":"text"}}, "isError":true}
            --- FAIL: TestMCPAssetIDsRequireCanonicalUUID/legacy/asset_get/mixed (0.00s)
                mcp_asset_id_validation_test.go:155: canonical-equivalent lookup differs: map[string]interface {}{"content":[]interface {}{map[string]interface {}{"text":"asset not found", "type":"text"}}, "isError":true}
            --- FAIL: TestMCPAssetIDsRequireCanonicalUUID/legacy/asset_get/unhyphenated (0.00s)
                mcp_asset_id_validation_test.go:162: validation error = "asset not found", want "asset_get"
                mcp_asset_id_validation_test.go:162: validation error = "asset not found", want "asset_id"
                mcp_asset_id_validation_test.go:162: validation error = "asset not found", want "36"
                mcp_asset_id_validation_test.go:162: validation error = "asset not found", want "hyphen"
                mcp_asset_id_validation_test.go:162: validation error = "asset not found", want "UUID"
            --- FAIL: TestMCPAssetIDsRequireCanonicalUUID/legacy/asset_get/not_uuid (0.00s)
                mcp_asset_id_validation_test.go:162: validation error = "asset not found", want "asset_get"
                mcp_asset_id_validation_test.go:162: validation error = "asset not found", want "asset_id"
                mcp_asset_id_validation_test.go:162: validation error = "asset not found", want "36"
                mcp_asset_id_validation_test.go:162: validation error = "asset not found", want "hyphen"
                mcp_asset_id_validation_test.go:162: validation error = "asset not found", want "UUID"
            --- FAIL: TestMCPAssetIDsRequireCanonicalUUID/legacy/asset_get/urn (0.00s)
                mcp_asset_id_validation_test.go:162: validation error = "asset not found", want "asset_get"
                mcp_asset_id_validation_test.go:162: validation error = "asset not found", want "asset_id"
                mcp_asset_id_validation_test.go:162: validation error = "asset not found", want "36"
                mcp_asset_id_validation_test.go:162: validation error = "asset not found", want "hyphen"
                mcp_asset_id_validation_test.go:162: validation error = "asset not found", want "UUID"
            --- FAIL: TestMCPAssetIDsRequireCanonicalUUID/legacy/asset_get/braces (0.00s)
                mcp_asset_id_validation_test.go:162: validation error = "asset not found", want "asset_get"
                mcp_asset_id_validation_test.go:162: validation error = "asset not found", want "asset_id"
                mcp_asset_id_validation_test.go:162: validation error = "asset not found", want "36"
                mcp_asset_id_validation_test.go:162: validation error = "asset not found", want "hyphen"
                mcp_asset_id_validation_test.go:162: validation error = "asset not found", want "UUID"
        --- FAIL: TestMCPAssetIDsRequireCanonicalUUID/legacy/asset_relations (0.02s)
            --- FAIL: TestMCPAssetIDsRequireCanonicalUUID/legacy/asset_relations/trimmed (0.00s)
                mcp_asset_id_validation_test.go:155: canonical-equivalent lookup differs: map[string]interface {}{"content":[]interface {}{map[string]interface {}{"text":"{\"count\":0,\"has_more\":false,\"limit\":50,\"next_offset\":0,\"offset\":0,\"relations\":[]}", "type":"text"}}, "isError":false, "structuredContent":map[string]interface {}{"count":0, "has_more":false, "limit":50, "next_offset":0, "offset":0, "relations":[]interface {}{}}}
            --- FAIL: TestMCPAssetIDsRequireCanonicalUUID/legacy/asset_relations/mixed (0.00s)
                mcp_asset_id_validation_test.go:155: canonical-equivalent lookup differs: map[string]interface {}{"content":[]interface {}{map[string]interface {}{"text":"{\"count\":0,\"has_more\":false,\"limit\":50,\"next_offset\":0,\"offset\":0,\"relations\":[]}", "type":"text"}}, "isError":false, "structuredContent":map[string]interface {}{"count":0, "has_more":false, "limit":50, "next_offset":0, "offset":0, "relations":[]interface {}{}}}
            --- FAIL: TestMCPAssetIDsRequireCanonicalUUID/legacy/asset_relations/upper (0.00s)
                mcp_asset_id_validation_test.go:155: canonical-equivalent lookup differs: map[string]interface {}{"content":[]interface {}{map[string]interface {}{"text":"{\"count\":0,\"has_more\":false,\"limit\":50,\"next_offset\":0,\"offset\":0,\"relations\":[]}", "type":"text"}}, "isError":false, "structuredContent":map[string]interface {}{"count":0, "has_more":false, "limit":50, "next_offset":0, "offset":0, "relations":[]interface {}{}}}
            --- FAIL: TestMCPAssetIDsRequireCanonicalUUID/legacy/asset_relations/not_uuid (0.00s)
                mcp_asset_id_validation_test.go:162: isError = false, want true; result = map[string]interface {}{"content":[]interface {}{map[string]interface {}{"text":"{\"count\":0,\"has_more\":false,\"limit\":50,\"next_offset\":0,\"offset\":0,\"relations\":[]}", "type":"text"}}, "isError":false, "structuredContent":map[string]interface {}{"count":0, "has_more":false, "limit":50, "next_offset":0, "offset":0, "relations":[]interface {}{}}}
            --- FAIL: TestMCPAssetIDsRequireCanonicalUUID/legacy/asset_relations/urn (0.00s)
                mcp_asset_id_validation_test.go:162: isError = false, want true; result = map[string]interface {}{"content":[]interface {}{map[string]interface {}{"text":"{\"count\":0,\"has_more\":false,\"limit\":50,\"next_offset\":0,\"offset\":0,\"relations\":[]}", "type":"text"}}, "isError":false, "structuredContent":map[string]interface {}{"count":0, "has_more":false, "limit":50, "next_offset":0, "offset":0, "relations":[]interface {}{}}}
            --- FAIL: TestMCPAssetIDsRequireCanonicalUUID/legacy/asset_relations/braces (0.00s)
                mcp_asset_id_validation_test.go:162: isError = false, want true; result = map[string]interface {}{"content":[]interface {}{map[string]interface {}{"text":"{\"count\":0,\"has_more\":false,\"limit\":50,\"next_offset\":0,\"offset\":0,\"relations\":[]}", "type":"text"}}, "isError":false, "structuredContent":map[string]interface {}{"count":0, "has_more":false, "limit":50, "next_offset":0, "offset":0, "relations":[]interface {}{}}}
            --- FAIL: TestMCPAssetIDsRequireCanonicalUUID/legacy/asset_relations/unhyphenated (0.00s)
                mcp_asset_id_validation_test.go:162: isError = false, want true; result = map[string]interface {}{"content":[]interface {}{map[string]interface {}{"text":"{\"count\":0,\"has_more\":false,\"limit\":50,\"next_offset\":0,\"offset\":0,\"relations\":[]}", "type":"text"}}, "isError":false, "structuredContent":map[string]interface {}{"count":0, "has_more":false, "limit":50, "next_offset":0, "offset":0, "relations":[]interface {}{}}}
    --- FAIL: TestMCPAssetIDsRequireCanonicalUUID/modern (0.05s)
        --- FAIL: TestMCPAssetIDsRequireCanonicalUUID/modern/asset_get (0.02s)
            --- FAIL: TestMCPAssetIDsRequireCanonicalUUID/modern/asset_get/upper (0.00s)
                mcp_asset_id_validation_test.go:155: canonical-equivalent lookup differs: map[string]interface {}{"_meta":map[string]interface {}{"io.modelcontextprotocol/serverInfo":map[string]interface {}{"name":"invenqor", "version":"0.2.46"}}, "content":[]interface {}{map[string]interface {}{"text":"asset not found", "type":"text"}}, "isError":true, "resultType":"complete"}
            --- FAIL: TestMCPAssetIDsRequireCanonicalUUID/modern/asset_get/trimmed (0.00s)
                mcp_asset_id_validation_test.go:155: canonical-equivalent lookup differs: map[string]interface {}{"_meta":map[string]interface {}{"io.modelcontextprotocol/serverInfo":map[string]interface {}{"name":"invenqor", "version":"0.2.46"}}, "content":[]interface {}{map[string]interface {}{"text":"asset not found", "type":"text"}}, "isError":true, "resultType":"complete"}
            --- FAIL: TestMCPAssetIDsRequireCanonicalUUID/modern/asset_get/mixed (0.00s)
                mcp_asset_id_validation_test.go:155: canonical-equivalent lookup differs: map[string]interface {}{"_meta":map[string]interface {}{"io.modelcontextprotocol/serverInfo":map[string]interface {}{"name":"invenqor", "version":"0.2.46"}}, "content":[]interface {}{map[string]interface {}{"text":"asset not found", "type":"text"}}, "isError":true, "resultType":"complete"}
            --- FAIL: TestMCPAssetIDsRequireCanonicalUUID/modern/asset_get/unhyphenated (0.00s)
                mcp_asset_id_validation_test.go:162: validation error = "asset not found", want "asset_get"
                mcp_asset_id_validation_test.go:162: validation error = "asset not found", want "asset_id"
                mcp_asset_id_validation_test.go:162: validation error = "asset not found", want "36"
                mcp_asset_id_validation_test.go:162: validation error = "asset not found", want "hyphen"
                mcp_asset_id_validation_test.go:162: validation error = "asset not found", want "UUID"
            --- FAIL: TestMCPAssetIDsRequireCanonicalUUID/modern/asset_get/not_uuid (0.00s)
                mcp_asset_id_validation_test.go:162: validation error = "asset not found", want "asset_get"
                mcp_asset_id_validation_test.go:162: validation error = "asset not found", want "asset_id"
                mcp_asset_id_validation_test.go:162: validation error = "asset not found", want "36"
                mcp_asset_id_validation_test.go:162: validation error = "asset not found", want "hyphen"
                mcp_asset_id_validation_test.go:162: validation error = "asset not found", want "UUID"
            --- FAIL: TestMCPAssetIDsRequireCanonicalUUID/modern/asset_get/urn (0.00s)
                mcp_asset_id_validation_test.go:162: validation error = "asset not found", want "asset_get"
                mcp_asset_id_validation_test.go:162: validation error = "asset not found", want "asset_id"
                mcp_asset_id_validation_test.go:162: validation error = "asset not found", want "36"
                mcp_asset_id_validation_test.go:162: validation error = "asset not found", want "hyphen"
                mcp_asset_id_validation_test.go:162: validation error = "asset not found", want "UUID"
            --- FAIL: TestMCPAssetIDsRequireCanonicalUUID/modern/asset_get/braces (0.00s)
                mcp_asset_id_validation_test.go:162: validation error = "asset not found", want "asset_get"
                mcp_asset_id_validation_test.go:162: validation error = "asset not found", want "asset_id"
                mcp_asset_id_validation_test.go:162: validation error = "asset not found", want "36"
                mcp_asset_id_validation_test.go:162: validation error = "asset not found", want "hyphen"
                mcp_asset_id_validation_test.go:162: validation error = "asset not found", want "UUID"
        --- FAIL: TestMCPAssetIDsRequireCanonicalUUID/modern/asset_relations (0.03s)
            --- FAIL: TestMCPAssetIDsRequireCanonicalUUID/modern/asset_relations/trimmed (0.00s)
                mcp_asset_id_validation_test.go:155: canonical-equivalent lookup differs: map[string]interface {}{"_meta":map[string]interface {}{"io.modelcontextprotocol/serverInfo":map[string]interface {}{"name":"invenqor", "version":"0.2.46"}}, "content":[]interface {}{map[string]interface {}{"text":"{\"count\":0,\"has_more\":false,\"limit\":50,\"next_offset\":0,\"offset\":0,\"relations\":[]}", "type":"text"}}, "isError":false, "resultType":"complete", "structuredContent":map[string]interface {}{"count":0, "has_more":false, "limit":50, "next_offset":0, "offset":0, "relations":[]interface {}{}}}
            --- FAIL: TestMCPAssetIDsRequireCanonicalUUID/modern/asset_relations/mixed (0.00s)
                mcp_asset_id_validation_test.go:155: canonical-equivalent lookup differs: map[string]interface {}{"_meta":map[string]interface {}{"io.modelcontextprotocol/serverInfo":map[string]interface {}{"name":"invenqor", "version":"0.2.46"}}, "content":[]interface {}{map[string]interface {}{"text":"{\"count\":0,\"has_more\":false,\"limit\":50,\"next_offset\":0,\"offset\":0,\"relations\":[]}", "type":"text"}}, "isError":false, "resultType":"complete", "structuredContent":map[string]interface {}{"count":0, "has_more":false, "limit":50, "next_offset":0, "offset":0, "relations":[]interface {}{}}}
            --- FAIL: TestMCPAssetIDsRequireCanonicalUUID/modern/asset_relations/upper (0.00s)
                mcp_asset_id_validation_test.go:155: canonical-equivalent lookup differs: map[string]interface {}{"_meta":map[string]interface {}{"io.modelcontextprotocol/serverInfo":map[string]interface {}{"name":"invenqor", "version":"0.2.46"}}, "content":[]interface {}{map[string]interface {}{"text":"{\"count\":0,\"has_more\":false,\"limit\":50,\"next_offset\":0,\"offset\":0,\"relations\":[]}", "type":"text"}}, "isError":false, "resultType":"complete", "structuredContent":map[string]interface {}{"count":0, "has_more":false, "limit":50, "next_offset":0, "offset":0, "relations":[]interface {}{}}}
            --- FAIL: TestMCPAssetIDsRequireCanonicalUUID/modern/asset_relations/not_uuid (0.00s)
                mcp_asset_id_validation_test.go:162: isError = false, want true; result = map[string]interface {}{"_meta":map[string]interface {}{"io.modelcontextprotocol/serverInfo":map[string]interface {}{"name":"invenqor", "version":"0.2.46"}}, "content":[]interface {}{map[string]interface {}{"text":"{\"count\":0,\"has_more\":false,\"limit\":50,\"next_offset\":0,\"offset\":0,\"relations\":[]}", "type":"text"}}, "isError":false, "resultType":"complete", "structuredContent":map[string]interface {}{"count":0, "has_more":false, "limit":50, "next_offset":0, "offset":0, "relations":[]interface {}{}}}
            --- FAIL: TestMCPAssetIDsRequireCanonicalUUID/modern/asset_relations/urn (0.00s)
                mcp_asset_id_validation_test.go:162: isError = false, want true; result = map[string]interface {}{"_meta":map[string]interface {}{"io.modelcontextprotocol/serverInfo":map[string]interface {}{"name":"invenqor", "version":"0.2.46"}}, "content":[]interface {}{map[string]interface {}{"text":"{\"count\":0,\"has_more\":false,\"limit\":50,\"next_offset\":0,\"offset\":0,\"relations\":[]}", "type":"text"}}, "isError":false, "resultType":"complete", "structuredContent":map[string]interface {}{"count":0, "has_more":false, "limit":50, "next_offset":0, "offset":0, "relations":[]interface {}{}}}
            --- FAIL: TestMCPAssetIDsRequireCanonicalUUID/modern/asset_relations/braces (0.00s)
                mcp_asset_id_validation_test.go:162: isError = false, want true; result = map[string]interface {}{"_meta":map[string]interface {}{"io.modelcontextprotocol/serverInfo":map[string]interface {}{"name":"invenqor", "version":"0.2.46"}}, "content":[]interface {}{map[string]interface {}{"text":"{\"count\":0,\"has_more\":false,\"limit\":50,\"next_offset\":0,\"offset\":0,\"relations\":[]}", "type":"text"}}, "isError":false, "resultType":"complete", "structuredContent":map[string]interface {}{"count":0, "has_more":false, "limit":50, "next_offset":0, "offset":0, "relations":[]interface {}{}}}
            --- FAIL: TestMCPAssetIDsRequireCanonicalUUID/modern/asset_relations/unhyphenated (0.00s)
                mcp_asset_id_validation_test.go:162: isError = false, want true; result = map[string]interface {}{"_meta":map[string]interface {}{"io.modelcontextprotocol/serverInfo":map[string]interface {}{"name":"invenqor", "version":"0.2.46"}}, "content":[]interface {}{map[string]interface {}{"text":"{\"count\":0,\"has_more\":false,\"limit\":50,\"next_offset\":0,\"offset\":0,\"relations\":[]}", "type":"text"}}, "isError":false, "resultType":"complete", "structuredContent":map[string]interface {}{"count":0, "has_more":false, "limit":50, "next_offset":0, "offset":0, "relations":[]interface {}{}}}
--- FAIL: TestMCPAssetGetCanonicalUUIDFindsMergedAsset (0.33s)
    --- FAIL: TestMCPAssetGetCanonicalUUIDFindsMergedAsset/ABCDEFAB-CDEF-4ABC-8DEF-ABCDEFABCDEF (0.00s)
        mcp_asset_id_validation_test.go:198: merged asset lookup = map[string]interface {}{"content":[]interface {}{map[string]interface {}{"text":"asset not found", "type":"text"}}, "isError":true}
--- FAIL: TestMCPAssetIDsRejectNonCanonicalUUIDBeforeQuery (0.11s)
    --- FAIL: TestMCPAssetIDsRejectNonCanonicalUUIDBeforeQuery/asset_get/not_uuid (0.00s)
        mcp_asset_id_validation_test.go:229: validation error = "sql: database is closed", want "asset_get"
        mcp_asset_id_validation_test.go:229: validation error = "sql: database is closed", want "asset_id"
        mcp_asset_id_validation_test.go:229: validation error = "sql: database is closed", want "36"
        mcp_asset_id_validation_test.go:229: validation error = "sql: database is closed", want "hyphen"
        mcp_asset_id_validation_test.go:229: validation error = "sql: database is closed", want "UUID"
        mcp_asset_id_validation_test.go:229: validation error leaked database details: "sql: database is closed"
    --- FAIL: TestMCPAssetIDsRejectNonCanonicalUUIDBeforeQuery/asset_get/urn (0.00s)
        mcp_asset_id_validation_test.go:229: validation error = "sql: database is closed", want "asset_get"
        mcp_asset_id_validation_test.go:229: validation error = "sql: database is closed", want "asset_id"
        mcp_asset_id_validation_test.go:229: validation error = "sql: database is closed", want "36"
        mcp_asset_id_validation_test.go:229: validation error = "sql: database is closed", want "hyphen"
        mcp_asset_id_validation_test.go:229: validation error = "sql: database is closed", want "UUID"
        mcp_asset_id_validation_test.go:229: validation error leaked database details: "sql: database is closed"
    --- FAIL: TestMCPAssetIDsRejectNonCanonicalUUIDBeforeQuery/asset_get/braces (0.00s)
        mcp_asset_id_validation_test.go:229: validation error = "sql: database is closed", want "asset_get"
        mcp_asset_id_validation_test.go:229: validation error = "sql: database is closed", want "asset_id"
        mcp_asset_id_validation_test.go:229: validation error = "sql: database is closed", want "36"
        mcp_asset_id_validation_test.go:229: validation error = "sql: database is closed", want "hyphen"
        mcp_asset_id_validation_test.go:229: validation error = "sql: database is closed", want "UUID"
        mcp_asset_id_validation_test.go:229: validation error leaked database details: "sql: database is closed"
    --- FAIL: TestMCPAssetIDsRejectNonCanonicalUUIDBeforeQuery/asset_get/unhyphenated (0.00s)
        mcp_asset_id_validation_test.go:229: validation error = "sql: database is closed", want "asset_get"
        mcp_asset_id_validation_test.go:229: validation error = "sql: database is closed", want "asset_id"
        mcp_asset_id_validation_test.go:229: validation error = "sql: database is closed", want "36"
        mcp_asset_id_validation_test.go:229: validation error = "sql: database is closed", want "hyphen"
        mcp_asset_id_validation_test.go:229: validation error = "sql: database is closed", want "UUID"
        mcp_asset_id_validation_test.go:229: validation error leaked database details: "sql: database is closed"
    --- FAIL: TestMCPAssetIDsRejectNonCanonicalUUIDBeforeQuery/asset_relations/not_uuid (0.00s)
        mcp_asset_id_validation_test.go:229: validation error = "sql: database is closed", want "asset_relations"
        mcp_asset_id_validation_test.go:229: validation error = "sql: database is closed", want "asset_id"
        mcp_asset_id_validation_test.go:229: validation error = "sql: database is closed", want "36"
        mcp_asset_id_validation_test.go:229: validation error = "sql: database is closed", want "hyphen"
        mcp_asset_id_validation_test.go:229: validation error = "sql: database is closed", want "UUID"
        mcp_asset_id_validation_test.go:229: validation error leaked database details: "sql: database is closed"
    --- FAIL: TestMCPAssetIDsRejectNonCanonicalUUIDBeforeQuery/asset_relations/urn (0.00s)
        mcp_asset_id_validation_test.go:229: validation error = "sql: database is closed", want "asset_relations"
        mcp_asset_id_validation_test.go:229: validation error = "sql: database is closed", want "asset_id"
        mcp_asset_id_validation_test.go:229: validation error = "sql: database is closed", want "36"
        mcp_asset_id_validation_test.go:229: validation error = "sql: database is closed", want "hyphen"
        mcp_asset_id_validation_test.go:229: validation error = "sql: database is closed", want "UUID"
        mcp_asset_id_validation_test.go:229: validation error leaked database details: "sql: database is closed"
    --- FAIL: TestMCPAssetIDsRejectNonCanonicalUUIDBeforeQuery/asset_relations/braces (0.00s)
        mcp_asset_id_validation_test.go:229: validation error = "sql: database is closed", want "asset_relations"
        mcp_asset_id_validation_test.go:229: validation error = "sql: database is closed", want "asset_id"
        mcp_asset_id_validation_test.go:229: validation error = "sql: database is closed", want "36"
        mcp_asset_id_validation_test.go:229: validation error = "sql: database is closed", want "hyphen"
        mcp_asset_id_validation_test.go:229: validation error = "sql: database is closed", want "UUID"
        mcp_asset_id_validation_test.go:229: validation error leaked database details: "sql: database is closed"
    --- FAIL: TestMCPAssetIDsRejectNonCanonicalUUIDBeforeQuery/asset_relations/unhyphenated (0.00s)
        mcp_asset_id_validation_test.go:229: validation error = "sql: database is closed", want "asset_relations"
        mcp_asset_id_validation_test.go:229: validation error = "sql: database is closed", want "asset_id"
        mcp_asset_id_validation_test.go:229: validation error = "sql: database is closed", want "36"
        mcp_asset_id_validation_test.go:229: validation error = "sql: database is closed", want "hyphen"
        mcp_asset_id_validation_test.go:229: validation error = "sql: database is closed", want "UUID"
        mcp_asset_id_validation_test.go:229: validation error leaked database details: "sql: database is closed"
FAIL
FAIL	github.com/hkjang/invenqor/server/internal/httpapi	0.843s
FAIL
