found 0 vulnerabilities

> @momento-analytics/tracker@0.34.59 typecheck
> tsc --noEmit


> @momento-analytics/tracker@0.34.59 test
> node --test test/*.test.mjs

TAP version 13
# Subtest: three clicks on one element within a second report a rage click
ok 1 - three clicks on one element within a second report a rage click
  ---
  duration_ms: 1304.513237
  type: 'test'
  ...
# Subtest: a click that changes nothing reports a dead click, a click that mutates does not
ok 2 - a click that changes nothing reports a dead click, a click that mutates does not
  ---
  duration_ms: 2803.56983
  type: 'test'
  ...
# Subtest: plain text and real links are never reported as dead clicks
ok 3 - plain text and real links are never reported as dead clicks
  ---
  duration_ms: 2802.953597
  type: 'test'
  ...
# Subtest: an error right after a click is attributed to that click
ok 4 - an error right after a click is attributed to that click
  ---
  duration_ms: 2.035668
  type: 'test'
  ...
# Subtest: submitting the same form twice reports a retry, the first submit does not
ok 5 - submitting the same form twice reports a retry, the first submit does not
  ---
  duration_ms: 0.739901
  type: 'test'
  ...
# Subtest: a failed field validation reports one retry however many fields fail
ok 6 - a failed field validation reports one retry however many fields fail
  ---
  duration_ms: 0.51577
  type: 'test'
  ...
# Subtest: leaving a page immediately after arriving reports a rapid back
ok 7 - leaving a page immediately after arriving reports a rapid back
  ---
  duration_ms: 0.607249
  type: 'test'
  ...
# Subtest: a search is detected from the query string without the term by default
ok 8 - a search is detected from the query string without the term by default
  ---
  duration_ms: 1800.970353
  type: 'test'
  ...
# Subtest: an opted-in search term is collected, normalised and stripped of identifiers
ok 9 - an opted-in search term is collected, normalised and stripped of identifiers
  ---
  duration_ms: 1802.836924
  type: 'test'
  ...
# Subtest: the result count is read from the page so zero-result searches are visible
ok 10 - the result count is read from the page so zero-result searches are visible
  ---
  duration_ms: 402.495103
  type: 'test'
  ...
# Subtest: repeating a search is separated from refining one
ok 11 - repeating a search is separated from refining one
  ---
  duration_ms: 2102.936773
  type: 'test'
  ...
# Subtest: opening a result reports its position in the list
ok 12 - opening a result reports its position in the list
  ---
  duration_ms: 402.546357
  type: 'test'
  ...
# Subtest: signals stay switched off when the site disables them
ok 13 - signals stay switched off when the site disables them
  ---
  duration_ms: 1801.316807
  type: 'test'
  ...
# Subtest: in-page windows survive the system clock moving backwards
ok 14 - in-page windows survive the system clock moving backwards
  ---
  duration_ms: 2101.215558
  type: 'test'
  ...
# Subtest: 한 페이지가 보고하는 신호에는 상한이 있고, 그 상한은 페이지마다 다시 열린다
ok 15 - 한 페이지가 보고하는 신호에는 상한이 있고, 그 상한은 페이지마다 다시 열린다
  ---
  duration_ms: 33870.620673
  type: 'test'
  ...
# Subtest: 스크롤·포커스 이동·텍스트 선택은 그 클릭이 무언가 했다는 뜻이다
ok 16 - 스크롤·포커스 이동·텍스트 선택은 그 클릭이 무언가 했다는 뜻이다
  ---
  duration_ms: 5603.446802
  type: 'test'
  ...
# Subtest: captures page and acquisition context when each event occurs
ok 17 - captures page and acquisition context when each event occurs
  ---
  duration_ms: 4.303816
  type: 'test'
  ...
# Subtest: migrates v0.4 identity into the scoped production storage
ok 18 - migrates v0.4 identity into the scoped production storage
  ---
  duration_ms: 0.473497
  type: 'test'
  ...
# Subtest: consent-required remains blocked when localStorage is unavailable
ok 19 - consent-required remains blocked when localStorage is unavailable
  ---
  duration_ms: 0.684063
  type: 'test'
  ...
# Subtest: data-endpoint keeps the collector first party for a strict CSP
ok 20 - data-endpoint keeps the collector first party for a strict CSP
  ---
  duration_ms: 0.238112
  type: 'test'
  ...
# Subtest: a proxied endpoint posts to the same origin
ok 21 - a proxied endpoint posts to the same origin
  ---
  duration_ms: 0.327511
  type: 'test'
  ...
# Subtest: delivers queued events under the session they happened in
ok 22 - delivers queued events under the session they happened in
  ---
  duration_ms: 0.841829
  type: 'test'
  ...
# Subtest: keeps the exit batch when the browser is offline
ok 23 - keeps the exit batch when the browser is offline
  ---
  duration_ms: 0.543952
  type: 'test'
  ...
# Subtest: reports events the queue could not keep
ok 24 - reports events the queue could not keep
  ---
  duration_ms: 4.241415
  type: 'test'
  ...
# Subtest: a gap longer than the site's session timeout starts a new session
ok 25 - a gap longer than the site's session timeout starts a new session
  ---
  duration_ms: 0.563445
  type: 'test'
  ...
# Subtest: a new session after a timeout is not credited to the old campaign
ok 26 - a new session after a timeout is not credited to the old campaign
  ---
  duration_ms: 0.532524
  type: 'test'
  ...
# Subtest: identify refuses an identifier that looks like a person
ok 27 - identify refuses an identifier that looks like a person
  ---
  duration_ms: 0.733311
  type: 'test'
  ...
1..27
# tests 27
# suites 0
# pass 27
# fail 0
# cancelled 0
# skipped 0
# todo 0
# duration_ms 57706.15878

> @momento-analytics/tracker@0.34.59 build
> esbuild src/index.ts --bundle --minify --target=es2018 --format=iife --outfile=dist/tracker.js


  dist/tracker.js  24.3kb

⚡ Done in 7ms
