
added 3 packages, and audited 4 packages in 518ms

found 0 vulnerabilities
found 0 vulnerabilities

> @momento-analytics/tracker@0.34.59 typecheck
> tsc --noEmit


> @momento-analytics/tracker@0.34.59 test
> node --test test/*.test.mjs

TAP version 13
# node:internal/modules/esm/get_format:189
#   throw new ERR_UNKNOWN_FILE_EXTENSION(ext, filepath);
#         ^
# TypeError [ERR_UNKNOWN_FILE_EXTENSION]: Unknown file extension ".ts" for /home/hkjang/.cache/auto-improve-wt/Momento-release/sdk/src/index.ts
#     at Object.getFileProtocolModuleFormat [as file:] (node:internal/modules/esm/get_format:189:9)
#     at defaultGetFormat (node:internal/modules/esm/get_format:232:36)
#     at defaultLoad (node:internal/modules/esm/load:145:22)
#     at async ModuleLoader.loadAndTranslate (node:internal/modules/esm/loader:477:45)
#     at async ModuleJob._link (node:internal/modules/esm/module_job:110:19) {
#   code: 'ERR_UNKNOWN_FILE_EXTENSION'
# }
# Node.js v20.19.2
# Subtest: /home/hkjang/.cache/auto-improve-wt/Momento-release/sdk/test/signals.test.mjs
not ok 1 - /home/hkjang/.cache/auto-improve-wt/Momento-release/sdk/test/signals.test.mjs
  ---
  duration_ms: 38.977915
  location: '/home/hkjang/.cache/auto-improve-wt/Momento-release/sdk/test/signals.test.mjs:1:1'
  failureType: 'testCodeFailure'
  exitCode: 1
  signal: ~
  error: 'test failed'
  code: 'ERR_TEST_FAILURE'
  ...
# node:internal/modules/esm/get_format:189
#   throw new ERR_UNKNOWN_FILE_EXTENSION(ext, filepath);
#         ^
# TypeError [ERR_UNKNOWN_FILE_EXTENSION]: Unknown file extension ".ts" for /home/hkjang/.cache/auto-improve-wt/Momento-release/sdk/src/index.ts
#     at Object.getFileProtocolModuleFormat [as file:] (node:internal/modules/esm/get_format:189:9)
#     at defaultGetFormat (node:internal/modules/esm/get_format:232:36)
#     at defaultLoad (node:internal/modules/esm/load:145:22)
#     at async ModuleLoader.loadAndTranslate (node:internal/modules/esm/loader:477:45)
#     at async ModuleJob._link (node:internal/modules/esm/module_job:110:19) {
#   code: 'ERR_UNKNOWN_FILE_EXTENSION'
# }
# Node.js v20.19.2
# Subtest: /home/hkjang/.cache/auto-improve-wt/Momento-release/sdk/test/tracker.test.mjs
not ok 2 - /home/hkjang/.cache/auto-improve-wt/Momento-release/sdk/test/tracker.test.mjs
  ---
  duration_ms: 37.855964
  location: '/home/hkjang/.cache/auto-improve-wt/Momento-release/sdk/test/tracker.test.mjs:1:1'
  failureType: 'testCodeFailure'
  exitCode: 1
  signal: ~
  error: 'test failed'
  code: 'ERR_TEST_FAILURE'
  ...
1..2
# tests 2
# suites 0
# pass 0
# fail 2
# cancelled 0
# skipped 0
# todo 0
# duration_ms 46.066017
