
> muni-web@0.1.0 build
> node scripts/copy-mermaid.mjs && tsc -b && vite build

copied mermaid.min.js into public/
vite v8.2.2 building client environment for production...
transforming...
✓ 14012 modules transformed.
rendering chunks...
computing gzip size...
../webui/dist/index.html                                                   1.36 kB │ gzip:   0.58 kB
../webui/dist/assets/noto-sans-kr-latin-ext-wght-normal-B5bX9d3o.woff2     8.30 kB
../webui/dist/assets/noto-sans-kr-vietnamese-wght-normal-BHUVOYrQ.woff2    9.17 kB
../webui/dist/assets/noto-sans-kr-cyrillic-wght-normal-Bd4ZsfxM.woff2     10.11 kB
../webui/dist/assets/noto-sans-kr-98-wght-normal-DO7crlgc.woff2           12.18 kB
../webui/dist/assets/noto-sans-kr-97-wght-normal-Dr2ufsTl.woff2           14.17 kB
../webui/dist/assets/noto-sans-kr-117-wght-normal-DNkILo1k.woff2          14.46 kB
../webui/dist/assets/noto-sans-kr-118-wght-normal-Be8jlQ51.woff2          14.66 kB
../webui/dist/assets/noto-sans-kr-116-wght-normal-DvHAaAUg.woff2          16.20 kB
../webui/dist/assets/noto-sans-kr-114-wght-normal-BcwVxkxL.woff2          16.21 kB
../webui/dist/assets/noto-sans-kr-115-wght-normal-Czx6kN3B.woff2          16.27 kB
../webui/dist/assets/noto-sans-kr-112-wght-normal-DApkhTZy.woff2          16.44 kB
../webui/dist/assets/noto-sans-kr-113-wght-normal-DnhzVD4m.woff2          16.46 kB
../webui/dist/assets/noto-sans-kr-119-wght-normal-C_6m2-od.woff2          16.67 kB
../webui/dist/assets/noto-sans-kr-38-wght-normal-D7aEX-Z7.woff2           16.69 kB
../webui/dist/assets/noto-sans-kr-99-wght-normal-DzzxDKB5.woff2           16.88 kB
../webui/dist/assets/noto-sans-kr-111-wght-normal-DeeXajyY.woff2          17.46 kB
../webui/dist/assets/noto-sans-kr-110-wght-normal-Bz2J7MHi.woff2          17.60 kB
../webui/dist/assets/noto-sans-kr-109-wght-normal-B6hzfDSQ.woff2          18.06 kB
../webui/dist/assets/noto-sans-kr-41-wght-normal-CrDDFHLC.woff2           18.14 kB
../webui/dist/assets/noto-sans-kr-107-wght-normal-CWnd6wcQ.woff2          18.42 kB
../webui/dist/assets/noto-sans-kr-44-wght-normal-BOzNPFw1.woff2           18.50 kB
../webui/dist/assets/noto-sans-kr-64-wght-normal-KNqhDR8m.woff2           18.58 kB
../webui/dist/assets/noto-sans-kr-94-wght-normal-ihdiE-sw.woff2           19.42 kB
../webui/dist/assets/noto-sans-kr-108-wght-normal-CVosuT20.woff2          19.67 kB
../webui/dist/assets/noto-sans-kr-45-wght-normal-HgLQPnZe.woff2           19.74 kB
../webui/dist/assets/noto-sans-kr-51-wght-normal-DYiiYWHC.woff2           19.74 kB
../webui/dist/assets/noto-sans-kr-8-wght-normal-CstSMSR0.woff2            19.83 kB
../webui/dist/assets/noto-sans-kr-25-wght-normal-pcUlc7hZ.woff2           19.88 kB
../webui/dist/assets/noto-sans-kr-11-wght-normal-DnDO1vGF.woff2           20.16 kB
../webui/dist/assets/noto-sans-kr-42-wght-normal-_xElrv31.woff2           20.22 kB
../webui/dist/assets/noto-sans-kr-10-wght-normal-D44PZdTN.woff2           20.48 kB
../webui/dist/assets/noto-sans-kr-6-wght-normal-CJnF25Ox.woff2            20.59 kB
../webui/dist/assets/noto-sans-kr-55-wght-normal-Bb2kolOu.woff2           20.70 kB
../webui/dist/assets/noto-sans-kr-5-wght-normal-D2ndBBlz.woff2            20.78 kB
../webui/dist/assets/noto-sans-kr-46-wght-normal-B8aQM0KO.woff2           20.92 kB
../webui/dist/assets/noto-sans-kr-40-wght-normal-B6XNibcs.woff2           20.98 kB
../webui/dist/assets/noto-sans-kr-7-wght-normal-CImCbZMD.woff2            21.01 kB
../webui/dist/assets/noto-sans-kr-63-wght-normal-Cc2PlhZU.woff2           21.04 kB
../webui/dist/assets/noto-sans-kr-54-wght-normal-Dh8YqAZX.woff2           21.07 kB
../webui/dist/assets/noto-sans-kr-53-wght-normal-D_jDj1TO.woff2           21.11 kB
../webui/dist/assets/noto-sans-kr-37-wght-normal-D0Nod484.woff2           21.27 kB
../webui/dist/assets/noto-sans-kr-96-wght-normal-BsiGrPsV.woff2           21.32 kB
../webui/dist/assets/noto-sans-kr-57-wght-normal-B8WEhlXz.woff2           21.33 kB
../webui/dist/assets/noto-sans-kr-36-wght-normal-BQ3DsEFp.woff2           21.35 kB
../webui/dist/assets/noto-sans-kr-35-wght-normal-CNljDv8x.woff2           21.36 kB
../webui/dist/assets/noto-sans-kr-48-wght-normal-Ds0KCpXR.woff2           21.41 kB
../webui/dist/assets/noto-sans-kr-56-wght-normal-C-IXS01q.woff2           21.42 kB
../webui/dist/assets/noto-sans-kr-39-wght-normal-QVs81SbT.woff2           21.43 kB
../webui/dist/assets/noto-sans-kr-43-wght-normal-D4Z4qIjx.woff2           21.46 kB
../webui/dist/assets/noto-sans-kr-50-wght-normal-C8Hs8Bel.woff2           21.50 kB
../webui/dist/assets/noto-sans-kr-16-wght-normal-D7pAhItn.woff2           21.50 kB
../webui/dist/assets/noto-sans-kr-34-wght-normal-Dn9wUbC5.woff2           21.56 kB
../webui/dist/assets/noto-sans-kr-18-wght-normal-B_Xt9mRz.woff2           21.66 kB
../webui/dist/assets/noto-sans-kr-28-wght-normal-COQop0OG.woff2           21.95 kB
../webui/dist/assets/noto-sans-kr-62-wght-normal-Brkp78oR.woff2           21.95 kB
../webui/dist/assets/noto-sans-kr-58-wght-normal-CPkb-af3.woff2           22.05 kB
../webui/dist/assets/noto-sans-kr-14-wght-normal-BtTu50RG.woff2           22.10 kB
../webui/dist/assets/noto-sans-kr-47-wght-normal-CisIuWX8.woff2           22.20 kB
../webui/dist/assets/noto-sans-kr-21-wght-normal-CuThq_3_.woff2           22.26 kB
../webui/dist/assets/noto-sans-kr-52-wght-normal-RCgHYf1C.woff2           22.29 kB
../webui/dist/assets/noto-sans-kr-9-wght-normal-Dc1zs_Pa.woff2            22.40 kB
../webui/dist/assets/noto-sans-kr-13-wght-normal-olvHB9I9.woff2           22.66 kB
../webui/dist/assets/noto-sans-kr-12-wght-normal-gICIGsXI.woff2           22.70 kB
../webui/dist/assets/noto-sans-kr-15-wght-normal-CxFswjwr.woff2           22.75 kB
../webui/dist/assets/noto-sans-kr-49-wght-normal-BC5F4RRq.woff2           22.83 kB
../webui/dist/assets/noto-sans-kr-29-wght-normal-Bwniia0r.woff2           23.13 kB
../webui/dist/assets/noto-sans-kr-4-wght-normal-MlF4wjtz.woff2            23.33 kB
../webui/dist/assets/noto-sans-kr-22-wght-normal-D-9XnguA.woff2           23.53 kB
../webui/dist/assets/noto-sans-kr-30-wght-normal-BNXqYhtq.woff2           23.55 kB
../webui/dist/assets/noto-sans-kr-17-wght-normal-CcMq9J3c.woff2           23.58 kB
../webui/dist/assets/noto-sans-kr-31-wght-normal-BoAdonrH.woff2           23.64 kB
../webui/dist/assets/noto-sans-kr-61-wght-normal-C9Nbt4dY.woff2           23.80 kB
../webui/dist/assets/noto-sans-kr-23-wght-normal-CsoKTgIH.woff2           24.07 kB
../webui/dist/assets/noto-sans-kr-103-wght-normal-C9B_csKo.woff2          24.39 kB
../webui/dist/assets/noto-sans-kr-27-wght-normal-BYvOljic.woff2           24.48 kB
../webui/dist/assets/noto-sans-kr-60-wght-normal-DriWx1rc.woff2           24.50 kB
../webui/dist/assets/noto-sans-kr-106-wght-normal-DCG_yG2L.woff2          24.74 kB
../webui/dist/assets/noto-sans-kr-3-wght-normal-DZIqdvJw.woff2            24.79 kB
../webui/dist/assets/noto-sans-kr-19-wght-normal-DicL0vd6.woff2           25.15 kB
../webui/dist/assets/noto-sans-kr-33-wght-normal-DMSZNpMD.woff2           25.17 kB
../webui/dist/assets/noto-sans-kr-105-wght-normal-Bwk-4itQ.woff2          25.22 kB
../webui/dist/assets/noto-sans-kr-59-wght-normal-C4laA72l.woff2           25.25 kB
../webui/dist/assets/noto-sans-kr-24-wght-normal-CVm75uzf.woff2           25.47 kB
../webui/dist/assets/noto-sans-kr-102-wght-normal-DPlG-Gq_.woff2          25.58 kB
../webui/dist/assets/noto-sans-kr-26-wght-normal-gwaK2bp7.woff2           25.64 kB
../webui/dist/assets/noto-sans-kr-20-wght-normal-PxcBBeNg.woff2           25.91 kB
../webui/dist/assets/noto-sans-kr-latin-wght-normal-CZ1P3i-_.woff2        26.00 kB
../webui/dist/assets/noto-sans-kr-101-wght-normal-yIk-xkbt.woff2          26.07 kB
../webui/dist/assets/noto-sans-kr-100-wght-normal-BUnzX67h.woff2          26.26 kB
../webui/dist/assets/noto-sans-kr-32-wght-normal-BREiG6LA.woff2           26.40 kB
../webui/dist/assets/noto-sans-kr-104-wght-normal-BV6o_vl3.woff2          28.68 kB
../webui/dist/assets/noto-sans-kr-93-wght-normal-LhQTABfI.woff2           29.06 kB
../webui/dist/assets/noto-sans-kr-0-wght-normal-D06yvloL.woff2            34.28 kB
../webui/dist/assets/noto-sans-kr-2-wght-normal-BlW3AcBF.woff2            35.98 kB
../webui/dist/assets/noto-sans-kr-83-wght-normal-McHuBf-B.woff2           41.15 kB
../webui/dist/assets/noto-sans-kr-90-wght-normal-lqvjLFoO.woff2           41.92 kB
../webui/dist/assets/noto-sans-kr-92-wght-normal-CfCk7nA7.woff2           42.68 kB
../webui/dist/assets/noto-sans-kr-91-wght-normal-DsGtjSva.woff2           44.99 kB
../webui/dist/assets/noto-sans-kr-87-wght-normal-CBZPTWsE.woff2           45.01 kB
../webui/dist/assets/noto-sans-kr-72-wght-normal-CYbqUrRD.woff2           45.51 kB
../webui/dist/assets/noto-sans-kr-89-wght-normal-D3Fd3_EL.woff2           45.53 kB
../webui/dist/assets/noto-sans-kr-88-wght-normal-_V-zytEf.woff2           46.46 kB
../webui/dist/assets/noto-sans-kr-70-wght-normal-BSMUUut2.woff2           47.28 kB
../webui/dist/assets/noto-sans-kr-81-wght-normal-DZCTVH03.woff2           48.01 kB
../webui/dist/assets/noto-sans-kr-69-wght-normal-BReeBVHk.woff2           48.36 kB
../webui/dist/assets/noto-sans-kr-67-wght-normal-CWhGYJ2i.woff2           48.38 kB
../webui/dist/assets/noto-sans-kr-78-wght-normal-CxH4Pb6I.woff2           48.44 kB
../webui/dist/assets/noto-sans-kr-76-wght-normal-BRcUMWZ8.woff2           48.58 kB
../webui/dist/assets/noto-sans-kr-73-wght-normal-Dq-lIKz-.woff2           50.29 kB
../webui/dist/assets/noto-sans-kr-82-wght-normal-CJo3UUYg.woff2           50.54 kB
../webui/dist/assets/noto-sans-kr-80-wght-normal-C5D21FTw.woff2           51.00 kB
../webui/dist/assets/noto-sans-kr-86-wght-normal-B7E1-Ec0.woff2           51.62 kB
../webui/dist/assets/noto-sans-kr-68-wght-normal-BrksQ5yZ.woff2           51.73 kB
../webui/dist/assets/noto-sans-kr-85-wght-normal-BlAw-6qA.woff2           52.55 kB
../webui/dist/assets/noto-sans-kr-77-wght-normal-q_AHRG0H.woff2           52.60 kB
../webui/dist/assets/noto-sans-kr-95-wght-normal-aqERMEsW.woff2           53.26 kB
../webui/dist/assets/noto-sans-kr-74-wght-normal-Dsmj0w4F.woff2           54.44 kB
../webui/dist/assets/noto-sans-kr-84-wght-normal-DLV_AXtC.woff2           54.47 kB
../webui/dist/assets/noto-sans-kr-66-wght-normal-IxdJCmlc.woff2           56.05 kB
../webui/dist/assets/noto-sans-kr-1-wght-normal-Bqp_kP4o.woff2            56.20 kB
../webui/dist/assets/noto-sans-kr-75-wght-normal-JM9JBG-M.woff2           56.76 kB
../webui/dist/assets/noto-sans-kr-71-wght-normal-D9VPS-IJ.woff2           56.88 kB
../webui/dist/assets/noto-sans-kr-79-wght-normal-Bdi4I7EA.woff2           60.83 kB
../webui/dist/assets/noto-sans-kr-65-wght-normal-FHC1ZHx-.woff2           64.46 kB
../webui/dist/assets/index-CyKYx_4G.css                                   84.71 kB │ gzip:  28.22 kB
../webui/dist/assets/array-BifhSqXX.js                                     0.10 kB │ gzip:   0.11 kB
../webui/dist/assets/channel-C_9UiaZQ.js                                   0.11 kB │ gzip:   0.12 kB
../webui/dist/assets/pie-WAS4IAKB-BExH8xHL.js                              0.12 kB │ gzip:   0.12 kB
../webui/dist/assets/info-A6RAGUB7-DdC9txYl.js                             0.12 kB │ gzip:   0.12 kB
../webui/dist/assets/radar-RG4KPBEZ-YOKm8wCm.js                            0.12 kB │ gzip:   0.12 kB
../webui/dist/assets/packet-AYTQ26CC-BuZQXUe8.js                           0.12 kB │ gzip:   0.12 kB
../webui/dist/assets/cynefin-OW5HDTMX-CPLLJzxR.js                          0.12 kB │ gzip:   0.13 kB
../webui/dist/assets/treemap-WGGIJYW6-DA7zzq3p.js                          0.12 kB │ gzip:   0.12 kB
../webui/dist/assets/wardley-WFR3VGLG-BHP50WQL.js                          0.12 kB │ gzip:   0.13 kB
../webui/dist/assets/gitGraph-4MIJSDKK-Csr0ih5f.js                         0.12 kB │ gzip:   0.13 kB
../webui/dist/assets/railroad-74A4TZTK-BoyR-YPb.js                         0.12 kB │ gzip:   0.13 kB
../webui/dist/assets/treeView-Q6P3EWNA-Wz3K-0gC.js                         0.12 kB │ gzip:   0.13 kB
../webui/dist/assets/railroad-peg-WCYAUIDC-DYOw11Jg.js                     0.13 kB │ gzip:   0.13 kB
../webui/dist/assets/architecture-7GRP2DOG-DP2uUPr7.js                     0.13 kB │ gzip:   0.13 kB
../webui/dist/assets/railroad-abnf-HS5TGJTU-CSv97uI8.js                    0.13 kB │ gzip:   0.13 kB
../webui/dist/assets/railroad-ebnf-LZEXJU2U-DXwjsIV0.js                    0.13 kB │ gzip:   0.13 kB
../webui/dist/assets/eventmodeling-NTZA5JFV-DT4IXxin.js                    0.13 kB │ gzip:   0.13 kB
../webui/dist/assets/init-C-OQMol4.js                                      0.14 kB │ gzip:   0.12 kB
../webui/dist/assets/chunk-Y2CYZVJY-DsF7k-Jl.js                            0.15 kB │ gzip:   0.14 kB
../webui/dist/assets/ArrowBack-CezhYD-c.js                                 0.17 kB │ gzip:   0.16 kB
../webui/dist/assets/SwapHorizOutlined-SV26AbJh.js                         0.18 kB │ gzip:   0.17 kB
../webui/dist/assets/chunk-2Q5K7J3B-C1jixKkw.js                            0.19 kB │ gzip:   0.16 kB
../webui/dist/assets/chunk-JWPE2WC7-DVXcaiue.js                            0.22 kB │ gzip:   0.17 kB
../webui/dist/assets/chunk-XXDRQBXY-D-kOwtok.js                            0.26 kB │ gzip:   0.22 kB
../webui/dist/assets/ErrorOutline-CM1Dt_4H.js                              0.28 kB │ gzip:   0.22 kB
../webui/dist/assets/CheckCircleOutline-BW5v98q6.js                        0.28 kB │ gzip:   0.22 kB
../webui/dist/assets/SlideshowOutlined-CtwPx04H.js                         0.30 kB │ gzip:   0.24 kB
../webui/dist/assets/ManageSearch-C3jRpg25.js                              0.32 kB │ gzip:   0.25 kB
../webui/dist/assets/chunk-5VM5RSS4-ZNzvKenW.js                            0.36 kB │ gzip:   0.27 kB
../webui/dist/assets/useFormControl-Y4z0SMyY.js                            0.49 kB │ gzip:   0.34 kB
../webui/dist/assets/chunk-POPQ4Y6H-CJN4h837.js                            0.57 kB │ gzip:   0.40 kB
../webui/dist/assets/flowDiagram-HODETNUW-BMVCKAsB.js                      0.57 kB │ gzip:   0.31 kB
../webui/dist/assets/rolldown-runtime-CbXtAM7H.js                          0.58 kB │ gzip:   0.36 kB
../webui/dist/assets/infoDiagram-27XIBGKW-BB3wKVOr.js                      0.65 kB │ gzip:   0.41 kB
../webui/dist/assets/classDiagram-ZZMXUADV-pOCiAhCT.js                     0.77 kB │ gzip:   0.45 kB
../webui/dist/assets/classDiagram-v2-VYDZK3BY-pOCiAhCT.js                  0.77 kB │ gzip:   0.45 kB
../webui/dist/assets/stateDiagram-v2-MP3YSRHH-zdsCptfK.js                  0.78 kB │ gzip:   0.45 kB
../webui/dist/assets/swimlanesDiagram-VR7AAH4N-BHIIIB3g.js                 0.83 kB │ gzip:   0.48 kB
../webui/dist/assets/sizeCapture-INFHLROL-B0uUizjq.js                      0.87 kB │ gzip:   0.51 kB
../webui/dist/assets/line-BbkSkGDr.js                                      0.94 kB │ gzip:   0.47 kB
../webui/dist/assets/PsychologyOutlined-CZDcRRkc.js                        1.08 kB │ gzip:   0.61 kB
../webui/dist/assets/ordinal-BDEzSJ7C.js                                   1.17 kB │ gzip:   0.56 kB
../webui/dist/assets/mergeSlotProps-BMpfM0Dq.js                            1.22 kB │ gzip:   0.60 kB
../webui/dist/assets/chunk-GVQU2GXP-CZXKqXAD.js                            1.41 kB │ gzip:   0.79 kB
../webui/dist/assets/railroadDiagram-O6MQD6OU-T-hQ3SWm.js                  1.65 kB │ gzip:   0.76 kB
../webui/dist/assets/AuthContext-B0KJUuyl.js                               1.80 kB │ gzip:   0.92 kB
../webui/dist/assets/abnfDiagram-VCTEODGH-B11AdYOK.js                      1.84 kB │ gzip:   0.89 kB
../webui/dist/assets/chunk-P2QGCYS3-CpBGbbhb.js                            1.94 kB │ gzip:   0.95 kB
../webui/dist/assets/chunk-F27PBJKO-JW2omhdN.js                            1.97 kB │ gzip:   0.88 kB
../webui/dist/assets/pegDiagram-XKGWAZYB-CLKqBZy3.js                       2.01 kB │ gzip:   0.94 kB
../webui/dist/assets/ebnfDiagram-PWID7BFC-C_JdMY6G.js                      2.05 kB │ gzip:   0.89 kB
../webui/dist/assets/AdminKeyPoliciesPage-qlRzs1sI.js                      2.06 kB │ gzip:   1.10 kB
../webui/dist/assets/Stack-DaIqwayI.js                                     2.16 kB │ gzip:   1.10 kB
../webui/dist/assets/dist-DMVjEMEa.js                                      2.17 kB │ gzip:   0.98 kB
../webui/dist/assets/path-fybaL0A-.js                                      2.27 kB │ gzip:   0.98 kB
../webui/dist/assets/humanBytes-C45qwL5Z.js                                3.46 kB │ gzip:   1.47 kB
../webui/dist/assets/arc-CMNOU9aN.js                                       3.47 kB │ gzip:   1.46 kB
../webui/dist/assets/AdminAuditPage-CRqQLhK1.js                            3.82 kB │ gzip:   1.81 kB
../webui/dist/assets/diagram-Z3DM3KII-DVmyNuM3.js                          4.28 kB │ gzip:   1.84 kB
../webui/dist/assets/AdminShell-BIJQPEpV.js                                4.29 kB │ gzip:   2.20 kB
../webui/dist/assets/AdminOverviewPage-CVCUG7KR.js                         4.45 kB │ gzip:   1.80 kB
../webui/dist/assets/defaultLocale-BFoDCU3G.js                             4.63 kB │ gzip:   2.12 kB
../webui/dist/assets/ContentCopyOutlined-4N8RAWd8.js                       4.86 kB │ gzip:   1.90 kB
../webui/dist/assets/AdminAIUsagePage-QufQ-Z4f.js                          5.05 kB │ gzip:   2.08 kB
../webui/dist/assets/SharedDocumentPage-YHOavns6.js                        5.17 kB │ gzip:   2.34 kB
../webui/dist/assets/linear-CRslb1Ub.js                                    5.51 kB │ gzip:   2.25 kB
../webui/dist/assets/chunk-PWAF6VOD-BHukDBQn.js                            5.83 kB │ gzip:   2.68 kB
../webui/dist/assets/diagram-UQ7AKVKN-C7xCdl0L.js                          6.07 kB │ gzip:   2.56 kB
../webui/dist/assets/pieDiagram-E7YTZNPT-Bxs6Px_1.js                       6.22 kB │ gzip:   2.59 kB
../webui/dist/assets/AdminWorkspacesPage-BOdqJh_5.js                       6.28 kB │ gzip:   2.72 kB
../webui/dist/assets/LinearProgress-BhQ4z5CF.js                            6.46 kB │ gzip:   1.90 kB
../webui/dist/assets/diagram-S7CK7UJ4-CCVPEgqn.js                          8.19 kB │ gzip:   3.65 kB
../webui/dist/assets/AdminDocumentsPage-BxkPtJiE.js                        8.42 kB │ gzip:   3.47 kB
../webui/dist/assets/chunk-L3NEJ4N5-HjEkhG8P.js                            9.68 kB │ gzip:   2.93 kB
../webui/dist/assets/cynefinDiagram-5FMLGOSQ-DVQQg-p3.js                   9.94 kB │ gzip:   3.51 kB
../webui/dist/assets/stateDiagram-D77RDMKH-C0pMzRaj.js                    10.64 kB │ gzip:   3.74 kB
../webui/dist/assets/diagram-VSXAHHWV-BHqEB-HF.js                         10.65 kB │ gzip:   4.12 kB
../webui/dist/assets/dagre-GXQ25YYZ-BDl9MC7s.js                           10.97 kB │ gzip:   4.15 kB
../webui/dist/assets/chunk-SVP7TREG-Bz5b9B2G.js                           15.64 kB │ gzip:   4.35 kB
../webui/dist/assets/diagram-VX7I27RA-DP3pzoo4.js                         15.75 kB │ gzip:   5.52 kB
../webui/dist/assets/mermaid-parser.core-Bmzdvphh.js                      16.58 kB │ gzip:   3.92 kB
../webui/dist/assets/ishikawaDiagram-5VMMS53U-BzvgHxgN.js                 17.31 kB │ gzip:   6.53 kB
../webui/dist/assets/kanban-definition-UXKFOSKX-1nJ1DuFJ.js               20.26 kB │ gzip:   7.15 kB
../webui/dist/assets/List-Dv2G345U.js                                     22.48 kB │ gzip:   8.05 kB
../webui/dist/assets/sankeyDiagram-P5KCCOFB-DNBtziqi.js                   22.79 kB │ gzip:   8.25 kB
../webui/dist/assets/useQuery-Cv1m5Yjt.js                                 22.96 kB │ gzip:   7.64 kB
../webui/dist/assets/journeyDiagram-3NMN7TZE-g5GYE-WG.js                  23.15 kB │ gzip:   8.16 kB
../webui/dist/assets/mindmap-definition-YA3MSWOX-BcqcNaUw.js              23.44 kB │ gzip:   8.01 kB
../webui/dist/assets/graphlib-DS17s2tU.js                                 23.90 kB │ gzip:   8.31 kB
../webui/dist/assets/Autocomplete-BdFTIdzV.js                             23.95 kB │ gzip:   8.46 kB
../webui/dist/assets/wardleyDiagram-VM6X3IG4-BBEQJgHz.js                  25.20 kB │ gzip:   6.54 kB
../webui/dist/assets/AdminUsersPage-pWKXeuXd.js                           25.48 kB │ gzip:   8.35 kB
../webui/dist/assets/rough.esm-Dy-Kn_BL.js                                27.10 kB │ gzip:   8.85 kB
../webui/dist/assets/gitGraphDiagram-WWUBYQGX-DCwVMXyx.js                 29.00 kB │ gzip:   8.55 kB
../webui/dist/assets/timeline-definition-24CTP7MA-CD6AJfQa.js             30.37 kB │ gzip:   9.97 kB
../webui/dist/assets/erDiagram-RLTQ6QDP-CLXNqEEY.js                       30.69 kB │ gzip:  10.57 kB
../webui/dist/assets/chunk-75Z2AOVW-NVstlGoQ.js                           30.75 kB │ gzip:   8.50 kB
../webui/dist/assets/requirementDiagram-BXWQKSXE-DbAMTdLl.js              31.00 kB │ gzip:   9.78 kB
../webui/dist/assets/quadrantDiagram-AXDQQJYC-FtkLMb0Y.js                 33.51 kB │ gzip:   9.73 kB
../webui/dist/assets/chunk-OSK3NFVY-Btf1IGWW.js                           36.46 kB │ gzip:   7.96 kB
../webui/dist/assets/dagre-PrKaheQc.js                                    36.85 kB │ gzip:  13.22 kB
../webui/dist/assets/chunk-IMKFNOWR-BC2qGJHT.js                           37.67 kB │ gzip:  12.28 kB
../webui/dist/assets/vennDiagram-4TSXK5OY-mHuvRHyK.js                     41.15 kB │ gzip:  15.11 kB
../webui/dist/assets/blockDiagram-I7D4REHJ-DWSnDRzK.js                    41.44 kB │ gzip:  13.36 kB
../webui/dist/assets/AdminSettingsPage-DDeFKHaG.js                        41.53 kB │ gzip:  12.63 kB
../webui/dist/assets/xychartDiagram-S5SC5T6Z-Drn4PdHU.js                  44.14 kB │ gzip:  12.22 kB
../webui/dist/assets/src-D7hbyKwE.js                                      45.68 kB │ gzip:  16.00 kB
../webui/dist/assets/chunk-TICWLB2K-NOybnBRg.js                           48.82 kB │ gzip:  15.77 kB
../webui/dist/assets/chunk-GMAD6QVW-C1zv_kka.js                           51.84 kB │ gzip:  16.69 kB
../webui/dist/assets/TextField-B_FKvuLy.js                                53.13 kB │ gzip:  15.69 kB
../webui/dist/assets/chunk-SHT3W25Y-DGZUMxJ2.js                           61.23 kB │ gzip:  19.86 kB
../webui/dist/assets/c4Diagram-7LVT6UL2-DLOlORmr.js                       64.74 kB │ gzip:  18.53 kB
../webui/dist/assets/ganttDiagram-EL5Y4UJY-PSXT4rd4.js                    69.35 kB │ gzip:  22.74 kB
../webui/dist/assets/cose-bilkent-JH36ORCC-CruN23AH.js                    81.26 kB │ gzip:  21.55 kB
../webui/dist/assets/mermaid.core-Bjg-ISJn.js                             95.58 kB │ gzip:  32.77 kB
../webui/dist/assets/chunk-4HAMMTFA-rJ1RrcaZ.js                          104.85 kB │ gzip:  25.62 kB
../webui/dist/assets/swimlanes-42K2YHIH-CJTr6bLn.js                      111.16 kB │ gzip:  38.02 kB
../webui/dist/assets/api-NEa25-I7.js                                     111.55 kB │ gzip:  38.52 kB
../webui/dist/assets/sequenceDiagram-WJ2MYXX4-Dmvvhxnk.js                115.74 kB │ gzip:  30.58 kB
../webui/dist/assets/architectureDiagram-5GKGNRK7-BtAlpf28.js            148.91 kB │ gzip:  41.13 kB
../webui/dist/assets/documentExtensions-BMbrlV0n.js                      183.29 kB │ gzip:  60.20 kB
../webui/dist/assets/chunk-DU6HZSFF-B9IksPDf.js                          208.55 kB │ gzip:  27.44 kB
../webui/dist/assets/katex-CXMH3UgJ.js                                   258.69 kB │ gzip:  77.44 kB
../webui/dist/assets/EditorPage-Cf1v1rXo.js                              358.62 kB │ gzip: 109.61 kB
../webui/dist/assets/cytoscape.esm-CGd-uY3x.js                           434.92 kB │ gzip: 137.81 kB
../webui/dist/assets/chunk-FOHPRMQF-DHwB1DNv.js                          662.12 kB │ gzip: 143.15 kB
../webui/dist/assets/index-DErgwr2T.js                                   787.59 kB │ gzip: 244.95 kB

✓ built in 1.23s
