=== RUN   TestDeliverHonorsContext
=== RUN   TestDeliverHonorsContext/greeting/deadline
    mail_test.go:536: SMTP session blocked after context cancellation
=== RUN   TestDeliverHonorsContext/greeting/cancel
    mail_test.go:536: SMTP session blocked after context cancellation
=== RUN   TestDeliverHonorsContext/ehlo/deadline
    mail_test.go:536: SMTP session blocked after context cancellation
=== RUN   TestDeliverHonorsContext/ehlo/cancel
    mail_test.go:536: SMTP session blocked after context cancellation
=== RUN   TestDeliverHonorsContext/tls/deadline
    mail_test.go:536: SMTP session blocked after context cancellation
=== RUN   TestDeliverHonorsContext/tls/cancel
    mail_test.go:536: SMTP session blocked after context cancellation
--- FAIL: TestDeliverHonorsContext (3.46s)
    --- FAIL: TestDeliverHonorsContext/greeting/deadline (0.66s)
    --- FAIL: TestDeliverHonorsContext/greeting/cancel (0.50s)
    --- FAIL: TestDeliverHonorsContext/ehlo/deadline (0.65s)
    --- FAIL: TestDeliverHonorsContext/ehlo/cancel (0.50s)
    --- FAIL: TestDeliverHonorsContext/tls/deadline (0.65s)
    --- FAIL: TestDeliverHonorsContext/tls/cancel (0.50s)
=== RUN   TestVerifyHonorsContext
=== RUN   TestVerifyHonorsContext/greeting/deadline
    mail_test.go:536: SMTP session blocked after context cancellation
=== RUN   TestVerifyHonorsContext/greeting/cancel
    mail_test.go:536: SMTP session blocked after context cancellation
=== RUN   TestVerifyHonorsContext/ehlo/deadline
    mail_test.go:536: SMTP session blocked after context cancellation
=== RUN   TestVerifyHonorsContext/ehlo/cancel
    mail_test.go:536: SMTP session blocked after context cancellation
=== RUN   TestVerifyHonorsContext/tls/deadline
    mail_test.go:536: SMTP session blocked after context cancellation
=== RUN   TestVerifyHonorsContext/tls/cancel
    mail_test.go:536: SMTP session blocked after context cancellation
--- FAIL: TestVerifyHonorsContext (3.46s)
    --- FAIL: TestVerifyHonorsContext/greeting/deadline (0.65s)
    --- FAIL: TestVerifyHonorsContext/greeting/cancel (0.50s)
    --- FAIL: TestVerifyHonorsContext/ehlo/deadline (0.65s)
    --- FAIL: TestVerifyHonorsContext/ehlo/cancel (0.50s)
    --- FAIL: TestVerifyHonorsContext/tls/deadline (0.65s)
    --- FAIL: TestVerifyHonorsContext/tls/cancel (0.50s)
FAIL
FAIL	kanpic/internal/mail	6.942s
FAIL
