=== RUN   TestDeliverWithoutAuthentication
=== PAUSE TestDeliverWithoutAuthentication
=== RUN   TestDeliverEscapesLeadingDotsOnceOnTheWire
=== PAUSE TestDeliverEscapesLeadingDotsOnceOnTheWire
=== RUN   TestDeliverUsesTheSameRecipientInEnvelopeAndHeader
=== PAUSE TestDeliverUsesTheSameRecipientInEnvelopeAndHeader
=== RUN   TestDeliverRejectsRecipientWithEmbeddedNewline
=== PAUSE TestDeliverRejectsRecipientWithEmbeddedNewline
=== RUN   TestDeliverAuthenticatesWhenConfigured
=== PAUSE TestDeliverAuthenticatesWhenConfigured
=== RUN   TestDeliverExplainsMissingAuthSupport
=== PAUSE TestDeliverExplainsMissingAuthSupport
=== RUN   TestVerifyGreetsWithoutSending
=== PAUSE TestVerifyGreetsWithoutSending
=== RUN   TestDeliverReportsRejection
=== PAUSE TestDeliverReportsRejection
=== RUN   TestDeliverHonorsContext
=== RUN   TestDeliverHonorsContext/greeting/deadline
=== RUN   TestDeliverHonorsContext/greeting/cancel
=== RUN   TestDeliverHonorsContext/ehlo/deadline
=== RUN   TestDeliverHonorsContext/ehlo/cancel
=== RUN   TestDeliverHonorsContext/tls/deadline
=== RUN   TestDeliverHonorsContext/tls/cancel
--- PASS: TestDeliverHonorsContext (0.46s)
    --- PASS: TestDeliverHonorsContext/greeting/deadline (0.15s)
    --- PASS: TestDeliverHonorsContext/greeting/cancel (0.00s)
    --- PASS: TestDeliverHonorsContext/ehlo/deadline (0.15s)
    --- PASS: TestDeliverHonorsContext/ehlo/cancel (0.00s)
    --- PASS: TestDeliverHonorsContext/tls/deadline (0.15s)
    --- PASS: TestDeliverHonorsContext/tls/cancel (0.00s)
=== RUN   TestVerifyHonorsContext
=== RUN   TestVerifyHonorsContext/greeting/deadline
=== RUN   TestVerifyHonorsContext/greeting/cancel
=== RUN   TestVerifyHonorsContext/ehlo/deadline
=== RUN   TestVerifyHonorsContext/ehlo/cancel
=== RUN   TestVerifyHonorsContext/tls/deadline
=== RUN   TestVerifyHonorsContext/tls/cancel
--- PASS: TestVerifyHonorsContext (0.46s)
    --- PASS: TestVerifyHonorsContext/greeting/deadline (0.15s)
    --- PASS: TestVerifyHonorsContext/greeting/cancel (0.00s)
    --- PASS: TestVerifyHonorsContext/ehlo/deadline (0.15s)
    --- PASS: TestVerifyHonorsContext/ehlo/cancel (0.00s)
    --- PASS: TestVerifyHonorsContext/tls/deadline (0.15s)
    --- PASS: TestVerifyHonorsContext/tls/cancel (0.00s)
=== CONT  TestDeliverWithoutAuthentication
=== CONT  TestDeliverAuthenticatesWhenConfigured
=== CONT  TestDeliverUsesTheSameRecipientInEnvelopeAndHeader
=== RUN   TestDeliverUsesTheSameRecipientInEnvelopeAndHeader/끝에_CRLF
=== PAUSE TestDeliverUsesTheSameRecipientInEnvelopeAndHeader/끝에_CRLF
=== RUN   TestDeliverUsesTheSameRecipientInEnvelopeAndHeader/끝에_LF
=== PAUSE TestDeliverUsesTheSameRecipientInEnvelopeAndHeader/끝에_LF
=== RUN   TestDeliverUsesTheSameRecipientInEnvelopeAndHeader/앞뒤_공백
=== PAUSE TestDeliverUsesTheSameRecipientInEnvelopeAndHeader/앞뒤_공백
=== RUN   TestDeliverUsesTheSameRecipientInEnvelopeAndHeader/군더더기_없음
=== PAUSE TestDeliverUsesTheSameRecipientInEnvelopeAndHeader/군더더기_없음
=== CONT  TestDeliverUsesTheSameRecipientInEnvelopeAndHeader/끝에_CRLF
=== CONT  TestVerifyGreetsWithoutSending
=== CONT  TestDeliverReportsRejection
=== CONT  TestDeliverEscapesLeadingDotsOnceOnTheWire
=== RUN   TestDeliverEscapesLeadingDotsOnceOnTheWire/점으로_시작하는_줄
=== PAUSE TestDeliverEscapesLeadingDotsOnceOnTheWire/점으로_시작하는_줄
=== CONT  TestDeliverExplainsMissingAuthSupport
=== RUN   TestDeliverEscapesLeadingDotsOnceOnTheWire/이미_점이_두_개인_줄
=== PAUSE TestDeliverEscapesLeadingDotsOnceOnTheWire/이미_점이_두_개인_줄
=== RUN   TestDeliverEscapesLeadingDotsOnceOnTheWire/첫_줄이_점_하나
=== PAUSE TestDeliverEscapesLeadingDotsOnceOnTheWire/첫_줄이_점_하나
=== RUN   TestDeliverEscapesLeadingDotsOnceOnTheWire/마지막_줄이_점_하나
=== PAUSE TestDeliverEscapesLeadingDotsOnceOnTheWire/마지막_줄이_점_하나
=== CONT  TestDeliverEscapesLeadingDotsOnceOnTheWire/점으로_시작하는_줄
=== CONT  TestDeliverRejectsRecipientWithEmbeddedNewline
=== RUN   TestDeliverRejectsRecipientWithEmbeddedNewline/LF_로_헤더_주입
=== PAUSE TestDeliverRejectsRecipientWithEmbeddedNewline/LF_로_헤더_주입
=== RUN   TestDeliverRejectsRecipientWithEmbeddedNewline/CR_로_헤더_주입
=== PAUSE TestDeliverRejectsRecipientWithEmbeddedNewline/CR_로_헤더_주입
=== RUN   TestDeliverRejectsRecipientWithEmbeddedNewline/CRLF_로_헤더_주입
=== PAUSE TestDeliverRejectsRecipientWithEmbeddedNewline/CRLF_로_헤더_주입
=== CONT  TestDeliverRejectsRecipientWithEmbeddedNewline/LF_로_헤더_주입
=== CONT  TestDeliverEscapesLeadingDotsOnceOnTheWire/이미_점이_두_개인_줄
=== CONT  TestDeliverRejectsRecipientWithEmbeddedNewline/CRLF_로_헤더_주입
=== CONT  TestDeliverEscapesLeadingDotsOnceOnTheWire/첫_줄이_점_하나
=== CONT  TestDeliverUsesTheSameRecipientInEnvelopeAndHeader/군더더기_없음
--- PASS: TestDeliverReportsRejection (0.00s)
--- PASS: TestDeliverExplainsMissingAuthSupport (0.00s)
=== CONT  TestDeliverUsesTheSameRecipientInEnvelopeAndHeader/앞뒤_공백
=== CONT  TestDeliverUsesTheSameRecipientInEnvelopeAndHeader/끝에_LF
=== CONT  TestDeliverRejectsRecipientWithEmbeddedNewline/CR_로_헤더_주입
=== CONT  TestDeliverEscapesLeadingDotsOnceOnTheWire/마지막_줄이_점_하나
--- PASS: TestVerifyGreetsWithoutSending (0.00s)
--- PASS: TestDeliverRejectsRecipientWithEmbeddedNewline (0.00s)
    --- PASS: TestDeliverRejectsRecipientWithEmbeddedNewline/LF_로_헤더_주입 (0.00s)
    --- PASS: TestDeliverRejectsRecipientWithEmbeddedNewline/CRLF_로_헤더_주입 (0.00s)
    --- PASS: TestDeliverRejectsRecipientWithEmbeddedNewline/CR_로_헤더_주입 (0.00s)
--- PASS: TestDeliverWithoutAuthentication (0.00s)
--- PASS: TestDeliverUsesTheSameRecipientInEnvelopeAndHeader (0.00s)
    --- PASS: TestDeliverUsesTheSameRecipientInEnvelopeAndHeader/끝에_CRLF (0.00s)
    --- PASS: TestDeliverUsesTheSameRecipientInEnvelopeAndHeader/끝에_LF (0.00s)
    --- PASS: TestDeliverUsesTheSameRecipientInEnvelopeAndHeader/앞뒤_공백 (0.00s)
    --- PASS: TestDeliverUsesTheSameRecipientInEnvelopeAndHeader/군더더기_없음 (0.00s)
--- PASS: TestDeliverAuthenticatesWhenConfigured (0.01s)
--- PASS: TestDeliverEscapesLeadingDotsOnceOnTheWire (0.00s)
    --- PASS: TestDeliverEscapesLeadingDotsOnceOnTheWire/이미_점이_두_개인_줄 (0.00s)
    --- PASS: TestDeliverEscapesLeadingDotsOnceOnTheWire/점으로_시작하는_줄 (0.00s)
    --- PASS: TestDeliverEscapesLeadingDotsOnceOnTheWire/첫_줄이_점_하나 (0.00s)
    --- PASS: TestDeliverEscapesLeadingDotsOnceOnTheWire/마지막_줄이_점_하나 (0.00s)
PASS
ok  	kanpic/internal/mail	0.933s
