?   	kanpic/cmd/api	[no test files]
ok  	kanpic/internal/ai	(cached)
ok  	kanpic/internal/analytics	(cached)
ok  	kanpic/internal/apikey	(cached)
ok  	kanpic/internal/auth	(cached)
ok  	kanpic/internal/automation	(cached)
?   	kanpic/internal/buildinfo	[no test files]
ok  	kanpic/internal/collaboration	(cached)
?   	kanpic/internal/database	[no test files]
ok  	kanpic/internal/delimited	(cached)
ok  	kanpic/internal/external	(cached)
ok  	kanpic/internal/formula	0.264s
ok  	kanpic/internal/handoff	(cached)
ok  	kanpic/internal/httpapi	0.142s
ok  	kanpic/internal/importexport	0.044s
ok  	kanpic/internal/mail	1.136s
?   	kanpic/internal/observability	[no test files]
ok  	kanpic/internal/presentation	(cached)
ok  	kanpic/internal/presentation/ptium	(cached)
ok  	kanpic/internal/settings	(cached)
ok  	kanpic/internal/workbook	0.094s
?   	kanpic/migrations	[no test files]
ok  	kanpic/pkg/cellrange	(cached)
?   	kanpic/pkg/identity	[no test files]
ok  	kanpic/internal/mail	3.285s
