npm warn deprecated whatwg-encoding@3.1.1: Use @exodus/bytes instead for a more spec-conformant and faster implementation

added 226 packages, and audited 227 packages in 14s

44 packages are looking for funding
  run `npm fund` for details

2 moderate severity vulnerabilities

To address all issues (including breaking changes), run:
  npm audit fix --force

Run `npm audit` for details.

> releasedock-web@0.5.17 test
> vitest run --run


 RUN  v3.2.7 /tmp/releasedock-web-build.jbXvwY

 ✓ src/auth/silentSso.test.ts (8 tests) 13ms
 ✓ src/utils/releasePackage.test.ts (17 tests) 13ms
 ✓ src/api/client.test.ts (14 tests) 28ms
 ✓ src/pages/simple/SimpleDeployPage.test.ts (9 tests) 11ms
 ✓ src/components/GuideBody.test.tsx (6 tests) 44ms
 ✓ src/pages/simple/SimpleRunDetailPage.test.ts (16 tests) 18ms
 ✓ src/pages/admin/AdminResourcePage.test.ts (6 tests) 10ms
 ✓ src/components/StatusChip.test.tsx (10 tests) 70ms
 ✓ src/app/App.test.tsx (2 tests) 342ms
 ✓ src/pages/releases/NewReleasePage.test.tsx (6 tests) 881ms
   ✓ quick release page > resolves a package and requests deployment with one primary action  350ms

 Test Files  10 passed (10)
      Tests  94 passed (94)
   Start at  16:36:34
   Duration  2.01s (transform 590ms, setup 782ms, collect 2.94s, tests 1.43s, environment 2.09s, prepare 575ms)


> releasedock-web@0.5.17 build
> tsc -b && vite build

vite v7.3.6 building client environment for production...
transforming...
✓ 1027 modules transformed.
rendering chunks...
computing gzip size...
dist/index.html                   0.86 kB │ gzip:   0.42 kB
dist/assets/index-B9UYCLBo.css    1.04 kB │ gzip:   0.56 kB
dist/assets/index-B1TXdND0.js   190.80 kB │ gzip:  55.20 kB
dist/assets/vendor-0eLRlkqg.js  617.30 kB │ gzip: 191.72 kB
✓ built in 2.29s
?   	github.com/hkjang/releasedock/backend/cmd/server	[no test files]
ok  	github.com/hkjang/releasedock/backend/internal/config	(cached)
ok  	github.com/hkjang/releasedock/backend/internal/localexec	(cached)
ok  	github.com/hkjang/releasedock/backend/internal/secure	(cached)
ok  	github.com/hkjang/releasedock/backend/internal/server	0.069s
ok  	github.com/hkjang/releasedock/backend/internal/store	0.003s
ok  	github.com/hkjang/releasedock/backend/internal/webassets	0.002s
?   	github.com/hkjang/releasedock/runner/cmd/executor	[no test files]
?   	github.com/hkjang/releasedock/runner/cmd/runner	[no test files]
ok  	github.com/hkjang/releasedock/runner/internal/archive	(cached)
?   	github.com/hkjang/releasedock/runner/internal/config	[no test files]
ok  	github.com/hkjang/releasedock/runner/internal/crypto	(cached)
ok  	github.com/hkjang/releasedock/runner/internal/executor	(cached)
ok  	github.com/hkjang/releasedock/runner/internal/health	(cached)
ok  	github.com/hkjang/releasedock/runner/internal/logstream	(cached)
ok  	github.com/hkjang/releasedock/runner/internal/manifest	(cached)
?   	github.com/hkjang/releasedock/runner/internal/model	[no test files]
ok  	github.com/hkjang/releasedock/runner/internal/pipeline	(cached)
ok  	github.com/hkjang/releasedock/runner/internal/runtime	(cached)
ok  	github.com/hkjang/releasedock/runner/internal/store	0.003s
Built ReleaseDock 0.5.17 in /home/hkjang/.cache/auto-improve-wt/releasedock-release/dist
Created /home/hkjang/.cache/auto-improve-wt/releasedock-release/release/releasedock-v0.5.17.tar.gz
