
 RUN  v4.1.11 /home/hkjang/.cache/auto-improve-wt/vibe-coders/web


 Test Files  83 passed (83)
      Tests  908 passed (908)
   Start at  18:21:16
   Duration  51.57s (transform 3.10s, setup 6.77s, import 16.74s, tests 41.98s, environment 29.45s)

TAP version 13
# Subtest: canonicalOpenApi sorts object keys and preserves array order
ok 1 - canonicalOpenApi sorts object keys and preserves array order
  ---
  duration_ms: 0.954175
  type: 'test'
  ...
# Subtest: validateOpenApi rejects documents without paths
ok 2 - validateOpenApi rejects documents without paths
  ---
  duration_ms: 0.264887
  type: 'test'
  ...
# Subtest: pathContract is deterministic and sorts OpenAPI paths
ok 3 - pathContract is deterministic and sorts OpenAPI paths
  ---
  duration_ms: 0.237899
  type: 'test'
  ...
# Subtest: compareDirectories reports added, removed, and changed files
ok 4 - compareDirectories reports added, removed, and changed files
  ---
  duration_ms: 11.48596
  type: 'test'
  ...
# Subtest: stripForwardedFlags drops only the quiet flags a package manager appends
ok 5 - stripForwardedFlags drops only the quiet flags a package manager appends
  ---
  duration_ms: 0.807703
  type: 'test'
  ...
# Subtest: resolveBin finds bins through the package manifest
ok 6 - resolveBin finds bins through the package manifest
  ---
  duration_ms: 2.095144
  type: 'test'
  ...
# Subtest: tsc and vite run with a forwarded --silent instead of rejecting it
ok 7 - tsc and vite run with a forwarded --silent instead of rejecting it
  ---
  duration_ms: 179.272719
  type: 'test'
  ...
# Subtest: the tool's own exit status and output are preserved
ok 8 - the tool's own exit status and output are preserved
  ---
  duration_ms: 63.180694
  type: 'test'
  ...
# Subtest: real tools reject unsupported flags and quiet flags before other arguments
ok 9 - real tools reject unsupported flags and quiet flags before other arguments
  ---
  duration_ms: 327.779266
  type: 'test'
  ...
# Subtest: package scripts preserve real type errors and stop the build before Vite
ok 10 - package scripts preserve real type errors and stop the build before Vite
  ---
  duration_ms: 38717.362482
  type: 'test'
  ...
# typecheck --silent: exit 2; TS2322 preserved
# build --silent: exit 2; TS2322 preserved
1..10
# tests 10
# suites 0
# pass 10
# fail 0
# cancelled 0
# skipped 0
# todo 0
# duration_ms 39326.855857
$ vitest run && node --test scripts/openapi-contract.test.mjs scripts/run-tool.test.mjs --silent
Not implemented: HTMLCanvasElement's getContext() method: without installing the canvas npm package
Not implemented: HTMLCanvasElement's getContext() method: without installing the canvas npm package
Not implemented: HTMLCanvasElement's getContext() method: without installing the canvas npm package
Not implemented: HTMLCanvasElement's getContext() method: without installing the canvas npm package
Not implemented: HTMLCanvasElement's getContext() method: without installing the canvas npm package
Not implemented: HTMLCanvasElement's getContext() method: without installing the canvas npm package
Not implemented: HTMLCanvasElement's getContext() method: without installing the canvas npm package
Not implemented: HTMLCanvasElement's getContext() method: without installing the canvas npm package
Not implemented: HTMLCanvasElement's getContext() method: without installing the canvas npm package
Not implemented: navigation to another Document
Not implemented: HTMLCanvasElement's getContext() method: without installing the canvas npm package
Not implemented: HTMLCanvasElement's getContext() method: without installing the canvas npm package
Not implemented: navigation to another Document
Not implemented: HTMLCanvasElement's getContext() method: without installing the canvas npm package
Not implemented: HTMLCanvasElement's getContext() method: without installing the canvas npm package
Not implemented: HTMLCanvasElement's getContext() method: without installing the canvas npm package
Not implemented: HTMLCanvasElement's getContext() method: without installing the canvas npm package
Not implemented: HTMLCanvasElement's getContext() method: without installing the canvas npm package
Not implemented: HTMLCanvasElement's getContext() method: without installing the canvas npm package
Not implemented: HTMLCanvasElement's getContext() method: without installing the canvas npm package
Not implemented: HTMLCanvasElement's getContext() method: without installing the canvas npm package
Not implemented: HTMLCanvasElement's getContext() method: without installing the canvas npm package
Not implemented: HTMLCanvasElement's getContext() method: without installing the canvas npm package
Not implemented: HTMLCanvasElement's getContext() method: without installing the canvas npm package
Not implemented: HTMLCanvasElement's getContext() method: without installing the canvas npm package
Not implemented: HTMLCanvasElement's getContext() method: without installing the canvas npm package
Not implemented: HTMLCanvasElement's getContext() method: without installing the canvas npm package
Not implemented: HTMLCanvasElement's getContext() method: without installing the canvas npm package
Not implemented: HTMLCanvasElement's getContext() method: without installing the canvas npm package
Not implemented: HTMLCanvasElement's getContext() method: without installing the canvas npm package
Not implemented: navigation to another Document
Not implemented: HTMLCanvasElement's getContext() method: without installing the canvas npm package
Not implemented: HTMLCanvasElement's getContext() method: without installing the canvas npm package
Not implemented: HTMLCanvasElement's getContext() method: without installing the canvas npm package
Not implemented: HTMLCanvasElement's getContext() method: without installing the canvas npm package
Not implemented: navigation to another Document
Not implemented: HTMLCanvasElement's getContext() method: without installing the canvas npm package
Not implemented: HTMLCanvasElement's getContext() method: without installing the canvas npm package
Not implemented: HTMLCanvasElement's getContext() method: without installing the canvas npm package
Not implemented: HTMLCanvasElement's getContext() method: without installing the canvas npm package
Not implemented: HTMLCanvasElement's getContext() method: without installing the canvas npm package
Not implemented: HTMLCanvasElement's getContext() method: without installing the canvas npm package
Not implemented: HTMLCanvasElement's getContext() method: without installing the canvas npm package
Not implemented: HTMLCanvasElement's getContext() method: without installing the canvas npm package
Not implemented: HTMLCanvasElement's getContext() method: without installing the canvas npm package
Not implemented: HTMLCanvasElement's getContext() method: without installing the canvas npm package
Not implemented: HTMLCanvasElement's getContext() method: without installing the canvas npm package
Not implemented: HTMLCanvasElement's getContext() method: without installing the canvas npm package
Not implemented: HTMLCanvasElement's getContext() method: without installing the canvas npm package
Not implemented: HTMLCanvasElement's getContext() method: without installing the canvas npm package
Not implemented: HTMLCanvasElement's getContext() method: without installing the canvas npm package
