running the suite against postgres:17-alpine
?   	github.com/hkjang/invenqor/server/cmd/invenqor-server	[no test files]
ok  	github.com/hkjang/invenqor/server/internal/agents	0.947s
ok  	github.com/hkjang/invenqor/server/internal/apikeys	10.262s
ok  	github.com/hkjang/invenqor/server/internal/apitime	0.003s
?   	github.com/hkjang/invenqor/server/internal/audit	[no test files]
ok  	github.com/hkjang/invenqor/server/internal/auth	24.078s
ok  	github.com/hkjang/invenqor/server/internal/bootstrap	0.028s
ok  	github.com/hkjang/invenqor/server/internal/classify	0.006s
ok  	github.com/hkjang/invenqor/server/internal/config	0.139s
ok  	github.com/hkjang/invenqor/server/internal/diagnostics	3.767s
ok  	github.com/hkjang/invenqor/server/internal/durablefs	0.019s
ok  	github.com/hkjang/invenqor/server/internal/httpapi	68.456s
ok  	github.com/hkjang/invenqor/server/internal/ingest	17.420s
ok  	github.com/hkjang/invenqor/server/internal/mail	10.458s
ok  	github.com/hkjang/invenqor/server/internal/querydsl	0.005s
ok  	github.com/hkjang/invenqor/server/internal/softwarecatalog	2.344s
ok  	github.com/hkjang/invenqor/server/internal/spool	0.081s
ok  	github.com/hkjang/invenqor/server/internal/storage	24.878s
?   	github.com/hkjang/invenqor/server/internal/storagetest	[no test files]
ok  	github.com/hkjang/invenqor/server/internal/tracking	0.004s
ok  	github.com/hkjang/invenqor/server/internal/updates	0.937s
?   	github.com/hkjang/invenqor/server/internal/version	[no test files]
ok  	github.com/hkjang/invenqor/server/internal/webui	0.006s
?   	github.com/hkjang/invenqor/server/migrations	[no test files]
