?   	github.com/hkjang/invenqor/server/cmd/invenqor-server	[no test files]
ok  	github.com/hkjang/invenqor/server/internal/agents	0.215s
ok  	github.com/hkjang/invenqor/server/internal/apikeys	1.215s
ok  	github.com/hkjang/invenqor/server/internal/apitime	0.003s
?   	github.com/hkjang/invenqor/server/internal/audit	[no test files]
ok  	github.com/hkjang/invenqor/server/internal/auth	5.451s
ok  	github.com/hkjang/invenqor/server/internal/bootstrap	0.032s
ok  	github.com/hkjang/invenqor/server/internal/classify	0.006s
ok  	github.com/hkjang/invenqor/server/internal/config	0.203s
ok  	github.com/hkjang/invenqor/server/internal/diagnostics	0.285s
ok  	github.com/hkjang/invenqor/server/internal/durablefs	0.024s
ok  	github.com/hkjang/invenqor/server/internal/httpapi	30.384s
ok  	github.com/hkjang/invenqor/server/internal/ingest	1.919s
ok  	github.com/hkjang/invenqor/server/internal/mail	2.571s
ok  	github.com/hkjang/invenqor/server/internal/querydsl	0.005s
ok  	github.com/hkjang/invenqor/server/internal/softwarecatalog	0.160s
ok  	github.com/hkjang/invenqor/server/internal/spool	0.113s
ok  	github.com/hkjang/invenqor/server/internal/storage	23.623s
?   	github.com/hkjang/invenqor/server/internal/storagetest	[no test files]
ok  	github.com/hkjang/invenqor/server/internal/tracking	0.004s
ok  	github.com/hkjang/invenqor/server/internal/updates	1.256s
?   	github.com/hkjang/invenqor/server/internal/version	[no test files]
ok  	github.com/hkjang/invenqor/server/internal/webui	0.038s
?   	github.com/hkjang/invenqor/server/migrations	[no test files]
