--- FAIL: TestRelationCreateRejectsInvalidInputWithoutWrites (2.90s)
    --- FAIL: TestRelationCreateRejectsInvalidInputWithoutWrites/console (1.54s)
        --- FAIL: TestRelationCreateRejectsInvalidInputWithoutWrites/console/source/brace_wrapped (0.09s)
            asset_relation_validation_test.go:112: relation response = 409 "RELATION_CONFLICT", want 400 INVALID_RELATION: {"error":{"code":"RELATION_CONFLICT","message":"The relation could not be created."},"request_id":"DESKTOP-C9ASR69/LPX5iFbkyI-000003"}
        --- FAIL: TestRelationCreateRejectsInvalidInputWithoutWrites/console/source/unhyphenated (0.09s)
            asset_relation_validation_test.go:112: relation response = 409 "RELATION_CONFLICT", want 400 INVALID_RELATION: {"error":{"code":"RELATION_CONFLICT","message":"The relation could not be created."},"request_id":"DESKTOP-C9ASR69/LPX5iFbkyI-000004"}
        --- FAIL: TestRelationCreateRejectsInvalidInputWithoutWrites/console/source/not_a_uuid_at_all (0.09s)
            asset_relation_validation_test.go:112: relation response = 409 "RELATION_CONFLICT", want 400 INVALID_RELATION: {"error":{"code":"RELATION_CONFLICT","message":"The relation could not be created."},"request_id":"DESKTOP-C9ASR69/LPX5iFbkyI-000005"}
        --- FAIL: TestRelationCreateRejectsInvalidInputWithoutWrites/console/source/urn_prefixed (0.09s)
            asset_relation_validation_test.go:112: relation response = 409 "RELATION_CONFLICT", want 400 INVALID_RELATION: {"error":{"code":"RELATION_CONFLICT","message":"The relation could not be created."},"request_id":"DESKTOP-C9ASR69/LPX5iFbkyI-000006"}
        --- FAIL: TestRelationCreateRejectsInvalidInputWithoutWrites/console/target/urn_prefixed (0.09s)
            asset_relation_validation_test.go:112: relation response = 409 "RELATION_CONFLICT", want 400 INVALID_RELATION: {"error":{"code":"RELATION_CONFLICT","message":"The relation could not be created."},"request_id":"DESKTOP-C9ASR69/LPX5iFbkyI-000007"}
        --- FAIL: TestRelationCreateRejectsInvalidInputWithoutWrites/console/target/brace_wrapped (0.08s)
            asset_relation_validation_test.go:112: relation response = 409 "RELATION_CONFLICT", want 400 INVALID_RELATION: {"error":{"code":"RELATION_CONFLICT","message":"The relation could not be created."},"request_id":"DESKTOP-C9ASR69/LPX5iFbkyI-000008"}
        --- FAIL: TestRelationCreateRejectsInvalidInputWithoutWrites/console/target/unhyphenated (0.09s)
            asset_relation_validation_test.go:112: relation response = 409 "RELATION_CONFLICT", want 400 INVALID_RELATION: {"error":{"code":"RELATION_CONFLICT","message":"The relation could not be created."},"request_id":"DESKTOP-C9ASR69/LPX5iFbkyI-000009"}
        --- FAIL: TestRelationCreateRejectsInvalidInputWithoutWrites/console/target/not_a_uuid_at_all (0.09s)
            asset_relation_validation_test.go:112: relation response = 409 "RELATION_CONFLICT", want 400 INVALID_RELATION: {"error":{"code":"RELATION_CONFLICT","message":"The relation could not be created."},"request_id":"DESKTOP-C9ASR69/LPX5iFbkyI-000010"}
    --- FAIL: TestRelationCreateRejectsInvalidInputWithoutWrites/external (1.36s)
        --- FAIL: TestRelationCreateRejectsInvalidInputWithoutWrites/external/source/not_a_uuid_at_all (0.08s)
            asset_relation_validation_test.go:112: relation response = 409 "RELATION_CONFLICT", want 400 INVALID_RELATION: {"error":{"code":"RELATION_CONFLICT","message":"The relation could not be created."},"request_id":"DESKTOP-C9ASR69/LPX5iFbkyI-000017"}
        --- FAIL: TestRelationCreateRejectsInvalidInputWithoutWrites/external/source/urn_prefixed (0.08s)
            asset_relation_validation_test.go:112: relation response = 409 "RELATION_CONFLICT", want 400 INVALID_RELATION: {"error":{"code":"RELATION_CONFLICT","message":"The relation could not be created."},"request_id":"DESKTOP-C9ASR69/LPX5iFbkyI-000018"}
        --- FAIL: TestRelationCreateRejectsInvalidInputWithoutWrites/external/source/brace_wrapped (0.07s)
            asset_relation_validation_test.go:112: relation response = 409 "RELATION_CONFLICT", want 400 INVALID_RELATION: {"error":{"code":"RELATION_CONFLICT","message":"The relation could not be created."},"request_id":"DESKTOP-C9ASR69/LPX5iFbkyI-000019"}
        --- FAIL: TestRelationCreateRejectsInvalidInputWithoutWrites/external/source/unhyphenated (0.07s)
            asset_relation_validation_test.go:112: relation response = 409 "RELATION_CONFLICT", want 400 INVALID_RELATION: {"error":{"code":"RELATION_CONFLICT","message":"The relation could not be created."},"request_id":"DESKTOP-C9ASR69/LPX5iFbkyI-000020"}
        --- FAIL: TestRelationCreateRejectsInvalidInputWithoutWrites/external/target/not_a_uuid_at_all (0.08s)
            asset_relation_validation_test.go:112: relation response = 409 "RELATION_CONFLICT", want 400 INVALID_RELATION: {"error":{"code":"RELATION_CONFLICT","message":"The relation could not be created."},"request_id":"DESKTOP-C9ASR69/LPX5iFbkyI-000021"}
        --- FAIL: TestRelationCreateRejectsInvalidInputWithoutWrites/external/target/urn_prefixed (0.09s)
            asset_relation_validation_test.go:112: relation response = 409 "RELATION_CONFLICT", want 400 INVALID_RELATION: {"error":{"code":"RELATION_CONFLICT","message":"The relation could not be created."},"request_id":"DESKTOP-C9ASR69/LPX5iFbkyI-000022"}
        --- FAIL: TestRelationCreateRejectsInvalidInputWithoutWrites/external/target/brace_wrapped (0.09s)
            asset_relation_validation_test.go:112: relation response = 409 "RELATION_CONFLICT", want 400 INVALID_RELATION: {"error":{"code":"RELATION_CONFLICT","message":"The relation could not be created."},"request_id":"DESKTOP-C9ASR69/LPX5iFbkyI-000023"}
        --- FAIL: TestRelationCreateRejectsInvalidInputWithoutWrites/external/target/unhyphenated (0.08s)
            asset_relation_validation_test.go:112: relation response = 409 "RELATION_CONFLICT", want 400 INVALID_RELATION: {"error":{"code":"RELATION_CONFLICT","message":"The relation could not be created."},"request_id":"DESKTOP-C9ASR69/LPX5iFbkyI-000024"}
--- FAIL: TestRelationDeleteValidatesIDBeforeWriting (2.44s)
    --- FAIL: TestRelationDeleteValidatesIDBeforeWriting/console (1.28s)
        --- FAIL: TestRelationDeleteValidatesIDBeforeWriting/console/upper_case (0.14s)
            asset_relation_validation_test.go:172: relation response = 404 "RELATION_NOT_FOUND", want 200 : {"error":{"code":"RELATION_NOT_FOUND","message":"The relation does not exist."},"request_id":"DESKTOP-C9ASR69/LPX5iFbkyI-000041"}
            asset_relation_validation_test.go:173: relation state = (bf9cda4b-f842-4c87-9ef9-986bfb4e99d8, 7a45ddf8-f747-4d4e-8a66-4d8dacd19367, ended=false), want (bf9cda4b-f842-4c87-9ef9-986bfb4e99d8, 7a45ddf8-f747-4d4e-8a66-4d8dacd19367, ended=true)
            asset_relation_validation_test.go:175: delete audits = 0, want unchanged 1
    --- FAIL: TestRelationDeleteValidatesIDBeforeWriting/external (1.16s)
        --- FAIL: TestRelationDeleteValidatesIDBeforeWriting/external/upper_case (0.11s)
            asset_relation_validation_test.go:172: relation response = 404 "RELATION_NOT_FOUND", want 200 : {"error":{"code":"RELATION_NOT_FOUND","message":"The relation does not exist."},"request_id":"DESKTOP-C9ASR69/LPX5iFbkyI-000056"}
            asset_relation_validation_test.go:173: relation state = (58a176fc-5d21-4077-8691-afcdf431b24d, e76118b4-4f8f-4f72-802b-78d2b3593a04, ended=false), want (58a176fc-5d21-4077-8691-afcdf431b24d, e76118b4-4f8f-4f72-802b-78d2b3593a04, ended=true)
            asset_relation_validation_test.go:175: delete audits = 0, want unchanged 1
--- FAIL: TestRelationUpperCaseIDsAreCanonicalInRowsAndAudit (1.02s)
    --- FAIL: TestRelationUpperCaseIDsAreCanonicalInRowsAndAudit/console (0.49s)
        asset_relation_validation_test.go:193: create relation = 409, want 201: {"error":{"code":"RELATION_CONFLICT","message":"The relation could not be created."},"request_id":"DESKTOP-C9ASR69/LPX5iFbkyI-000059"}
    --- FAIL: TestRelationUpperCaseIDsAreCanonicalInRowsAndAudit/external (0.53s)
        asset_relation_validation_test.go:193: create relation = 409, want 201: {"error":{"code":"RELATION_CONFLICT","message":"The relation could not be created."},"request_id":"DESKTOP-C9ASR69/LPX5iFbkyI-000063"}
FAIL
FAIL	github.com/hkjang/invenqor/server/internal/httpapi	7.404s
FAIL
