--- FAIL: TestRelationCreateRejectsInvalidInputWithoutWrites (1.17s)
    --- FAIL: TestRelationCreateRejectsInvalidInputWithoutWrites/console (0.66s)
        --- FAIL: TestRelationCreateRejectsInvalidInputWithoutWrites/console/source/not_a_uuid_at_all (0.03s)
            asset_relation_validation_test.go:112: relation response = 409 "RELATION_CONFLICT", want 400 INVALID_RELATION: {"error":{"code":"RELATION_CONFLICT","message":"The relation could not be created."},"request_id":"DESKTOP-C9ASR69/FNPrqyiyYF-000003"}
        --- FAIL: TestRelationCreateRejectsInvalidInputWithoutWrites/console/source/urn_prefixed (0.03s)
            asset_relation_validation_test.go:112: relation response = 409 "RELATION_CONFLICT", want 400 INVALID_RELATION: {"error":{"code":"RELATION_CONFLICT","message":"The relation could not be created."},"request_id":"DESKTOP-C9ASR69/FNPrqyiyYF-000004"}
        --- FAIL: TestRelationCreateRejectsInvalidInputWithoutWrites/console/source/brace_wrapped (0.03s)
            asset_relation_validation_test.go:112: relation response = 409 "RELATION_CONFLICT", want 400 INVALID_RELATION: {"error":{"code":"RELATION_CONFLICT","message":"The relation could not be created."},"request_id":"DESKTOP-C9ASR69/FNPrqyiyYF-000005"}
        --- FAIL: TestRelationCreateRejectsInvalidInputWithoutWrites/console/source/unhyphenated (0.03s)
            asset_relation_validation_test.go:112: relation response = 409 "RELATION_CONFLICT", want 400 INVALID_RELATION: {"error":{"code":"RELATION_CONFLICT","message":"The relation could not be created."},"request_id":"DESKTOP-C9ASR69/FNPrqyiyYF-000006"}
        --- FAIL: TestRelationCreateRejectsInvalidInputWithoutWrites/console/target/urn_prefixed (0.03s)
            asset_relation_validation_test.go:112: relation response = 409 "RELATION_CONFLICT", want 400 INVALID_RELATION: {"error":{"code":"RELATION_CONFLICT","message":"The relation could not be created."},"request_id":"DESKTOP-C9ASR69/FNPrqyiyYF-000007"}
        --- FAIL: TestRelationCreateRejectsInvalidInputWithoutWrites/console/target/brace_wrapped (0.03s)
            asset_relation_validation_test.go:112: relation response = 409 "RELATION_CONFLICT", want 400 INVALID_RELATION: {"error":{"code":"RELATION_CONFLICT","message":"The relation could not be created."},"request_id":"DESKTOP-C9ASR69/FNPrqyiyYF-000008"}
        --- FAIL: TestRelationCreateRejectsInvalidInputWithoutWrites/console/target/unhyphenated (0.03s)
            asset_relation_validation_test.go:112: relation response = 409 "RELATION_CONFLICT", want 400 INVALID_RELATION: {"error":{"code":"RELATION_CONFLICT","message":"The relation could not be created."},"request_id":"DESKTOP-C9ASR69/FNPrqyiyYF-000009"}
        --- FAIL: TestRelationCreateRejectsInvalidInputWithoutWrites/console/target/not_a_uuid_at_all (0.03s)
            asset_relation_validation_test.go:112: relation response = 409 "RELATION_CONFLICT", want 400 INVALID_RELATION: {"error":{"code":"RELATION_CONFLICT","message":"The relation could not be created."},"request_id":"DESKTOP-C9ASR69/FNPrqyiyYF-000010"}
    --- FAIL: TestRelationCreateRejectsInvalidInputWithoutWrites/external (0.51s)
        --- FAIL: TestRelationCreateRejectsInvalidInputWithoutWrites/external/source/not_a_uuid_at_all (0.03s)
            asset_relation_validation_test.go:112: relation response = 409 "RELATION_CONFLICT", want 400 INVALID_RELATION: {"error":{"code":"RELATION_CONFLICT","message":"The relation could not be created."},"request_id":"DESKTOP-C9ASR69/FNPrqyiyYF-000017"}
        --- FAIL: TestRelationCreateRejectsInvalidInputWithoutWrites/external/source/urn_prefixed (0.02s)
            asset_relation_validation_test.go:112: relation response = 409 "RELATION_CONFLICT", want 400 INVALID_RELATION: {"error":{"code":"RELATION_CONFLICT","message":"The relation could not be created."},"request_id":"DESKTOP-C9ASR69/FNPrqyiyYF-000018"}
        --- FAIL: TestRelationCreateRejectsInvalidInputWithoutWrites/external/source/brace_wrapped (0.02s)
            asset_relation_validation_test.go:112: relation response = 409 "RELATION_CONFLICT", want 400 INVALID_RELATION: {"error":{"code":"RELATION_CONFLICT","message":"The relation could not be created."},"request_id":"DESKTOP-C9ASR69/FNPrqyiyYF-000019"}
        --- FAIL: TestRelationCreateRejectsInvalidInputWithoutWrites/external/source/unhyphenated (0.02s)
            asset_relation_validation_test.go:112: relation response = 409 "RELATION_CONFLICT", want 400 INVALID_RELATION: {"error":{"code":"RELATION_CONFLICT","message":"The relation could not be created."},"request_id":"DESKTOP-C9ASR69/FNPrqyiyYF-000020"}
        --- FAIL: TestRelationCreateRejectsInvalidInputWithoutWrites/external/target/brace_wrapped (0.02s)
            asset_relation_validation_test.go:112: relation response = 409 "RELATION_CONFLICT", want 400 INVALID_RELATION: {"error":{"code":"RELATION_CONFLICT","message":"The relation could not be created."},"request_id":"DESKTOP-C9ASR69/FNPrqyiyYF-000021"}
        --- FAIL: TestRelationCreateRejectsInvalidInputWithoutWrites/external/target/unhyphenated (0.02s)
            asset_relation_validation_test.go:112: relation response = 409 "RELATION_CONFLICT", want 400 INVALID_RELATION: {"error":{"code":"RELATION_CONFLICT","message":"The relation could not be created."},"request_id":"DESKTOP-C9ASR69/FNPrqyiyYF-000022"}
        --- FAIL: TestRelationCreateRejectsInvalidInputWithoutWrites/external/target/not_a_uuid_at_all (0.02s)
            asset_relation_validation_test.go:112: relation response = 409 "RELATION_CONFLICT", want 400 INVALID_RELATION: {"error":{"code":"RELATION_CONFLICT","message":"The relation could not be created."},"request_id":"DESKTOP-C9ASR69/FNPrqyiyYF-000023"}
        --- FAIL: TestRelationCreateRejectsInvalidInputWithoutWrites/external/target/urn_prefixed (0.03s)
            asset_relation_validation_test.go:112: relation response = 409 "RELATION_CONFLICT", want 400 INVALID_RELATION: {"error":{"code":"RELATION_CONFLICT","message":"The relation could not be created."},"request_id":"DESKTOP-C9ASR69/FNPrqyiyYF-000024"}
--- FAIL: TestRelationDeleteValidatesIDBeforeWriting (1.16s)
    --- FAIL: TestRelationDeleteValidatesIDBeforeWriting/console (0.61s)
        --- FAIL: TestRelationDeleteValidatesIDBeforeWriting/console/upper_case (0.05s)
            asset_relation_validation_test.go:172: relation response = 404 "RELATION_NOT_FOUND", want 200 : {"error":{"code":"RELATION_NOT_FOUND","message":"The relation does not exist."},"request_id":"DESKTOP-C9ASR69/FNPrqyiyYF-000041"}
            asset_relation_validation_test.go:173: relation state = (c3fe5e65-5b16-4987-a46c-5e2627a66af6, 1a244f61-df20-497e-9a3a-70cff892eeff, ended=false), want (c3fe5e65-5b16-4987-a46c-5e2627a66af6, 1a244f61-df20-497e-9a3a-70cff892eeff, ended=true)
            asset_relation_validation_test.go:175: delete audits = 0, want unchanged 1
    --- FAIL: TestRelationDeleteValidatesIDBeforeWriting/external (0.55s)
        --- FAIL: TestRelationDeleteValidatesIDBeforeWriting/external/upper_case (0.04s)
            asset_relation_validation_test.go:172: relation response = 404 "RELATION_NOT_FOUND", want 200 : {"error":{"code":"RELATION_NOT_FOUND","message":"The relation does not exist."},"request_id":"DESKTOP-C9ASR69/FNPrqyiyYF-000056"}
            asset_relation_validation_test.go:173: relation state = (d4347984-8dc5-4b43-b1c6-b124bfb510d3, 4d998562-bd03-413a-b2e2-35a65852f003, ended=false), want (d4347984-8dc5-4b43-b1c6-b124bfb510d3, 4d998562-bd03-413a-b2e2-35a65852f003, ended=true)
            asset_relation_validation_test.go:175: delete audits = 0, want unchanged 1
--- FAIL: TestRelationUpperCaseIDsAreCanonicalInRowsAndAudit (0.52s)
    --- FAIL: TestRelationUpperCaseIDsAreCanonicalInRowsAndAudit/console (0.25s)
        asset_relation_validation_test.go:193: create relation = 409, want 201: {"error":{"code":"RELATION_CONFLICT","message":"The relation could not be created."},"request_id":"DESKTOP-C9ASR69/FNPrqyiyYF-000059"}
    --- FAIL: TestRelationUpperCaseIDsAreCanonicalInRowsAndAudit/external (0.27s)
        asset_relation_validation_test.go:193: create relation = 409, want 201: {"error":{"code":"RELATION_CONFLICT","message":"The relation could not be created."},"request_id":"DESKTOP-C9ASR69/FNPrqyiyYF-000063"}
FAIL
FAIL	github.com/hkjang/invenqor/server/internal/httpapi	3.458s
FAIL
