
> kcb-dashboard@0.1.0 test:e2e
> playwright test

[WebServer] (node:884942) Warning: The 'NO_COLOR' env is ignored due to the 'FORCE_COLOR' env being set.
[WebServer] (Use `node --trace-warnings ...` to show where the warning was created)
[WebServer] (node:884956) Warning: The 'NO_COLOR' env is ignored due to the 'FORCE_COLOR' env being set.
[WebServer] (Use `node --trace-warnings ...` to show where the warning was created)

Running 41 tests using 1 worker

(node:885051) Warning: The 'NO_COLOR' env is ignored due to the 'FORCE_COLOR' env being set.
(Use `node --trace-warnings ...` to show where the warning was created)
  ✘   1 e2e/activity-import.spec.ts:7:5 › 관리자 activity.json 업로드 검증·반영·상황판 동기화 (2ms)
(node:885108) Warning: The 'NO_COLOR' env is ignored due to the 'FORCE_COLOR' env being set.
(Use `node --trace-warnings ...` to show where the warning was created)
  ✘   2 e2e/admin-edit-stale.spec.ts:70:5 › 다른 관리자가 바꾼 뒤 편집을 열면 입력에 화면에 보이는 최신 값이 들어 있다 (209ms)
(node:885121) Warning: The 'NO_COLOR' env is ignored due to the 'FORCE_COLOR' env being set.
(Use `node --trace-warnings ...` to show where the warning was created)
  ✘   3 e2e/admin-edit-stale.spec.ts:80:5 › 다른 관리자가 바꾼 뒤 편집을 열고 그대로 저장해도 그 값이 되돌아가지 않는다 (112ms)
(node:885136) Warning: The 'NO_COLOR' env is ignored due to the 'FORCE_COLOR' env being set.
(Use `node --trace-warnings ...` to show where the warning was created)
  ✘   4 e2e/admin-empty-tree.spec.ts:51:5 › activities 가 비어 있어도 최상위 작업을 화면에서 추가할 수 있다 (100ms)
(node:885151) Warning: The 'NO_COLOR' env is ignored due to the 'FORCE_COLOR' env being set.
(Use `node --trace-warnings ...` to show where the warning was created)
  ✘   5 e2e/admin-empty-tree.spec.ts:71:5 › 최상위 추가 PUT 이 실패하면 실패 배너가 보이고 항목이 늘지 않는다 (112ms)
(node:885167) Warning: The 'NO_COLOR' env is ignored due to the 'FORCE_COLOR' env being set.
(Use `node --trace-warnings ...` to show where the warning was created)
  ✓   6 e2e/admin-missing-target.spec.ts:72:5 › 없는 targetId 의 delete PUT 은 404 이고 저장 내용이 그대로다 (131ms)
  ✓   7 e2e/admin-missing-target.spec.ts:76:5 › 없는 targetId 의 move PUT 은 404 이고 저장 내용이 그대로다 (126ms)
  ✓   8 e2e/admin-missing-target.spec.ts:81:5 › 없는 targetId 의 상태변경 PUT 은 404 이고 저장 내용이 그대로다 (92ms)
  ✓   9 e2e/admin-missing-target.spec.ts:85:5 › 없는 parentId 의 add PUT 은 404 이고 저장 내용이 그대로다 (85ms)
  ✓  10 e2e/admin-missing-target.spec.ts:92:5 › 기존 add 200 계약은 그대로다 — 최상위 추가와 존재하는 부모 아래 추가 (103ms)
  ✓  11 e2e/admin-missing-target.spec.ts:104:5 › 분기 자체가 성립하지 않는 요청은 404 가 아니라 400 UNSUPPORTED_ACTION 이다 (88ms)
  ✓  12 e2e/admin-missing-target.spec.ts:119:5 › 기존 200 계약은 그대로다 — dashboardTitle 단독과 targetId 를 함께 보내는 배열 PUT (97ms)
  ✓  13 e2e/admin-put-contract.spec.ts:68:5 › 인식할 수 있는 변경 지시도 dashboardTitle 도 없는 PUT 은 400 이고 저장 내용이 그대로다 (75ms)
  ✓  14 e2e/admin-put-contract.spec.ts:72:5 › 빈 객체 PUT 도 400 이고 저장 내용이 그대로다 (82ms)
  ✓  15 e2e/admin-put-contract.spec.ts:76:5 › action 은 알지만 인자가 계약에 맞지 않는 PUT 은 400 이다 (163ms)
  ✓  16 e2e/admin-put-contract.spec.ts:87:5 › dashboardTitle 단독 PUT 은 200 이고 제목만 바뀐다 (79ms)
  ✓  17 e2e/admin-put-contract.spec.ts:98:5 › 빈 배열 activities PUT 은 200 이고 트리를 비운다 (81ms)
  ✘  18 e2e/admin-save-failure.spec.ts:73:5 › 활동 상태 변경 PUT 이 실패하면 관리 화면에 실패 메시지가 보이고, 성공하면 사라진다 (67ms)
(node:885222) Warning: The 'NO_COLOR' env is ignored due to the 'FORCE_COLOR' env being set.
(Use `node --trace-warnings ...` to show where the warning was created)
  ✘  19 e2e/admin-save-failure.spec.ts:92:5 › 활동 변경이 401 이면 다시 로그인 화면으로 돌아간다 (100ms)
(node:885250) Warning: The 'NO_COLOR' env is ignored due to the 'FORCE_COLOR' env being set.
(Use `node --trace-warnings ...` to show where the warning was created)
  ✘  20 e2e/admin-save-failure.spec.ts:111:5 › 삭제 확인창은 한 번만 뜨고 실제로 지우는 항목의 제목을 보여 준다 (90ms)
(node:885265) Warning: The 'NO_COLOR' env is ignored due to the 'FORCE_COLOR' env being set.
(Use `node --trace-warnings ...` to show where the warning was created)
  ✘  21 e2e/admin-save-failure.spec.ts:132:5 › 인라인 편집 저장이 실패하면 입력이 닫히지 않고 입력한 값이 남는다 (95ms)
(node:885280) Warning: The 'NO_COLOR' env is ignored due to the 'FORCE_COLOR' env being set.
(Use `node --trace-warnings ...` to show where the warning was created)
  ✘  22 e2e/admin-save-failure.spec.ts:155:5 › 상황판 제목 저장이 실패하면 편집이 닫히지 않고 실패 메시지가 보인다 (95ms)
(node:885295) Warning: The 'NO_COLOR' env is ignored due to the 'FORCE_COLOR' env being set.
(Use `node --trace-warnings ...` to show where the warning was created)
  ✓  23 e2e/admin-session-cookie.spec.ts:16:5 › 관리자 세션 쿠키의 Secure 는 요청이 HTTPS 로 왔을 때만 붙는다 (158ms)
  ✘  24 e2e/admin-stale-overwrite.spec.ts:102:5 › 읽기가 죽어 있어도 혼자 하는 연속 저장은 409 가 되지 않는다 (73ms)
(node:885323) Warning: The 'NO_COLOR' env is ignored due to the 'FORCE_COLOR' env being set.
(Use `node --trace-warnings ...` to show where the warning was created)
  ✘  25 e2e/admin-stale-overwrite.spec.ts:121:5 › 오래된 스냅샷으로 상태를 바꾸면 409 가 뜨고 다른 관리자의 변경이 되돌아가지 않는다 (93ms)
(node:885354) Warning: The 'NO_COLOR' env is ignored due to the 'FORCE_COLOR' env being set.
(Use `node --trace-warnings ...` to show where the warning was created)
  ✓  26 e2e/admin-stale-overwrite.spec.ts:149:5 › expectedLastUpdated 가 저장된 값과 다른 전체 배열 PUT 은 409 STALE_SNAPSHOT 이고 아무것도 쓰지 않는다 (123ms)
  ✓  27 e2e/admin-stale-overwrite.spec.ts:165:5 › expectedLastUpdated 가 맞거나 아예 없는 전체 배열 PUT 은 그대로 200 이다 (118ms)
  ✘  28 e2e/dashboard-load-failure.spec.ts:72:5 › 첫 로드부터 GET 이 500 이면 표준 상황판은 빈 트리 대신 읽기 실패 화면을 보여 준다 (79ms)
(node:885395) Warning: The 'NO_COLOR' env is ignored due to the 'FORCE_COLOR' env being set.
(Use `node --trace-warnings ...` to show where the warning was created)
  ✘  29 e2e/dashboard-load-failure.spec.ts:85:5 › 표준 상황판은 성공 후 폴링이 500 으로 바뀌어도 직전 트리를 유지하고 경고만 띄운다 (96ms)
(node:885417) Warning: The 'NO_COLOR' env is ignored due to the 'FORCE_COLOR' env being set.
(Use `node --trace-warnings ...` to show where the warning was created)
  ✘  30 e2e/dashboard-load-failure.spec.ts:106:5 › 전광판도 첫 로드 실패에는 오류 화면을, 폴링 실패에는 경고 배너를 보여 준다 (90ms)
(node:885433) Warning: The 'NO_COLOR' env is ignored due to the 'FORCE_COLOR' env being set.
(Use `node --trace-warnings ...` to show where the warning was created)
  ✘  31 e2e/dashboard-load-failure.spec.ts:126:5 › 관리자 화면은 읽기 실패를 저장 실패 배너와 구분되는 admin-load-error 로 남긴다 (82ms)
(node:885457) Warning: The 'NO_COLOR' env is ignored due to the 'FORCE_COLOR' env being set.
(Use `node --trace-warnings ...` to show where the warning was created)
  ✓  32 e2e/mail.spec.ts:83:5 › 기본값은 꺼짐: 상태를 바꿔도 아무것도 나가지 않고 설정 파일도 생기지 않는다 (1.3s)
  ✘  33 e2e/mail.spec.ts:108:5 › 켜면 지연 알림이 릴레이로 나가고 기록에 남으며 비밀번호는 되읽히지 않는다 (0ms)
(node:885496) Warning: The 'NO_COLOR' env is ignored due to the 'FORCE_COLOR' env being set.
(Use `node --trace-warnings ...` to show where the warning was created)
  ✘  34 e2e/mail.spec.ts:181:5 › 릴레이가 죽어 있어도 요청은 정상으로 끝나고 실패가 기록되며, 스위치를 끄면 그 종류만 멎는다 (15.3s)
(node:886055) Warning: The 'NO_COLOR' env is ignored due to the 'FORCE_COLOR' env being set.
(Use `node --trace-warnings ...` to show where the warning was created)
  ✘  35 e2e/mobile-clock.spec.ts:5:5 › 모바일 상황판 헤더 시계가 초 단위로 실시간 갱신된다 (2ms)
(node:886079) Warning: The 'NO_COLOR' env is ignored due to the 'FORCE_COLOR' env being set.
(Use `node --trace-warnings ...` to show where the warning was created)
  ✘  36 e2e/tracking.spec.ts:76:5 › 기본값은 꺼짐: 스니펫이 없고 정책은 nonce 와 앱 오리진만 허용한다 (5ms)
(node:886091) Warning: The 'NO_COLOR' env is ignored due to the 'FORCE_COLOR' env being set.
(Use `node --trace-warnings ...` to show where the warning was created)
  ✘  37 e2e/tracking.spec.ts:103:5 › Momento 를 켜면 nonce 가 붙은 스니펫이 head 에 들어가고 같은 오리진 프록시로 수집이 들어온다 (0ms)
(node:886106) Warning: The 'NO_COLOR' env is ignored due to the 'FORCE_COLOR' env being set.
(Use `node --trace-warnings ...` to show where the warning was created)
  ✘  38 e2e/tracking.spec.ts:193:5 › 정책 위반 신고가 기록되고 관리 화면에서 허용 목록에 더할 수 있다 (2ms)
(node:886118) Warning: The 'NO_COLOR' env is ignored due to the 'FORCE_COLOR' env being set.
(Use `node --trace-warnings ...` to show where the warning was created)
  ✓  39 e2e/tree-ops.spec.ts:46:5 › 120자 ID 부모 아래 추가한 자식이 저장되고 기존 항목은 유지된다 (165ms)
  ✓  40 e2e/tree-ops.spec.ts:72:5 › 임의 id 트리에서 부모를 지우면 parentId 로 이어진 하위까지 함께 사라진다 (191ms)
  ✘  41 e2e/tree-ops.spec.ts:84:5 › 관리 화면에서 임의 id 부모의 상태를 바꾸면 parentId 로 이어진 하위에 내려간다 (120ms)


  1) e2e/activity-import.spec.ts:7:5 › 관리자 activity.json 업로드 검증·반영·상황판 동기화 ─────────────────────────

    Error: browserType.launch: Executable doesn't exist at /mnt/c/Users/USER/projects/aidev/state/runs/2026-10-08-122223-cutover-improve/home/.cache/ms-playwright/chromium_headless_shell-1234/chrome-headless-shell-linux64/chrome-headless-shell
    ╔════════════════════════════════════════════════════════════╗
    ║ Looks like Playwright was just installed or updated.       ║
    ║ Please run the following command to download new browsers: ║
    ║                                                            ║
    ║     npx playwright install                                 ║
    ║                                                            ║
    ║ <3 Playwright Team                                         ║
    ╚════════════════════════════════════════════════════════════╝

    Error Context: test-results/activity-import-관리자-activity-json-업로드-검증·반영·상황판-동기화/error-context.md

    attachment #2: trace (application/zip) ─────────────────────────────────────────────────────────
    test-results/activity-import-관리자-activity-json-업로드-검증·반영·상황판-동기화/trace.zip
    Usage:

        npx playwright show-trace test-results/activity-import-관리자-activity-json-업로드-검증·반영·상황판-동기화/trace.zip

    ────────────────────────────────────────────────────────────────────────────────────────────────

  2) e2e/admin-edit-stale.spec.ts:70:5 › 다른 관리자가 바꾼 뒤 편집을 열면 입력에 화면에 보이는 최신 값이 들어 있다 ───────────────

    Error: browserType.launch: Executable doesn't exist at /mnt/c/Users/USER/projects/aidev/state/runs/2026-10-08-122223-cutover-improve/home/.cache/ms-playwright/chromium_headless_shell-1234/chrome-headless-shell-linux64/chrome-headless-shell
    ╔════════════════════════════════════════════════════════════╗
    ║ Looks like Playwright was just installed or updated.       ║
    ║ Please run the following command to download new browsers: ║
    ║                                                            ║
    ║     npx playwright install                                 ║
    ║                                                            ║
    ║ <3 Playwright Team                                         ║
    ╚════════════════════════════════════════════════════════════╝

    Error Context: test-results/admin-edit-stale-다른-관리자가-바꾼-뒤-편집을-열면-입력에-화면에-보이는-최신-값이-들어-있다/error-context.md

    attachment #2: trace (application/zip) ─────────────────────────────────────────────────────────
    test-results/admin-edit-stale-다른-관리자가-바꾼-뒤-편집을-열면-입력에-화면에-보이는-최신-값이-들어-있다/trace.zip
    Usage:

        npx playwright show-trace test-results/admin-edit-stale-다른-관리자가-바꾼-뒤-편집을-열면-입력에-화면에-보이는-최신-값이-들어-있다/trace.zip

    ────────────────────────────────────────────────────────────────────────────────────────────────

  3) e2e/admin-edit-stale.spec.ts:80:5 › 다른 관리자가 바꾼 뒤 편집을 열고 그대로 저장해도 그 값이 되돌아가지 않는다 ───────────────

    Error: browserType.launch: Executable doesn't exist at /mnt/c/Users/USER/projects/aidev/state/runs/2026-10-08-122223-cutover-improve/home/.cache/ms-playwright/chromium_headless_shell-1234/chrome-headless-shell-linux64/chrome-headless-shell
    ╔════════════════════════════════════════════════════════════╗
    ║ Looks like Playwright was just installed or updated.       ║
    ║ Please run the following command to download new browsers: ║
    ║                                                            ║
    ║     npx playwright install                                 ║
    ║                                                            ║
    ║ <3 Playwright Team                                         ║
    ╚════════════════════════════════════════════════════════════╝

    Error Context: test-results/admin-edit-stale-다른-관리자가-바꾼-뒤-편집을-열고-그대로-저장해도-그-값이-되돌아가지-않는다/error-context.md

    attachment #2: trace (application/zip) ─────────────────────────────────────────────────────────
    test-results/admin-edit-stale-다른-관리자가-바꾼-뒤-편집을-열고-그대로-저장해도-그-값이-되돌아가지-않는다/trace.zip
    Usage:

        npx playwright show-trace test-results/admin-edit-stale-다른-관리자가-바꾼-뒤-편집을-열고-그대로-저장해도-그-값이-되돌아가지-않는다/trace.zip

    ────────────────────────────────────────────────────────────────────────────────────────────────

  4) e2e/admin-empty-tree.spec.ts:51:5 › activities 가 비어 있어도 최상위 작업을 화면에서 추가할 수 있다 ─────────────────

    Error: browserType.launch: Executable doesn't exist at /mnt/c/Users/USER/projects/aidev/state/runs/2026-10-08-122223-cutover-improve/home/.cache/ms-playwright/chromium_headless_shell-1234/chrome-headless-shell-linux64/chrome-headless-shell
    ╔════════════════════════════════════════════════════════════╗
    ║ Looks like Playwright was just installed or updated.       ║
    ║ Please run the following command to download new browsers: ║
    ║                                                            ║
    ║     npx playwright install                                 ║
    ║                                                            ║
    ║ <3 Playwright Team                                         ║
    ╚════════════════════════════════════════════════════════════╝

    Error Context: test-results/admin-empty-tree-activities-가-비어-있어도-최상위-작업을-화면에서-추가할-수-있다/error-context.md

    attachment #2: trace (application/zip) ─────────────────────────────────────────────────────────
    test-results/admin-empty-tree-activities-가-비어-있어도-최상위-작업을-화면에서-추가할-수-있다/trace.zip
    Usage:

        npx playwright show-trace test-results/admin-empty-tree-activities-가-비어-있어도-최상위-작업을-화면에서-추가할-수-있다/trace.zip

    ────────────────────────────────────────────────────────────────────────────────────────────────

  5) e2e/admin-empty-tree.spec.ts:71:5 › 최상위 추가 PUT 이 실패하면 실패 배너가 보이고 항목이 늘지 않는다 ───────────────────

    Error: browserType.launch: Executable doesn't exist at /mnt/c/Users/USER/projects/aidev/state/runs/2026-10-08-122223-cutover-improve/home/.cache/ms-playwright/chromium_headless_shell-1234/chrome-headless-shell-linux64/chrome-headless-shell
    ╔════════════════════════════════════════════════════════════╗
    ║ Looks like Playwright was just installed or updated.       ║
    ║ Please run the following command to download new browsers: ║
    ║                                                            ║
    ║     npx playwright install                                 ║
    ║                                                            ║
    ║ <3 Playwright Team                                         ║
    ╚════════════════════════════════════════════════════════════╝

    Error Context: test-results/admin-empty-tree-최상위-추가-PUT-이-실패하면-실패-배너가-보이고-항목이-늘지-않는다/error-context.md

    attachment #2: trace (application/zip) ─────────────────────────────────────────────────────────
    test-results/admin-empty-tree-최상위-추가-PUT-이-실패하면-실패-배너가-보이고-항목이-늘지-않는다/trace.zip
    Usage:

        npx playwright show-trace test-results/admin-empty-tree-최상위-추가-PUT-이-실패하면-실패-배너가-보이고-항목이-늘지-않는다/trace.zip

    ────────────────────────────────────────────────────────────────────────────────────────────────

  6) e2e/admin-save-failure.spec.ts:73:5 › 활동 상태 변경 PUT 이 실패하면 관리 화면에 실패 메시지가 보이고, 성공하면 사라진다 ───────

    Error: browserType.launch: Executable doesn't exist at /mnt/c/Users/USER/projects/aidev/state/runs/2026-10-08-122223-cutover-improve/home/.cache/ms-playwright/chromium_headless_shell-1234/chrome-headless-shell-linux64/chrome-headless-shell
    ╔════════════════════════════════════════════════════════════╗
    ║ Looks like Playwright was just installed or updated.       ║
    ║ Please run the following command to download new browsers: ║
    ║                                                            ║
    ║     npx playwright install                                 ║
    ║                                                            ║
    ║ <3 Playwright Team                                         ║
    ╚════════════════════════════════════════════════════════════╝

    Error Context: test-results/admin-save-failure-활동-상태-변-c79c8-리-화면에-실패-메시지가-보이고-성공하면-사라진다/error-context.md

    attachment #2: trace (application/zip) ─────────────────────────────────────────────────────────
    test-results/admin-save-failure-활동-상태-변-c79c8-리-화면에-실패-메시지가-보이고-성공하면-사라진다/trace.zip
    Usage:

        npx playwright show-trace test-results/admin-save-failure-활동-상태-변-c79c8-리-화면에-실패-메시지가-보이고-성공하면-사라진다/trace.zip

    ────────────────────────────────────────────────────────────────────────────────────────────────

  7) e2e/admin-save-failure.spec.ts:92:5 › 활동 변경이 401 이면 다시 로그인 화면으로 돌아간다 ──────────────────────────

    Error: browserType.launch: Executable doesn't exist at /mnt/c/Users/USER/projects/aidev/state/runs/2026-10-08-122223-cutover-improve/home/.cache/ms-playwright/chromium_headless_shell-1234/chrome-headless-shell-linux64/chrome-headless-shell
    ╔════════════════════════════════════════════════════════════╗
    ║ Looks like Playwright was just installed or updated.       ║
    ║ Please run the following command to download new browsers: ║
    ║                                                            ║
    ║     npx playwright install                                 ║
    ║                                                            ║
    ║ <3 Playwright Team                                         ║
    ╚════════════════════════════════════════════════════════════╝

    Error Context: test-results/admin-save-failure-활동-변경이-401-이면-다시-로그인-화면으로-돌아간다/error-context.md

    attachment #2: trace (application/zip) ─────────────────────────────────────────────────────────
    test-results/admin-save-failure-활동-변경이-401-이면-다시-로그인-화면으로-돌아간다/trace.zip
    Usage:

        npx playwright show-trace test-results/admin-save-failure-활동-변경이-401-이면-다시-로그인-화면으로-돌아간다/trace.zip

    ────────────────────────────────────────────────────────────────────────────────────────────────

  8) e2e/admin-save-failure.spec.ts:111:5 › 삭제 확인창은 한 번만 뜨고 실제로 지우는 항목의 제목을 보여 준다 ──────────────────

    Error: browserType.launch: Executable doesn't exist at /mnt/c/Users/USER/projects/aidev/state/runs/2026-10-08-122223-cutover-improve/home/.cache/ms-playwright/chromium_headless_shell-1234/chrome-headless-shell-linux64/chrome-headless-shell
    ╔════════════════════════════════════════════════════════════╗
    ║ Looks like Playwright was just installed or updated.       ║
    ║ Please run the following command to download new browsers: ║
    ║                                                            ║
    ║     npx playwright install                                 ║
    ║                                                            ║
    ║ <3 Playwright Team                                         ║
    ╚════════════════════════════════════════════════════════════╝

    Error Context: test-results/admin-save-failure-삭제-확인창은-한-번만-뜨고-실제로-지우는-항목의-제목을-보여-준다/error-context.md

    attachment #2: trace (application/zip) ─────────────────────────────────────────────────────────
    test-results/admin-save-failure-삭제-확인창은-한-번만-뜨고-실제로-지우는-항목의-제목을-보여-준다/trace.zip
    Usage:

        npx playwright show-trace test-results/admin-save-failure-삭제-확인창은-한-번만-뜨고-실제로-지우는-항목의-제목을-보여-준다/trace.zip

    ────────────────────────────────────────────────────────────────────────────────────────────────

  9) e2e/admin-save-failure.spec.ts:132:5 › 인라인 편집 저장이 실패하면 입력이 닫히지 않고 입력한 값이 남는다 ──────────────────

    Error: browserType.launch: Executable doesn't exist at /mnt/c/Users/USER/projects/aidev/state/runs/2026-10-08-122223-cutover-improve/home/.cache/ms-playwright/chromium_headless_shell-1234/chrome-headless-shell-linux64/chrome-headless-shell
    ╔════════════════════════════════════════════════════════════╗
    ║ Looks like Playwright was just installed or updated.       ║
    ║ Please run the following command to download new browsers: ║
    ║                                                            ║
    ║     npx playwright install                                 ║
    ║                                                            ║
    ║ <3 Playwright Team                                         ║
    ╚════════════════════════════════════════════════════════════╝

    Error Context: test-results/admin-save-failure-인라인-편집-저장이-실패하면-입력이-닫히지-않고-입력한-값이-남는다/error-context.md

    attachment #2: trace (application/zip) ─────────────────────────────────────────────────────────
    test-results/admin-save-failure-인라인-편집-저장이-실패하면-입력이-닫히지-않고-입력한-값이-남는다/trace.zip
    Usage:

        npx playwright show-trace test-results/admin-save-failure-인라인-편집-저장이-실패하면-입력이-닫히지-않고-입력한-값이-남는다/trace.zip

    ────────────────────────────────────────────────────────────────────────────────────────────────

  10) e2e/admin-save-failure.spec.ts:155:5 › 상황판 제목 저장이 실패하면 편집이 닫히지 않고 실패 메시지가 보인다 ────────────────

    Error: browserType.launch: Executable doesn't exist at /mnt/c/Users/USER/projects/aidev/state/runs/2026-10-08-122223-cutover-improve/home/.cache/ms-playwright/chromium_headless_shell-1234/chrome-headless-shell-linux64/chrome-headless-shell
    ╔════════════════════════════════════════════════════════════╗
    ║ Looks like Playwright was just installed or updated.       ║
    ║ Please run the following command to download new browsers: ║
    ║                                                            ║
    ║     npx playwright install                                 ║
    ║                                                            ║
    ║ <3 Playwright Team                                         ║
    ╚════════════════════════════════════════════════════════════╝

    Error Context: test-results/admin-save-failure-상황판-제목-저장이-실패하면-편집이-닫히지-않고-실패-메시지가-보인다/error-context.md

    attachment #2: trace (application/zip) ─────────────────────────────────────────────────────────
    test-results/admin-save-failure-상황판-제목-저장이-실패하면-편집이-닫히지-않고-실패-메시지가-보인다/trace.zip
    Usage:

        npx playwright show-trace test-results/admin-save-failure-상황판-제목-저장이-실패하면-편집이-닫히지-않고-실패-메시지가-보인다/trace.zip

    ────────────────────────────────────────────────────────────────────────────────────────────────

  11) e2e/admin-stale-overwrite.spec.ts:102:5 › 읽기가 죽어 있어도 혼자 하는 연속 저장은 409 가 되지 않는다 ───────────────

    Error: browserType.launch: Executable doesn't exist at /mnt/c/Users/USER/projects/aidev/state/runs/2026-10-08-122223-cutover-improve/home/.cache/ms-playwright/chromium_headless_shell-1234/chrome-headless-shell-linux64/chrome-headless-shell
    ╔════════════════════════════════════════════════════════════╗
    ║ Looks like Playwright was just installed or updated.       ║
    ║ Please run the following command to download new browsers: ║
    ║                                                            ║
    ║     npx playwright install                                 ║
    ║                                                            ║
    ║ <3 Playwright Team                                         ║
    ╚════════════════════════════════════════════════════════════╝

    Error Context: test-results/admin-stale-overwrite-읽기가-죽어-있어도-혼자-하는-연속-저장은-409-가-되지-않는다/error-context.md

    attachment #2: trace (application/zip) ─────────────────────────────────────────────────────────
    test-results/admin-stale-overwrite-읽기가-죽어-있어도-혼자-하는-연속-저장은-409-가-되지-않는다/trace.zip
    Usage:

        npx playwright show-trace test-results/admin-stale-overwrite-읽기가-죽어-있어도-혼자-하는-연속-저장은-409-가-되지-않는다/trace.zip

    ────────────────────────────────────────────────────────────────────────────────────────────────

  12) e2e/admin-stale-overwrite.spec.ts:121:5 › 오래된 스냅샷으로 상태를 바꾸면 409 가 뜨고 다른 관리자의 변경이 되돌아가지 않는다 ───

    Error: browserType.launch: Executable doesn't exist at /mnt/c/Users/USER/projects/aidev/state/runs/2026-10-08-122223-cutover-improve/home/.cache/ms-playwright/chromium_headless_shell-1234/chrome-headless-shell-linux64/chrome-headless-shell
    ╔════════════════════════════════════════════════════════════╗
    ║ Looks like Playwright was just installed or updated.       ║
    ║ Please run the following command to download new browsers: ║
    ║                                                            ║
    ║     npx playwright install                                 ║
    ║                                                            ║
    ║ <3 Playwright Team                                         ║
    ╚════════════════════════════════════════════════════════════╝

    Error Context: test-results/admin-stale-overwrite-오래된--ce6a1--가-뜨고-다른-관리자의-변경이-되돌아가지-않는다/error-context.md

    attachment #2: trace (application/zip) ─────────────────────────────────────────────────────────
    test-results/admin-stale-overwrite-오래된--ce6a1--가-뜨고-다른-관리자의-변경이-되돌아가지-않는다/trace.zip
    Usage:

        npx playwright show-trace test-results/admin-stale-overwrite-오래된--ce6a1--가-뜨고-다른-관리자의-변경이-되돌아가지-않는다/trace.zip

    ────────────────────────────────────────────────────────────────────────────────────────────────

  13) e2e/dashboard-load-failure.spec.ts:72:5 › 첫 로드부터 GET 이 500 이면 표준 상황판은 빈 트리 대신 읽기 실패 화면을 보여 준다 

    Error: browserType.launch: Executable doesn't exist at /mnt/c/Users/USER/projects/aidev/state/runs/2026-10-08-122223-cutover-improve/home/.cache/ms-playwright/chromium_headless_shell-1234/chrome-headless-shell-linux64/chrome-headless-shell
    ╔════════════════════════════════════════════════════════════╗
    ║ Looks like Playwright was just installed or updated.       ║
    ║ Please run the following command to download new browsers: ║
    ║                                                            ║
    ║     npx playwright install                                 ║
    ║                                                            ║
    ║ <3 Playwright Team                                         ║
    ╚════════════════════════════════════════════════════════════╝

    Error Context: test-results/dashboard-load-failure-첫-로-f63f2-황판은-빈-트리-대신-읽기-실패-화면을-보여-준다/error-context.md

    attachment #2: trace (application/zip) ─────────────────────────────────────────────────────────
    test-results/dashboard-load-failure-첫-로-f63f2-황판은-빈-트리-대신-읽기-실패-화면을-보여-준다/trace.zip
    Usage:

        npx playwright show-trace test-results/dashboard-load-failure-첫-로-f63f2-황판은-빈-트리-대신-읽기-실패-화면을-보여-준다/trace.zip

    ────────────────────────────────────────────────────────────────────────────────────────────────

  14) e2e/dashboard-load-failure.spec.ts:85:5 › 표준 상황판은 성공 후 폴링이 500 으로 바뀌어도 직전 트리를 유지하고 경고만 띄운다 ───

    Error: browserType.launch: Executable doesn't exist at /mnt/c/Users/USER/projects/aidev/state/runs/2026-10-08-122223-cutover-improve/home/.cache/ms-playwright/chromium_headless_shell-1234/chrome-headless-shell-linux64/chrome-headless-shell
    ╔════════════════════════════════════════════════════════════╗
    ║ Looks like Playwright was just installed or updated.       ║
    ║ Please run the following command to download new browsers: ║
    ║                                                            ║
    ║     npx playwright install                                 ║
    ║                                                            ║
    ║ <3 Playwright Team                                         ║
    ╚════════════════════════════════════════════════════════════╝

    Error Context: test-results/dashboard-load-failure-표준--054e0-으로-바뀌어도-직전-트리를-유지하고-경고만-띄운다/error-context.md

    attachment #2: trace (application/zip) ─────────────────────────────────────────────────────────
    test-results/dashboard-load-failure-표준--054e0-으로-바뀌어도-직전-트리를-유지하고-경고만-띄운다/trace.zip
    Usage:

        npx playwright show-trace test-results/dashboard-load-failure-표준--054e0-으로-바뀌어도-직전-트리를-유지하고-경고만-띄운다/trace.zip

    ────────────────────────────────────────────────────────────────────────────────────────────────

  15) e2e/dashboard-load-failure.spec.ts:106:5 › 전광판도 첫 로드 실패에는 오류 화면을, 폴링 실패에는 경고 배너를 보여 준다 ───────

    Error: browserType.launch: Executable doesn't exist at /mnt/c/Users/USER/projects/aidev/state/runs/2026-10-08-122223-cutover-improve/home/.cache/ms-playwright/chromium_headless_shell-1234/chrome-headless-shell-linux64/chrome-headless-shell
    ╔════════════════════════════════════════════════════════════╗
    ║ Looks like Playwright was just installed or updated.       ║
    ║ Please run the following command to download new browsers: ║
    ║                                                            ║
    ║     npx playwright install                                 ║
    ║                                                            ║
    ║ <3 Playwright Team                                         ║
    ╚════════════════════════════════════════════════════════════╝

    Error Context: test-results/dashboard-load-failure-전광판-8a303-오류-화면을-폴링-실패에는-경고-배너를-보여-준다/error-context.md

    attachment #2: trace (application/zip) ─────────────────────────────────────────────────────────
    test-results/dashboard-load-failure-전광판-8a303-오류-화면을-폴링-실패에는-경고-배너를-보여-준다/trace.zip
    Usage:

        npx playwright show-trace test-results/dashboard-load-failure-전광판-8a303-오류-화면을-폴링-실패에는-경고-배너를-보여-준다/trace.zip

    ────────────────────────────────────────────────────────────────────────────────────────────────

  16) e2e/dashboard-load-failure.spec.ts:126:5 › 관리자 화면은 읽기 실패를 저장 실패 배너와 구분되는 admin-load-error 로 남긴다 

    Error: browserType.launch: Executable doesn't exist at /mnt/c/Users/USER/projects/aidev/state/runs/2026-10-08-122223-cutover-improve/home/.cache/ms-playwright/chromium_headless_shell-1234/chrome-headless-shell-linux64/chrome-headless-shell
    ╔════════════════════════════════════════════════════════════╗
    ║ Looks like Playwright was just installed or updated.       ║
    ║ Please run the following command to download new browsers: ║
    ║                                                            ║
    ║     npx playwright install                                 ║
    ║                                                            ║
    ║ <3 Playwright Team                                         ║
    ╚════════════════════════════════════════════════════════════╝

    Error Context: test-results/dashboard-load-failure-관리자-a93d2-구분되는-admin-load-error-로-남긴다/error-context.md

    attachment #2: trace (application/zip) ─────────────────────────────────────────────────────────
    test-results/dashboard-load-failure-관리자-a93d2-구분되는-admin-load-error-로-남긴다/trace.zip
    Usage:

        npx playwright show-trace test-results/dashboard-load-failure-관리자-a93d2-구분되는-admin-load-error-로-남긴다/trace.zip

    ────────────────────────────────────────────────────────────────────────────────────────────────

  17) e2e/mail.spec.ts:108:5 › 켜면 지연 알림이 릴레이로 나가고 기록에 남으며 비밀번호는 되읽히지 않는다 ───────────────────────────

    Error: browserType.launch: Executable doesn't exist at /mnt/c/Users/USER/projects/aidev/state/runs/2026-10-08-122223-cutover-improve/home/.cache/ms-playwright/chromium_headless_shell-1234/chrome-headless-shell-linux64/chrome-headless-shell
    ╔════════════════════════════════════════════════════════════╗
    ║ Looks like Playwright was just installed or updated.       ║
    ║ Please run the following command to download new browsers: ║
    ║                                                            ║
    ║     npx playwright install                                 ║
    ║                                                            ║
    ║ <3 Playwright Team                                         ║
    ╚════════════════════════════════════════════════════════════╝

    Error Context: test-results/mail-켜면-지연-알림이-릴레이로-나가고-기록에-남으며-비밀번호는-되읽히지-않는다/error-context.md

    Error Context: test-results/mail-켜면-지연-알림이-릴레이로-나가고-기록에-남으며-비밀번호는-되읽히지-않는다/error-context.md

    attachment #3: trace (application/zip) ─────────────────────────────────────────────────────────
    test-results/mail-켜면-지연-알림이-릴레이로-나가고-기록에-남으며-비밀번호는-되읽히지-않는다/trace.zip
    Usage:

        npx playwright show-trace test-results/mail-켜면-지연-알림이-릴레이로-나가고-기록에-남으며-비밀번호는-되읽히지-않는다/trace.zip

    ────────────────────────────────────────────────────────────────────────────────────────────────

  18) e2e/mail.spec.ts:181:5 › 릴레이가 죽어 있어도 요청은 정상으로 끝나고 실패가 기록되며, 스위치를 끄면 그 종류만 멎는다 ────────────────

    TypeError: Cannot read properties of undefined (reading 'attempts')

      194 |   const failed = await waitForDeliveries(request, (items) => items.some((item) => item.status === 'failed' && item.recipient === 'pmo@corp.example'));
      195 |   const record = failed.items.find((item) => item.status === 'failed' && item.recipient === 'pmo@corp.example')!;
    > 196 |   expect(record.attempts).toBe(2);
          |                 ^
      197 |   expect(record.error_message).toContain('SMTP 연결 실패');
      198 |   expect(failed.summary.total).toBe(totalBefore + 1);
      199 |
        at /home/hkjang/.cache/auto-improve-wt/cutover-release/e2e/mail.spec.ts:196:17

    Error Context: test-results/mail-릴레이가-죽어-있어도-요청은-정상으로-끝나고-실패가-기록되며-스위치를-끄면-그-종류만-멎는다/error-context.md

    Error Context: test-results/mail-릴레이가-죽어-있어도-요청은-정상으로-끝나고-실패가-기록되며-스위치를-끄면-그-종류만-멎는다/error-context.md

    attachment #3: trace (application/zip) ─────────────────────────────────────────────────────────
    test-results/mail-릴레이가-죽어-있어도-요청은-정상으로-끝나고-실패가-기록되며-스위치를-끄면-그-종류만-멎는다/trace.zip
    Usage:

        npx playwright show-trace test-results/mail-릴레이가-죽어-있어도-요청은-정상으로-끝나고-실패가-기록되며-스위치를-끄면-그-종류만-멎는다/trace.zip

    ────────────────────────────────────────────────────────────────────────────────────────────────

  19) e2e/mobile-clock.spec.ts:5:5 › 모바일 상황판 헤더 시계가 초 단위로 실시간 갱신된다 ─────────────────────────────────

    Error: browserType.launch: Executable doesn't exist at /mnt/c/Users/USER/projects/aidev/state/runs/2026-10-08-122223-cutover-improve/home/.cache/ms-playwright/chromium_headless_shell-1234/chrome-headless-shell-linux64/chrome-headless-shell
    ╔════════════════════════════════════════════════════════════╗
    ║ Looks like Playwright was just installed or updated.       ║
    ║ Please run the following command to download new browsers: ║
    ║                                                            ║
    ║     npx playwright install                                 ║
    ║                                                            ║
    ║ <3 Playwright Team                                         ║
    ╚════════════════════════════════════════════════════════════╝

    Error Context: test-results/mobile-clock-모바일-상황판-헤더-시계가-초-단위로-실시간-갱신된다/error-context.md

    attachment #2: trace (application/zip) ─────────────────────────────────────────────────────────
    test-results/mobile-clock-모바일-상황판-헤더-시계가-초-단위로-실시간-갱신된다/trace.zip
    Usage:

        npx playwright show-trace test-results/mobile-clock-모바일-상황판-헤더-시계가-초-단위로-실시간-갱신된다/trace.zip

    ────────────────────────────────────────────────────────────────────────────────────────────────

  20) e2e/tracking.spec.ts:76:5 › 기본값은 꺼짐: 스니펫이 없고 정책은 nonce 와 앱 오리진만 허용한다 ─────────────────────────

    Error: browserType.launch: Executable doesn't exist at /mnt/c/Users/USER/projects/aidev/state/runs/2026-10-08-122223-cutover-improve/home/.cache/ms-playwright/chromium_headless_shell-1234/chrome-headless-shell-linux64/chrome-headless-shell
    ╔════════════════════════════════════════════════════════════╗
    ║ Looks like Playwright was just installed or updated.       ║
    ║ Please run the following command to download new browsers: ║
    ║                                                            ║
    ║     npx playwright install                                 ║
    ║                                                            ║
    ║ <3 Playwright Team                                         ║
    ╚════════════════════════════════════════════════════════════╝

    Error Context: test-results/tracking-기본값은-꺼짐-스니펫이-없고-정책은-nonce-와-앱-오리진만-허용한다/error-context.md

    Error Context: test-results/tracking-기본값은-꺼짐-스니펫이-없고-정책은-nonce-와-앱-오리진만-허용한다/error-context.md

    attachment #3: trace (application/zip) ─────────────────────────────────────────────────────────
    test-results/tracking-기본값은-꺼짐-스니펫이-없고-정책은-nonce-와-앱-오리진만-허용한다/trace.zip
    Usage:

        npx playwright show-trace test-results/tracking-기본값은-꺼짐-스니펫이-없고-정책은-nonce-와-앱-오리진만-허용한다/trace.zip

    ────────────────────────────────────────────────────────────────────────────────────────────────

  21) e2e/tracking.spec.ts:103:5 › Momento 를 켜면 nonce 가 붙은 스니펫이 head 에 들어가고 같은 오리진 프록시로 수집이 들어온다 ───

    Error: browserType.launch: Executable doesn't exist at /mnt/c/Users/USER/projects/aidev/state/runs/2026-10-08-122223-cutover-improve/home/.cache/ms-playwright/chromium_headless_shell-1234/chrome-headless-shell-linux64/chrome-headless-shell
    ╔════════════════════════════════════════════════════════════╗
    ║ Looks like Playwright was just installed or updated.       ║
    ║ Please run the following command to download new browsers: ║
    ║                                                            ║
    ║     npx playwright install                                 ║
    ║                                                            ║
    ║ <3 Playwright Team                                         ║
    ╚════════════════════════════════════════════════════════════╝

    Error Context: test-results/tracking-Momento-를-켜면-nonc-d1b37-에-들어가고-같은-오리진-프록시로-수집이-들어온다/error-context.md

    Error Context: test-results/tracking-Momento-를-켜면-nonc-d1b37-에-들어가고-같은-오리진-프록시로-수집이-들어온다/error-context.md

    attachment #3: trace (application/zip) ─────────────────────────────────────────────────────────
    test-results/tracking-Momento-를-켜면-nonc-d1b37-에-들어가고-같은-오리진-프록시로-수집이-들어온다/trace.zip
    Usage:

        npx playwright show-trace test-results/tracking-Momento-를-켜면-nonc-d1b37-에-들어가고-같은-오리진-프록시로-수집이-들어온다/trace.zip

    ────────────────────────────────────────────────────────────────────────────────────────────────

  22) e2e/tracking.spec.ts:193:5 › 정책 위반 신고가 기록되고 관리 화면에서 허용 목록에 더할 수 있다 ───────────────────────────

    Error: browserType.launch: Executable doesn't exist at /mnt/c/Users/USER/projects/aidev/state/runs/2026-10-08-122223-cutover-improve/home/.cache/ms-playwright/chromium_headless_shell-1234/chrome-headless-shell-linux64/chrome-headless-shell
    ╔════════════════════════════════════════════════════════════╗
    ║ Looks like Playwright was just installed or updated.       ║
    ║ Please run the following command to download new browsers: ║
    ║                                                            ║
    ║     npx playwright install                                 ║
    ║                                                            ║
    ║ <3 Playwright Team                                         ║
    ╚════════════════════════════════════════════════════════════╝

    Error Context: test-results/tracking-정책-위반-신고가-기록되고-관리-화면에서-허용-목록에-더할-수-있다/error-context.md

    Error Context: test-results/tracking-정책-위반-신고가-기록되고-관리-화면에서-허용-목록에-더할-수-있다/error-context.md

    attachment #3: trace (application/zip) ─────────────────────────────────────────────────────────
    test-results/tracking-정책-위반-신고가-기록되고-관리-화면에서-허용-목록에-더할-수-있다/trace.zip
    Usage:

        npx playwright show-trace test-results/tracking-정책-위반-신고가-기록되고-관리-화면에서-허용-목록에-더할-수-있다/trace.zip

    ────────────────────────────────────────────────────────────────────────────────────────────────

  23) e2e/tree-ops.spec.ts:84:5 › 관리 화면에서 임의 id 부모의 상태를 바꾸면 parentId 로 이어진 하위에 내려간다 ────────────────

    Error: browserType.launch: Executable doesn't exist at /mnt/c/Users/USER/projects/aidev/state/runs/2026-10-08-122223-cutover-improve/home/.cache/ms-playwright/chromium_headless_shell-1234/chrome-headless-shell-linux64/chrome-headless-shell
    ╔════════════════════════════════════════════════════════════╗
    ║ Looks like Playwright was just installed or updated.       ║
    ║ Please run the following command to download new browsers: ║
    ║                                                            ║
    ║     npx playwright install                                 ║
    ║                                                            ║
    ║ <3 Playwright Team                                         ║
    ╚════════════════════════════════════════════════════════════╝

    Error Context: test-results/tree-ops-관리-화면에서-임의-id-부모의-상태를-바꾸면-parentId-로-이어진-하위에-내려간다/error-context.md

    attachment #2: trace (application/zip) ─────────────────────────────────────────────────────────
    test-results/tree-ops-관리-화면에서-임의-id-부모의-상태를-바꾸면-parentId-로-이어진-하위에-내려간다/trace.zip
    Usage:

        npx playwright show-trace test-results/tree-ops-관리-화면에서-임의-id-부모의-상태를-바꾸면-parentId-로-이어진-하위에-내려간다/trace.zip

    ────────────────────────────────────────────────────────────────────────────────────────────────

  23 failed
    e2e/activity-import.spec.ts:7:5 › 관리자 activity.json 업로드 검증·반영·상황판 동기화 ──────────────────────────
    e2e/admin-edit-stale.spec.ts:70:5 › 다른 관리자가 바꾼 뒤 편집을 열면 입력에 화면에 보이는 최신 값이 들어 있다 ────────────────
    e2e/admin-edit-stale.spec.ts:80:5 › 다른 관리자가 바꾼 뒤 편집을 열고 그대로 저장해도 그 값이 되돌아가지 않는다 ────────────────
    e2e/admin-empty-tree.spec.ts:51:5 › activities 가 비어 있어도 최상위 작업을 화면에서 추가할 수 있다 ──────────────────
    e2e/admin-empty-tree.spec.ts:71:5 › 최상위 추가 PUT 이 실패하면 실패 배너가 보이고 항목이 늘지 않는다 ────────────────────
    e2e/admin-save-failure.spec.ts:73:5 › 활동 상태 변경 PUT 이 실패하면 관리 화면에 실패 메시지가 보이고, 성공하면 사라진다 ────────
    e2e/admin-save-failure.spec.ts:92:5 › 활동 변경이 401 이면 다시 로그인 화면으로 돌아간다 ───────────────────────────
    e2e/admin-save-failure.spec.ts:111:5 › 삭제 확인창은 한 번만 뜨고 실제로 지우는 항목의 제목을 보여 준다 ───────────────────
    e2e/admin-save-failure.spec.ts:132:5 › 인라인 편집 저장이 실패하면 입력이 닫히지 않고 입력한 값이 남는다 ───────────────────
    e2e/admin-save-failure.spec.ts:155:5 › 상황판 제목 저장이 실패하면 편집이 닫히지 않고 실패 메시지가 보인다 ──────────────────
    e2e/admin-stale-overwrite.spec.ts:102:5 › 읽기가 죽어 있어도 혼자 하는 연속 저장은 409 가 되지 않는다 ─────────────────
    e2e/admin-stale-overwrite.spec.ts:121:5 › 오래된 스냅샷으로 상태를 바꾸면 409 가 뜨고 다른 관리자의 변경이 되돌아가지 않는다 ─────
    e2e/dashboard-load-failure.spec.ts:72:5 › 첫 로드부터 GET 이 500 이면 표준 상황판은 빈 트리 대신 읽기 실패 화면을 보여 준다 ──
    e2e/dashboard-load-failure.spec.ts:85:5 › 표준 상황판은 성공 후 폴링이 500 으로 바뀌어도 직전 트리를 유지하고 경고만 띄운다 ─────
    e2e/dashboard-load-failure.spec.ts:106:5 › 전광판도 첫 로드 실패에는 오류 화면을, 폴링 실패에는 경고 배너를 보여 준다 ─────────
    e2e/dashboard-load-failure.spec.ts:126:5 › 관리자 화면은 읽기 실패를 저장 실패 배너와 구분되는 admin-load-error 로 남긴다 
    e2e/mail.spec.ts:108:5 › 켜면 지연 알림이 릴레이로 나가고 기록에 남으며 비밀번호는 되읽히지 않는다 ─────────────────────────────
    e2e/mail.spec.ts:181:5 › 릴레이가 죽어 있어도 요청은 정상으로 끝나고 실패가 기록되며, 스위치를 끄면 그 종류만 멎는다 ──────────────────
    e2e/mobile-clock.spec.ts:5:5 › 모바일 상황판 헤더 시계가 초 단위로 실시간 갱신된다 ───────────────────────────────────
    e2e/tracking.spec.ts:76:5 › 기본값은 꺼짐: 스니펫이 없고 정책은 nonce 와 앱 오리진만 허용한다 ───────────────────────────
    e2e/tracking.spec.ts:103:5 › Momento 를 켜면 nonce 가 붙은 스니펫이 head 에 들어가고 같은 오리진 프록시로 수집이 들어온다 ─────
    e2e/tracking.spec.ts:193:5 › 정책 위반 신고가 기록되고 관리 화면에서 허용 목록에 더할 수 있다 ─────────────────────────────
    e2e/tree-ops.spec.ts:84:5 › 관리 화면에서 임의 id 부모의 상태를 바꾸면 parentId 로 이어진 하위에 내려간다 ──────────────────
  18 passed (31.2s)
