#0 building with "default" instance using docker driver

#1 [internal] load build definition from Dockerfile
#1 transferring dockerfile: 1.17kB done
#1 DONE 0.0s

#2 [internal] load metadata for docker.io/library/node:22-alpine
#2 DONE 1.2s

#3 [internal] load .dockerignore
#3 transferring context:
#3 transferring context: 136B done
#3 DONE 0.2s

#4 [deps 1/4] FROM docker.io/library/node:22-alpine@sha256:0a7108bf6c7bf5de370ffb1a3ed6be93d405b43ff159f681a8d18c0e2bc2e402
#4 resolve docker.io/library/node:22-alpine@sha256:0a7108bf6c7bf5de370ffb1a3ed6be93d405b43ff159f681a8d18c0e2bc2e402 0.0s done
#4 DONE 0.0s

#5 [internal] load build context
#5 transferring context: 3.96MB 0.0s done
#5 DONE 0.1s

#6 [deps 2/4] WORKDIR /app
#6 CACHED

#7 [deps 3/4] COPY package.json package-lock.json* ./
#7 DONE 0.0s

#8 [deps 4/4] RUN npm ci --legacy-peer-deps
#8 22.12 
#8 22.12 added 401 packages, and audited 402 packages in 22s
#8 22.12 
#8 22.12 146 packages are looking for funding
#8 22.12   run `npm fund` for details
#8 22.18 
#8 22.18 10 vulnerabilities (9 high, 1 critical)
#8 22.18 
#8 22.18 To address issues that do not require attention, run:
#8 22.18   npm audit fix
#8 22.18 
#8 22.18 To address all issues (including breaking changes), run:
#8 22.18   npm audit fix --force
#8 22.18 
#8 22.18 Run `npm audit` for details.
#8 22.18 npm notice
#8 22.18 npm notice New major version of npm available! 10.9.9 -> 12.2.0
#8 22.18 npm notice Changelog: https://github.com/npm/cli/releases/tag/v12.2.0
#8 22.18 npm notice To update run: npm install -g npm@12.2.0
#8 22.18 npm notice
#8 DONE 22.9s

#9 [builder 3/5] COPY --from=deps /app/node_modules ./node_modules
#9 DONE 7.0s

#10 [builder 4/5] COPY . .
#10 DONE 0.3s

#11 [builder 5/5] RUN npm run build
#11 0.744 
#11 0.744 > kcb-dashboard@0.1.0 build
#11 0.744 > next build
#11 0.744 
#11 1.503 ▲ Next.js 16.3.3 (Turbopack)
#11 1.547 ✓ Running next.config.ts took 44ms
#11 1.562 - Experiments (use with caution):
#11 1.562   · serverActions
#11 1.562 
#11 1.588   Creating an optimized production build ...
#11 4.503 ✓ Compiled successfully in 2.6s
#11 4.506   Running TypeScript ...
#11 8.282   Finished TypeScript in 3.8s ...
#11 8.285   Collecting page data using 19 workers ...
#11 9.272   Generating static pages using 19 workers (0/17) ...
#11 9.612   Generating static pages using 19 workers (4/17) 
#11 9.693   Generating static pages using 19 workers (8/17) 
#11 9.707   Generating static pages using 19 workers (12/17) 
#11 9.740 ✓ Generating static pages using 19 workers (17/17) in 468ms
#11 9.745   Finalizing page optimization ...
#11 10.06 
#11 10.06 Route (app)
#11 10.06 ┌ ƒ /
#11 10.06 ├ ƒ /_not-found
#11 10.06 ├ ƒ /admin
#11 10.06 ├ ƒ /api/activities
#11 10.06 ├ ƒ /api/activities/import
#11 10.06 ├ ƒ /api/activities/reset-visitor
#11 10.06 ├ ƒ /api/auth/login
#11 10.06 ├ ƒ /api/auth/session
#11 10.06 ├ ƒ /api/csp-report
#11 10.06 ├ ƒ /api/mail
#11 10.06 ├ ƒ /api/mail/deliveries
#11 10.06 ├ ƒ /api/mail/test
#11 10.06 ├ ƒ /api/tracking
#11 10.06 ├ ƒ /api/tracking/violations
#11 10.06 ├ ƒ /momento/[...path]
#11 10.06 └ ƒ /pc
#11 10.06 
#11 10.06 
#11 10.06 ƒ Proxy (Middleware)
#11 10.06 
#11 10.06 ƒ  (Dynamic)  server-rendered on demand
#11 10.06 
#11 10.11 npm notice
#11 10.11 npm notice New major version of npm available! 10.9.9 -> 12.2.0
#11 10.11 npm notice Changelog: https://github.com/npm/cli/releases/tag/v12.2.0
#11 10.11 npm notice To update run: npm install -g npm@12.2.0
#11 10.11 npm notice
#11 DONE 10.2s

#12 [runner 3/8] RUN addgroup --system --gid 1001 nodejs
#12 CACHED

#13 [runner 4/8] RUN adduser --system --uid 1001 nextjs
#13 CACHED

#14 [runner 5/8] COPY --from=builder /app/public ./public
#14 CACHED

#15 [runner 6/8] COPY --from=builder --chown=nextjs:nodejs /app/.next/standalone ./
#15 DONE -1.1s

#16 [runner 7/8] COPY --from=builder --chown=nextjs:nodejs /app/.next/static ./.next/static
#16 DONE 0.1s

#17 [runner 8/8] RUN mkdir -p /app/data /app/uploads && chown -R nextjs:nodejs /app/data /app/uploads
#17 DONE 0.2s

#18 exporting to image
#18 exporting layers
#18 exporting layers 1.4s done
#18 exporting manifest sha256:45d33a1d707c8d1e285403531ff2a30c59675852f067629506090322c5c83396 0.0s done
#18 exporting config sha256:c3f4eb012c55e10281f03ed8dce01d51900998571aed32bf1aff85eca14f40d9 0.0s done
#18 exporting attestation manifest sha256:4308f4ee8c0582b3da1745fbef5e2dd4b81ed096d2111bda3096f99aa8207fad 0.0s done
#18 exporting manifest list sha256:64742caaf9582cd5771eabbca6cdec1f311228943e8b5e06d7140cb3fc1d8b42 0.0s done
#18 naming to docker.io/library/cutover:v1.18.0 done
#18 unpacking to docker.io/library/cutover:v1.18.0
#18 unpacking to docker.io/library/cutover:v1.18.0 0.7s done
#18 DONE 2.2s
