--- FAIL: TestGapConfigValidation (0.00s)
    --- FAIL: TestGapConfigValidation/gap_reclaim (0.00s)
        --- FAIL: TestGapConfigValidation/gap_reclaim/QUANTOSS_GAP_MIN/0 (0.00s)
            config_test.go:190: Validate: QUANTOSS_GAP_MIN=0 오류 누락: <nil>
            config_test.go:194: FromEnv: QUANTOSS_GAP_MIN=0 오류 누락: <nil>
        --- FAIL: TestGapConfigValidation/gap_reclaim/QUANTOSS_GAP_MIN/-0.01 (0.00s)
            config_test.go:190: Validate: QUANTOSS_GAP_MIN=-0.01 오류 누락: <nil>
            config_test.go:194: FromEnv: QUANTOSS_GAP_MIN=-0.01 오류 누락: <nil>
        --- FAIL: TestGapConfigValidation/gap_reclaim/QUANTOSS_GAP_MIN/0.08 (0.00s)
            config_test.go:190: Validate: QUANTOSS_GAP_MIN=0.08 오류 누락: <nil>
            config_test.go:194: FromEnv: QUANTOSS_GAP_MIN=0.08 오류 누락: <nil>
        --- FAIL: TestGapConfigValidation/gap_reclaim/QUANTOSS_GAP_MIN/0.09 (0.00s)
            config_test.go:190: Validate: QUANTOSS_GAP_MIN=0.09 오류 누락: <nil>
            config_test.go:194: FromEnv: QUANTOSS_GAP_MIN=0.09 오류 누락: <nil>
        --- FAIL: TestGapConfigValidation/gap_reclaim/QUANTOSS_GAP_MIN/NaN (0.00s)
            config_test.go:190: Validate: QUANTOSS_GAP_MIN=NaN 오류 누락: <nil>
            config_test.go:194: FromEnv: QUANTOSS_GAP_MIN=NaN 오류 누락: <nil>
        --- FAIL: TestGapConfigValidation/gap_reclaim/QUANTOSS_GAP_MIN/+Inf (0.00s)
            config_test.go:190: Validate: QUANTOSS_GAP_MIN=+Inf 오류 누락: <nil>
            config_test.go:194: FromEnv: QUANTOSS_GAP_MIN=+Inf 오류 누락: <nil>
        --- FAIL: TestGapConfigValidation/gap_reclaim/QUANTOSS_GAP_MIN/-Inf (0.00s)
            config_test.go:190: Validate: QUANTOSS_GAP_MIN=-Inf 오류 누락: <nil>
            config_test.go:194: FromEnv: QUANTOSS_GAP_MIN=-Inf 오류 누락: <nil>
        --- FAIL: TestGapConfigValidation/gap_reclaim/QUANTOSS_GAP_MAX/0 (0.00s)
            config_test.go:190: Validate: QUANTOSS_GAP_MAX=0 오류 누락: <nil>
            config_test.go:194: FromEnv: QUANTOSS_GAP_MAX=0 오류 누락: <nil>
        --- FAIL: TestGapConfigValidation/gap_reclaim/QUANTOSS_GAP_MAX/-0.01 (0.00s)
            config_test.go:190: Validate: QUANTOSS_GAP_MAX=-0.01 오류 누락: <nil>
            config_test.go:194: FromEnv: QUANTOSS_GAP_MAX=-0.01 오류 누락: <nil>
        --- FAIL: TestGapConfigValidation/gap_reclaim/QUANTOSS_GAP_MAX/0.015 (0.00s)
            config_test.go:190: Validate: QUANTOSS_GAP_MAX=0.015 오류 누락: <nil>
            config_test.go:194: FromEnv: QUANTOSS_GAP_MAX=0.015 오류 누락: <nil>
        --- FAIL: TestGapConfigValidation/gap_reclaim/QUANTOSS_GAP_MAX/0.01 (0.00s)
            config_test.go:190: Validate: QUANTOSS_GAP_MAX=0.01 오류 누락: <nil>
            config_test.go:194: FromEnv: QUANTOSS_GAP_MAX=0.01 오류 누락: <nil>
        --- FAIL: TestGapConfigValidation/gap_reclaim/QUANTOSS_GAP_MAX/NaN (0.00s)
            config_test.go:190: Validate: QUANTOSS_GAP_MAX=NaN 오류 누락: <nil>
            config_test.go:194: FromEnv: QUANTOSS_GAP_MAX=NaN 오류 누락: <nil>
        --- FAIL: TestGapConfigValidation/gap_reclaim/QUANTOSS_GAP_MAX/+Inf (0.00s)
            config_test.go:190: Validate: QUANTOSS_GAP_MAX=+Inf 오류 누락: <nil>
            config_test.go:194: FromEnv: QUANTOSS_GAP_MAX=+Inf 오류 누락: <nil>
        --- FAIL: TestGapConfigValidation/gap_reclaim/QUANTOSS_GAP_MAX/-Inf (0.00s)
            config_test.go:190: Validate: QUANTOSS_GAP_MAX=-Inf 오류 누락: <nil>
            config_test.go:194: FromEnv: QUANTOSS_GAP_MAX=-Inf 오류 누락: <nil>
        --- FAIL: TestGapConfigValidation/gap_reclaim/QUANTOSS_GAP_PULL_MIN/-0.01 (0.00s)
            config_test.go:190: Validate: QUANTOSS_GAP_PULL_MIN=-0.01 오류 누락: <nil>
            config_test.go:194: FromEnv: QUANTOSS_GAP_PULL_MIN=-0.01 오류 누락: <nil>
        --- FAIL: TestGapConfigValidation/gap_reclaim/QUANTOSS_GAP_PULL_MIN/NaN (0.00s)
            config_test.go:190: Validate: QUANTOSS_GAP_PULL_MIN=NaN 오류 누락: <nil>
            config_test.go:194: FromEnv: QUANTOSS_GAP_PULL_MIN=NaN 오류 누락: <nil>
        --- FAIL: TestGapConfigValidation/gap_reclaim/QUANTOSS_GAP_PULL_MIN/+Inf (0.00s)
            config_test.go:190: Validate: QUANTOSS_GAP_PULL_MIN=+Inf 오류 누락: <nil>
            config_test.go:194: FromEnv: QUANTOSS_GAP_PULL_MIN=+Inf 오류 누락: <nil>
        --- FAIL: TestGapConfigValidation/gap_reclaim/QUANTOSS_GAP_PULL_MIN/-Inf (0.00s)
            config_test.go:190: Validate: QUANTOSS_GAP_PULL_MIN=-Inf 오류 누락: <nil>
            config_test.go:194: FromEnv: QUANTOSS_GAP_PULL_MIN=-Inf 오류 누락: <nil>
        --- FAIL: TestGapConfigValidation/gap_reclaim/QUANTOSS_GAP_VOL_MULT/0 (0.00s)
            config_test.go:190: Validate: QUANTOSS_GAP_VOL_MULT=0 오류 누락: <nil>
            config_test.go:194: FromEnv: QUANTOSS_GAP_VOL_MULT=0 오류 누락: <nil>
        --- FAIL: TestGapConfigValidation/gap_reclaim/QUANTOSS_GAP_VOL_MULT/-1 (0.00s)
            config_test.go:190: Validate: QUANTOSS_GAP_VOL_MULT=-1 오류 누락: <nil>
            config_test.go:194: FromEnv: QUANTOSS_GAP_VOL_MULT=-1 오류 누락: <nil>
        --- FAIL: TestGapConfigValidation/gap_reclaim/QUANTOSS_GAP_VOL_MULT/NaN (0.00s)
            config_test.go:190: Validate: QUANTOSS_GAP_VOL_MULT=NaN 오류 누락: <nil>
            config_test.go:194: FromEnv: QUANTOSS_GAP_VOL_MULT=NaN 오류 누락: <nil>
        --- FAIL: TestGapConfigValidation/gap_reclaim/QUANTOSS_GAP_VOL_MULT/+Inf (0.00s)
            config_test.go:190: Validate: QUANTOSS_GAP_VOL_MULT=+Inf 오류 누락: <nil>
            config_test.go:194: FromEnv: QUANTOSS_GAP_VOL_MULT=+Inf 오류 누락: <nil>
        --- FAIL: TestGapConfigValidation/gap_reclaim/QUANTOSS_GAP_VOL_MULT/-Inf (0.00s)
            config_test.go:190: Validate: QUANTOSS_GAP_VOL_MULT=-Inf 오류 누락: <nil>
            config_test.go:194: FromEnv: QUANTOSS_GAP_VOL_MULT=-Inf 오류 누락: <nil>
    --- FAIL: TestGapConfigValidation/combo (0.00s)
        --- FAIL: TestGapConfigValidation/combo/QUANTOSS_GAP_MIN/0 (0.00s)
            config_test.go:190: Validate: QUANTOSS_GAP_MIN=0 오류 누락: <nil>
            config_test.go:194: FromEnv: QUANTOSS_GAP_MIN=0 오류 누락: <nil>
        --- FAIL: TestGapConfigValidation/combo/QUANTOSS_GAP_MIN/-0.01 (0.00s)
            config_test.go:190: Validate: QUANTOSS_GAP_MIN=-0.01 오류 누락: <nil>
            config_test.go:194: FromEnv: QUANTOSS_GAP_MIN=-0.01 오류 누락: <nil>
        --- FAIL: TestGapConfigValidation/combo/QUANTOSS_GAP_MIN/0.08 (0.00s)
            config_test.go:190: Validate: QUANTOSS_GAP_MIN=0.08 오류 누락: <nil>
            config_test.go:194: FromEnv: QUANTOSS_GAP_MIN=0.08 오류 누락: <nil>
        --- FAIL: TestGapConfigValidation/combo/QUANTOSS_GAP_MIN/0.09 (0.00s)
            config_test.go:190: Validate: QUANTOSS_GAP_MIN=0.09 오류 누락: <nil>
            config_test.go:194: FromEnv: QUANTOSS_GAP_MIN=0.09 오류 누락: <nil>
        --- FAIL: TestGapConfigValidation/combo/QUANTOSS_GAP_MIN/NaN (0.00s)
            config_test.go:190: Validate: QUANTOSS_GAP_MIN=NaN 오류 누락: <nil>
            config_test.go:194: FromEnv: QUANTOSS_GAP_MIN=NaN 오류 누락: <nil>
        --- FAIL: TestGapConfigValidation/combo/QUANTOSS_GAP_MIN/+Inf (0.00s)
            config_test.go:190: Validate: QUANTOSS_GAP_MIN=+Inf 오류 누락: <nil>
            config_test.go:194: FromEnv: QUANTOSS_GAP_MIN=+Inf 오류 누락: <nil>
        --- FAIL: TestGapConfigValidation/combo/QUANTOSS_GAP_MIN/-Inf (0.00s)
            config_test.go:190: Validate: QUANTOSS_GAP_MIN=-Inf 오류 누락: <nil>
            config_test.go:194: FromEnv: QUANTOSS_GAP_MIN=-Inf 오류 누락: <nil>
        --- FAIL: TestGapConfigValidation/combo/QUANTOSS_GAP_MAX/0 (0.00s)
            config_test.go:190: Validate: QUANTOSS_GAP_MAX=0 오류 누락: <nil>
            config_test.go:194: FromEnv: QUANTOSS_GAP_MAX=0 오류 누락: <nil>
        --- FAIL: TestGapConfigValidation/combo/QUANTOSS_GAP_MAX/-0.01 (0.00s)
            config_test.go:190: Validate: QUANTOSS_GAP_MAX=-0.01 오류 누락: <nil>
            config_test.go:194: FromEnv: QUANTOSS_GAP_MAX=-0.01 오류 누락: <nil>
        --- FAIL: TestGapConfigValidation/combo/QUANTOSS_GAP_MAX/0.015 (0.00s)
            config_test.go:190: Validate: QUANTOSS_GAP_MAX=0.015 오류 누락: <nil>
            config_test.go:194: FromEnv: QUANTOSS_GAP_MAX=0.015 오류 누락: <nil>
        --- FAIL: TestGapConfigValidation/combo/QUANTOSS_GAP_MAX/0.01 (0.00s)
            config_test.go:190: Validate: QUANTOSS_GAP_MAX=0.01 오류 누락: <nil>
            config_test.go:194: FromEnv: QUANTOSS_GAP_MAX=0.01 오류 누락: <nil>
        --- FAIL: TestGapConfigValidation/combo/QUANTOSS_GAP_MAX/NaN (0.00s)
            config_test.go:190: Validate: QUANTOSS_GAP_MAX=NaN 오류 누락: <nil>
            config_test.go:194: FromEnv: QUANTOSS_GAP_MAX=NaN 오류 누락: <nil>
        --- FAIL: TestGapConfigValidation/combo/QUANTOSS_GAP_MAX/+Inf (0.00s)
            config_test.go:190: Validate: QUANTOSS_GAP_MAX=+Inf 오류 누락: <nil>
            config_test.go:194: FromEnv: QUANTOSS_GAP_MAX=+Inf 오류 누락: <nil>
        --- FAIL: TestGapConfigValidation/combo/QUANTOSS_GAP_MAX/-Inf (0.00s)
            config_test.go:190: Validate: QUANTOSS_GAP_MAX=-Inf 오류 누락: <nil>
            config_test.go:194: FromEnv: QUANTOSS_GAP_MAX=-Inf 오류 누락: <nil>
        --- FAIL: TestGapConfigValidation/combo/QUANTOSS_GAP_PULL_MIN/-0.01 (0.00s)
            config_test.go:190: Validate: QUANTOSS_GAP_PULL_MIN=-0.01 오류 누락: <nil>
            config_test.go:194: FromEnv: QUANTOSS_GAP_PULL_MIN=-0.01 오류 누락: <nil>
        --- FAIL: TestGapConfigValidation/combo/QUANTOSS_GAP_PULL_MIN/NaN (0.00s)
            config_test.go:190: Validate: QUANTOSS_GAP_PULL_MIN=NaN 오류 누락: <nil>
            config_test.go:194: FromEnv: QUANTOSS_GAP_PULL_MIN=NaN 오류 누락: <nil>
        --- FAIL: TestGapConfigValidation/combo/QUANTOSS_GAP_PULL_MIN/+Inf (0.00s)
            config_test.go:190: Validate: QUANTOSS_GAP_PULL_MIN=+Inf 오류 누락: <nil>
            config_test.go:194: FromEnv: QUANTOSS_GAP_PULL_MIN=+Inf 오류 누락: <nil>
        --- FAIL: TestGapConfigValidation/combo/QUANTOSS_GAP_PULL_MIN/-Inf (0.00s)
            config_test.go:190: Validate: QUANTOSS_GAP_PULL_MIN=-Inf 오류 누락: <nil>
            config_test.go:194: FromEnv: QUANTOSS_GAP_PULL_MIN=-Inf 오류 누락: <nil>
        --- FAIL: TestGapConfigValidation/combo/QUANTOSS_GAP_VOL_MULT/0 (0.00s)
            config_test.go:190: Validate: QUANTOSS_GAP_VOL_MULT=0 오류 누락: <nil>
            config_test.go:194: FromEnv: QUANTOSS_GAP_VOL_MULT=0 오류 누락: <nil>
        --- FAIL: TestGapConfigValidation/combo/QUANTOSS_GAP_VOL_MULT/-1 (0.00s)
            config_test.go:190: Validate: QUANTOSS_GAP_VOL_MULT=-1 오류 누락: <nil>
            config_test.go:194: FromEnv: QUANTOSS_GAP_VOL_MULT=-1 오류 누락: <nil>
        --- FAIL: TestGapConfigValidation/combo/QUANTOSS_GAP_VOL_MULT/NaN (0.00s)
            config_test.go:190: Validate: QUANTOSS_GAP_VOL_MULT=NaN 오류 누락: <nil>
            config_test.go:194: FromEnv: QUANTOSS_GAP_VOL_MULT=NaN 오류 누락: <nil>
        --- FAIL: TestGapConfigValidation/combo/QUANTOSS_GAP_VOL_MULT/+Inf (0.00s)
            config_test.go:190: Validate: QUANTOSS_GAP_VOL_MULT=+Inf 오류 누락: <nil>
            config_test.go:194: FromEnv: QUANTOSS_GAP_VOL_MULT=+Inf 오류 누락: <nil>
        --- FAIL: TestGapConfigValidation/combo/QUANTOSS_GAP_VOL_MULT/-Inf (0.00s)
            config_test.go:190: Validate: QUANTOSS_GAP_VOL_MULT=-Inf 오류 누락: <nil>
            config_test.go:194: FromEnv: QUANTOSS_GAP_VOL_MULT=-Inf 오류 누락: <nil>
    --- FAIL: TestGapConfigValidation/독립_오류_누적 (0.00s)
        config_test.go:232: 갭 설정 오류가 거부되지 않음
FAIL
FAIL	github.com/hkjang/Quantoss/internal/config	0.009s
FAIL
