?   	github.com/hkjang/dartfly/cmd/dartfly	[no test files]
ok  	github.com/hkjang/dartfly/internal/access	(cached)
ok  	github.com/hkjang/dartfly/internal/admin	(cached)
ok  	github.com/hkjang/dartfly/internal/ai	(cached)
ok  	github.com/hkjang/dartfly/internal/alarm	(cached)
ok  	github.com/hkjang/dartfly/internal/analysis	(cached)
ok  	github.com/hkjang/dartfly/internal/apihub	(cached)
ok  	github.com/hkjang/dartfly/internal/app	(cached)
ok  	github.com/hkjang/dartfly/internal/audit	(cached)
ok  	github.com/hkjang/dartfly/internal/auth	(cached)
ok  	github.com/hkjang/dartfly/internal/catalog	(cached)
ok  	github.com/hkjang/dartfly/internal/controltable	(cached)
ok  	github.com/hkjang/dartfly/internal/dashboard	(cached)
ok  	github.com/hkjang/dartfly/internal/dataview	(cached)
ok  	github.com/hkjang/dartfly/internal/dbconn	(cached)
ok  	github.com/hkjang/dartfly/internal/execlog	(cached)
ok  	github.com/hkjang/dartfly/internal/governance	(cached)
?   	github.com/hkjang/dartfly/internal/history	[no test files]
ok  	github.com/hkjang/dartfly/internal/masking	(cached)
ok  	github.com/hkjang/dartfly/internal/mcphub	(cached)
ok  	github.com/hkjang/dartfly/internal/monitoring	(cached)
ok  	github.com/hkjang/dartfly/internal/query	(cached)
ok  	github.com/hkjang/dartfly/internal/rbac	(cached)
ok  	github.com/hkjang/dartfly/internal/resource	(cached)
ok  	github.com/hkjang/dartfly/internal/resultsave	(cached)
ok  	github.com/hkjang/dartfly/internal/retention	(cached)
ok  	github.com/hkjang/dartfly/internal/schedule	(cached)
ok  	github.com/hkjang/dartfly/internal/secret	(cached)
ok  	github.com/hkjang/dartfly/internal/server	(cached)
ok  	github.com/hkjang/dartfly/internal/settlement	(cached)
ok  	github.com/hkjang/dartfly/internal/sqlbind	(cached)
ok  	github.com/hkjang/dartfly/internal/sqltemplate	(cached)
ok  	github.com/hkjang/dartfly/internal/sqltext	(cached)
ok  	github.com/hkjang/dartfly/internal/sso	(cached)
ok  	github.com/hkjang/dartfly/internal/ssoconfig	(cached)
ok  	github.com/hkjang/dartfly/internal/store/mariadb	(cached)
ok  	github.com/hkjang/dartfly/internal/sysconfig	(cached)
ok  	github.com/hkjang/dartfly/internal/tags	(cached)
ok  	github.com/hkjang/dartfly/internal/webui	1.091s
ok  	github.com/hkjang/dartfly/internal/winback	(cached)
