== 빌드 ==
== 메타 DB 기동 ==
== 서버 기동 ==
== 정적 자산 ==
== HTML 직접 접근 차단 ==
== 로그인 ==
  반복 실패 차단됨(429)
== 페이지 라우트 ==
== 로그인한 채로 /login ==
== 감사 사슬 ==
  기록 실패가 /metrics·/readyz 에 드러남
== 사용 시간대 정책의 적용 범위 ==
  질의·탐색기 모두 차단됨(403)
== 자기 신청 자기 승인 차단 ==
  본인 승인 거부됨(400)
== 계정 차단의 즉시 반영 ==
  차단 즉시 반영됨(200 -> 401)
== 데이터 뷰어의 암호문 노출 ==
  암호문 노출 없음
== 큰 정수가 화면까지 그대로 ==
  BIGINT 가 화면에서도 정확함
== 값이 큰 결과의 상한 ==
  응답 33607903바이트로 끊기고 이유가 화면·내려받기에 남음
== 저장할 수 없는 크기의 안내 ==
  세 번 모두 같은 안내, 주소 노출·빈 항목 없음
== 메타 DB 가 죽었을 때 ==
  readyz 503 -> 복구 후 200, 주소 노출 없음
== 외부로 나가는 내용의 마스킹 ==
  전역 패턴이 AI 경로에도 적용됨
  세션 목록의 질의문에도 적용됨
== 브라우저 점검 ==
