?   	github.com/hkjang/dartfly/cmd/dartfly	[no test files]
ok  	github.com/hkjang/dartfly/internal/access	(cached)
ok  	github.com/hkjang/dartfly/internal/admin	(cached)
ok  	github.com/hkjang/dartfly/internal/ai	(cached)
ok  	github.com/hkjang/dartfly/internal/alarm	(cached)
ok  	github.com/hkjang/dartfly/internal/analysis	(cached)
ok  	github.com/hkjang/dartfly/internal/apihub	7.740s
ok  	github.com/hkjang/dartfly/internal/app	1.412s
ok  	github.com/hkjang/dartfly/internal/audit	(cached)
ok  	github.com/hkjang/dartfly/internal/auth	(cached)
ok  	github.com/hkjang/dartfly/internal/catalog	1.018s
ok  	github.com/hkjang/dartfly/internal/controltable	(cached)
ok  	github.com/hkjang/dartfly/internal/dashboard	(cached)
ok  	github.com/hkjang/dartfly/internal/dataview	(cached)
ok  	github.com/hkjang/dartfly/internal/dbconn	(cached)
ok  	github.com/hkjang/dartfly/internal/execlog	(cached)
ok  	github.com/hkjang/dartfly/internal/governance	(cached)
?   	github.com/hkjang/dartfly/internal/history	[no test files]
ok  	github.com/hkjang/dartfly/internal/masking	(cached)
ok  	github.com/hkjang/dartfly/internal/mcphub	(cached)
ok  	github.com/hkjang/dartfly/internal/monitoring	(cached)
ok  	github.com/hkjang/dartfly/internal/query	7.857s
ok  	github.com/hkjang/dartfly/internal/rbac	(cached)
ok  	github.com/hkjang/dartfly/internal/resource	(cached)
ok  	github.com/hkjang/dartfly/internal/resultsave	(cached)
ok  	github.com/hkjang/dartfly/internal/retention	(cached)
ok  	github.com/hkjang/dartfly/internal/schedule	(cached)
ok  	github.com/hkjang/dartfly/internal/secret	1.528s
ok  	github.com/hkjang/dartfly/internal/server	2.023s
ok  	github.com/hkjang/dartfly/internal/settlement	(cached)
ok  	github.com/hkjang/dartfly/internal/sqlbind	(cached)
ok  	github.com/hkjang/dartfly/internal/sqltemplate	(cached)
ok  	github.com/hkjang/dartfly/internal/sqltext	(cached)
ok  	github.com/hkjang/dartfly/internal/sso	(cached)
ok  	github.com/hkjang/dartfly/internal/ssoconfig	(cached)
ok  	github.com/hkjang/dartfly/internal/store/mariadb	1.726s
ok  	github.com/hkjang/dartfly/internal/sysconfig	(cached)
ok  	github.com/hkjang/dartfly/internal/tags	(cached)
ok  	github.com/hkjang/dartfly/internal/webui	1.136s
ok  	github.com/hkjang/dartfly/internal/winback	1.073s
TAP version 13
# copyformats: OK
# Subtest: test/js/copyformats.test.mjs
ok 1 - test/js/copyformats.test.mjs
  ---
  duration_ms: 43.33114
  type: 'test'
  ...
# dialect: OK
# Subtest: test/js/dialect.test.mjs
ok 2 - test/js/dialect.test.mjs
  ---
  duration_ms: 42.92644
  type: 'test'
  ...
# gridsort: OK
# Subtest: test/js/gridsort.test.mjs
ok 3 - test/js/gridsort.test.mjs
  ---
  duration_ms: 43.92124
  type: 'test'
  ...
# Subtest: selection clears old SQL, table and actions during loading and failure
ok 4 - selection clears old SQL, table and actions during loading and failure
  ---
  duration_ms: 6.139588
  type: 'test'
  ...
# Subtest: late success cannot replace the latest detail
ok 5 - late success cannot replace the latest detail
  ---
  duration_ms: 1.147955
  type: 'test'
  ...
# Subtest: late failure cannot replace the latest detail
ok 6 - late failure cannot replace the latest detail
  ---
  duration_ms: 0.732397
  type: 'test'
  ...
# Subtest: same ID selected twice still ignores the earlier response
ok 7 - same ID selected twice still ignores the earlier response
  ---
  duration_ms: 0.848152
  type: 'test'
  ...
# Subtest: delete fixes its ID, blocks duplicates and preserves B (loading)
ok 8 - delete fixes its ID, blocks duplicates and preserves B (loading)
  ---
  duration_ms: 1.662625
  type: 'test'
  ...
# Subtest: delete fixes its ID, blocks duplicates and preserves B (ready)
ok 9 - delete fixes its ID, blocks duplicates and preserves B (ready)
  ---
  duration_ms: 1.113981
  type: 'test'
  ...
# Subtest: deleting A invalidates an in-flight re-selection of A
ok 10 - deleting A invalidates an in-flight re-selection of A
  ---
  duration_ms: 0.773639
  type: 'test'
  ...
# Subtest: delete failure re-enables retry without clearing the current detail
ok 11 - delete failure re-enables retry without clearing the current detail
  ---
  duration_ms: 0.716278
  type: 'test'
  ...
# Subtest: successful deletion clears A and removes its card before list refresh
ok 12 - successful deletion clears A and removes its card before list refresh
  ---
  duration_ms: 0.951709
  type: 'test'
  ...
# Subtest: delete failure preserves a later selection and allows deleting its own ID
ok 13 - delete failure preserves a later selection and allows deleting its own ID
  ---
  duration_ms: 1.294213
  type: 'test'
  ...
# Subtest: late success cannot revive A after the latest selection failed
ok 14 - late success cannot revive A after the latest selection failed
  ---
  duration_ms: 0.80493
  type: 'test'
  ...
# silentsso tests passed
# Subtest: test/js/silentsso.test.mjs
ok 5 - test/js/silentsso.test.mjs
  ---
  duration_ms: 43.499441
  type: 'test'
  ...
# sqlbinds.test.mjs 통과
# (node:3757588) [MODULE_TYPELESS_PACKAGE_JSON] Warning: Module type of file:///home/hkjang/.cache/auto-improve-wt/DartFly-release/internal/webui/js/sqlhighlight.js is not specified and it doesn't parse as CommonJS.
# Reparsing as ES module because module syntax was detected. This incurs a performance overhead.
# To eliminate this warning, add "type": "module" to /home/hkjang/package.json.
# (Use `node --trace-warnings ...` to show where the warning was created)
# Subtest: test/js/sqlbinds.test.mjs
ok 6 - test/js/sqlbinds.test.mjs
  ---
  duration_ms: 41.676664
  type: 'test'
  ...
# sqlddl: OK
# (node:3757589) [MODULE_TYPELESS_PACKAGE_JSON] Warning: Module type of file:///home/hkjang/.cache/auto-improve-wt/DartFly-release/internal/webui/js/dialect.js is not specified and it doesn't parse as CommonJS.
# Reparsing as ES module because module syntax was detected. This incurs a performance overhead.
# To eliminate this warning, add "type": "module" to /home/hkjang/package.json.
# (Use `node --trace-warnings ...` to show where the warning was created)
# Subtest: test/js/sqlddl.test.mjs
ok 7 - test/js/sqlddl.test.mjs
  ---
  duration_ms: 40.716647
  type: 'test'
  ...
# SQL diff tests passed
# (node:3757595) [MODULE_TYPELESS_PACKAGE_JSON] Warning: Module type of file:///home/hkjang/.cache/auto-improve-wt/DartFly-release/internal/webui/js/dialect.js is not specified and it doesn't parse as CommonJS.
# Reparsing as ES module because module syntax was detected. This incurs a performance overhead.
# To eliminate this warning, add "type": "module" to /home/hkjang/package.json.
# (Use `node --trace-warnings ...` to show where the warning was created)
# Subtest: test/js/sqldiff.test.mjs
ok 8 - test/js/sqldiff.test.mjs
  ---
  duration_ms: 39.632793
  type: 'test'
  ...
# SQL formatter tests passed
# Subtest: test/js/sqlformat.test.mjs
ok 9 - test/js/sqlformat.test.mjs
  ---
  duration_ms: 66.775001
  type: 'test'
  ...
# SQL lint tests passed
# (node:3757607) [MODULE_TYPELESS_PACKAGE_JSON] Warning: Module type of file:///home/hkjang/.cache/auto-improve-wt/DartFly-release/internal/webui/js/sqlhighlight.js is not specified and it doesn't parse as CommonJS.
# Reparsing as ES module because module syntax was detected. This incurs a performance overhead.
# To eliminate this warning, add "type": "module" to /home/hkjang/package.json.
# (Use `node --trace-warnings ...` to show where the warning was created)
# Subtest: test/js/sqllint.test.mjs
ok 10 - test/js/sqllint.test.mjs
  ---
  duration_ms: 37.101271
  type: 'test'
  ...
# sqlrefs.test.mjs 통과
# (node:3757614) [MODULE_TYPELESS_PACKAGE_JSON] Warning: Module type of file:///home/hkjang/.cache/auto-improve-wt/DartFly-release/internal/webui/js/sqlhighlight.js is not specified and it doesn't parse as CommonJS.
# Reparsing as ES module because module syntax was detected. This incurs a performance overhead.
# To eliminate this warning, add "type": "module" to /home/hkjang/package.json.
# (Use `node --trace-warnings ...` to show where the warning was created)
# Subtest: test/js/sqlrefs.test.mjs
ok 11 - test/js/sqlrefs.test.mjs
  ---
  duration_ms: 36.204917
  type: 'test'
  ...
# sqlsplit.test.mjs 통과
# (node:3757617) [MODULE_TYPELESS_PACKAGE_JSON] Warning: Module type of file:///home/hkjang/.cache/auto-improve-wt/DartFly-release/internal/webui/js/sqlhighlight.js is not specified and it doesn't parse as CommonJS.
# Reparsing as ES module because module syntax was detected. This incurs a performance overhead.
# To eliminate this warning, add "type": "module" to /home/hkjang/package.json.
# (Use `node --trace-warnings ...` to show where the warning was created)
# Subtest: test/js/sqlsplit.test.mjs
ok 12 - test/js/sqlsplit.test.mjs
  ---
  duration_ms: 35.345059
  type: 'test'
  ...
# sqlLiteral tests passed
# Subtest: test/js/sqlvalue.test.mjs
ok 13 - test/js/sqlvalue.test.mjs
  ---
  duration_ms: 74.794286
  type: 'test'
  ...
1..23
# tests 23
# suites 0
# pass 23
# fail 0
# cancelled 0
# skipped 0
# todo 0
# duration_ms 97.16879
