=== node: v20.19.2 npm: 10.9.8 ===
=== HEAD: b452a8bdfb0a1af59c3ef1cefc38bc10a2cab1ee ===

added 57 packages, and audited 58 packages in 994ms

15 packages are looking for funding
  run `npm fund` for details

2 moderate severity vulnerabilities

To address all issues (including breaking changes), run:
  npm audit fix --force

Run `npm audit` for details.
EXIT_npm_ci=0
=== npm run check ===

> vibe-code@1.4.5 check
> npm run typecheck && npm run test && npm run build


> vibe-code@1.4.5 typecheck
> tsc -p tsconfig.json --noEmit


> vibe-code@1.4.5 test
> vitest run


 RUN  v3.2.7 /home/hkjang/.cache/auto-improve-wt/vibe-code-release

 ✓ tests/unit/semver.test.ts (2 tests) 2ms
 ✓ tests/unit/goal-loop.test.ts (3 tests) 2ms
 ✓ tests/unit/usage.test.ts (5 tests) 4ms
 ✓ tests/unit/goal-catalog.test.ts (3 tests) 4ms
 ✓ tests/unit/verification.test.ts (10 tests) 5ms
 ✓ tests/unit/journal-summary.test.ts (7 tests) 4ms
 ✓ tests/unit/goal-metrics.test.ts (4 tests) 6ms
 ✓ tests/unit/markdown.test.ts (22 tests) 9ms
 ✓ tests/unit/goal-health.test.ts (4 tests) 4ms
 ✓ tests/unit/plans.test.ts (16 tests) 30ms
 ✓ tests/unit/checkpoints.test.ts (9 tests) 636ms

 Test Files  11 passed (11)
      Tests  85 passed (85)
   Start at  10:02:01
   Duration  992ms (transform 720ms, setup 0ms, collect 1.72s, tests 708ms, environment 2ms, prepare 672ms)


> vibe-code@1.4.5 build
> node scripts/build.mjs

staged dist/extension.core.js (20.3 MB)
warning: dist/ is missing runtime assets: node_modules, i18n, workers, tree-sitter.wasm, tiktoken_bg.wasm
         copy them from an existing release VSIX (extension/dist/) before packaging.

  dist/extension.js  202.7kb

⚡ Done in 14ms
EXIT_npm_check=0
=== node --check bundles ===
EXIT_node_check_extension=0
EXIT_node_check_core=0
