=== node: v20.19.2 npm: 10.9.8 ===
=== version: 1.4.6 ===

> vibe-code@1.4.6 check
> npm run typecheck && npm run test && npm run build


> vibe-code@1.4.6 typecheck
> tsc -p tsconfig.json --noEmit


> vibe-code@1.4.6 test
> vitest run


 RUN  v3.2.7 /home/hkjang/.cache/auto-improve-wt/vibe-code-release

 ✓ tests/unit/semver.test.ts (2 tests) 2ms
 ✓ tests/unit/goal-loop.test.ts (3 tests) 2ms
 ✓ tests/unit/usage.test.ts (5 tests) 4ms
 ✓ tests/unit/goal-catalog.test.ts (3 tests) 5ms
 ✓ tests/unit/verification.test.ts (10 tests) 5ms
 ✓ tests/unit/journal-summary.test.ts (7 tests) 4ms
 ✓ tests/unit/goal-metrics.test.ts (4 tests) 7ms
 ✓ tests/unit/plans.test.ts (16 tests) 25ms
 ✓ tests/unit/goal-health.test.ts (4 tests) 4ms
 ✓ tests/unit/markdown.test.ts (22 tests) 11ms
 ✓ tests/unit/checkpoints.test.ts (9 tests) 647ms

 Test Files  11 passed (11)
      Tests  85 passed (85)
   Start at  10:03:14
   Duration  992ms (transform 724ms, setup 0ms, collect 1.79s, tests 716ms, environment 1ms, prepare 658ms)


> vibe-code@1.4.6 build
> node scripts/build.mjs

warning: dist/ is missing runtime assets: node_modules, i18n, workers, tree-sitter.wasm, tiktoken_bg.wasm
         copy them from an existing release VSIX (extension/dist/) before packaging.

  dist/extension.js  202.7kb

⚡ Done in 14ms
EXIT_npm_check=0
EXIT_node_check_extension=0
EXIT_node_check_core=0
