Installing VSIX into isolated VS Code directories...
'\\wsl.localhost\Ubuntu-24.04\home\hkjang\.cache\auto-improve-wt\vibe-code-release'
위의 경로를 현재 디렉터리로 하여 CMD.EXE가 실행되었습니다. UNC 경로는
지원되지 않습니다. Windows 디렉터리를 기본으로 합니다.
Installing extensions...
Error [ERR_UNC_HOST_NOT_ALLOWED]: UNC host 'wsl.localhost' access is not allowed
    at Object.open (node:fs:533:10)
    at t.<computed> [as open] (node:electron/js2c/node_init:2:3013)
    at open (C:\Users\USER\AppData\Local\Programs\Microsoft VS Code\8761a5560c\resources\app\node_modules\yauzl\index.js:36:6)
    at file:///C:/Users/USER/AppData/Local/Programs/Microsoft%20VS%20Code/8761a5560c/resources/app/out/vs/code/node/cliProcessMain.js:426:36545
    at new Promise (<anonymous>)
    at Zg (file:///C:/Users/USER/AppData/Local/Programs/Microsoft%20VS%20Code/8761a5560c/resources/app/out/vs/code/node/cliProcessMain.js:426:36525)
    at async Bl (file:///C:/Users/USER/AppData/Local/Programs/Microsoft%20VS%20Code/8761a5560c/resources/app/out/vs/code/node/cliProcessMain.js:432:25038)
    at async to.getManifest (file:///C:/Users/USER/AppData/Local/Programs/Microsoft%20VS%20Code/8761a5560c/resources/app/out/vs/code/node/cliProcessMain.js:432:38980)
    at async Wr.installVSIX (file:///C:/Users/USER/AppData/Local/Programs/Microsoft%20VS%20Code/8761a5560c/resources/app/out/vs/code/node/cliProcessMain.js:425:940)
    at async file:///C:/Users/USER/AppData/Local/Programs/Microsoft%20VS%20Code/8761a5560c/resources/app/out/vs/code/node/cliProcessMain.js:424:2216
    at async Promise.all (index 0)
    at async Wr.installExtensions (file:///C:/Users/USER/AppData/Local/Programs/Microsoft%20VS%20Code/8761a5560c/resources/app/out/vs/code/node/cliProcessMain.js:424:2153)
    at async file:///C:/Users/USER/AppData/Local/Programs/Microsoft%20VS%20Code/8761a5560c/resources/app/out/vs/code/node/cliProcessMain.js:461:56008
    at async Module.Hq (file:///C:/Users/USER/AppData/Local/Programs/Microsoft%20VS%20Code/8761a5560c/resources/app/out/vs/code/node/cliProcessMain.js:461:59983)
    at async Ds (file:///C:/Users/USER/AppData/Local/Programs/Microsoft%20VS%20Code/8761a5560c/resources/app/out/cli.js:405:70200) {
  code: 'Extract',
  name: 'Extract'
}
Failed Installing Extensions: file://wsl.localhost/Ubuntu-24.04/home/hkjang/.cache/auto-improve-wt/vibe-code-release/release/vibe-code-1.4.6.vsix
Fail : VS Code CLI install failed with exit code 1
위치 \\wsl.localhost\Ubuntu-24.04\home\hkjang\.cache\auto-improve-wt\vibe-code-release\scripts\smoke-vscode-cli.ps1:75 
문자:2
+     Fail "VS Code CLI install failed with exit code $LASTEXITCODE"
+     ~~~~~~~~~~~~~~~~~~~~~~~~~~~~~~~~~~~~~~~~~~~~~~~~~~~~~~~~~~~~~~
    + CategoryInfo          : NotSpecified: (:) [Write-Error], WriteErrorException
    + FullyQualifiedErrorId : Microsoft.PowerShell.Commands.WriteErrorException,Fail
 
EXIT=1
