#0 building with "default" instance using docker driver

#1 [internal] load build definition from Dockerfile
#1 transferring dockerfile: 795B done
#1 DONE 0.0s

#2 [internal] load metadata for docker.io/library/golang:1.25.0
#2 ...

#3 [internal] load metadata for docker.io/library/alpine:3.21
#3 DONE 1.3s

#2 [internal] load metadata for docker.io/library/golang:1.25.0
#2 DONE 1.3s

#4 [internal] load .dockerignore
#4 transferring context: 72B done
#4 DONE 0.0s

#5 [stage-1 1/5] FROM docker.io/library/alpine:3.21@sha256:48b0309ca019d89d40f670aa1bc06e426dc0931948452e8491e3d65087abc07d
#5 resolve docker.io/library/alpine:3.21@sha256:48b0309ca019d89d40f670aa1bc06e426dc0931948452e8491e3d65087abc07d 0.0s done
#5 DONE 0.0s

#6 [builder 1/7] FROM docker.io/library/golang:1.25.0@sha256:5502b0e56fca23feba76dbc5387ba59c593c02ccc2f0f7355871ea9a0852cebe
#6 resolve docker.io/library/golang:1.25.0@sha256:5502b0e56fca23feba76dbc5387ba59c593c02ccc2f0f7355871ea9a0852cebe 0.0s done
#6 DONE 0.0s

#7 [internal] load build context
#7 transferring context: 13.49MB 0.1s done
#7 DONE 0.1s

#8 [builder 3/7] COPY go.mod go.sum ./
#8 CACHED

#9 [builder 4/7] COPY vendor ./vendor
#9 CACHED

#10 [builder 2/7] WORKDIR /src
#10 CACHED

#11 [builder 5/7] COPY cmd ./cmd
#11 CACHED

#12 [builder 6/7] COPY internal ./internal
#12 DONE 0.1s

#13 [builder 7/7] RUN go build -mod=vendor -trimpath -o /out/pii-masker ./cmd/pii-masker
#13 DONE 6.7s

#14 [stage-1 2/5] WORKDIR /app
#14 CACHED

#15 [stage-1 3/5] RUN adduser -D -u 10001 appuser
#15 CACHED

#16 [stage-1 4/5] COPY --from=builder /out/pii-masker /app/pii-masker
#16 DONE 0.0s

#17 [stage-1 5/5] RUN mkdir -p /app/data && chown -R appuser:appuser /app
#17 DONE 0.2s

#18 exporting to image
#18 exporting layers
#18 exporting layers 0.5s done
#18 exporting manifest sha256:40b7f98815413efc31e35d244b552f08672c7d9bd076b7628d1d5b6c98f7f4fd 0.0s done
#18 exporting config sha256:c058524da19e218b1cf108f87ef6a19e1a8a5483edca733d65c110dd4f6e2a3f 0.0s done
#18 exporting attestation manifest sha256:3371b7438012bf2c8b7cf0a784168026356ba460ffb17c42e1c753d30bce9f72 0.0s done
#18 exporting manifest list sha256:54e719bf9f55053c4f0c47f4b74e1bfc51d9a9260c226e4557f553fcd6bd3885 0.0s done
#18 naming to docker.io/library/pii-masker:latest done
#18 unpacking to docker.io/library/pii-masker:latest
#18 unpacking to docker.io/library/pii-masker:latest 0.2s done
#18 DONE 0.7s
