
> appstore-web@2.11.9 test
> vitest run src/pages/public-pages.test.tsx


 RUN  v3.2.7 /home/hkjang/.cache/auto-improve-wt/appstore/web

 ❯ src/pages/public-pages.test.tsx (11 tests | 2 failed) 774ms
   ✓ Apps route state > shows a catalog favorite on /favorites and removes it when toggled off 190ms
   ✓ Apps route state > keeps the catalog grid on screen and skips a refetch when a heart is toggled 40ms
   ✓ Apps route state > removes an unfavorited card on /favorites without reloading the list 37ms
   × Apps route state > keeps page two when changing the grid view 81ms
     → Unable to find an element with the text: 2 페이지. This could be because the text is broken up by multiple elements. In this case, you can provide a function for your text matcher to make your matcher more flexible.

Ignored nodes: comments, script, style
[36m<body>[39m
  [36m<div>[39m
    [36m<div[39m
      [33mclass[39m=[32m"page"[39m
    [36m>[39m
      [36m<header[39m
        [33mclass[39m=[32m"page-header"[39m
      [36m>[39m
        [36m<div>[39m
          [36m<p[39m
            [33mclass[39m=[32m"eyebrow"[39m
          [36m>[39m
            [0mApplication catalog[0m
          [36m</p>[39m
          [36m<h1[39m
            [33mclass[39m=[32m"page-title"[39m
          [36m>[39m
            [0m모든 앱[0m
          [36m</h1>[39m
          [36m<p[39m
            [33mclass[39m=[32m"page-description"[39m
          [36m>[39m
            [0m검색, 카테고리, 정렬 상태가 URL에 저장되어 새로고침하거나 공유해도 그대로 유지됩니다.[0m
          [36m</p>[39m
        [36m</div>[39m
        [36m<div[39m
          [33mclass[39m=[32m"top-actions"[39m
        [36m>[39m
          [36m<a[39m
            [33mclass[39m=[32m"button button-primary"[39m
            [33mdata-discover[39m=[32m"true"[39m
            [33mhref[39m=[32m"/submit"[39m
          [36m>[39m
            [36m<svg[39m
              [33maria-hidden[39m=[32m"true"[39m
              [33mclass[39m=[32m"lucide lucide-rocket"[39m
              [33mfill[39m=[32m"none"[39m
              [33mheight[39m=[32m"18"[39m
              [33mstroke[39m=[32m"currentColor"[39m
              [33mstroke-linecap[39m=[32m"round"[39m
              [33mstroke-linejoin[39m=[32m"round"[39m
              [33mstroke-width[39m=[32m"2"[39m
              [33mviewBox[39m=[32m"0 0 24 24"[39m
              [33mwidth[39m=[32m"18"[39m
              [33mxmlns[39m=[32m"http://www.w3.org/2000/svg"[39m
            [36m>[39m
              [36m<path[39m
                [33md[39m=[32m"M4.5 16.5c-1.5 1.26-2 5-2 5s3.74-.5 5-2c.71-.84.7-2.13-.09-2.91a2.18 2.18 0 0 0-2.91-.09z"[39m
              [36m/>[39m
              [36m<path[39m
                [33md[39m=[32m"m12 15-3-3a22 22 0 0 1 2-3.95A12.88 12.88 0 0 1 22 2c0 2.72-.78 7.5-6 11a22.35 22.35 0 0 1-4 2z"[39m
              [36m/>[39m
              [36m<path[39m
                [33md[39m=[32m"M9 12H4s.55-3.03 2-4c1.62-1.08 5 0 5 0"[39m
              [36m/>[39m
              [36m<path[39m
                [33md[39m=[32m"M12 15v5s3.03-.55 4-2c1.08-1.62 0-5 0-5"[39m
              [36m/>[39m
            [36m</svg>[39m
            [0m 앱 등록[0m
          [36m</a>[39m
        [36m</div>[39m
      [36m</header>[39m
      [36m<form[39m
        [33mclass[39m=[32m"toolbar"[39m
        [33mrole[39m=[32m"search"[39m
      [36m>[39m
        [36m<div[39m
          [33mclass[39m=[32m"field field-grow"[39m
        [36m>[39m
          [36m<label[39m
            [33mfor[39m=[32m"catalog-search"[39m
          [36m>[39m
            [0m앱 검색[0m
          [36m</label>[39m
          [36m<div[39m
            [33mclass[39m=[32m"relative"[39m
          [36m>[39m
            [36m<svg[39m
              [33maria-hidden[39m=[32m"true"[39m
              [33mclass[39m=[32m"lucide lucide-search absolute left-3 top-3 text-[var(--text-muted)]"[39m
              [33mfill[39m=[32m"none"[39m
              [33mheight[39m=[32m"19"[39m
              [33mstroke[39m=[32m"currentColor"[39m
              [33mstroke-linecap[39m=[32m"round"[39m
              [33mstroke-linejoin[39m=[32m"round"[39m
              [33mstroke-width[39m=[32m"2"[39m
              [33mviewBox[39m=[32m"0 0 24 24"[39m
              [33mwidth[39m=[32m"19"[39m
              [33mxmlns[39m=[32m"http://www.w3.org/2000/svg"[39m
            [36m>[39m
              [36m<path[39m
                [33md[39m=[32m"m21 21-4.34-4.34"[39m
              [36m/>[39m
              [36m<circle[39m
                [33mcx[39m=[32m"11"[39m
                [33mcy[39m=[32m"11"[39m
                [33mr[39m=[32m"8"[39m
              [36m/>[39m
            [36m</svg>[39m
            [36m<input[39m
              [33mclass[39m=[32m"input !pl-10"[39m
              [33mid[39m=[32m"catalog-search"[39m
              [33mplaceholder[39m=[32m"이름, 설명, 태그"[39m
              [33mvalue[39m=[32m"Catalog"[39m
            [36m/>[39m
          [36m</div>[39m
        [36m</div>[39m
        [36m<div[39m
          [33mclass[39m=[32m"field"[39m
        [36m>[39m
          [36m<label[39m
            [33mfor[39m=[32m"category-filter"[39m
          [36m>[39m
            [0m카테고리[0m
          [36m</label>[39m
          [36m<select[39m
            [33mclass[39m=[32m"select"[39m
            [33mid[39m=[32m"category-filter"[39m
          [36m>[39m
            [36m<option[39m
              [33mvalue[39m=[32m""[39m
            [36m>[39m
              [0m전체 카테고리[0m
            [36m</option>[39m
            [36m<option[39m
              [33mvalue[39m=[32m"ai"[39m
            [36m>[39m
              [0mAI[0m
            [36m</option>[39m
          [36m</select>[39m
        [36m</div>[39m
        [36m<div[39m
          [33mclass[39m=[32m"field"[39m
        [36m>[39m
          [36m<label[39m
            [33mfor[39m=[32m"sort-filter"[39m
          [36m>[39m
            [0m정렬[0m
          [36m</label>[39m
          [36m<select[39m
            [33mclass[39m=[32m"select"[39m
            [33mid[39m=[32m"sort-filter"[39m
          [36m>[39m
            [36m<option[39m
              [33mvalue[39m=[32m"updated"[39m
            [36m>[39m
              [0m최근 업데이트[0m
            [36m</option>[39m
            [36m<option[39m
              [33mvalue[39m=[32m"name"[39m
            [36m>[39m
              [0m이름[0m
            [36m</option>[39m
            [36m<option[39m
              [33mvalue[39m=[32m"created"[39m
            [36m>[39m
              [0m최근 등록[0m
            [36m</option>[39m
            [36m<option[39m
              [33mvalue[39m=[32m"trending"[39m
            [36m>[39m
              [0m인기[0m
            [36m</option>[39m
            [36m<option[39m
              [33mvalue[39m=[32m"published"[39m
            [36m>[39m
              [0m최근 게시[0m
            [36m</option>[39m
          [36m</select>[39m
        [36m</div>[39m
        [36m<div[39m
          [33mclass[39m=[32m"field"[39m
        [36m>[39m
          [36m<span[39m
            [33mclass[39m=[32m"field-label"[39m
          [36m>[39m
            [0m보기[0m
          [36m</span>[39m
          [36m<div[39m
            [33maria-label[39m=[32m"보기 방식"[39m
            [33mclass[39m=[32m"tabs"[39m
            [33mrole[39m=[32m"group"[39m
          [36m>[39m
            [36m<button[39m
              [33maria-pressed[39m=[32m"false"[39m
              [33mclass[39m=[32m"tab"[39m
              [33mtype[39m=[32m"button"[39m
            [36m>[39m
              [0m카드[0m
            [...
   × Apps route state > keeps page two when changing the list view 71ms
     → Unable to find an element with the text: 2 페이지. This could be because the text is broken up by multiple elements. In this case, you can provide a function for your text matcher to make your matcher more flexible.

Ignored nodes: comments, script, style
[36m<body>[39m
  [36m<div>[39m
    [36m<div[39m
      [33mclass[39m=[32m"page"[39m
    [36m>[39m
      [36m<header[39m
        [33mclass[39m=[32m"page-header"[39m
      [36m>[39m
        [36m<div>[39m
          [36m<p[39m
            [33mclass[39m=[32m"eyebrow"[39m
          [36m>[39m
            [0mApplication catalog[0m
          [36m</p>[39m
          [36m<h1[39m
            [33mclass[39m=[32m"page-title"[39m
          [36m>[39m
            [0m모든 앱[0m
          [36m</h1>[39m
          [36m<p[39m
            [33mclass[39m=[32m"page-description"[39m
          [36m>[39m
            [0m검색, 카테고리, 정렬 상태가 URL에 저장되어 새로고침하거나 공유해도 그대로 유지됩니다.[0m
          [36m</p>[39m
        [36m</div>[39m
        [36m<div[39m
          [33mclass[39m=[32m"top-actions"[39m
        [36m>[39m
          [36m<a[39m
            [33mclass[39m=[32m"button button-primary"[39m
            [33mdata-discover[39m=[32m"true"[39m
            [33mhref[39m=[32m"/submit"[39m
          [36m>[39m
            [36m<svg[39m
              [33maria-hidden[39m=[32m"true"[39m
              [33mclass[39m=[32m"lucide lucide-rocket"[39m
              [33mfill[39m=[32m"none"[39m
              [33mheight[39m=[32m"18"[39m
              [33mstroke[39m=[32m"currentColor"[39m
              [33mstroke-linecap[39m=[32m"round"[39m
              [33mstroke-linejoin[39m=[32m"round"[39m
              [33mstroke-width[39m=[32m"2"[39m
              [33mviewBox[39m=[32m"0 0 24 24"[39m
              [33mwidth[39m=[32m"18"[39m
              [33mxmlns[39m=[32m"http://www.w3.org/2000/svg"[39m
            [36m>[39m
              [36m<path[39m
                [33md[39m=[32m"M4.5 16.5c-1.5 1.26-2 5-2 5s3.74-.5 5-2c.71-.84.7-2.13-.09-2.91a2.18 2.18 0 0 0-2.91-.09z"[39m
              [36m/>[39m
              [36m<path[39m
                [33md[39m=[32m"m12 15-3-3a22 22 0 0 1 2-3.95A12.88 12.88 0 0 1 22 2c0 2.72-.78 7.5-6 11a22.35 22.35 0 0 1-4 2z"[39m
              [36m/>[39m
              [36m<path[39m
                [33md[39m=[32m"M9 12H4s.55-3.03 2-4c1.62-1.08 5 0 5 0"[39m
              [36m/>[39m
              [36m<path[39m
                [33md[39m=[32m"M12 15v5s3.03-.55 4-2c1.08-1.62 0-5 0-5"[39m
              [36m/>[39m
            [36m</svg>[39m
            [0m 앱 등록[0m
          [36m</a>[39m
        [36m</div>[39m
      [36m</header>[39m
      [36m<form[39m
        [33mclass[39m=[32m"toolbar"[39m
        [33mrole[39m=[32m"search"[39m
      [36m>[39m
        [36m<div[39m
          [33mclass[39m=[32m"field field-grow"[39m
        [36m>[39m
          [36m<label[39m
            [33mfor[39m=[32m"catalog-search"[39m
          [36m>[39m
            [0m앱 검색[0m
          [36m</label>[39m
          [36m<div[39m
            [33mclass[39m=[32m"relative"[39m
          [36m>[39m
            [36m<svg[39m
              [33maria-hidden[39m=[32m"true"[39m
              [33mclass[39m=[32m"lucide lucide-search absolute left-3 top-3 text-[var(--text-muted)]"[39m
              [33mfill[39m=[32m"none"[39m
              [33mheight[39m=[32m"19"[39m
              [33mstroke[39m=[32m"currentColor"[39m
              [33mstroke-linecap[39m=[32m"round"[39m
              [33mstroke-linejoin[39m=[32m"round"[39m
              [33mstroke-width[39m=[32m"2"[39m
              [33mviewBox[39m=[32m"0 0 24 24"[39m
              [33mwidth[39m=[32m"19"[39m
              [33mxmlns[39m=[32m"http://www.w3.org/2000/svg"[39m
            [36m>[39m
              [36m<path[39m
                [33md[39m=[32m"m21 21-4.34-4.34"[39m
              [36m/>[39m
              [36m<circle[39m
                [33mcx[39m=[32m"11"[39m
                [33mcy[39m=[32m"11"[39m
                [33mr[39m=[32m"8"[39m
              [36m/>[39m
            [36m</svg>[39m
            [36m<input[39m
              [33mclass[39m=[32m"input !pl-10"[39m
              [33mid[39m=[32m"catalog-search"[39m
              [33mplaceholder[39m=[32m"이름, 설명, 태그"[39m
              [33mvalue[39m=[32m"Catalog"[39m
            [36m/>[39m
          [36m</div>[39m
        [36m</div>[39m
        [36m<div[39m
          [33mclass[39m=[32m"field"[39m
        [36m>[39m
          [36m<label[39m
            [33mfor[39m=[32m"category-filter"[39m
          [36m>[39m
            [0m카테고리[0m
          [36m</label>[39m
          [36m<select[39m
            [33mclass[39m=[32m"select"[39m
            [33mid[39m=[32m"category-filter"[39m
          [36m>[39m
            [36m<option[39m
              [33mvalue[39m=[32m""[39m
            [36m>[39m
              [0m전체 카테고리[0m
            [36m</option>[39m
            [36m<option[39m
              [33mvalue[39m=[32m"ai"[39m
            [36m>[39m
              [0mAI[0m
            [36m</option>[39m
          [36m</select>[39m
        [36m</div>[39m
        [36m<div[39m
          [33mclass[39m=[32m"field"[39m
        [36m>[39m
          [36m<label[39m
            [33mfor[39m=[32m"sort-filter"[39m
          [36m>[39m
            [0m정렬[0m
          [36m</label>[39m
          [36m<select[39m
            [33mclass[39m=[32m"select"[39m
            [33mid[39m=[32m"sort-filter"[39m
          [36m>[39m
            [36m<option[39m
              [33mvalue[39m=[32m"updated"[39m
            [36m>[39m
              [0m최근 업데이트[0m
            [36m</option>[39m
            [36m<option[39m
              [33mvalue[39m=[32m"name"[39m
            [36m>[39m
              [0m이름[0m
            [36m</option>[39m
            [36m<option[39m
              [33mvalue[39m=[32m"created"[39m
            [36m>[39m
              [0m최근 등록[0m
            [36m</option>[39m
            [36m<option[39m
              [33mvalue[39m=[32m"trending"[39m
            [36m>[39m
              [0m인기[0m
            [36m</option>[39m
            [36m<option[39m
              [33mvalue[39m=[32m"published"[39m
            [36m>[39m
              [0m최근 게시[0m
            [36m</option>[39m
          [36m</select>[39m
        [36m</div>[39m
        [36m<div[39m
          [33mclass[39m=[32m"field"[39m
        [36m>[39m
          [36m<span[39m
            [33mclass[39m=[32m"field-label"[39m
          [36m>[39m
            [0m보기[0m
          [36m</span>[39m
          [36m<div[39m
            [33maria-label[39m=[32m"보기 방식"[39m
            [33mclass[39m=[32m"tabs"[39m
            [33mrole[39m=[32m"group"[39m
          [36m>[39m
            [36m<button[39m
              [33maria-pressed[39m=[32m"true"[39m
              [33mclass[39m=[32m"tab active"[39m
              [33mtype[39m=[32m"button"[39m
            [36m>[39m
              [0m카드[0m
        ...
   ✓ Apps route state > still resets to page one after a search change 124ms
   ✓ Apps route state > still resets to page one after a category change 92ms
   ✓ Apps route state > still resets to page one after a sort change 86ms
   ✓ Apps route state > restores search, category and sort controls from the URL 19ms
   ✓ App detail introduction > folds a long description away so what follows it stays on screen 24ms
   ✓ App detail introduction > leaves a short description alone 9ms

⎯⎯⎯⎯⎯⎯⎯ Failed Tests 2 ⎯⎯⎯⎯⎯⎯⎯

 FAIL  src/pages/public-pages.test.tsx > Apps route state > keeps page two when changing the grid view
TestingLibraryElementError: Unable to find an element with the text: 2 페이지. This could be because the text is broken up by multiple elements. In this case, you can provide a function for your text matcher to make your matcher more flexible.

Ignored nodes: comments, script, style
[36m<body>[39m
  [36m<div>[39m
    [36m<div[39m
      [33mclass[39m=[32m"page"[39m
    [36m>[39m
      [36m<header[39m
        [33mclass[39m=[32m"page-header"[39m
      [36m>[39m
        [36m<div>[39m
          [36m<p[39m
            [33mclass[39m=[32m"eyebrow"[39m
          [36m>[39m
            [0mApplication catalog[0m
          [36m</p>[39m
          [36m<h1[39m
            [33mclass[39m=[32m"page-title"[39m
          [36m>[39m
            [0m모든 앱[0m
          [36m</h1>[39m
          [36m<p[39m
            [33mclass[39m=[32m"page-description"[39m
          [36m>[39m
            [0m검색, 카테고리, 정렬 상태가 URL에 저장되어 새로고침하거나 공유해도 그대로 유지됩니다.[0m
          [36m</p>[39m
        [36m</div>[39m
        [36m<div[39m
          [33mclass[39m=[32m"top-actions"[39m
        [36m>[39m
          [36m<a[39m
            [33mclass[39m=[32m"button button-primary"[39m
            [33mdata-discover[39m=[32m"true"[39m
            [33mhref[39m=[32m"/submit"[39m
          [36m>[39m
            [36m<svg[39m
              [33maria-hidden[39m=[32m"true"[39m
              [33mclass[39m=[32m"lucide lucide-rocket"[39m
              [33mfill[39m=[32m"none"[39m
              [33mheight[39m=[32m"18"[39m
              [33mstroke[39m=[32m"currentColor"[39m
              [33mstroke-linecap[39m=[32m"round"[39m
              [33mstroke-linejoin[39m=[32m"round"[39m
              [33mstroke-width[39m=[32m"2"[39m
              [33mviewBox[39m=[32m"0 0 24 24"[39m
              [33mwidth[39m=[32m"18"[39m
              [33mxmlns[39m=[32m"http://www.w3.org/2000/svg"[39m
            [36m>[39m
              [36m<path[39m
                [33md[39m=[32m"M4.5 16.5c-1.5 1.26-2 5-2 5s3.74-.5 5-2c.71-.84.7-2.13-.09-2.91a2.18 2.18 0 0 0-2.91-.09z"[39m
              [36m/>[39m
              [36m<path[39m
                [33md[39m=[32m"m12 15-3-3a22 22 0 0 1 2-3.95A12.88 12.88 0 0 1 22 2c0 2.72-.78 7.5-6 11a22.35 22.35 0 0 1-4 2z"[39m
              [36m/>[39m
              [36m<path[39m
                [33md[39m=[32m"M9 12H4s.55-3.03 2-4c1.62-1.08 5 0 5 0"[39m
              [36m/>[39m
              [36m<path[39m
                [33md[39m=[32m"M12 15v5s3.03-.55 4-2c1.08-1.62 0-5 0-5"[39m
              [36m/>[39m
            [36m</svg>[39m
            [0m 앱 등록[0m
          [36m</a>[39m
        [36m</div>[39m
      [36m</header>[39m
      [36m<form[39m
        [33mclass[39m=[32m"toolbar"[39m
        [33mrole[39m=[32m"search"[39m
      [36m>[39m
        [36m<div[39m
          [33mclass[39m=[32m"field field-grow"[39m
        [36m>[39m
          [36m<label[39m
            [33mfor[39m=[32m"catalog-search"[39m
          [36m>[39m
            [0m앱 검색[0m
          [36m</label>[39m
          [36m<div[39m
            [33mclass[39m=[32m"relative"[39m
          [36m>[39m
            [36m<svg[39m
              [33maria-hidden[39m=[32m"true"[39m
              [33mclass[39m=[32m"lucide lucide-search absolute left-3 top-3 text-[var(--text-muted)]"[39m
              [33mfill[39m=[32m"none"[39m
              [33mheight[39m=[32m"19"[39m
              [33mstroke[39m=[32m"currentColor"[39m
              [33mstroke-linecap[39m=[32m"round"[39m
              [33mstroke-linejoin[39m=[32m"round"[39m
              [33mstroke-width[39m=[32m"2"[39m
              [33mviewBox[39m=[32m"0 0 24 24"[39m
              [33mwidth[39m=[32m"19"[39m
              [33mxmlns[39m=[32m"http://www.w3.org/2000/svg"[39m
            [36m>[39m
              [36m<path[39m
                [33md[39m=[32m"m21 21-4.34-4.34"[39m
              [36m/>[39m
              [36m<circle[39m
                [33mcx[39m=[32m"11"[39m
                [33mcy[39m=[32m"11"[39m
                [33mr[39m=[32m"8"[39m
              [36m/>[39m
            [36m</svg>[39m
            [36m<input[39m
              [33mclass[39m=[32m"input !pl-10"[39m
              [33mid[39m=[32m"catalog-search"[39m
              [33mplaceholder[39m=[32m"이름, 설명, 태그"[39m
              [33mvalue[39m=[32m"Catalog"[39m
            [36m/>[39m
          [36m</div>[39m
        [36m</div>[39m
        [36m<div[39m
          [33mclass[39m=[32m"field"[39m
        [36m>[39m
          [36m<label[39m
            [33mfor[39m=[32m"category-filter"[39m
          [36m>[39m
            [0m카테고리[0m
          [36m</label>[39m
          [36m<select[39m
            [33mclass[39m=[32m"select"[39m
            [33mid[39m=[32m"category-filter"[39m
          [36m>[39m
            [36m<option[39m
              [33mvalue[39m=[32m""[39m
            [36m>[39m
              [0m전체 카테고리[0m
            [36m</option>[39m
            [36m<option[39m
              [33mvalue[39m=[32m"ai"[39m
            [36m>[39m
              [0mAI[0m
            [36m</option>[39m
          [36m</select>[39m
        [36m</div>[39m
        [36m<div[39m
          [33mclass[39m=[32m"field"[39m
        [36m>[39m
          [36m<label[39m
            [33mfor[39m=[32m"sort-filter"[39m
          [36m>[39m
            [0m정렬[0m
          [36m</label>[39m
          [36m<select[39m
            [33mclass[39m=[32m"select"[39m
            [33mid[39m=[32m"sort-filter"[39m
          [36m>[39m
            [36m<option[39m
              [33mvalue[39m=[32m"updated"[39m
            [36m>[39m
              [0m최근 업데이트[0m
            [36m</option>[39m
            [36m<option[39m
              [33mvalue[39m=[32m"name"[39m
            [36m>[39m
              [0m이름[0m
            [36m</option>[39m
            [36m<option[39m
              [33mvalue[39m=[32m"created"[39m
            [36m>[39m
              [0m최근 등록[0m
            [36m</option>[39m
            [36m<option[39m
              [33mvalue[39m=[32m"trending"[39m
            [36m>[39m
              [0m인기[0m
            [36m</option>[39m
            [36m<option[39m
              [33mvalue[39m=[32m"published"[39m
            [36m>[39m
              [0m최근 게시[0m
            [36m</option>[39m
          [36m</select>[39m
        [36m</div>[39m
        [36m<div[39m
          [33mclass[39m=[32m"field"[39m
        [36m>[39m
          [36m<span[39m
            [33mclass[39m=[32m"field-label"[39m
          [36m>[39m
            [0m보기[0m
          [36m</span>[39m
          [36m<div[39m
            [33maria-label[39m=[32m"보기 방식"[39m
            [33mclass[39m=[32m"tabs"[39m
            [33mrole[39m=[32m"group"[39m
          [36m>[39m
            [36m<button[39m
              [33maria-pressed[39m=[32m"false"[39m
              [33mclass[39m=[32m"tab"[39m
              [33mtype[39m=[32m"button"[39m
            [36m>[39m
              [0m카드[0m
            [...
 ❯ Object.getElementError node_modules/@testing-library/dom/dist/config.js:37:19
 ❯ node_modules/@testing-library/dom/dist/query-helpers.js:76:38
 ❯ node_modules/@testing-library/dom/dist/query-helpers.js:52:17
 ❯ node_modules/@testing-library/dom/dist/query-helpers.js:95:19
 ❯ src/pages/public-pages.test.tsx:254:19
    252|     await userEvent.click(screen.getByRole("button", { name: button })…
    253| 
    254|     expect(screen.getByText("2 페이지")).toBeVisible();
       |                   ^
    255|     expect(screen.getByRole("heading", { name: "Catalog App 25" })).to…
    256|     expect(screen.getByRole("button", { name: button })).toHaveAttribu…

⎯⎯⎯⎯⎯⎯⎯⎯⎯⎯⎯⎯⎯⎯⎯⎯⎯⎯⎯⎯⎯⎯⎯⎯[1/2]⎯

 FAIL  src/pages/public-pages.test.tsx > Apps route state > keeps page two when changing the list view
TestingLibraryElementError: Unable to find an element with the text: 2 페이지. This could be because the text is broken up by multiple elements. In this case, you can provide a function for your text matcher to make your matcher more flexible.

Ignored nodes: comments, script, style
[36m<body>[39m
  [36m<div>[39m
    [36m<div[39m
      [33mclass[39m=[32m"page"[39m
    [36m>[39m
      [36m<header[39m
        [33mclass[39m=[32m"page-header"[39m
      [36m>[39m
        [36m<div>[39m
          [36m<p[39m
            [33mclass[39m=[32m"eyebrow"[39m
          [36m>[39m
            [0mApplication catalog[0m
          [36m</p>[39m
          [36m<h1[39m
            [33mclass[39m=[32m"page-title"[39m
          [36m>[39m
            [0m모든 앱[0m
          [36m</h1>[39m
          [36m<p[39m
            [33mclass[39m=[32m"page-description"[39m
          [36m>[39m
            [0m검색, 카테고리, 정렬 상태가 URL에 저장되어 새로고침하거나 공유해도 그대로 유지됩니다.[0m
          [36m</p>[39m
        [36m</div>[39m
        [36m<div[39m
          [33mclass[39m=[32m"top-actions"[39m
        [36m>[39m
          [36m<a[39m
            [33mclass[39m=[32m"button button-primary"[39m
            [33mdata-discover[39m=[32m"true"[39m
            [33mhref[39m=[32m"/submit"[39m
          [36m>[39m
            [36m<svg[39m
              [33maria-hidden[39m=[32m"true"[39m
              [33mclass[39m=[32m"lucide lucide-rocket"[39m
              [33mfill[39m=[32m"none"[39m
              [33mheight[39m=[32m"18"[39m
              [33mstroke[39m=[32m"currentColor"[39m
              [33mstroke-linecap[39m=[32m"round"[39m
              [33mstroke-linejoin[39m=[32m"round"[39m
              [33mstroke-width[39m=[32m"2"[39m
              [33mviewBox[39m=[32m"0 0 24 24"[39m
              [33mwidth[39m=[32m"18"[39m
              [33mxmlns[39m=[32m"http://www.w3.org/2000/svg"[39m
            [36m>[39m
              [36m<path[39m
                [33md[39m=[32m"M4.5 16.5c-1.5 1.26-2 5-2 5s3.74-.5 5-2c.71-.84.7-2.13-.09-2.91a2.18 2.18 0 0 0-2.91-.09z"[39m
              [36m/>[39m
              [36m<path[39m
                [33md[39m=[32m"m12 15-3-3a22 22 0 0 1 2-3.95A12.88 12.88 0 0 1 22 2c0 2.72-.78 7.5-6 11a22.35 22.35 0 0 1-4 2z"[39m
              [36m/>[39m
              [36m<path[39m
                [33md[39m=[32m"M9 12H4s.55-3.03 2-4c1.62-1.08 5 0 5 0"[39m
              [36m/>[39m
              [36m<path[39m
                [33md[39m=[32m"M12 15v5s3.03-.55 4-2c1.08-1.62 0-5 0-5"[39m
              [36m/>[39m
            [36m</svg>[39m
            [0m 앱 등록[0m
          [36m</a>[39m
        [36m</div>[39m
      [36m</header>[39m
      [36m<form[39m
        [33mclass[39m=[32m"toolbar"[39m
        [33mrole[39m=[32m"search"[39m
      [36m>[39m
        [36m<div[39m
          [33mclass[39m=[32m"field field-grow"[39m
        [36m>[39m
          [36m<label[39m
            [33mfor[39m=[32m"catalog-search"[39m
          [36m>[39m
            [0m앱 검색[0m
          [36m</label>[39m
          [36m<div[39m
            [33mclass[39m=[32m"relative"[39m
          [36m>[39m
            [36m<svg[39m
              [33maria-hidden[39m=[32m"true"[39m
              [33mclass[39m=[32m"lucide lucide-search absolute left-3 top-3 text-[var(--text-muted)]"[39m
              [33mfill[39m=[32m"none"[39m
              [33mheight[39m=[32m"19"[39m
              [33mstroke[39m=[32m"currentColor"[39m
              [33mstroke-linecap[39m=[32m"round"[39m
              [33mstroke-linejoin[39m=[32m"round"[39m
              [33mstroke-width[39m=[32m"2"[39m
              [33mviewBox[39m=[32m"0 0 24 24"[39m
              [33mwidth[39m=[32m"19"[39m
              [33mxmlns[39m=[32m"http://www.w3.org/2000/svg"[39m
            [36m>[39m
              [36m<path[39m
                [33md[39m=[32m"m21 21-4.34-4.34"[39m
              [36m/>[39m
              [36m<circle[39m
                [33mcx[39m=[32m"11"[39m
                [33mcy[39m=[32m"11"[39m
                [33mr[39m=[32m"8"[39m
              [36m/>[39m
            [36m</svg>[39m
            [36m<input[39m
              [33mclass[39m=[32m"input !pl-10"[39m
              [33mid[39m=[32m"catalog-search"[39m
              [33mplaceholder[39m=[32m"이름, 설명, 태그"[39m
              [33mvalue[39m=[32m"Catalog"[39m
            [36m/>[39m
          [36m</div>[39m
        [36m</div>[39m
        [36m<div[39m
          [33mclass[39m=[32m"field"[39m
        [36m>[39m
          [36m<label[39m
            [33mfor[39m=[32m"category-filter"[39m
          [36m>[39m
            [0m카테고리[0m
          [36m</label>[39m
          [36m<select[39m
            [33mclass[39m=[32m"select"[39m
            [33mid[39m=[32m"category-filter"[39m
          [36m>[39m
            [36m<option[39m
              [33mvalue[39m=[32m""[39m
            [36m>[39m
              [0m전체 카테고리[0m
            [36m</option>[39m
            [36m<option[39m
              [33mvalue[39m=[32m"ai"[39m
            [36m>[39m
              [0mAI[0m
            [36m</option>[39m
          [36m</select>[39m
        [36m</div>[39m
        [36m<div[39m
          [33mclass[39m=[32m"field"[39m
        [36m>[39m
          [36m<label[39m
            [33mfor[39m=[32m"sort-filter"[39m
          [36m>[39m
            [0m정렬[0m
          [36m</label>[39m
          [36m<select[39m
            [33mclass[39m=[32m"select"[39m
            [33mid[39m=[32m"sort-filter"[39m
          [36m>[39m
            [36m<option[39m
              [33mvalue[39m=[32m"updated"[39m
            [36m>[39m
              [0m최근 업데이트[0m
            [36m</option>[39m
            [36m<option[39m
              [33mvalue[39m=[32m"name"[39m
            [36m>[39m
              [0m이름[0m
            [36m</option>[39m
            [36m<option[39m
              [33mvalue[39m=[32m"created"[39m
            [36m>[39m
              [0m최근 등록[0m
            [36m</option>[39m
            [36m<option[39m
              [33mvalue[39m=[32m"trending"[39m
            [36m>[39m
              [0m인기[0m
            [36m</option>[39m
            [36m<option[39m
              [33mvalue[39m=[32m"published"[39m
            [36m>[39m
              [0m최근 게시[0m
            [36m</option>[39m
          [36m</select>[39m
        [36m</div>[39m
        [36m<div[39m
          [33mclass[39m=[32m"field"[39m
        [36m>[39m
          [36m<span[39m
            [33mclass[39m=[32m"field-label"[39m
          [36m>[39m
            [0m보기[0m
          [36m</span>[39m
          [36m<div[39m
            [33maria-label[39m=[32m"보기 방식"[39m
            [33mclass[39m=[32m"tabs"[39m
            [33mrole[39m=[32m"group"[39m
          [36m>[39m
            [36m<button[39m
              [33maria-pressed[39m=[32m"true"[39m
              [33mclass[39m=[32m"tab active"[39m
              [33mtype[39m=[32m"button"[39m
            [36m>[39m
              [0m카드[0m
        ...
 ❯ Object.getElementError node_modules/@testing-library/dom/dist/config.js:37:19
 ❯ node_modules/@testing-library/dom/dist/query-helpers.js:76:38
 ❯ node_modules/@testing-library/dom/dist/query-helpers.js:52:17
 ❯ node_modules/@testing-library/dom/dist/query-helpers.js:95:19
 ❯ src/pages/public-pages.test.tsx:254:19
    252|     await userEvent.click(screen.getByRole("button", { name: button })…
    253| 
    254|     expect(screen.getByText("2 페이지")).toBeVisible();
       |                   ^
    255|     expect(screen.getByRole("heading", { name: "Catalog App 25" })).to…
    256|     expect(screen.getByRole("button", { name: button })).toHaveAttribu…

⎯⎯⎯⎯⎯⎯⎯⎯⎯⎯⎯⎯⎯⎯⎯⎯⎯⎯⎯⎯⎯⎯⎯⎯[2/2]⎯


 Test Files  1 failed (1)
      Tests  2 failed | 9 passed (11)
   Start at  06:06:06
   Duration  1.68s (transform 153ms, setup 94ms, collect 276ms, tests 774ms, environment 276ms, prepare 44ms)

