
> agenthub-portal@0.1.0 build
> tsc -b && vite build

vite v8.2.1 building client environment for production...
[2Ktransforming...✓ 1842 modules transformed.
rendering chunks...
computing gzip size...
dist/index.html                                 0.82 kB │ gzip:  0.42 kB
dist/assets/index-BzQt6qdP.css                 91.85 kB │ gzip: 17.62 kB
dist/assets/square-Cr8eACqJ.js                  0.13 kB │ gzip:  0.14 kB
dist/assets/play-CmUFEQaA.js                    0.17 kB │ gzip:  0.17 kB
dist/assets/circle-stop-rhjr7GN6.js             0.18 kB │ gzip:  0.16 kB
dist/assets/rotate-ccw-Crx4lNGX.js              0.18 kB │ gzip:  0.17 kB
dist/assets/download-DhoQ95FJ.js                0.21 kB │ gzip:  0.18 kB
dist/assets/copy-zBW7lmw_.js                    0.22 kB │ gzip:  0.19 kB
dist/assets/rotate-ccw-clock-Vo1GwYbN.js        0.23 kB │ gzip:  0.19 kB
dist/assets/external-link-DChr8knI.js           0.23 kB │ gzip:  0.18 kB
dist/assets/triangle-alert-DibZPAIa.js          0.25 kB │ gzip:  0.20 kB
dist/assets/pencil-DlbP2N_x.js                  0.26 kB │ gzip:  0.21 kB
dist/assets/coins-BgAyMvmO.js                   0.27 kB │ gzip:  0.22 kB
dist/assets/send-BqPTokFi.js                    0.27 kB │ gzip:  0.22 kB
dist/assets/flask-conical-uyFf14zh.js           0.28 kB │ gzip:  0.22 kB
dist/assets/clipboard-check-DS_tLUfS.js         0.29 kB │ gzip:  0.22 kB
dist/assets/korean-DikEl9VD.js                  0.29 kB │ gzip:  0.24 kB
dist/assets/save-BkFoqQ5g.js                    0.31 kB │ gzip:  0.21 kB
dist/assets/trash-2-Bxi7GhHd.js                 0.31 kB │ gzip:  0.20 kB
dist/assets/camera-Dyhwpmnv.js                  0.32 kB │ gzip:  0.24 kB
dist/assets/stethoscope-BGFFy5tx.js             0.32 kB │ gzip:  0.23 kB
dist/assets/cpu-CQNZYOw2.js                     0.62 kB │ gzip:  0.28 kB
dist/assets/user-cog-1EL_6M1f.js                0.63 kB │ gzip:  0.32 kB
dist/assets/Reviews-LpcNDPeK.js                 2.39 kB │ gzip:  1.27 kB
dist/assets/MCPFabric-CDjRv3My.js               2.74 kB │ gzip:  1.23 kB
dist/assets/AdminUsers-BOyCJSaz.js              5.43 kB │ gzip:  2.20 kB
dist/assets/CodeReview-B3UugL0j.js              5.61 kB │ gzip:  2.36 kB
dist/assets/AdminProvenance-BE3RYkKx.js         6.47 kB │ gzip:  2.69 kB
dist/assets/Runs-DUJ_K4ef.js                    6.61 kB │ gzip:  2.58 kB
dist/assets/Snapshots-Bq2BqxzZ.js               7.35 kB │ gzip:  2.81 kB
dist/assets/AdminSecurity-CFvq1QkZ.js           7.59 kB │ gzip:  3.00 kB
dist/assets/Sessions-DIwrM9Z1.js                7.70 kB │ gzip:  2.83 kB
dist/assets/Workspaces-Ctsb2KOS.js              9.08 kB │ gzip:  3.21 kB
dist/assets/AdminDLP-CV4rmv1b.js                9.40 kB │ gzip:  3.85 kB
dist/assets/Evaluation-D6AORtgp.js              9.47 kB │ gzip:  3.30 kB
dist/assets/AdminOperations-qBjqXGTP.js         9.67 kB │ gzip:  3.26 kB
dist/assets/AdminRuntimeSettings-BtywJQgv.js   10.28 kB │ gzip:  3.97 kB
dist/assets/AdminQuota-CMcjywAq.js             10.97 kB │ gzip:  3.64 kB
dist/assets/Catalog-B9WXd9hW.js                11.56 kB │ gzip:  4.19 kB
dist/assets/Developer-DfE1nPoo.js              12.55 kB │ gzip:  4.36 kB
dist/assets/AdminExecution-BFcaCsAu.js         12.74 kB │ gzip:  4.22 kB
dist/assets/AdminPolicy-CzHMaEzW.js            14.77 kB │ gzip:  4.84 kB
dist/assets/AdminInsights-cCWo9WHv.js          15.59 kB │ gzip:  5.10 kB
dist/assets/UI-CSVFgjGU.js                     17.20 kB │ gzip:  6.63 kB
dist/assets/AdminResources-1v1vm4Pz.js         20.76 kB │ gzip:  6.27 kB
dist/assets/Workflows-dm2guKy0.js              21.88 kB │ gzip:  7.35 kB
dist/assets/Tasks-DhGPe4Im.js                  39.86 kB │ gzip: 12.08 kB
dist/assets/AdminSettings-dSNI4QzP.js          54.08 kB │ gzip: 15.61 kB
dist/assets/Agents-CWI0UHkL.js                 72.51 kB │ gzip: 20.07 kB
dist/assets/index-CXaFp_sX.js                 274.36 kB │ gzip: 88.24 kB

✓ built in 278ms
