
added 158 packages, and audited 159 packages in 6s

44 packages are looking for funding
  run `npm fund` for details

1 high severity vulnerability

To address all issues, run:
  npm audit fix

Run `npm audit` for details.

> agenthub-portal@0.1.0 lint
> eslint .


> agenthub-portal@0.1.0 test:sso
> node --test scripts/silent-sso.test.mjs

TAP version 13
# node:internal/modules/esm/get_format:189
#   throw new ERR_UNKNOWN_FILE_EXTENSION(ext, filepath);
#         ^
# TypeError [ERR_UNKNOWN_FILE_EXTENSION]: Unknown file extension ".ts" for /home/hkjang/.cache/auto-improve-wt/AgentHub-release/web/src/silentSso.ts
#     at Object.getFileProtocolModuleFormat [as file:] (node:internal/modules/esm/get_format:189:9)
#     at defaultGetFormat (node:internal/modules/esm/get_format:232:36)
#     at defaultLoad (node:internal/modules/esm/load:145:22)
#     at async ModuleLoader.loadAndTranslate (node:internal/modules/esm/loader:477:45)
#     at async ModuleJob._link (node:internal/modules/esm/module_job:110:19) {
#   code: 'ERR_UNKNOWN_FILE_EXTENSION'
# }
# Node.js v20.19.2
# Subtest: /home/hkjang/.cache/auto-improve-wt/AgentHub-release/web/scripts/silent-sso.test.mjs
not ok 1 - /home/hkjang/.cache/auto-improve-wt/AgentHub-release/web/scripts/silent-sso.test.mjs
  ---
  duration_ms: 30.288793
  location: '/home/hkjang/.cache/auto-improve-wt/AgentHub-release/web/scripts/silent-sso.test.mjs:1:1'
  failureType: 'testCodeFailure'
  exitCode: 1
  signal: ~
  error: 'test failed'
  code: 'ERR_TEST_FAILURE'
  ...
1..1
# tests 1
# suites 0
# pass 0
# fail 1
# cancelled 0
# skipped 0
# todo 0
# duration_ms 33.024241
