=== RUN   TestCatalogListOrdersTiedNamesByID
=== RUN   TestCatalogListOrdersTiedNamesByID/tied_names
    catalog_order_pg_test.go:141: catalog name/id order: got [10000000-0000-0000-0000-000000000005 10000000-0000-0000-0000-000000000006 10000000-0000-0000-0000-000000000004 10000000-0000-0000-0000-000000000003 10000000-0000-0000-0000-000000000002 10000000-0000-0000-0000-000000000001], want [10000000-0000-0000-0000-000000000001 10000000-0000-0000-0000-000000000002 10000000-0000-0000-0000-000000000003 10000000-0000-0000-0000-000000000004 10000000-0000-0000-0000-000000000005 10000000-0000-0000-0000-000000000006]
=== RUN   TestCatalogListOrdersTiedNamesByID/name_before_ID
    catalog_order_pg_test.go:141: catalog name/id order: got [20000000-0000-0000-0000-000000000001 10000000-0000-0000-0000-000000000005 10000000-0000-0000-0000-000000000004 10000000-0000-0000-0000-000000000003 10000000-0000-0000-0000-000000000002 10000000-0000-0000-0000-000000000001 10000000-0000-0000-0000-000000000006 00000000-0000-0000-0000-000000000001], want [20000000-0000-0000-0000-000000000001 10000000-0000-0000-0000-000000000001 10000000-0000-0000-0000-000000000002 10000000-0000-0000-0000-000000000003 10000000-0000-0000-0000-000000000004 10000000-0000-0000-0000-000000000005 10000000-0000-0000-0000-000000000006 00000000-0000-0000-0000-000000000001]
=== RUN   TestCatalogListOrdersTiedNamesByID/category
    catalog_order_pg_test.go:141: catalog name/id order: got [10000000-0000-0000-0000-000000000005 10000000-0000-0000-0000-000000000006 10000000-0000-0000-0000-000000000004 10000000-0000-0000-0000-000000000003 10000000-0000-0000-0000-000000000002 10000000-0000-0000-0000-000000000001 00000000-0000-0000-0000-000000000001], want [10000000-0000-0000-0000-000000000001 10000000-0000-0000-0000-000000000002 10000000-0000-0000-0000-000000000003 10000000-0000-0000-0000-000000000004 10000000-0000-0000-0000-000000000005 10000000-0000-0000-0000-000000000006 00000000-0000-0000-0000-000000000001]
=== RUN   TestCatalogListOrdersTiedNamesByID/favorite
    catalog_order_pg_test.go:141: catalog name/id order: got [20000000-0000-0000-0000-000000000001 10000000-0000-0000-0000-000000000005 10000000-0000-0000-0000-000000000004 10000000-0000-0000-0000-000000000006 10000000-0000-0000-0000-000000000002 10000000-0000-0000-0000-000000000001 10000000-0000-0000-0000-000000000003], want [20000000-0000-0000-0000-000000000001 10000000-0000-0000-0000-000000000001 10000000-0000-0000-0000-000000000002 10000000-0000-0000-0000-000000000003 10000000-0000-0000-0000-000000000004 10000000-0000-0000-0000-000000000005 10000000-0000-0000-0000-000000000006]
=== RUN   TestCatalogListOrdersTiedNamesByID/combined_filters
    catalog_order_pg_test.go:141: catalog name/id order: got [10000000-0000-0000-0000-000000000005 10000000-0000-0000-0000-000000000006 10000000-0000-0000-0000-000000000004 10000000-0000-0000-0000-000000000003 10000000-0000-0000-0000-000000000002 10000000-0000-0000-0000-000000000001], want [10000000-0000-0000-0000-000000000001 10000000-0000-0000-0000-000000000002 10000000-0000-0000-0000-000000000003 10000000-0000-0000-0000-000000000004 10000000-0000-0000-0000-000000000005 10000000-0000-0000-0000-000000000006]
--- FAIL: TestCatalogListOrdersTiedNamesByID (0.51s)
    --- FAIL: TestCatalogListOrdersTiedNamesByID/tied_names (0.01s)
    --- FAIL: TestCatalogListOrdersTiedNamesByID/name_before_ID (0.01s)
    --- FAIL: TestCatalogListOrdersTiedNamesByID/category (0.01s)
    --- FAIL: TestCatalogListOrdersTiedNamesByID/favorite (0.01s)
    --- FAIL: TestCatalogListOrdersTiedNamesByID/combined_filters (0.01s)
=== RUN   TestCatalogListKeepsOrderAcrossDescriptionUpdate
    catalog_order_pg_test.go:221: catalog name/id order: got [10000000-0000-0000-0000-000000000005 10000000-0000-0000-0000-000000000006 10000000-0000-0000-0000-000000000004 10000000-0000-0000-0000-000000000003 10000000-0000-0000-0000-000000000002 10000000-0000-0000-0000-000000000001], want [10000000-0000-0000-0000-000000000001 10000000-0000-0000-0000-000000000002 10000000-0000-0000-0000-000000000003 10000000-0000-0000-0000-000000000004 10000000-0000-0000-0000-000000000005 10000000-0000-0000-0000-000000000006]
    catalog_order_pg_test.go:229: catalog name/id order: got [10000000-0000-0000-0000-000000000005 10000000-0000-0000-0000-000000000006 10000000-0000-0000-0000-000000000004 10000000-0000-0000-0000-000000000003 10000000-0000-0000-0000-000000000002 10000000-0000-0000-0000-000000000001], want [10000000-0000-0000-0000-000000000001 10000000-0000-0000-0000-000000000002 10000000-0000-0000-0000-000000000003 10000000-0000-0000-0000-000000000004 10000000-0000-0000-0000-000000000005 10000000-0000-0000-0000-000000000006]
--- FAIL: TestCatalogListKeepsOrderAcrossDescriptionUpdate (0.47s)
FAIL
FAIL	github.com/hkjang/igame/internal/api	0.987s
FAIL
