npm --prefix sdk/gamehub-js run build

> @igame/gamehub-js@0.7.32 build
> tsup src/index.ts --format esm,cjs --dts --clean

CLI Building entry: src/index.ts
CLI Using tsconfig: tsconfig.json
CLI tsup v8.5.1
CLI Target: es2022
CLI Cleaning output folder
ESM Build start
CJS Build start
CJS dist/index.cjs 10.33 KB
CJS ⚡️ Build success in 19ms
ESM dist/index.js 9.24 KB
ESM ⚡️ Build success in 24ms
DTS Build start
DTS ⚡️ Build success in 751ms
DTS dist/index.d.ts  4.86 KB
DTS dist/index.d.cts 4.86 KB
npm --prefix web run build

> igame-web@0.7.32 build
> tsc -b && vite build

vite v7.3.6 building client environment for production...
transforming...
✓ 1128 modules transformed.
rendering chunks...
computing gzip size...
dist/index.html                                       0.60 kB │ gzip:   0.40 kB
dist/assets/index-Cm-5-y8F.css                        0.63 kB │ gzip:   0.29 kB
dist/assets/gameLinks-C-KPRkwU.js                     0.17 kB │ gzip:   0.15 kB
dist/assets/AddRounded-DAzPPZem.js                    0.23 kB │ gzip:   0.18 kB
dist/assets/ArrowBackRounded-BWIHOKGv.js              0.28 kB │ gzip:   0.21 kB
dist/assets/EditRounded-CeckBtMF.js                   0.29 kB │ gzip:   0.22 kB
dist/assets/BoltRounded-Cw8Hpors.js                   0.31 kB │ gzip:   0.24 kB
dist/assets/CheckCircleRounded-uD_vJeLo.js            0.31 kB │ gzip:   0.23 kB
dist/assets/SaveRounded-CVl4FsaG.js                   0.33 kB │ gzip:   0.24 kB
dist/assets/DeleteOutlineRounded-D8k5T_PN.js          0.37 kB │ gzip:   0.26 kB
dist/assets/SchoolRounded-D3_rgUj8.js                 0.40 kB │ gzip:   0.27 kB
dist/assets/OpenInNewRounded-Cn0vEIuM.js              0.41 kB │ gzip:   0.27 kB
dist/assets/RefreshRounded-aDbWcpbL.js                0.44 kB │ gzip:   0.31 kB
dist/assets/useRetainFocus-iG5QC9SE.js                0.56 kB │ gzip:   0.30 kB
dist/assets/DialogContentText-Dwy9TllD.js             0.62 kB │ gzip:   0.40 kB
dist/assets/labels-C2--Z4zJ.js                        1.16 kB │ gzip:   0.79 kB
dist/assets/AdminAnalyticsPage-BCphx5Ld.js            1.39 kB │ gzip:   0.85 kB
dist/assets/api-CuEbIA9D.js                           1.45 kB │ gzip:   0.52 kB
dist/assets/CardActionArea-Uqrlpn-9.js                1.57 kB │ gzip:   0.77 kB
dist/assets/NoticesPage-BJ_2bPJY.js                   2.28 kB │ gzip:   1.40 kB
dist/assets/DefensePreviewPage-DiapAovR.js            2.37 kB │ gzip:   1.36 kB
dist/assets/RealmGuardPreviewPage-zIYRzrca.js         2.39 kB │ gzip:   1.37 kB
dist/assets/JsonSubField-COrcCDdo.js                  3.00 kB │ gzip:   1.60 kB
dist/assets/clipboard-DYDTioCt.js                     3.58 kB │ gzip:   1.63 kB
dist/assets/AIGameLabPage-CndJRGbN.js                 3.94 kB │ gzip:   2.19 kB
dist/assets/Switch-Dd3MIvWJ.js                        4.59 kB │ gzip:   1.76 kB
dist/assets/ReviewQueue-DSKf7A03.js                   4.79 kB │ gzip:   2.34 kB
dist/assets/FormControlLabel-qOfNRmxb.js              4.87 kB │ gzip:   2.08 kB
dist/assets/DialogTitle-CK9i6ocV.js                   6.97 kB │ gzip:   2.40 kB
dist/assets/ProfileOverviewPage-BLwwDS1m.js           7.20 kB │ gzip:   2.94 kB
dist/assets/AdminDashboardPage-BtHwq7Mb.js            7.70 kB │ gzip:   2.94 kB
dist/assets/PersonalKeysPage-3nOTEZ7J.js              7.82 kB │ gzip:   3.23 kB
dist/assets/content-ChdQSuMr.js                       7.98 kB │ gzip:   3.83 kB
dist/assets/ReviewsPage-_J0cYB5g.js                   8.56 kB │ gzip:   2.59 kB
dist/assets/DeveloperPage-DWKv6JZ8.js                 8.65 kB │ gzip:   3.56 kB
dist/assets/api-Cjsfz6Sj.js                          11.79 kB │ gzip:   4.51 kB
dist/assets/RealmGuardDesignerPage-BWa6_uVu.js       13.59 kB │ gzip:   5.32 kB
dist/assets/content-JH7vh64B.js                      15.06 kB │ gzip:   6.54 kB
dist/assets/api-By-LN-8c.js                          17.02 kB │ gzip:   6.41 kB
dist/assets/DefenseContentStudioPage-A5PY0dOI.js     19.20 kB │ gzip:   7.39 kB
dist/assets/PreferencesPage-DPvRIL-g.js              22.60 kB │ gzip:   8.31 kB
dist/assets/RealmGuardGame-BbBj2GhM.js               22.95 kB │ gzip:   8.66 kB
dist/assets/AdminResourcePage-8hQ3jN8z.js            24.69 kB │ gzip:   8.94 kB
dist/assets/GamePlayPage-CWAn8VoI.js                 26.99 kB │ gzip:  10.07 kB
dist/assets/StageRoster-CJyR8zAa.js                  31.12 kB │ gzip:  11.74 kB
dist/assets/AdminSettingsPage-Bgx_bbvN.js            33.83 kB │ gzip:  11.14 kB
dist/assets/DefenseSeriesGame-DDx4x7lZ.js            35.57 kB │ gzip:  12.85 kB
dist/assets/index-BaGZxjpr.js                       651.79 kB │ gzip: 205.02 kB
dist/assets/RealmGuardScene-CRgo1hWW.js           1,253.22 kB │ gzip: 346.38 kB

(!) Some chunks are larger than 900 kB after minification. Consider:
- Using dynamic import() to code-split the application
- Use build.rollupOptions.output.manualChunks to improve chunking: https://rollupjs.org/configuration-options/#output-manualchunks
- Adjust chunk size limit for this warning via build.chunkSizeWarningLimit.
✓ built in 3.96s
bash ./scripts/check-offline-bundle.sh
Offline RealmGuard 0.3.1 and Defense Series 0.4.0 bundles verified (igame 0.7.32, Phaser 3.90.0).
bash ./scripts/build-local.sh "0.7.32" "ab80c961d775" "2026-10-08T13:27:20Z"
