=== RUN   TestCatalogListOrdersTiedNamesByID
=== RUN   TestCatalogListOrdersTiedNamesByID/tied_names
=== RUN   TestCatalogListOrdersTiedNamesByID/name_before_ID
=== RUN   TestCatalogListOrdersTiedNamesByID/category
=== RUN   TestCatalogListOrdersTiedNamesByID/favorite
=== RUN   TestCatalogListOrdersTiedNamesByID/combined_filters
--- PASS: TestCatalogListOrdersTiedNamesByID (0.63s)
    --- PASS: TestCatalogListOrdersTiedNamesByID/tied_names (0.01s)
    --- PASS: TestCatalogListOrdersTiedNamesByID/name_before_ID (0.01s)
    --- PASS: TestCatalogListOrdersTiedNamesByID/category (0.01s)
    --- PASS: TestCatalogListOrdersTiedNamesByID/favorite (0.01s)
    --- PASS: TestCatalogListOrdersTiedNamesByID/combined_filters (0.01s)
=== RUN   TestCatalogListKeepsOrderAcrossDescriptionUpdate
--- PASS: TestCatalogListKeepsOrderAcrossDescriptionUpdate (0.68s)
=== RUN   TestCatalogListOrdersTiedNamesByID
=== RUN   TestCatalogListOrdersTiedNamesByID/tied_names
=== RUN   TestCatalogListOrdersTiedNamesByID/name_before_ID
=== RUN   TestCatalogListOrdersTiedNamesByID/category
=== RUN   TestCatalogListOrdersTiedNamesByID/favorite
=== RUN   TestCatalogListOrdersTiedNamesByID/combined_filters
--- PASS: TestCatalogListOrdersTiedNamesByID (0.58s)
    --- PASS: TestCatalogListOrdersTiedNamesByID/tied_names (0.01s)
    --- PASS: TestCatalogListOrdersTiedNamesByID/name_before_ID (0.01s)
    --- PASS: TestCatalogListOrdersTiedNamesByID/category (0.01s)
    --- PASS: TestCatalogListOrdersTiedNamesByID/favorite (0.01s)
    --- PASS: TestCatalogListOrdersTiedNamesByID/combined_filters (0.01s)
=== RUN   TestCatalogListKeepsOrderAcrossDescriptionUpdate
--- PASS: TestCatalogListKeepsOrderAcrossDescriptionUpdate (0.52s)
=== RUN   TestCatalogListOrdersTiedNamesByID
=== RUN   TestCatalogListOrdersTiedNamesByID/tied_names
=== RUN   TestCatalogListOrdersTiedNamesByID/name_before_ID
=== RUN   TestCatalogListOrdersTiedNamesByID/category
=== RUN   TestCatalogListOrdersTiedNamesByID/favorite
=== RUN   TestCatalogListOrdersTiedNamesByID/combined_filters
--- PASS: TestCatalogListOrdersTiedNamesByID (0.56s)
    --- PASS: TestCatalogListOrdersTiedNamesByID/tied_names (0.01s)
    --- PASS: TestCatalogListOrdersTiedNamesByID/name_before_ID (0.01s)
    --- PASS: TestCatalogListOrdersTiedNamesByID/category (0.01s)
    --- PASS: TestCatalogListOrdersTiedNamesByID/favorite (0.01s)
    --- PASS: TestCatalogListOrdersTiedNamesByID/combined_filters (0.01s)
=== RUN   TestCatalogListKeepsOrderAcrossDescriptionUpdate
--- PASS: TestCatalogListKeepsOrderAcrossDescriptionUpdate (0.53s)
=== RUN   TestCatalogListOrdersTiedNamesByID
=== RUN   TestCatalogListOrdersTiedNamesByID/tied_names
=== RUN   TestCatalogListOrdersTiedNamesByID/name_before_ID
=== RUN   TestCatalogListOrdersTiedNamesByID/category
=== RUN   TestCatalogListOrdersTiedNamesByID/favorite
=== RUN   TestCatalogListOrdersTiedNamesByID/combined_filters
--- PASS: TestCatalogListOrdersTiedNamesByID (0.53s)
    --- PASS: TestCatalogListOrdersTiedNamesByID/tied_names (0.01s)
    --- PASS: TestCatalogListOrdersTiedNamesByID/name_before_ID (0.01s)
    --- PASS: TestCatalogListOrdersTiedNamesByID/category (0.01s)
    --- PASS: TestCatalogListOrdersTiedNamesByID/favorite (0.01s)
    --- PASS: TestCatalogListOrdersTiedNamesByID/combined_filters (0.01s)
=== RUN   TestCatalogListKeepsOrderAcrossDescriptionUpdate
--- PASS: TestCatalogListKeepsOrderAcrossDescriptionUpdate (0.50s)
=== RUN   TestCatalogListOrdersTiedNamesByID
=== RUN   TestCatalogListOrdersTiedNamesByID/tied_names
=== RUN   TestCatalogListOrdersTiedNamesByID/name_before_ID
=== RUN   TestCatalogListOrdersTiedNamesByID/category
=== RUN   TestCatalogListOrdersTiedNamesByID/favorite
=== RUN   TestCatalogListOrdersTiedNamesByID/combined_filters
--- PASS: TestCatalogListOrdersTiedNamesByID (0.54s)
    --- PASS: TestCatalogListOrdersTiedNamesByID/tied_names (0.01s)
    --- PASS: TestCatalogListOrdersTiedNamesByID/name_before_ID (0.01s)
    --- PASS: TestCatalogListOrdersTiedNamesByID/category (0.01s)
    --- PASS: TestCatalogListOrdersTiedNamesByID/favorite (0.01s)
    --- PASS: TestCatalogListOrdersTiedNamesByID/combined_filters (0.01s)
=== RUN   TestCatalogListKeepsOrderAcrossDescriptionUpdate
--- PASS: TestCatalogListKeepsOrderAcrossDescriptionUpdate (0.49s)
PASS
ok  	github.com/hkjang/igame/internal/api	6.578s
