
added 55 packages, and audited 56 packages in 1s

18 packages are looking for funding
  run `npm fund` for details

found 0 vulnerabilities

> weekly-frontend@0.313.0 lint
> tsc -b --pretty false


> weekly-frontend@0.313.0 test
> TZ=Asia/Seoul vitest run && TZ=America/New_York vitest run


 RUN  v4.1.11 /home/hkjang/.cache/auto-improve-wt/weekly-release/frontend


 Test Files  19 passed (19)
      Tests  173 passed (173)
   Start at  13:13:13
   Duration  373ms (transform 2.58s, setup 0ms, import 3.13s, tests 149ms, environment 1ms)


 RUN  v4.1.11 /home/hkjang/.cache/auto-improve-wt/weekly-release/frontend


 Test Files  19 passed (19)
      Tests  173 passed (173)
   Start at  00:13:13
   Duration  347ms (transform 2.09s, setup 0ms, import 2.52s, tests 147ms, environment 1ms)


> weekly-frontend@0.313.0 build
> tsc -b && vite build

vite v8.2.1 building client environment for production...
[2Ktransforming...✓ 64 modules transformed.
rendering chunks...
computing gzip size...
dist/index.html                   0.55 kB │ gzip:   0.33 kB
dist/assets/index-CitBsT7Y.css   95.80 kB │ gzip:  18.21 kB
dist/assets/index-B_m6Yu_h.js   510.28 kB │ gzip: 146.05 kB

✓ built in 215ms
[plugin builtin:vite-reporter] 
(!) Some chunks are larger than 500 kB after minification. Consider:
- Using dynamic import() to code-split the application
- Use build.rolldownOptions.output.codeSplitting to improve chunking: https://rolldown.rs/reference/OutputOptions.codeSplitting
- Adjust chunk size limit for this warning via build.chunkSizeWarningLimit.
