
added 55 packages, and audited 56 packages in 1s

18 packages are looking for funding
  run `npm fund` for details

found 0 vulnerabilities

> weekly-frontend@0.313.0 build
> tsc -b && vite build

vite v8.2.1 building client environment for production...
[2Ktransforming...✓ 64 modules transformed.
rendering chunks...
computing gzip size...
dist/index.html                   0.55 kB │ gzip:   0.33 kB
dist/assets/index-CitBsT7Y.css   95.80 kB │ gzip:  18.21 kB
dist/assets/index-B_m6Yu_h.js   510.28 kB │ gzip: 146.05 kB

✓ built in 246ms
[plugin builtin:vite-reporter] 
(!) Some chunks are larger than 500 kB after minification. Consider:
- Using dynamic import() to code-split the application
- Use build.rolldownOptions.output.codeSplitting to improve chunking: https://rolldown.rs/reference/OutputOptions.codeSplitting
- Adjust chunk size limit for this warning via build.chunkSizeWarningLimit.
Weekly v0.313.0 built: /home/hkjang/.cache/auto-improve-wt/weekly-release/dist/weekly
