running the suite against postgres:17-alpine
?   	github.com/hkjang/invenqor/server/cmd/invenqor-server	[no test files]
ok  	github.com/hkjang/invenqor/server/internal/agents	0.919s
ok  	github.com/hkjang/invenqor/server/internal/apikeys	8.359s
ok  	github.com/hkjang/invenqor/server/internal/apitime	0.003s
?   	github.com/hkjang/invenqor/server/internal/audit	[no test files]
ok  	github.com/hkjang/invenqor/server/internal/auth	20.454s
ok  	github.com/hkjang/invenqor/server/internal/bootstrap	0.026s
ok  	github.com/hkjang/invenqor/server/internal/classify	0.005s
ok  	github.com/hkjang/invenqor/server/internal/config	0.100s
ok  	github.com/hkjang/invenqor/server/internal/diagnostics	2.972s
ok  	github.com/hkjang/invenqor/server/internal/durablefs	0.018s
ok  	github.com/hkjang/invenqor/server/internal/httpapi	67.887s
ok  	github.com/hkjang/invenqor/server/internal/ingest	14.865s
ok  	github.com/hkjang/invenqor/server/internal/mail	9.168s
ok  	github.com/hkjang/invenqor/server/internal/querydsl	0.005s
ok  	github.com/hkjang/invenqor/server/internal/softwarecatalog	2.271s
ok  	github.com/hkjang/invenqor/server/internal/spool	0.070s
ok  	github.com/hkjang/invenqor/server/internal/storage	19.635s
?   	github.com/hkjang/invenqor/server/internal/storagetest	[no test files]
ok  	github.com/hkjang/invenqor/server/internal/tracking	0.004s
ok  	github.com/hkjang/invenqor/server/internal/updates	0.634s
?   	github.com/hkjang/invenqor/server/internal/version	[no test files]
ok  	github.com/hkjang/invenqor/server/internal/webui	0.005s
?   	github.com/hkjang/invenqor/server/migrations	[no test files]
