Usage: bash scripts/check-apk-lock.sh [--lock FILE]

Simulate runtime APK installation using Dockerfile's runtime-base image
on linux/amd64. Requires Docker and network access. No lock is updated.
FILE defaults to deploy/runtime-apk.lock relative to the repository;
an explicit relative FILE is resolved from the caller's directory.
Each non-comment, non-empty line must be one package=version pin.
check-apk-lock: Unknown argument: --unknown (see --help)
check-apk-lock: --lock requires a file
check-apk-lock: --lock may be specified only once
check-apk-lock: /tmp/tmp.5ZbesxsQeY/missing: expected readable regular file
check-apk-lock: /tmp/tmp.5ZbesxsQeY/empty: no package pins
check-apk-lock: /tmp/tmp.5ZbesxsQeY/comments: no package pins
check-apk-lock: /tmp/tmp.5ZbesxsQeY/unpinned:1: invalid package=version pin
check-apk-lock: /tmp/tmp.5ZbesxsQeY/options:1: invalid package=version pin
check-apk-lock: /tmp/tmp.5ZbesxsQeY/shell:1: invalid package=version pin
Checking /tmp/tmp.5ZbesxsQeY/valid lock with alpine:3.24.1@sha256:28bd5fe8b56d1bd048e5babf5b10710ebe0bae67db86916198a6eec434943f8b (linux/amd64)
OK: 8196 KiB in 16 packages
Checking /tmp/tmp.5ZbesxsQeY/impossible lock with alpine:3.24.1@sha256:28bd5fe8b56d1bd048e5babf5b10710ebe0bae67db86916198a6eec434943f8b (linux/amd64)
ERROR: unable to select packages:
  busybox-1.37.0-r31:
    breaks: world[busybox=0.0.0-r99999]
    satisfies: busybox-binsh-1.37.0-r31[busybox=1.37.0-r31]
FAIL: unexpected success: --lock /tmp/tmp.5ZbesxsQeY/valid lock
