$ bash -n scripts/check-apk-lock.sh tests/check-apk-lock.sh
exit=0
$ bash tests/check-apk-lock.sh
Usage: bash scripts/check-apk-lock.sh [--lock FILE]

Simulate runtime APK installation using Dockerfile's runtime-base image
on linux/amd64. Requires Docker and network access. No lock is updated.
FILE defaults to deploy/runtime-apk.lock relative to the repository;
an explicit relative FILE is resolved from the caller's directory.
Each non-comment, non-empty line must be one package=version pin.
check-apk-lock: Unknown argument: --unknown (see --help)
check-apk-lock: --lock requires a file
check-apk-lock: --lock may be specified only once
check-apk-lock: /tmp/tmp.bMNYfl0a5A/missing: expected readable regular file
check-apk-lock: /tmp/tmp.bMNYfl0a5A/empty: no package pins
check-apk-lock: /tmp/tmp.bMNYfl0a5A/comments: no package pins
check-apk-lock: /tmp/tmp.bMNYfl0a5A/unpinned:1: invalid package=version pin
check-apk-lock: /tmp/tmp.bMNYfl0a5A/options:1: invalid package=version pin
check-apk-lock: /tmp/tmp.bMNYfl0a5A/shell:1: invalid package=version pin
Checking /tmp/tmp.bMNYfl0a5A/valid lock with alpine:3.24.1@sha256:28bd5fe8b56d1bd048e5babf5b10710ebe0bae67db86916198a6eec434943f8b (linux/amd64)
OK: 8196 KiB in 16 packages
Checking /tmp/tmp.bMNYfl0a5A/impossible lock with alpine:3.24.1@sha256:28bd5fe8b56d1bd048e5babf5b10710ebe0bae67db86916198a6eec434943f8b (linux/amd64)
ERROR: unable to select packages:
  busybox-1.37.0-r31:
    breaks: world[busybox=0.0.0-r99999]
    satisfies: busybox-binsh-1.37.0-r31[busybox=1.37.0-r31]
Checking /tmp/tmp.bMNYfl0a5A/valid lock with alpine:3.24.1@sha256:28bd5fe8b56d1bd048e5babf5b10710ebe0bae67db86916198a6eec434943f8b (linux/amd64)
WARNING: fetching https://dl-cdn.alpinelinux.org/alpine/v3.24/main/x86_64/APKINDEX.tar.gz: Connection refused
WARNING: fetching https://dl-cdn.alpinelinux.org/alpine/v3.24/community/x86_64/APKINDEX.tar.gz: Connection refused
check-apk-lock: APK emitted diagnostics; preflight is inconclusive
/home/hkjang/.cache/auto-improve-wt/madi/deploy/runtime-apk.lock: OK
/tmp/tmp.bMNYfl0a5A/impossible lock: OK
/tmp/tmp.bMNYfl0a5A/valid lock: OK
/tmp/tmp.bMNYfl0a5A/empty: OK
/tmp/tmp.bMNYfl0a5A/comments: OK
/tmp/tmp.bMNYfl0a5A/unpinned: OK
/tmp/tmp.bMNYfl0a5A/options: OK
/tmp/tmp.bMNYfl0a5A/shell: OK
PASS: APK preflight CLI, real resolver, and read-only inputs
exit=0
$ go test -count=1 ./tests/deployment-contract
ok  	github.com/hkjang/madi/tests/deployment-contract	0.003s
exit=0
$ git diff --check
exit=0
$ default lock from /tmp
Checking /home/hkjang/.cache/auto-improve-wt/madi/deploy/runtime-apk.lock with alpine:3.24.1@sha256:28bd5fe8b56d1bd048e5babf5b10710ebe0bae67db86916198a6eec434943f8b (linux/amd64)
ERROR: unable to select packages:
  ca-certificates-20260909-r0:
    breaks: world[ca-certificates=20260611-r0]
  tzdata-2026d-r0:
    breaks: world[tzdata=2026c-r0]
exit=2
Default lock SHA256 unchanged: 8663e72a5d671523fd2a83dbd954885be1f704ece033a33bbc58eb503c9b3942; git diff unchanged
