npm warn deprecated whatwg-encoding@3.1.1: Use @exodus/bytes instead for a more spec-conformant and faster implementation

added 279 packages in 6s

> appstore-web@2.11.17 lint
> eslint . --max-warnings 0


> appstore-web@2.11.17 format:check
> prettier --check .

Checking formatting...
All matched files use Prettier code style!

> appstore-web@2.11.17 test
> vitest run


 RUN  v3.2.7 /home/hkjang/.cache/auto-improve-wt/appstore-release/web

 ✓ src/features/home/hero-copy.test.ts (3 tests) 4ms
 ✓ src/lib/api.test.ts (6 tests) 13ms
 ✓ src/lib/utils.test.ts (5 tests) 4ms
 ✓ src/features/auth/silent-sso.test.ts (9 tests) 11ms
 ✓ src/app/providers.test.tsx (1 test) 72ms
 ✓ src/components/app-shell.test.tsx (4 tests) 51ms
 ✓ src/features/apps/app-card.test.tsx (3 tests) 113ms
 ✓ src/components/ui.test.tsx (3 tests) 187ms
 ✓ src/features/apps/guide-documents.test.tsx (6 tests) 219ms
 ✓ src/pages/auth-pages.test.tsx (9 tests) 278ms
 ✓ src/pages/admin-pages.test.tsx (3 tests) 191ms
 ✓ src/features/navigation/command-palette.test.tsx (5 tests) 319ms
 ✓ src/pages/review-pages.test.tsx (7 tests) 486ms
 ✓ src/features/security-check/security-check.test.tsx (12 tests) 604ms
 ✓ src/pages/personal-pages.test.tsx (18 tests) 618ms
 ✓ src/pages/public-pages.test.tsx (13 tests) 785ms
 ✓ src/pages/app-form-page.test.tsx (19 tests) 2915ms
   ✓ Saved application completion > shows the POST response status draft as 초안  430ms

 Test Files  17 passed (17)
      Tests  126 passed (126)
   Start at  11:10:11
   Duration  4.10s (transform 1.52s, setup 1.95s, collect 5.12s, tests 6.87s, environment 5.84s, prepare 1.56s)


> appstore-web@2.11.17 build
> tsc -b && vite build

vite v7.3.6 building client environment for production...
transforming...
✓ 1757 modules transformed.
rendering chunks...
computing gzip size...
dist/index.html                                   0.58 kB │ gzip:   0.39 kB
dist/assets/Pretendard-Regular-DduNsf_8.woff2   630.02 kB
dist/assets/Pretendard-Medium-CcMLxVMi.woff2    640.52 kB
dist/assets/Pretendard-SemiBold-D66dyVQg.woff2  649.23 kB
dist/assets/Pretendard-Bold-CRkDENDk.woff2      655.32 kB
dist/assets/index-wys4rDeS.css                   38.64 kB │ gzip:   8.88 kB
dist/assets/index-DUhPe8f4.js                   483.05 kB │ gzip: 145.50 kB
✓ built in 1.93s
Offline frontend asset check passed
Environment contract verified: exactly four application settings
