?   	github.com/hkjang/moyro/server/cmd/fakeoidc	[no test files]
ok  	github.com/hkjang/moyro/server/cmd/moyro	1.041s
ok  	github.com/hkjang/moyro/server/internal/activityevents	4.791s
ok  	github.com/hkjang/moyro/server/internal/aiprovider	(cached)
ok  	github.com/hkjang/moyro/server/internal/apikeys	1.941s
ok  	github.com/hkjang/moyro/server/internal/application/postcommand	(cached)
ok  	github.com/hkjang/moyro/server/internal/approval	4.731s
ok  	github.com/hkjang/moyro/server/internal/audit	5.796s
ok  	github.com/hkjang/moyro/server/internal/auth	10.833s
ok  	github.com/hkjang/moyro/server/internal/automations	6.194s
?   	github.com/hkjang/moyro/server/internal/bookmarks	[no test files]
ok  	github.com/hkjang/moyro/server/internal/bootstrap	(cached)
ok  	github.com/hkjang/moyro/server/internal/bots	1.964s
ok  	github.com/hkjang/moyro/server/internal/buildinfo	(cached)
ok  	github.com/hkjang/moyro/server/internal/channels	8.355s
?   	github.com/hkjang/moyro/server/internal/commands	[no test files]
ok  	github.com/hkjang/moyro/server/internal/config	(cached)
?   	github.com/hkjang/moyro/server/internal/customprofile	[no test files]
?   	github.com/hkjang/moyro/server/internal/digest	[no test files]
ok  	github.com/hkjang/moyro/server/internal/documents	5.407s
ok  	github.com/hkjang/moyro/server/internal/email	(cached)
