=== RUN   TestChannelViewsAndTimezonesMembershipErrorsPostgres
=== RUN   TestChannelViewsAndTimezonesMembershipErrorsPostgres/list_views
=== RUN   TestChannelViewsAndTimezonesMembershipErrorsPostgres/list_views/missing_user
=== RUN   TestChannelViewsAndTimezonesMembershipErrorsPostgres/list_views/nonmember
=== RUN   TestChannelViewsAndTimezonesMembershipErrorsPostgres/list_views/missing_channel
=== RUN   TestChannelViewsAndTimezonesMembershipErrorsPostgres/list_views/member
=== RUN   TestChannelViewsAndTimezonesMembershipErrorsPostgres/create_view
=== RUN   TestChannelViewsAndTimezonesMembershipErrorsPostgres/create_view/missing_user
=== RUN   TestChannelViewsAndTimezonesMembershipErrorsPostgres/create_view/nonmember
=== RUN   TestChannelViewsAndTimezonesMembershipErrorsPostgres/create_view/missing_channel
=== RUN   TestChannelViewsAndTimezonesMembershipErrorsPostgres/create_view/member
=== RUN   TestChannelViewsAndTimezonesMembershipErrorsPostgres/list_timezones
=== RUN   TestChannelViewsAndTimezonesMembershipErrorsPostgres/list_timezones/missing_user
=== RUN   TestChannelViewsAndTimezonesMembershipErrorsPostgres/list_timezones/nonmember
=== RUN   TestChannelViewsAndTimezonesMembershipErrorsPostgres/list_timezones/missing_channel
=== RUN   TestChannelViewsAndTimezonesMembershipErrorsPostgres/list_timezones/member
=== RUN   TestChannelViewsAndTimezonesMembershipErrorsPostgres/list_views_database_failure
    channel_membership_errors_postgres_test.go:120: status = 403, want 500: {"id":"api.context.permissions.app_error","message":"not a channel member","status_code":403}
=== RUN   TestChannelViewsAndTimezonesMembershipErrorsPostgres/create_view_database_failure
    channel_membership_errors_postgres_test.go:120: status = 403, want 500: {"id":"api.context.permissions.app_error","message":"not a channel member","status_code":403}
=== RUN   TestChannelViewsAndTimezonesMembershipErrorsPostgres/list_timezones_database_failure
    channel_membership_errors_postgres_test.go:120: status = 403, want 500: {"id":"api.context.permissions.app_error","message":"not a channel member","status_code":403}
--- FAIL: TestChannelViewsAndTimezonesMembershipErrorsPostgres (4.12s)
    --- PASS: TestChannelViewsAndTimezonesMembershipErrorsPostgres/list_views (0.00s)
        --- PASS: TestChannelViewsAndTimezonesMembershipErrorsPostgres/list_views/missing_user (0.00s)
        --- PASS: TestChannelViewsAndTimezonesMembershipErrorsPostgres/list_views/nonmember (0.00s)
        --- PASS: TestChannelViewsAndTimezonesMembershipErrorsPostgres/list_views/missing_channel (0.00s)
        --- PASS: TestChannelViewsAndTimezonesMembershipErrorsPostgres/list_views/member (0.00s)
    --- PASS: TestChannelViewsAndTimezonesMembershipErrorsPostgres/create_view (0.00s)
        --- PASS: TestChannelViewsAndTimezonesMembershipErrorsPostgres/create_view/missing_user (0.00s)
        --- PASS: TestChannelViewsAndTimezonesMembershipErrorsPostgres/create_view/nonmember (0.00s)
        --- PASS: TestChannelViewsAndTimezonesMembershipErrorsPostgres/create_view/missing_channel (0.00s)
        --- PASS: TestChannelViewsAndTimezonesMembershipErrorsPostgres/create_view/member (0.00s)
    --- PASS: TestChannelViewsAndTimezonesMembershipErrorsPostgres/list_timezones (0.00s)
        --- PASS: TestChannelViewsAndTimezonesMembershipErrorsPostgres/list_timezones/missing_user (0.00s)
        --- PASS: TestChannelViewsAndTimezonesMembershipErrorsPostgres/list_timezones/nonmember (0.00s)
        --- PASS: TestChannelViewsAndTimezonesMembershipErrorsPostgres/list_timezones/missing_channel (0.00s)
        --- PASS: TestChannelViewsAndTimezonesMembershipErrorsPostgres/list_timezones/member (0.00s)
    --- FAIL: TestChannelViewsAndTimezonesMembershipErrorsPostgres/list_views_database_failure (0.00s)
    --- FAIL: TestChannelViewsAndTimezonesMembershipErrorsPostgres/create_view_database_failure (0.00s)
    --- FAIL: TestChannelViewsAndTimezonesMembershipErrorsPostgres/list_timezones_database_failure (0.00s)
FAIL
FAIL	github.com/hkjang/moyro/server/internal/httpapi	4.138s
FAIL
