
added 255 packages, and audited 256 packages in 6s

64 packages are looking for funding
  run `npm fund` for details

found 0 vulnerabilities

> vendra-web@0.6.21 test
> vitest run


 RUN  v4.1.11 /home/hkjang/.cache/auto-improve-wt/Vendra-release/web


 Test Files  21 passed (21)
      Tests  93 passed (93)
   Start at  08:09:35
   Duration  2.90s (transform 4.41s, setup 2.51s, import 8.04s, tests 6.03s, environment 15.27s)


> vendra-web@0.6.21 build
> tsc -b && vite build

vite v8.2.1 building client environment for production...
[2Ktransforming...✓ 1825 modules transformed.
rendering chunks...
computing gzip size...
dist/index.html                               0.58 kB │ gzip:  0.35 kB
dist/assets/index-BPVkzUSl.css               97.21 kB │ gzip: 20.00 kB
dist/assets/chevron-right-CipYM15Q.js         0.12 kB │ gzip:  0.13 kB
dist/assets/plus-DrKRsHhf.js                  0.14 kB │ gzip:  0.14 kB
dist/assets/arrow-left-CjvYGV0h.js            0.15 kB │ gzip:  0.15 kB
dist/assets/download-pAuY1CrQ.js              0.22 kB │ gzip:  0.18 kB
dist/assets/activity-CITIduvm.js              0.22 kB │ gzip:  0.19 kB
dist/assets/circle-dollar-sign-C7d2xdZf.js    0.23 kB │ gzip:  0.19 kB
dist/assets/list-checks-CPkgFOv5.js           0.26 kB │ gzip:  0.18 kB
dist/assets/send-HCKZzWfc.js                  0.28 kB │ gzip:  0.22 kB
dist/assets/users-DnXOIKmm.js                 0.29 kB │ gzip:  0.21 kB
dist/assets/trash-2-BU_zcqGJ.js               0.31 kB │ gzip:  0.20 kB
dist/assets/key-round-BJuKlt3b.js             0.34 kB │ gzip:  0.25 kB
dist/assets/file-search-Hx2-Anr7.js           0.36 kB │ gzip:  0.25 kB
dist/assets/calendar-clock-C7sNsGVF.js        0.37 kB │ gzip:  0.24 kB
dist/assets/earth-Cys9KYyk.js                 0.38 kB │ gzip:  0.26 kB
dist/assets/sparkles-evm5oY2m.js              0.48 kB │ gzip:  0.27 kB
dist/assets/AIAnalyst-AyEMnefz.js             5.22 kB │ gzip:  2.41 kB
dist/assets/SupplierNetwork-DL0sfOlY.js       6.04 kB │ gzip:  2.53 kB
dist/assets/Approvals-RWTsRTiD.js             7.98 kB │ gzip:  2.78 kB
dist/assets/Dashboard-Cxbor-EG.js             8.94 kB │ gzip:  2.99 kB
dist/assets/WorkInbox-DzHmU6MJ.js             9.51 kB │ gzip:  3.71 kB
dist/assets/Profile-BU1SBbDb.js              13.05 kB │ gzip:  4.37 kB
dist/assets/Sourcing-C8CrYtN_.js             14.17 kB │ gzip:  4.32 kB
dist/assets/Portal-BxrMkf0G.js               28.17 kB │ gzip:  8.00 kB
dist/assets/Objects-BZYsvDy2.js              32.22 kB │ gzip: 10.08 kB
dist/assets/Suppliers-DoJqTtY5.js            42.86 kB │ gzip: 10.85 kB
dist/assets/Admin-CiJ2imTA.js                60.96 kB │ gzip: 15.94 kB
dist/assets/index-wm1NZnGn.js               281.17 kB │ gzip: 89.63 kB

✓ built in 566ms
