=== RUN   TestInviteByEmailRouteKeepsTeamAdminGate
=== RUN   TestInviteByEmailRouteKeepsTeamAdminGate/a_plain_team_member_is_refused
=== RUN   TestInviteByEmailRouteKeepsTeamAdminGate/a_team_admin_invites_and_leaves_an_audit_row
=== RUN   TestInviteByEmailRouteKeepsTeamAdminGate/the_stub_path_/teams/members/invite_stays_reachable
--- PASS: TestInviteByEmailRouteKeepsTeamAdminGate (3.43s)
    --- PASS: TestInviteByEmailRouteKeepsTeamAdminGate/a_plain_team_member_is_refused (0.01s)
    --- PASS: TestInviteByEmailRouteKeepsTeamAdminGate/a_team_admin_invites_and_leaves_an_audit_row (0.11s)
    --- PASS: TestInviteByEmailRouteKeepsTeamAdminGate/the_stub_path_/teams/members/invite_stays_reachable (0.00s)
=== RUN   TestPresenceSocketLifecyclePreservesManualStatus
=== RUN   TestPresenceSocketLifecyclePreservesManualStatus/automatic_presence_follows_its_only_socket
=== RUN   TestPresenceSocketLifecyclePreservesManualStatus/automatic_presence_follows_its_only_socket/first_connection
=== RUN   TestPresenceSocketLifecyclePreservesManualStatus/automatic_presence_follows_its_only_socket/reconnection
=== RUN   TestPresenceSocketLifecyclePreservesManualStatus/manual_dnd_survives_reconnect
=== RUN   TestPresenceSocketLifecyclePreservesManualStatus/manual_dnd_survives_reconnect/first_connection
=== RUN   TestPresenceSocketLifecyclePreservesManualStatus/manual_dnd_survives_reconnect/reconnection
=== RUN   TestPresenceSocketLifecyclePreservesManualStatus/manual_away_survives_reconnect
=== RUN   TestPresenceSocketLifecyclePreservesManualStatus/manual_away_survives_reconnect/first_connection
=== RUN   TestPresenceSocketLifecyclePreservesManualStatus/manual_away_survives_reconnect/reconnection
--- PASS: TestPresenceSocketLifecyclePreservesManualStatus (5.30s)
    --- PASS: TestPresenceSocketLifecyclePreservesManualStatus/automatic_presence_follows_its_only_socket (1.04s)
        --- PASS: TestPresenceSocketLifecyclePreservesManualStatus/automatic_presence_follows_its_only_socket/first_connection (0.01s)
        --- PASS: TestPresenceSocketLifecyclePreservesManualStatus/automatic_presence_follows_its_only_socket/reconnection (0.01s)
    --- PASS: TestPresenceSocketLifecyclePreservesManualStatus/manual_dnd_survives_reconnect (1.02s)
        --- PASS: TestPresenceSocketLifecyclePreservesManualStatus/manual_dnd_survives_reconnect/first_connection (0.01s)
        --- PASS: TestPresenceSocketLifecyclePreservesManualStatus/manual_dnd_survives_reconnect/reconnection (0.01s)
    --- PASS: TestPresenceSocketLifecyclePreservesManualStatus/manual_away_survives_reconnect (1.03s)
        --- PASS: TestPresenceSocketLifecyclePreservesManualStatus/manual_away_survives_reconnect/first_connection (0.01s)
        --- PASS: TestPresenceSocketLifecyclePreservesManualStatus/manual_away_survives_reconnect/reconnection (0.01s)
=== RUN   TestPresenceAndCustomStatusWebSocketAudiencePostgres
--- PASS: TestPresenceAndCustomStatusWebSocketAudiencePostgres (1.18s)
PASS
ok  	github.com/hkjang/[REDACTED]/server/internal/httpapi	10.999s
