?   	github.com/hkjang/[REDACTED]/server/cmd/fakeoidc	[no test files]
ok  	github.com/hkjang/[REDACTED]/server/cmd/[REDACTED]	1.046s
ok  	github.com/hkjang/[REDACTED]/server/internal/activityevents	5.740s
ok  	github.com/hkjang/[REDACTED]/server/internal/aiprovider	2.050s
ok  	github.com/hkjang/[REDACTED]/server/internal/apikeys	2.339s
ok  	github.com/hkjang/[REDACTED]/server/internal/application/postcommand	1.030s
ok  	github.com/hkjang/[REDACTED]/server/internal/approval	5.799s
ok  	github.com/hkjang/[REDACTED]/server/internal/audit	6.788s
ok  	github.com/hkjang/[REDACTED]/server/internal/auth	11.615s
ok  	github.com/hkjang/[REDACTED]/server/internal/automations	7.345s
?   	github.com/hkjang/[REDACTED]/server/internal/bookmarks	[no test files]
ok  	github.com/hkjang/[REDACTED]/server/internal/bootstrap	1.012s
ok  	github.com/hkjang/[REDACTED]/server/internal/bots	2.145s
ok  	github.com/hkjang/[REDACTED]/server/internal/buildinfo	1.012s
ok  	github.com/hkjang/[REDACTED]/server/internal/channels	10.240s
?   	github.com/hkjang/[REDACTED]/server/internal/commands	[no test files]
ok  	github.com/hkjang/[REDACTED]/server/internal/config	1.017s
?   	github.com/hkjang/[REDACTED]/server/internal/customprofile	[no test files]
ok  	github.com/hkjang/[REDACTED]/server/internal/digest	2.131s
ok  	github.com/hkjang/[REDACTED]/server/internal/documents	5.616s
ok  	github.com/hkjang/[REDACTED]/server/internal/email	1.089s
ok  	github.com/hkjang/[REDACTED]/server/internal/emojis	10.782s
ok  	github.com/hkjang/[REDACTED]/server/internal/files	3.232s
ok  	github.com/hkjang/[REDACTED]/server/internal/httpapi	71.134s
ok  	github.com/hkjang/[REDACTED]/server/internal/inboxprefs	2.283s
ok  	github.com/hkjang/[REDACTED]/server/internal/invites	7.723s
ok  	github.com/hkjang/[REDACTED]/server/internal/knowledge	2.142s
ok  	github.com/hkjang/[REDACTED]/server/internal/links	1.019s
ok  	github.com/hkjang/[REDACTED]/server/internal/mcpserver	1.040s
?   	github.com/hkjang/[REDACTED]/server/internal/metrics	[no test files]
ok  	github.com/hkjang/[REDACTED]/server/internal/oauth	1.013s
ok  	github.com/hkjang/[REDACTED]/server/internal/oidcauth	1.334s
ok  	github.com/hkjang/[REDACTED]/server/internal/onboarding	1.011s
ok  	github.com/hkjang/[REDACTED]/server/internal/pat	1.012s
ok  	github.com/hkjang/[REDACTED]/server/internal/pluginhost	28.485s
?   	github.com/hkjang/[REDACTED]/server/internal/postacks	[no test files]
ok  	github.com/hkjang/[REDACTED]/server/internal/posts	5.158s
?   	github.com/hkjang/[REDACTED]/server/internal/preferences	[no test files]
ok  	github.com/hkjang/[REDACTED]/server/internal/ratelimit	1.012s
ok  	github.com/hkjang/[REDACTED]/server/internal/rbac	1.013s
ok  	github.com/hkjang/[REDACTED]/server/internal/reactions	3.116s
ok  	github.com/hkjang/[REDACTED]/server/internal/registration	1.993s
ok  	github.com/hkjang/[REDACTED]/server/internal/reminders	5.162s
ok  	github.com/hkjang/[REDACTED]/server/internal/rpcbridge	1.013s
?   	github.com/hkjang/[REDACTED]/server/internal/savedposts	[no test files]
ok  	github.com/hkjang/[REDACTED]/server/internal/scheduled	4.223s
ok  	github.com/hkjang/[REDACTED]/server/internal/secrets	1.012s
ok  	github.com/hkjang/[REDACTED]/server/internal/settings	1.014s
ok  	github.com/hkjang/[REDACTED]/server/internal/sidebar	10.406s
ok  	github.com/hkjang/[REDACTED]/server/internal/slashcmd	1.013s
ok  	github.com/hkjang/[REDACTED]/server/internal/store	8.801s
ok  	github.com/hkjang/[REDACTED]/server/internal/teams	4.233s
ok  	github.com/hkjang/[REDACTED]/server/internal/threads	2.075s
?   	github.com/hkjang/[REDACTED]/server/internal/tos	[no test files]
ok  	github.com/hkjang/[REDACTED]/server/internal/tracking	1.014s
?   	github.com/hkjang/[REDACTED]/server/internal/userstatus	[no test files]
ok  	github.com/hkjang/[REDACTED]/server/internal/webhooks	5.094s
ok  	github.com/hkjang/[REDACTED]/server/internal/webui	1.020s
ok  	github.com/hkjang/[REDACTED]/server/internal/workitems	11.565s
ok  	github.com/hkjang/[REDACTED]/server/internal/ws	5.110s
?   	github.com/hkjang/[REDACTED]/server/internal/ws/redisfanout	[no test files]
