
> moina-browser-e2e@0.1.39 test:smoke
> node browser-smoke.mjs

node:internal/modules/run_main:107
    triggerUncaughtException(
    ^

locator.waitFor: Timeout 30000ms exceeded.
Call log:
  - waiting for getByText(/moina\s+v0\.0\.0-invalid|MOINA\s+v0\.0\.0-invalid/i).first() to be visible

    at /work/e2e/browser-smoke.mjs:112:154 {
  log: [
    '  - waiting for getByText(/moina\\s+v0\\.0\\.0-invalid|MOINA\\s+v0\\.0\\.0-invalid/i).first() to be visible'
  ],
  name: 'TimeoutError'
}

Node.js v24.18.1
npm notice
npm notice New major version of npm available! 11.16.0 -> 12.1.0
npm notice Changelog: https://github.com/npm/cli/releases/tag/v12.1.0
npm notice To update run: npm install -g npm@12.1.0
npm notice
