
> moina-browser-e2e@0.1.39 test
> npm run test:visual && npm run test:accessibility && npm run test:smoke


> moina-browser-e2e@0.1.39 test:visual
> node visual-regression.mjs

시각 회귀 통과: light-desktop-login (0.059%)
시각 회귀 통과: light-desktop-flow (0.202%)
시각 회귀 통과: light-desktop-explore (0.220%)
시각 회귀 통과: light-desktop-search (0.220%)
시각 회귀 통과: light-desktop-notifications (0.220%)
시각 회귀 통과: light-desktop-moims (0.220%)
시각 회귀 통과: light-desktop-ai (0.220%)
시각 회귀 통과: light-desktop-settings-profile (0.201%)
시각 회귀 통과: light-desktop-settings-notifications (0.201%)
시각 회귀 통과: light-desktop-settings-accessibility (0.220%)
시각 회귀 통과: light-desktop-admin-dashboard (0.220%)
시각 회귀 통과: light-desktop-admin-smtp (0.220%)
시각 회귀 통과: light-desktop-admin-settings (0.000%)
시각 회귀 통과: light-mobile-login (0.238%)
시각 회귀 통과: light-mobile-flow (0.000%)
시각 회귀 통과: light-mobile-explore (0.000%)
시각 회귀 통과: light-mobile-search (0.000%)
시각 회귀 통과: light-mobile-notifications (0.000%)
시각 회귀 통과: light-mobile-moims (0.000%)
시각 회귀 통과: light-mobile-ai (0.000%)
시각 회귀 통과: light-mobile-settings-profile (0.000%)
시각 회귀 통과: light-mobile-settings-notifications (0.000%)
시각 회귀 통과: light-mobile-settings-accessibility (0.000%)
시각 회귀 통과: light-mobile-admin-dashboard (0.000%)
시각 회귀 통과: light-mobile-admin-smtp (0.000%)
시각 회귀 통과: light-mobile-admin-settings (0.000%)
시각 회귀 통과: dark-desktop-login (0.060%)
시각 회귀 통과: dark-desktop-flow (0.202%)
시각 회귀 통과: dark-desktop-explore (0.221%)
시각 회귀 통과: dark-desktop-search (0.221%)
시각 회귀 통과: dark-desktop-notifications (0.221%)
시각 회귀 통과: dark-desktop-moims (0.221%)
시각 회귀 통과: dark-desktop-ai (0.221%)
시각 회귀 통과: dark-desktop-settings-profile (0.202%)
시각 회귀 통과: dark-desktop-settings-notifications (0.202%)
시각 회귀 통과: dark-desktop-settings-accessibility (0.221%)
시각 회귀 통과: dark-desktop-admin-dashboard (0.221%)
시각 회귀 통과: dark-desktop-admin-smtp (0.345%)
시각 회귀 통과: dark-desktop-admin-settings (0.000%)
시각 회귀 통과: dark-mobile-login (0.237%)
시각 회귀 통과: dark-mobile-flow (0.000%)
시각 회귀 통과: dark-mobile-explore (0.000%)
시각 회귀 통과: dark-mobile-search (0.000%)
시각 회귀 통과: dark-mobile-notifications (0.000%)
시각 회귀 통과: dark-mobile-moims (0.000%)
시각 회귀 통과: dark-mobile-ai (0.000%)
시각 회귀 통과: dark-mobile-settings-profile (0.000%)
시각 회귀 통과: dark-mobile-settings-notifications (0.000%)
시각 회귀 통과: dark-mobile-settings-accessibility (0.000%)
시각 회귀 통과: dark-mobile-admin-dashboard (0.000%)
시각 회귀 통과: dark-mobile-admin-smtp (0.000%)
시각 회귀 통과: dark-mobile-admin-settings (0.000%)
시각 회귀 52개 통과(화면 13개 × 테마 2 × viewport 2).

> moina-browser-e2e@0.1.39 test:accessibility
> node accessibility-regression.mjs

접근성 회귀 검사 통과: 36개 Axe DOM scan, 9개 Keyboard/Media/Reflow 검증

> moina-browser-e2e@0.1.39 test:smoke
> node browser-smoke.mjs

브라우저 smoke 통과: 27개 route, 새로고침·버전·@멘션·클립보드 Moin·프로필 이미지·모임 대화·외부요청·콘솔 오류 정상
npm notice
npm notice New major version of npm available! 11.16.0 -> 12.1.0
npm notice Changelog: https://github.com/npm/cli/releases/tag/v12.1.0
npm notice To update run: npm install -g npm@12.1.0
npm notice
