Unable to find image 'postgres:17-alpine@sha256:18cfe3ef5e6815560c98237d6216d1e5119702fb0f3894c8785dd58b8bbe5d73' locally
docker.io/library/postgres@sha256:18cfe3ef5e6815560c98237d6216d1e5119702fb0f3894c8785dd58b8bbe5d73: Pulling from library/postgres
7f3590dcd843: Pulling fs layer
f070a6577866: Pulling fs layer
b36c1b75fdb7: Pulling fs layer
d884d6f49732: Pulling fs layer
75de48f507ff: Pulling fs layer
a12187db4b17: Pulling fs layer
5858a3f690ea: Pulling fs layer
592349920552: Pulling fs layer
4d80c046a9c7: Pulling fs layer
b36c1b75fdb7: Download complete
75de48f507ff: Download complete
7f3590dcd843: Download complete
d884d6f49732: Download complete
f070a6577866: Download complete
a12187db4b17: Download complete
4d80c046a9c7: Download complete
592349920552: Download complete
4d80c046a9c7: Pull complete
a12187db4b17: Pull complete
592349920552: Pull complete
c840388241a4: Download complete
e45d7f7da77a: Download complete
5858a3f690ea: Download complete
5858a3f690ea: Pull complete
b36c1b75fdb7: Pull complete
75de48f507ff: Pull complete
7f3590dcd843: Pull complete
d884d6f49732: Pull complete
f070a6577866: Pull complete
Digest: sha256:18cfe3ef5e6815560c98237d6216d1e5119702fb0f3894c8785dd58b8bbe5d73
Status: Downloaded newer image for postgres@sha256:18cfe3ef5e6815560c98237d6216d1e5119702fb0f3894c8785dd58b8bbe5d73
