cd backend && go test ./...
?   	github.com/hkjang/releasedock/backend/cmd/server	[no test files]
ok  	github.com/hkjang/releasedock/backend/internal/config	(cached)
ok  	github.com/hkjang/releasedock/backend/internal/localexec	(cached)
ok  	github.com/hkjang/releasedock/backend/internal/secure	(cached)
ok  	github.com/hkjang/releasedock/backend/internal/server	(cached)
ok  	github.com/hkjang/releasedock/backend/internal/store	(cached)
ok  	github.com/hkjang/releasedock/backend/internal/webassets	(cached)
cd runner && go test ./...
?   	github.com/hkjang/releasedock/runner/cmd/executor	[no test files]
?   	github.com/hkjang/releasedock/runner/cmd/runner	[no test files]
ok  	github.com/hkjang/releasedock/runner/internal/archive	(cached)
?   	github.com/hkjang/releasedock/runner/internal/config	[no test files]
ok  	github.com/hkjang/releasedock/runner/internal/crypto	(cached)
ok  	github.com/hkjang/releasedock/runner/internal/executor	0.152s
ok  	github.com/hkjang/releasedock/runner/internal/health	(cached)
ok  	github.com/hkjang/releasedock/runner/internal/logstream	(cached)
ok  	github.com/hkjang/releasedock/runner/internal/manifest	(cached)
?   	github.com/hkjang/releasedock/runner/internal/model	[no test files]
ok  	github.com/hkjang/releasedock/runner/internal/pipeline	(cached)
ok  	github.com/hkjang/releasedock/runner/internal/runtime	(cached)
ok  	github.com/hkjang/releasedock/runner/internal/store	(cached)
cd web && npm test -- --run

> releasedock-web@0.5.17 test
> vitest run --run


 RUN  v3.2.7 /home/hkjang/.cache/auto-improve-wt/releasedock/web

 ✓ src/api/client.test.ts (14 tests) 31ms
 ✓ src/auth/silentSso.test.ts (8 tests) 14ms
 ✓ src/utils/releasePackage.test.ts (17 tests) 18ms
 ✓ src/pages/simple/SimpleDeployPage.test.ts (9 tests) 12ms
 ✓ src/components/GuideBody.test.tsx (6 tests) 45ms
 ✓ src/components/StatusChip.test.tsx (10 tests) 85ms
 ✓ src/pages/admin/AdminResourcePage.test.ts (6 tests) 11ms
 ✓ src/pages/simple/SimpleRunDetailPage.test.ts (16 tests) 18ms
 ✓ src/app/App.test.tsx (2 tests) 333ms
 ✓ src/pages/releases/NewReleasePage.test.tsx (6 tests) 878ms
   ✓ quick release page > resolves a package and requests deployment with one primary action  343ms

 Test Files  10 passed (10)
      Tests  94 passed (94)
   Start at  04:59:51
   Duration  2.14s (transform 611ms, setup 835ms, collect 3.36s, tests 1.44s, environment 2.80s, prepare 736ms)

