PASS check-go-format failure=False path=None: SHA-256 unchanged
PASS check-go-format failure=True path=cmd/format_fixture.go: SHA-256 unchanged
make: Entering directory '/tmp/qurio-format-qns77xtt'
Go files need formatting:
cmd/format_fixture.go
Run gofmt -w on the listed files to fix them.
make: Leaving directory '/tmp/qurio-format-qns77xtt'
make: *** [Makefile:34: check-go-format] Error 1
PASS lint failure=True path=cmd/format_fixture.go: SHA-256 unchanged
make: Entering directory '/tmp/qurio-format-qns77xtt'
Go files need formatting:
cmd/format_fixture.go
Run gofmt -w on the listed files to fix them.
make: Leaving directory '/tmp/qurio-format-qns77xtt'
make: *** [Makefile:34: check-go-format] Error 1
PASS check-go-format failure=True path=cmd/format_fixture_test.go: SHA-256 unchanged
make: Entering directory '/tmp/qurio-format-qns77xtt'
Go files need formatting:
cmd/format_fixture_test.go
Run gofmt -w on the listed files to fix them.
make: Leaving directory '/tmp/qurio-format-qns77xtt'
make: *** [Makefile:34: check-go-format] Error 1
PASS lint failure=True path=cmd/format_fixture_test.go: SHA-256 unchanged
make: Entering directory '/tmp/qurio-format-qns77xtt'
Go files need formatting:
cmd/format_fixture_test.go
Run gofmt -w on the listed files to fix them.
make: Leaving directory '/tmp/qurio-format-qns77xtt'
make: *** [Makefile:34: check-go-format] Error 1
PASS check-go-format failure=True path=cmd/format_fixture_integration_test.go: SHA-256 unchanged
make: Entering directory '/tmp/qurio-format-qns77xtt'
Go files need formatting:
cmd/format_fixture_integration_test.go
Run gofmt -w on the listed files to fix them.
make: Leaving directory '/tmp/qurio-format-qns77xtt'
make: *** [Makefile:34: check-go-format] Error 1
PASS lint failure=True path=cmd/format_fixture_integration_test.go: SHA-256 unchanged
make: Entering directory '/tmp/qurio-format-qns77xtt'
Go files need formatting:
cmd/format_fixture_integration_test.go
Run gofmt -w on the listed files to fix them.
make: Leaving directory '/tmp/qurio-format-qns77xtt'
make: *** [Makefile:34: check-go-format] Error 1
PASS check-go-format failure=True path=cmd/syntax_fixture.go: SHA-256 unchanged
make: Entering directory '/tmp/qurio-format-qns77xtt'
make: Leaving directory '/tmp/qurio-format-qns77xtt'
cmd/syntax_fixture.go:2:14: expected ')', found '{'
make: *** [Makefile:34: check-go-format] Error 2
PASS lint failure=True path=cmd/syntax_fixture.go: SHA-256 unchanged
make: Entering directory '/tmp/qurio-format-qns77xtt'
make: Leaving directory '/tmp/qurio-format-qns77xtt'
cmd/syntax_fixture.go:2:14: expected ')', found '{'
make: *** [Makefile:34: check-go-format] Error 2
PASS check-go-format failure=True path=internal/format_fixture.go: SHA-256 unchanged
make: Entering directory '/tmp/qurio-format-qns77xtt'
Go files need formatting:
internal/format_fixture.go
Run gofmt -w on the listed files to fix them.
make: Leaving directory '/tmp/qurio-format-qns77xtt'
make: *** [Makefile:34: check-go-format] Error 1
PASS lint failure=True path=internal/format_fixture.go: SHA-256 unchanged
make: Entering directory '/tmp/qurio-format-qns77xtt'
Go files need formatting:
internal/format_fixture.go
Run gofmt -w on the listed files to fix them.
make: Leaving directory '/tmp/qurio-format-qns77xtt'
make: *** [Makefile:34: check-go-format] Error 1
PASS check-go-format failure=True path=internal/format_fixture_test.go: SHA-256 unchanged
make: Entering directory '/tmp/qurio-format-qns77xtt'
Go files need formatting:
internal/format_fixture_test.go
Run gofmt -w on the listed files to fix them.
make: Leaving directory '/tmp/qurio-format-qns77xtt'
make: *** [Makefile:34: check-go-format] Error 1
PASS lint failure=True path=internal/format_fixture_test.go: SHA-256 unchanged
make: Entering directory '/tmp/qurio-format-qns77xtt'
Go files need formatting:
internal/format_fixture_test.go
Run gofmt -w on the listed files to fix them.
make: Leaving directory '/tmp/qurio-format-qns77xtt'
make: *** [Makefile:34: check-go-format] Error 1
PASS check-go-format failure=True path=internal/format_fixture_integration_test.go: SHA-256 unchanged
make: Entering directory '/tmp/qurio-format-qns77xtt'
Go files need formatting:
internal/format_fixture_integration_test.go
Run gofmt -w on the listed files to fix them.
make: Leaving directory '/tmp/qurio-format-qns77xtt'
make: *** [Makefile:34: check-go-format] Error 1
PASS lint failure=True path=internal/format_fixture_integration_test.go: SHA-256 unchanged
make: Entering directory '/tmp/qurio-format-qns77xtt'
Go files need formatting:
internal/format_fixture_integration_test.go
Run gofmt -w on the listed files to fix them.
make: Leaving directory '/tmp/qurio-format-qns77xtt'
make: *** [Makefile:34: check-go-format] Error 1
PASS check-go-format failure=True path=internal/syntax_fixture.go: SHA-256 unchanged
make: Entering directory '/tmp/qurio-format-qns77xtt'
make: Leaving directory '/tmp/qurio-format-qns77xtt'
internal/syntax_fixture.go:2:14: expected ')', found '{'
make: *** [Makefile:34: check-go-format] Error 2
PASS lint failure=True path=internal/syntax_fixture.go: SHA-256 unchanged
make: Entering directory '/tmp/qurio-format-qns77xtt'
make: Leaving directory '/tmp/qurio-format-qns77xtt'
internal/syntax_fixture.go:2:14: expected ')', found '{'
make: *** [Makefile:34: check-go-format] Error 2
PASS check-go-format failure=True path=migrations/format_fixture.go: SHA-256 unchanged
make: Entering directory '/tmp/qurio-format-qns77xtt'
Go files need formatting:
migrations/format_fixture.go
Run gofmt -w on the listed files to fix them.
make: Leaving directory '/tmp/qurio-format-qns77xtt'
make: *** [Makefile:34: check-go-format] Error 1
PASS lint failure=True path=migrations/format_fixture.go: SHA-256 unchanged
make: Entering directory '/tmp/qurio-format-qns77xtt'
Go files need formatting:
migrations/format_fixture.go
Run gofmt -w on the listed files to fix them.
make: Leaving directory '/tmp/qurio-format-qns77xtt'
make: *** [Makefile:34: check-go-format] Error 1
PASS check-go-format failure=True path=migrations/format_fixture_test.go: SHA-256 unchanged
make: Entering directory '/tmp/qurio-format-qns77xtt'
Go files need formatting:
migrations/format_fixture_test.go
Run gofmt -w on the listed files to fix them.
make: Leaving directory '/tmp/qurio-format-qns77xtt'
make: *** [Makefile:34: check-go-format] Error 1
PASS lint failure=True path=migrations/format_fixture_test.go: SHA-256 unchanged
make: Entering directory '/tmp/qurio-format-qns77xtt'
Go files need formatting:
migrations/format_fixture_test.go
Run gofmt -w on the listed files to fix them.
make: Leaving directory '/tmp/qurio-format-qns77xtt'
make: *** [Makefile:34: check-go-format] Error 1
PASS check-go-format failure=True path=migrations/format_fixture_integration_test.go: SHA-256 unchanged
make: Entering directory '/tmp/qurio-format-qns77xtt'
Go files need formatting:
migrations/format_fixture_integration_test.go
Run gofmt -w on the listed files to fix them.
make: Leaving directory '/tmp/qurio-format-qns77xtt'
make: *** [Makefile:34: check-go-format] Error 1
PASS lint failure=True path=migrations/format_fixture_integration_test.go: SHA-256 unchanged
make: Entering directory '/tmp/qurio-format-qns77xtt'
Go files need formatting:
migrations/format_fixture_integration_test.go
Run gofmt -w on the listed files to fix them.
make: Leaving directory '/tmp/qurio-format-qns77xtt'
make: *** [Makefile:34: check-go-format] Error 1
PASS check-go-format failure=True path=migrations/syntax_fixture.go: SHA-256 unchanged
make: Entering directory '/tmp/qurio-format-qns77xtt'
make: Leaving directory '/tmp/qurio-format-qns77xtt'
migrations/syntax_fixture.go:2:14: expected ')', found '{'
make: *** [Makefile:34: check-go-format] Error 2
PASS lint failure=True path=migrations/syntax_fixture.go: SHA-256 unchanged
make: Entering directory '/tmp/qurio-format-qns77xtt'
make: Leaving directory '/tmp/qurio-format-qns77xtt'
migrations/syntax_fixture.go:2:14: expected ')', found '{'
make: *** [Makefile:34: check-go-format] Error 2
PASS check-go-format failure=True path=scripts/format_fixture.go: SHA-256 unchanged
make: Entering directory '/tmp/qurio-format-qns77xtt'
Go files need formatting:
scripts/format_fixture.go
Run gofmt -w on the listed files to fix them.
make: Leaving directory '/tmp/qurio-format-qns77xtt'
make: *** [Makefile:34: check-go-format] Error 1
PASS lint failure=True path=scripts/format_fixture.go: SHA-256 unchanged
make: Entering directory '/tmp/qurio-format-qns77xtt'
Go files need formatting:
scripts/format_fixture.go
Run gofmt -w on the listed files to fix them.
make: Leaving directory '/tmp/qurio-format-qns77xtt'
make: *** [Makefile:34: check-go-format] Error 1
PASS check-go-format failure=True path=scripts/format_fixture_test.go: SHA-256 unchanged
make: Entering directory '/tmp/qurio-format-qns77xtt'
Go files need formatting:
scripts/format_fixture_test.go
Run gofmt -w on the listed files to fix them.
make: Leaving directory '/tmp/qurio-format-qns77xtt'
make: *** [Makefile:34: check-go-format] Error 1
PASS lint failure=True path=scripts/format_fixture_test.go: SHA-256 unchanged
make: Entering directory '/tmp/qurio-format-qns77xtt'
Go files need formatting:
scripts/format_fixture_test.go
Run gofmt -w on the listed files to fix them.
make: Leaving directory '/tmp/qurio-format-qns77xtt'
make: *** [Makefile:34: check-go-format] Error 1
PASS check-go-format failure=True path=scripts/format_fixture_integration_test.go: SHA-256 unchanged
make: Entering directory '/tmp/qurio-format-qns77xtt'
Go files need formatting:
scripts/format_fixture_integration_test.go
Run gofmt -w on the listed files to fix them.
make: Leaving directory '/tmp/qurio-format-qns77xtt'
make: *** [Makefile:34: check-go-format] Error 1
PASS lint failure=True path=scripts/format_fixture_integration_test.go: SHA-256 unchanged
make: Entering directory '/tmp/qurio-format-qns77xtt'
Go files need formatting:
scripts/format_fixture_integration_test.go
Run gofmt -w on the listed files to fix them.
make: Leaving directory '/tmp/qurio-format-qns77xtt'
make: *** [Makefile:34: check-go-format] Error 1
PASS check-go-format failure=True path=scripts/syntax_fixture.go: SHA-256 unchanged
make: Entering directory '/tmp/qurio-format-qns77xtt'
make: Leaving directory '/tmp/qurio-format-qns77xtt'
scripts/syntax_fixture.go:2:14: expected ')', found '{'
make: *** [Makefile:34: check-go-format] Error 2
PASS lint failure=True path=scripts/syntax_fixture.go: SHA-256 unchanged
make: Entering directory '/tmp/qurio-format-qns77xtt'
make: Leaving directory '/tmp/qurio-format-qns77xtt'
scripts/syntax_fixture.go:2:14: expected ')', found '{'
make: *** [Makefile:34: check-go-format] Error 2
PASS check-go-format failure=False path=None: SHA-256 unchanged
