running the suite against postgres:17-alpine
?   	github.com/hkjang/invenqor/server/cmd/invenqor-server	[no test files]
ok  	github.com/hkjang/invenqor/server/internal/agents	1.121s
ok  	github.com/hkjang/invenqor/server/internal/apikeys	11.217s
ok  	github.com/hkjang/invenqor/server/internal/apitime	(cached)
?   	github.com/hkjang/invenqor/server/internal/audit	[no test files]
ok  	github.com/hkjang/invenqor/server/internal/auth	25.618s
ok  	github.com/hkjang/invenqor/server/internal/bootstrap	(cached)
ok  	github.com/hkjang/invenqor/server/internal/classify	(cached)
ok  	github.com/hkjang/invenqor/server/internal/config	(cached)
ok  	github.com/hkjang/invenqor/server/internal/diagnostics	4.595s
ok  	github.com/hkjang/invenqor/server/internal/durablefs	(cached)
ok  	github.com/hkjang/invenqor/server/internal/httpapi	76.132s
ok  	github.com/hkjang/invenqor/server/internal/ingest	19.071s
ok  	github.com/hkjang/invenqor/server/internal/mail	11.646s
ok  	github.com/hkjang/invenqor/server/internal/querydsl	(cached)
ok  	github.com/hkjang/invenqor/server/internal/softwarecatalog	2.543s
ok  	github.com/hkjang/invenqor/server/internal/spool	(cached)
ok  	github.com/hkjang/invenqor/server/internal/storage	25.003s
?   	github.com/hkjang/invenqor/server/internal/storagetest	[no test files]
ok  	github.com/hkjang/invenqor/server/internal/tracking	(cached)
ok  	github.com/hkjang/invenqor/server/internal/updates	1.175s
?   	github.com/hkjang/invenqor/server/internal/version	[no test files]
ok  	github.com/hkjang/invenqor/server/internal/webui	(cached)
?   	github.com/hkjang/invenqor/server/migrations	[no test files]
