running the suite against postgres:17-alpine
?   	github.com/hkjang/invenqor/server/cmd/invenqor-server	[no test files]
ok  	github.com/hkjang/invenqor/server/internal/agents	0.755s
ok  	github.com/hkjang/invenqor/server/internal/apikeys	9.575s
ok  	github.com/hkjang/invenqor/server/internal/apitime	(cached)
?   	github.com/hkjang/invenqor/server/internal/audit	[no test files]
ok  	github.com/hkjang/invenqor/server/internal/auth	22.141s
ok  	github.com/hkjang/invenqor/server/internal/bootstrap	(cached)
ok  	github.com/hkjang/invenqor/server/internal/classify	(cached)
ok  	github.com/hkjang/invenqor/server/internal/config	0.100s
ok  	github.com/hkjang/invenqor/server/internal/diagnostics	3.204s
ok  	github.com/hkjang/invenqor/server/internal/durablefs	(cached)
ok  	github.com/hkjang/invenqor/server/internal/httpapi	70.869s
ok  	github.com/hkjang/invenqor/server/internal/ingest	16.013s
ok  	github.com/hkjang/invenqor/server/internal/mail	10.197s
ok  	github.com/hkjang/invenqor/server/internal/querydsl	(cached)
ok  	github.com/hkjang/invenqor/server/internal/softwarecatalog	1.915s
ok  	github.com/hkjang/invenqor/server/internal/spool	(cached)
ok  	github.com/hkjang/invenqor/server/internal/storage	24.143s
?   	github.com/hkjang/invenqor/server/internal/storagetest	[no test files]
ok  	github.com/hkjang/invenqor/server/internal/tracking	(cached)
ok  	github.com/hkjang/invenqor/server/internal/updates	(cached)
?   	github.com/hkjang/invenqor/server/internal/version	[no test files]
ok  	github.com/hkjang/invenqor/server/internal/webui	(cached)
?   	github.com/hkjang/invenqor/server/migrations	[no test files]
