?   	github.com/hkjang/invenqor/server/cmd/invenqor-server	[no test files]
ok  	github.com/hkjang/invenqor/server/internal/agents	0.249s
ok  	github.com/hkjang/invenqor/server/internal/apikeys	1.113s
ok  	github.com/hkjang/invenqor/server/internal/apitime	0.005s
?   	github.com/hkjang/invenqor/server/internal/audit	[no test files]
ok  	github.com/hkjang/invenqor/server/internal/auth	6.141s
ok  	github.com/hkjang/invenqor/server/internal/bootstrap	0.034s
ok  	github.com/hkjang/invenqor/server/internal/classify	0.012s
ok  	github.com/hkjang/invenqor/server/internal/config	0.225s
ok  	github.com/hkjang/invenqor/server/internal/diagnostics	0.282s
ok  	github.com/hkjang/invenqor/server/internal/durablefs	0.027s
ok  	github.com/hkjang/invenqor/server/internal/httpapi	33.494s
ok  	github.com/hkjang/invenqor/server/internal/ingest	1.936s
ok  	github.com/hkjang/invenqor/server/internal/mail	2.563s
ok  	github.com/hkjang/invenqor/server/internal/querydsl	0.014s
ok  	github.com/hkjang/invenqor/server/internal/softwarecatalog	0.139s
ok  	github.com/hkjang/invenqor/server/internal/spool	0.107s
ok  	github.com/hkjang/invenqor/server/internal/storage	22.770s
?   	github.com/hkjang/invenqor/server/internal/storagetest	[no test files]
ok  	github.com/hkjang/invenqor/server/internal/tracking	0.008s
ok  	github.com/hkjang/invenqor/server/internal/updates	1.184s
?   	github.com/hkjang/invenqor/server/internal/version	[no test files]
ok  	github.com/hkjang/invenqor/server/internal/webui	0.011s
?   	github.com/hkjang/invenqor/server/migrations	[no test files]
=== Symbol Results ===

No vulnerabilities found.

Your code is affected by 0 vulnerabilities.
This scan also found 0 vulnerabilities in packages you import and 4
vulnerabilities in modules you require, but your code doesn't appear to call
these vulnerabilities.
Use '-show verbose' for more details.
