?   	github.com/hkjang/invenqor/server/cmd/invenqor-server	[no test files]
ok  	github.com/hkjang/invenqor/server/internal/agents	0.139s
ok  	github.com/hkjang/invenqor/server/internal/apikeys	0.928s
ok  	github.com/hkjang/invenqor/server/internal/apitime	(cached)
?   	github.com/hkjang/invenqor/server/internal/audit	[no test files]
ok  	github.com/hkjang/invenqor/server/internal/auth	4.749s
ok  	github.com/hkjang/invenqor/server/internal/bootstrap	0.025s
ok  	github.com/hkjang/invenqor/server/internal/classify	(cached)
ok  	github.com/hkjang/invenqor/server/internal/config	0.122s
ok  	github.com/hkjang/invenqor/server/internal/diagnostics	0.164s
ok  	github.com/hkjang/invenqor/server/internal/durablefs	0.020s
ok  	github.com/hkjang/invenqor/server/internal/httpapi	30.449s
ok  	github.com/hkjang/invenqor/server/internal/ingest	1.632s
ok  	github.com/hkjang/invenqor/server/internal/mail	2.459s
ok  	github.com/hkjang/invenqor/server/internal/querydsl	(cached)
ok  	github.com/hkjang/invenqor/server/internal/softwarecatalog	0.099s
ok  	github.com/hkjang/invenqor/server/internal/spool	0.078s
ok  	github.com/hkjang/invenqor/server/internal/storage	22.170s
?   	github.com/hkjang/invenqor/server/internal/storagetest	[no test files]
ok  	github.com/hkjang/invenqor/server/internal/tracking	(cached)
ok  	github.com/hkjang/invenqor/server/internal/updates	1.078s
?   	github.com/hkjang/invenqor/server/internal/version	[no test files]
ok  	github.com/hkjang/invenqor/server/internal/webui	(cached)
?   	github.com/hkjang/invenqor/server/migrations	[no test files]
govulncheck: Loading packages failed, possibly due to a mismatch between the Go version
used to build govulncheck and the Go version on PATH. Consider rebuilding
govulncheck with the current Go version.


There are errors with the provided package patterns:

/home/hkjang/sdk/go1.26.7/src/vendor/golang.org/x/crypto/chacha20poly1305/fips140only_go1.26.go:7:9: file requires newer Go version go1.26 (application built with go1.25)
-: This application uses version go1.25 of the source-processing packages but runs version go1.26 of 'go list'. It may fail to process source files that rely on newer language features. If so, rebuild the application using a newer version of Go.

For details on package patterns, see https://pkg.go.dev/cmd/go#hdr-Package_lists_and_patterns.

