
added 108 packages, and audited 109 packages in 5s

19 packages are looking for funding
  run `npm fund` for details

3 vulnerabilities (1 moderate, 2 critical)

To address all issues (including breaking changes), run:
  npm audit fix --force

Run `npm audit` for details.

> invenqor-console@0.2.46 test
> vitest run


 RUN  v3.2.7 /home/hkjang/.cache/auto-improve-wt/Invenqor-release/web

 ✓ src/silentSso.test.ts (8 tests) 5ms
 ✓ src/navigationState.test.ts (4 tests) 4ms
 ✓ src/preferences.test.ts (2 tests) 4ms
 ✓ src/format.test.ts (7 tests) 4ms
 ✓ src/vizModel.test.ts (27 tests) 22ms
 ✓ src/api.test.ts (7 tests) 14ms
 ✓ src/productVersion.test.tsx (3 tests) 10ms
 ✓ src/softwareProductsPage.test.ts (3 tests) 3ms
 ✓ src/operationsPages.test.ts (3 tests) 3ms
 ✓ src/softwareProductsPage.render.test.tsx (9 tests) 25ms
 ✓ src/operationsPages.test.tsx (17 tests) 42ms
 ✓ src/diagnosticComponents.test.ts (1 test) 9ms
 ✓ src/qrCode.test.ts (5 tests) 111ms
 ✓ src/classificationPage.test.ts (9 tests) 25ms
 ✓ src/adminPages.render.test.tsx (12 tests) 25ms
 ✓ src/visualizationPage.test.tsx (24 tests) 48ms
 ✓ src/adminPages.test.ts (9 tests) 32ms

 Test Files  17 passed (17)
      Tests  150 passed (150)
   Start at  13:00:49
   Duration  914ms (transform 1.75s, setup 0ms, collect 5.82s, tests 386ms, environment 4ms, prepare 2.01s)

found 0 vulnerabilities

> invenqor-console@0.2.46 build
> tsc -b && vite build && node scripts/sync-embedded.mjs

vite v7.3.6 building client environment for production...
transforming...
✓ 1595 modules transformed.
rendering chunks...
computing gzip size...
dist/index.html                   0.45 kB │ gzip:   0.29 kB
dist/assets/index-DU5XvrDD.css   70.43 kB │ gzip:  13.84 kB
dist/assets/index-BeEh1etb.js   435.01 kB │ gzip: 132.22 kB
✓ built in 1.92s
Synchronized the React build into the Server embedded UI.
