=== RUN   TestTeamAdminCheckFaultIsNotForbidden
=== RUN   TestTeamAdminCheckFaultIsNotForbidden/set_member_roles_answers_the_team_admin
=== RUN   TestTeamAdminCheckFaultIsNotForbidden/remove_member_answers_the_team_admin
=== RUN   TestTeamAdminCheckFaultIsNotForbidden/upload_team_image_answers_the_team_admin
=== RUN   TestTeamAdminCheckFaultIsNotForbidden/invite_guests_by_email_answers_the_team_admin
=== RUN   TestTeamAdminCheckFaultIsNotForbidden/set_member_roles_refuses_user-b
=== RUN   TestTeamAdminCheckFaultIsNotForbidden/set_member_roles_refuses_user-c
=== RUN   TestTeamAdminCheckFaultIsNotForbidden/remove_member_refuses_user-b
=== RUN   TestTeamAdminCheckFaultIsNotForbidden/remove_member_refuses_user-c
=== RUN   TestTeamAdminCheckFaultIsNotForbidden/upload_team_image_refuses_user-b
=== RUN   TestTeamAdminCheckFaultIsNotForbidden/upload_team_image_refuses_user-c
=== RUN   TestTeamAdminCheckFaultIsNotForbidden/invite_guests_by_email_refuses_user-b
=== RUN   TestTeamAdminCheckFaultIsNotForbidden/invite_guests_by_email_refuses_user-c
=== RUN   TestTeamAdminCheckFaultIsNotForbidden/invite_guests_by_email_refuses_a_deleted_user
=== RUN   TestTeamAdminCheckFaultIsNotForbidden/a_member_may_still_remove_themselves
=== RUN   TestTeamAdminCheckFaultIsNotForbidden/set_member_roles_reports_the_team_admin_lookup_fault
=== RUN   TestTeamAdminCheckFaultIsNotForbidden/remove_member_reports_the_team_admin_lookup_fault
=== RUN   TestTeamAdminCheckFaultIsNotForbidden/upload_team_image_reports_the_team_admin_lookup_fault
=== RUN   TestTeamAdminCheckFaultIsNotForbidden/invite_guests_by_email_reports_the_team_admin_lookup_fault
=== RUN   TestTeamAdminCheckFaultIsNotForbidden/self-removal_still_skips_the_team_admin_lookup
--- PASS: TestTeamAdminCheckFaultIsNotForbidden (4.26s)
    --- PASS: TestTeamAdminCheckFaultIsNotForbidden/set_member_roles_answers_the_team_admin (0.00s)
    --- PASS: TestTeamAdminCheckFaultIsNotForbidden/remove_member_answers_the_team_admin (0.01s)
    --- PASS: TestTeamAdminCheckFaultIsNotForbidden/upload_team_image_answers_the_team_admin (0.00s)
    --- PASS: TestTeamAdminCheckFaultIsNotForbidden/invite_guests_by_email_answers_the_team_admin (0.00s)
    --- PASS: TestTeamAdminCheckFaultIsNotForbidden/set_member_roles_refuses_user-b (0.01s)
    --- PASS: TestTeamAdminCheckFaultIsNotForbidden/set_member_roles_refuses_user-c (0.00s)
    --- PASS: TestTeamAdminCheckFaultIsNotForbidden/remove_member_refuses_user-b (0.00s)
    --- PASS: TestTeamAdminCheckFaultIsNotForbidden/remove_member_refuses_user-c (0.00s)
    --- PASS: TestTeamAdminCheckFaultIsNotForbidden/upload_team_image_refuses_user-b (0.00s)
    --- PASS: TestTeamAdminCheckFaultIsNotForbidden/upload_team_image_refuses_user-c (0.00s)
    --- PASS: TestTeamAdminCheckFaultIsNotForbidden/invite_guests_by_email_refuses_user-b (0.00s)
    --- PASS: TestTeamAdminCheckFaultIsNotForbidden/invite_guests_by_email_refuses_user-c (0.00s)
    --- PASS: TestTeamAdminCheckFaultIsNotForbidden/invite_guests_by_email_refuses_a_deleted_user (0.00s)
    --- PASS: TestTeamAdminCheckFaultIsNotForbidden/a_member_may_still_remove_themselves (0.00s)
    --- PASS: TestTeamAdminCheckFaultIsNotForbidden/set_member_roles_reports_the_team_admin_lookup_fault (0.00s)
    --- PASS: TestTeamAdminCheckFaultIsNotForbidden/remove_member_reports_the_team_admin_lookup_fault (0.00s)
    --- PASS: TestTeamAdminCheckFaultIsNotForbidden/upload_team_image_reports_the_team_admin_lookup_fault (0.00s)
    --- PASS: TestTeamAdminCheckFaultIsNotForbidden/invite_guests_by_email_reports_the_team_admin_lookup_fault (0.00s)
    --- PASS: TestTeamAdminCheckFaultIsNotForbidden/self-removal_still_skips_the_team_admin_lookup (0.00s)
=== RUN   TestTeamImageGuestMutationPostgres
=== RUN   TestTeamImageGuestMutationPostgres/accepts_user-a
=== RUN   TestTeamImageGuestMutationPostgres/accepts_sysadmin
=== RUN   TestTeamImageGuestMutationPostgres/POST_refuses_guest_admin_without_reading_body
=== RUN   TestTeamImageGuestMutationPostgres/DELETE_refuses_guest_admin_without_reading_body
=== RUN   TestTeamImageGuestMutationPostgres/deleted_user_is_rejected_by_the_preceding_guest_guard
=== RUN   TestTeamImageGuestMutationPostgres/refuses_member
=== RUN   TestTeamImageGuestMutationPostgres/refuses_stranger
=== RUN   TestTeamImageGuestMutationPostgres/team_admin_still_cannot_exceed_the_cap
--- PASS: TestTeamImageGuestMutationPostgres (4.51s)
    --- PASS: TestTeamImageGuestMutationPostgres/accepts_user-a (0.02s)
    --- PASS: TestTeamImageGuestMutationPostgres/accepts_sysadmin (0.02s)
    --- PASS: TestTeamImageGuestMutationPostgres/POST_refuses_guest_admin_without_reading_body (0.00s)
    --- PASS: TestTeamImageGuestMutationPostgres/DELETE_refuses_guest_admin_without_reading_body (0.00s)
    --- PASS: TestTeamImageGuestMutationPostgres/deleted_user_is_rejected_by_the_preceding_guest_guard (0.00s)
    --- PASS: TestTeamImageGuestMutationPostgres/refuses_member (0.00s)
    --- PASS: TestTeamImageGuestMutationPostgres/refuses_stranger (0.00s)
    --- PASS: TestTeamImageGuestMutationPostgres/team_admin_still_cannot_exceed_the_cap (0.00s)
=== RUN   TestUploadStubsRefuseOversizedBodies
=== RUN   TestUploadStubsRefuseOversizedBodies/team_image_accepts_a_body_inside_the_cap
=== RUN   TestUploadStubsRefuseOversizedBodies/bot_icon_accepts_a_body_inside_the_cap
=== RUN   TestUploadStubsRefuseOversizedBodies/upload_chunk_accepts_a_body_inside_the_cap
=== RUN   TestUploadStubsRefuseOversizedBodies/team.image.upload_audit_row_names_its_subject
=== RUN   TestUploadStubsRefuseOversizedBodies/bot.icon.upload_audit_row_names_its_subject
=== RUN   TestUploadStubsRefuseOversizedBodies/bot.icon.delete_audit_row_names_its_subject
=== RUN   TestUploadStubsRefuseOversizedBodies/upload.chunk_audit_row_names_its_subject
=== RUN   TestUploadStubsRefuseOversizedBodies/team_image_refuses_a_body_past_the_cap
=== RUN   TestUploadStubsRefuseOversizedBodies/bot_icon_refuses_a_body_past_the_cap
=== RUN   TestUploadStubsRefuseOversizedBodies/upload_chunk_refuses_a_body_past_the_cap
--- PASS: TestUploadStubsRefuseOversizedBodies (4.66s)
    --- PASS: TestUploadStubsRefuseOversizedBodies/team_image_accepts_a_body_inside_the_cap (0.00s)
    --- PASS: TestUploadStubsRefuseOversizedBodies/bot_icon_accepts_a_body_inside_the_cap (0.01s)
    --- PASS: TestUploadStubsRefuseOversizedBodies/upload_chunk_accepts_a_body_inside_the_cap (0.00s)
    --- PASS: TestUploadStubsRefuseOversizedBodies/team.image.upload_audit_row_names_its_subject (0.01s)
    --- PASS: TestUploadStubsRefuseOversizedBodies/bot.icon.upload_audit_row_names_its_subject (0.00s)
    --- PASS: TestUploadStubsRefuseOversizedBodies/bot.icon.delete_audit_row_names_its_subject (0.00s)
    --- PASS: TestUploadStubsRefuseOversizedBodies/upload.chunk_audit_row_names_its_subject (0.00s)
    --- PASS: TestUploadStubsRefuseOversizedBodies/team_image_refuses_a_body_past_the_cap (0.01s)
    --- PASS: TestUploadStubsRefuseOversizedBodies/bot_icon_refuses_a_body_past_the_cap (0.00s)
    --- PASS: TestUploadStubsRefuseOversizedBodies/upload_chunk_refuses_a_body_past_the_cap (0.01s)
PASS
ok  	github.com/hkjang/moyro/server/internal/httpapi	13.452s
