bash ./scripts/check-release-contract.sh
Release contract verified for igame:v0.7.24
go vet ./cmd/... ./internal/... ./migrations/...
npm --prefix sdk/gamehub-js run lint

> @igame/gamehub-js@0.7.24 lint
> eslint src --max-warnings=0

npm --prefix web run lint

> igame-web@0.7.24 lint
> eslint . --max-warnings=0

go test ./cmd/... ./internal/... ./migrations/...
ok  	github.com/hkjang/igame/cmd/igame	(cached)
ok  	github.com/hkjang/igame/internal/api	0.538s
ok  	github.com/hkjang/igame/internal/battle/realmguard	0.098s
ok  	github.com/hkjang/igame/internal/config	(cached)
ok  	github.com/hkjang/igame/internal/database	(cached)
ok  	github.com/hkjang/igame/internal/secretbox	(cached)
ok  	github.com/hkjang/igame/internal/tracking	(cached)
?   	github.com/hkjang/igame/internal/version	[no test files]
ok  	github.com/hkjang/igame/internal/web	(cached)
?   	github.com/hkjang/igame/migrations	[no test files]
npm --prefix sdk/gamehub-js test

> @igame/gamehub-js@0.7.24 test
> vitest run


 RUN  v5.0.0 /home/hkjang/.cache/auto-improve-wt/igame-release/sdk/gamehub-js


 Test Files  1 passed (1)
      Tests  9 passed (9)
   Start at  07:20:02
   Duration  163ms (transform 58%, tests 29%, import 10%, worker 3%)

npm --prefix web test

> igame-web@0.7.24 test
> vitest run


 RUN  v5.0.0 /home/hkjang/.cache/auto-improve-wt/igame-release/web

Error: Not implemented: HTMLCanvasElement.prototype.getContext (without installing the canvas npm package)
    at module.exports (/home/hkjang/.cache/auto-improve-wt/igame-release/web/node_modules/jsdom/lib/jsdom/browser/not-implemented.js:9:17)
    at HTMLCanvasElementImpl.getContext (/home/hkjang/.cache/auto-improve-wt/igame-release/web/node_modules/jsdom/lib/jsdom/living/nodes/HTMLCanvasElement-impl.js:42:5)
    at HTMLCanvasElement.getContext (/home/hkjang/.cache/auto-improve-wt/igame-release/web/node_modules/jsdom/lib/jsdom/living/generated/HTMLCanvasElement.js:131:58)
    at /home/hkjang/.cache/auto-improve-wt/igame-release/web/src/games/realmguard/EnemyPortrait.tsx:24:29
    at Object.react_stack_bottom_frame (/home/hkjang/.cache/auto-improve-wt/igame-release/web/node_modules/react-dom/cjs/react-dom-client.development.js:25989:20)
    at runWithFiberInDEV (/home/hkjang/.cache/auto-improve-wt/igame-release/web/node_modules/react-dom/cjs/react-dom-client.development.js:874:13)
    at commitHookEffectListMount (/home/hkjang/.cache/auto-improve-wt/igame-release/web/node_modules/react-dom/cjs/react-dom-client.development.js:13249:29)
    at commitHookPassiveMountEffects (/home/hkjang/.cache/auto-improve-wt/igame-release/web/node_modules/react-dom/cjs/react-dom-client.development.js:13336:11)
    at commitPassiveMountOnFiber (/home/hkjang/.cache/auto-improve-wt/igame-release/web/node_modules/react-dom/cjs/react-dom-client.development.js:15484:13)
    at recursivelyTraversePassiveMountEffects (/home/hkjang/.cache/auto-improve-wt/igame-release/web/node_modules/react-dom/cjs/react-dom-client.development.js:15439:11) undefined
Error: Not implemented: HTMLCanvasElement.prototype.getContext (without installing the canvas npm package)
    at module.exports (/home/hkjang/.cache/auto-improve-wt/igame-release/web/node_modules/jsdom/lib/jsdom/browser/not-implemented.js:9:17)
    at HTMLCanvasElementImpl.getContext (/home/hkjang/.cache/auto-improve-wt/igame-release/web/node_modules/jsdom/lib/jsdom/living/nodes/HTMLCanvasElement-impl.js:42:5)
    at HTMLCanvasElement.getContext (/home/hkjang/.cache/auto-improve-wt/igame-release/web/node_modules/jsdom/lib/jsdom/living/generated/HTMLCanvasElement.js:131:58)
    at /home/hkjang/.cache/auto-improve-wt/igame-release/web/src/games/realmguard/EnemyPortrait.tsx:24:29
    at Object.react_stack_bottom_frame (/home/hkjang/.cache/auto-improve-wt/igame-release/web/node_modules/react-dom/cjs/react-dom-client.development.js:25989:20)
    at runWithFiberInDEV (/home/hkjang/.cache/auto-improve-wt/igame-release/web/node_modules/react-dom/cjs/react-dom-client.development.js:874:13)
    at commitHookEffectListMount (/home/hkjang/.cache/auto-improve-wt/igame-release/web/node_modules/react-dom/cjs/react-dom-client.development.js:13249:29)
    at commitHookPassiveMountEffects (/home/hkjang/.cache/auto-improve-wt/igame-release/web/node_modules/react-dom/cjs/react-dom-client.development.js:13336:11)
    at commitPassiveMountOnFiber (/home/hkjang/.cache/auto-improve-wt/igame-release/web/node_modules/react-dom/cjs/react-dom-client.development.js:15484:13)
    at recursivelyTraversePassiveMountEffects (/home/hkjang/.cache/auto-improve-wt/igame-release/web/node_modules/react-dom/cjs/react-dom-client.development.js:15439:11) undefined
Error: Not implemented: HTMLCanvasElement.prototype.getContext (without installing the canvas npm package)
    at module.exports (/home/hkjang/.cache/auto-improve-wt/igame-release/web/node_modules/jsdom/lib/jsdom/browser/not-implemented.js:9:17)
    at HTMLCanvasElementImpl.getContext (/home/hkjang/.cache/auto-improve-wt/igame-release/web/node_modules/jsdom/lib/jsdom/living/nodes/HTMLCanvasElement-impl.js:42:5)
    at HTMLCanvasElement.getContext (/home/hkjang/.cache/auto-improve-wt/igame-release/web/node_modules/jsdom/lib/jsdom/living/generated/HTMLCanvasElement.js:131:58)
    at /home/hkjang/.cache/auto-improve-wt/igame-release/web/src/games/realmguard/EnemyPortrait.tsx:24:29
    at Object.react_stack_bottom_frame (/home/hkjang/.cache/auto-improve-wt/igame-release/web/node_modules/react-dom/cjs/react-dom-client.development.js:25989:20)
    at runWithFiberInDEV (/home/hkjang/.cache/auto-improve-wt/igame-release/web/node_modules/react-dom/cjs/react-dom-client.development.js:874:13)
    at commitHookEffectListMount (/home/hkjang/.cache/auto-improve-wt/igame-release/web/node_modules/react-dom/cjs/react-dom-client.development.js:13249:29)
    at commitHookPassiveMountEffects (/home/hkjang/.cache/auto-improve-wt/igame-release/web/node_modules/react-dom/cjs/react-dom-client.development.js:13336:11)
    at commitPassiveMountOnFiber (/home/hkjang/.cache/auto-improve-wt/igame-release/web/node_modules/react-dom/cjs/react-dom-client.development.js:15484:13)
    at recursivelyTraversePassiveMountEffects (/home/hkjang/.cache/auto-improve-wt/igame-release/web/node_modules/react-dom/cjs/react-dom-client.development.js:15439:11) undefined
Error: Not implemented: HTMLCanvasElement.prototype.getContext (without installing the canvas npm package)
    at module.exports (/home/hkjang/.cache/auto-improve-wt/igame-release/web/node_modules/jsdom/lib/jsdom/browser/not-implemented.js:9:17)
    at HTMLCanvasElementImpl.getContext (/home/hkjang/.cache/auto-improve-wt/igame-release/web/node_modules/jsdom/lib/jsdom/living/nodes/HTMLCanvasElement-impl.js:42:5)
    at HTMLCanvasElement.getContext (/home/hkjang/.cache/auto-improve-wt/igame-release/web/node_modules/jsdom/lib/jsdom/living/generated/HTMLCanvasElement.js:131:58)
    at /home/hkjang/.cache/auto-improve-wt/igame-release/web/src/games/realmguard/EnemyPortrait.tsx:24:29
    at Object.react_stack_bottom_frame (/home/hkjang/.cache/auto-improve-wt/igame-release/web/node_modules/react-dom/cjs/react-dom-client.development.js:25989:20)
    at runWithFiberInDEV (/home/hkjang/.cache/auto-improve-wt/igame-release/web/node_modules/react-dom/cjs/react-dom-client.development.js:874:13)
    at commitHookEffectListMount (/home/hkjang/.cache/auto-improve-wt/igame-release/web/node_modules/react-dom/cjs/react-dom-client.development.js:13249:29)
    at commitHookPassiveMountEffects (/home/hkjang/.cache/auto-improve-wt/igame-release/web/node_modules/react-dom/cjs/react-dom-client.development.js:13336:11)
    at commitPassiveMountOnFiber (/home/hkjang/.cache/auto-improve-wt/igame-release/web/node_modules/react-dom/cjs/react-dom-client.development.js:15484:13)
    at recursivelyTraversePassiveMountEffects (/home/hkjang/.cache/auto-improve-wt/igame-release/web/node_modules/react-dom/cjs/react-dom-client.development.js:15439:11) undefined
Error: Not implemented: HTMLCanvasElement.prototype.getContext (without installing the canvas npm package)
    at module.exports (/home/hkjang/.cache/auto-improve-wt/igame-release/web/node_modules/jsdom/lib/jsdom/browser/not-implemented.js:9:17)
    at HTMLCanvasElementImpl.getContext (/home/hkjang/.cache/auto-improve-wt/igame-release/web/node_modules/jsdom/lib/jsdom/living/nodes/HTMLCanvasElement-impl.js:42:5)
    at HTMLCanvasElement.getContext (/home/hkjang/.cache/auto-improve-wt/igame-release/web/node_modules/jsdom/lib/jsdom/living/generated/HTMLCanvasElement.js:131:58)
    at /home/hkjang/.cache/auto-improve-wt/igame-release/web/src/games/realmguard/EnemyPortrait.tsx:24:29
    at Object.react_stack_bottom_frame (/home/hkjang/.cache/auto-improve-wt/igame-release/web/node_modules/react-dom/cjs/react-dom-client.development.js:25989:20)
    at runWithFiberInDEV (/home/hkjang/.cache/auto-improve-wt/igame-release/web/node_modules/react-dom/cjs/react-dom-client.development.js:874:13)
    at commitHookEffectListMount (/home/hkjang/.cache/auto-improve-wt/igame-release/web/node_modules/react-dom/cjs/react-dom-client.development.js:13249:29)
    at commitHookPassiveMountEffects (/home/hkjang/.cache/auto-improve-wt/igame-release/web/node_modules/react-dom/cjs/react-dom-client.development.js:13336:11)
    at commitPassiveMountOnFiber (/home/hkjang/.cache/auto-improve-wt/igame-release/web/node_modules/react-dom/cjs/react-dom-client.development.js:15484:13)
    at recursivelyTraversePassiveMountEffects (/home/hkjang/.cache/auto-improve-wt/igame-release/web/node_modules/react-dom/cjs/react-dom-client.development.js:15439:11) undefined
Error: Not implemented: HTMLCanvasElement.prototype.getContext (without installing the canvas npm package)
    at module.exports (/home/hkjang/.cache/auto-improve-wt/igame-release/web/node_modules/jsdom/lib/jsdom/browser/not-implemented.js:9:17)
    at HTMLCanvasElementImpl.getContext (/home/hkjang/.cache/auto-improve-wt/igame-release/web/node_modules/jsdom/lib/jsdom/living/nodes/HTMLCanvasElement-impl.js:42:5)
    at HTMLCanvasElement.getContext (/home/hkjang/.cache/auto-improve-wt/igame-release/web/node_modules/jsdom/lib/jsdom/living/generated/HTMLCanvasElement.js:131:58)
    at /home/hkjang/.cache/auto-improve-wt/igame-release/web/src/games/realmguard/EnemyPortrait.tsx:24:29
    at Object.react_stack_bottom_frame (/home/hkjang/.cache/auto-improve-wt/igame-release/web/node_modules/react-dom/cjs/react-dom-client.development.js:25989:20)
    at runWithFiberInDEV (/home/hkjang/.cache/auto-improve-wt/igame-release/web/node_modules/react-dom/cjs/react-dom-client.development.js:874:13)
    at commitHookEffectListMount (/home/hkjang/.cache/auto-improve-wt/igame-release/web/node_modules/react-dom/cjs/react-dom-client.development.js:13249:29)
    at commitHookPassiveMountEffects (/home/hkjang/.cache/auto-improve-wt/igame-release/web/node_modules/react-dom/cjs/react-dom-client.development.js:13336:11)
    at commitPassiveMountOnFiber (/home/hkjang/.cache/auto-improve-wt/igame-release/web/node_modules/react-dom/cjs/react-dom-client.development.js:15484:13)
    at recursivelyTraversePassiveMountEffects (/home/hkjang/.cache/auto-improve-wt/igame-release/web/node_modules/react-dom/cjs/react-dom-client.development.js:15439:11) undefined
Error: Not implemented: HTMLCanvasElement.prototype.getContext (without installing the canvas npm package)
    at module.exports (/home/hkjang/.cache/auto-improve-wt/igame-release/web/node_modules/jsdom/lib/jsdom/browser/not-implemented.js:9:17)
    at HTMLCanvasElementImpl.getContext (/home/hkjang/.cache/auto-improve-wt/igame-release/web/node_modules/jsdom/lib/jsdom/living/nodes/HTMLCanvasElement-impl.js:42:5)
    at HTMLCanvasElement.getContext (/home/hkjang/.cache/auto-improve-wt/igame-release/web/node_modules/jsdom/lib/jsdom/living/generated/HTMLCanvasElement.js:131:58)
    at /home/hkjang/.cache/auto-improve-wt/igame-release/web/src/games/realmguard/EnemyPortrait.tsx:24:29
    at Object.react_stack_bottom_frame (/home/hkjang/.cache/auto-improve-wt/igame-release/web/node_modules/react-dom/cjs/react-dom-client.development.js:25989:20)
    at runWithFiberInDEV (/home/hkjang/.cache/auto-improve-wt/igame-release/web/node_modules/react-dom/cjs/react-dom-client.development.js:874:13)
    at commitHookEffectListMount (/home/hkjang/.cache/auto-improve-wt/igame-release/web/node_modules/react-dom/cjs/react-dom-client.development.js:13249:29)
    at commitHookPassiveMountEffects (/home/hkjang/.cache/auto-improve-wt/igame-release/web/node_modules/react-dom/cjs/react-dom-client.development.js:13336:11)
    at commitPassiveMountOnFiber (/home/hkjang/.cache/auto-improve-wt/igame-release/web/node_modules/react-dom/cjs/react-dom-client.development.js:15484:13)
    at recursivelyTraversePassiveMountEffects (/home/hkjang/.cache/auto-improve-wt/igame-release/web/node_modules/react-dom/cjs/react-dom-client.development.js:15439:11) undefined
Error: Not implemented: HTMLCanvasElement.prototype.getContext (without installing the canvas npm package)
    at module.exports (/home/hkjang/.cache/auto-improve-wt/igame-release/web/node_modules/jsdom/lib/jsdom/browser/not-implemented.js:9:17)
    at HTMLCanvasElementImpl.getContext (/home/hkjang/.cache/auto-improve-wt/igame-release/web/node_modules/jsdom/lib/jsdom/living/nodes/HTMLCanvasElement-impl.js:42:5)
    at HTMLCanvasElement.getContext (/home/hkjang/.cache/auto-improve-wt/igame-release/web/node_modules/jsdom/lib/jsdom/living/generated/HTMLCanvasElement.js:131:58)
    at /home/hkjang/.cache/auto-improve-wt/igame-release/web/src/games/realmguard/EnemyPortrait.tsx:24:29
    at Object.react_stack_bottom_frame (/home/hkjang/.cache/auto-improve-wt/igame-release/web/node_modules/react-dom/cjs/react-dom-client.development.js:25989:20)
    at runWithFiberInDEV (/home/hkjang/.cache/auto-improve-wt/igame-release/web/node_modules/react-dom/cjs/react-dom-client.development.js:874:13)
    at commitHookEffectListMount (/home/hkjang/.cache/auto-improve-wt/igame-release/web/node_modules/react-dom/cjs/react-dom-client.development.js:13249:29)
    at commitHookPassiveMountEffects (/home/hkjang/.cache/auto-improve-wt/igame-release/web/node_modules/react-dom/cjs/react-dom-client.development.js:13336:11)
    at commitPassiveMountOnFiber (/home/hkjang/.cache/auto-improve-wt/igame-release/web/node_modules/react-dom/cjs/react-dom-client.development.js:15484:13)
    at recursivelyTraversePassiveMountEffects (/home/hkjang/.cache/auto-improve-wt/igame-release/web/node_modules/react-dom/cjs/react-dom-client.development.js:15439:11) undefined
Error: Not implemented: HTMLCanvasElement.prototype.getContext (without installing the canvas npm package)
    at module.exports (/home/hkjang/.cache/auto-improve-wt/igame-release/web/node_modules/jsdom/lib/jsdom/browser/not-implemented.js:9:17)
    at HTMLCanvasElementImpl.getContext (/home/hkjang/.cache/auto-improve-wt/igame-release/web/node_modules/jsdom/lib/jsdom/living/nodes/HTMLCanvasElement-impl.js:42:5)
    at HTMLCanvasElement.getContext (/home/hkjang/.cache/auto-improve-wt/igame-release/web/node_modules/jsdom/lib/jsdom/living/generated/HTMLCanvasElement.js:131:58)
    at /home/hkjang/.cache/auto-improve-wt/igame-release/web/src/games/realmguard/EnemyPortrait.tsx:24:29
    at Object.react_stack_bottom_frame (/home/hkjang/.cache/auto-improve-wt/igame-release/web/node_modules/react-dom/cjs/react-dom-client.development.js:25989:20)
    at runWithFiberInDEV (/home/hkjang/.cache/auto-improve-wt/igame-release/web/node_modules/react-dom/cjs/react-dom-client.development.js:874:13)
    at commitHookEffectListMount (/home/hkjang/.cache/auto-improve-wt/igame-release/web/node_modules/react-dom/cjs/react-dom-client.development.js:13249:29)
    at commitHookPassiveMountEffects (/home/hkjang/.cache/auto-improve-wt/igame-release/web/node_modules/react-dom/cjs/react-dom-client.development.js:13336:11)
    at commitPassiveMountOnFiber (/home/hkjang/.cache/auto-improve-wt/igame-release/web/node_modules/react-dom/cjs/react-dom-client.development.js:15484:13)
    at recursivelyTraversePassiveMountEffects (/home/hkjang/.cache/auto-improve-wt/igame-release/web/node_modules/react-dom/cjs/react-dom-client.development.js:15439:11) undefined
Error: Not implemented: HTMLCanvasElement.prototype.getContext (without installing the canvas npm package)
    at module.exports (/home/hkjang/.cache/auto-improve-wt/igame-release/web/node_modules/jsdom/lib/jsdom/browser/not-implemented.js:9:17)
    at HTMLCanvasElementImpl.getContext (/home/hkjang/.cache/auto-improve-wt/igame-release/web/node_modules/jsdom/lib/jsdom/living/nodes/HTMLCanvasElement-impl.js:42:5)
    at HTMLCanvasElement.getContext (/home/hkjang/.cache/auto-improve-wt/igame-release/web/node_modules/jsdom/lib/jsdom/living/generated/HTMLCanvasElement.js:131:58)
    at /home/hkjang/.cache/auto-improve-wt/igame-release/web/src/games/realmguard/EnemyPortrait.tsx:24:29
    at Object.react_stack_bottom_frame (/home/hkjang/.cache/auto-improve-wt/igame-release/web/node_modules/react-dom/cjs/react-dom-client.development.js:25989:20)
    at runWithFiberInDEV (/home/hkjang/.cache/auto-improve-wt/igame-release/web/node_modules/react-dom/cjs/react-dom-client.development.js:874:13)
    at commitHookEffectListMount (/home/hkjang/.cache/auto-improve-wt/igame-release/web/node_modules/react-dom/cjs/react-dom-client.development.js:13249:29)
    at commitHookPassiveMountEffects (/home/hkjang/.cache/auto-improve-wt/igame-release/web/node_modules/react-dom/cjs/react-dom-client.development.js:13336:11)
    at commitPassiveMountOnFiber (/home/hkjang/.cache/auto-improve-wt/igame-release/web/node_modules/react-dom/cjs/react-dom-client.development.js:15484:13)
    at recursivelyTraversePassiveMountEffects (/home/hkjang/.cache/auto-improve-wt/igame-release/web/node_modules/react-dom/cjs/react-dom-client.development.js:15439:11) undefined
Error: Not implemented: HTMLCanvasElement.prototype.getContext (without installing the canvas npm package)
    at module.exports (/home/hkjang/.cache/auto-improve-wt/igame-release/web/node_modules/jsdom/lib/jsdom/browser/not-implemented.js:9:17)
    at HTMLCanvasElementImpl.getContext (/home/hkjang/.cache/auto-improve-wt/igame-release/web/node_modules/jsdom/lib/jsdom/living/nodes/HTMLCanvasElement-impl.js:42:5)
    at HTMLCanvasElement.getContext (/home/hkjang/.cache/auto-improve-wt/igame-release/web/node_modules/jsdom/lib/jsdom/living/generated/HTMLCanvasElement.js:131:58)
    at /home/hkjang/.cache/auto-improve-wt/igame-release/web/src/games/realmguard/EnemyPortrait.tsx:24:29
    at Object.react_stack_bottom_frame (/home/hkjang/.cache/auto-improve-wt/igame-release/web/node_modules/react-dom/cjs/react-dom-client.development.js:25989:20)
    at runWithFiberInDEV (/home/hkjang/.cache/auto-improve-wt/igame-release/web/node_modules/react-dom/cjs/react-dom-client.development.js:874:13)
    at commitHookEffectListMount (/home/hkjang/.cache/auto-improve-wt/igame-release/web/node_modules/react-dom/cjs/react-dom-client.development.js:13249:29)
    at commitHookPassiveMountEffects (/home/hkjang/.cache/auto-improve-wt/igame-release/web/node_modules/react-dom/cjs/react-dom-client.development.js:13336:11)
    at commitPassiveMountOnFiber (/home/hkjang/.cache/auto-improve-wt/igame-release/web/node_modules/react-dom/cjs/react-dom-client.development.js:15484:13)
    at recursivelyTraversePassiveMountEffects (/home/hkjang/.cache/auto-improve-wt/igame-release/web/node_modules/react-dom/cjs/react-dom-client.development.js:15439:11) undefined
Error: Not implemented: HTMLCanvasElement.prototype.getContext (without installing the canvas npm package)
    at module.exports (/home/hkjang/.cache/auto-improve-wt/igame-release/web/node_modules/jsdom/lib/jsdom/browser/not-implemented.js:9:17)
    at HTMLCanvasElementImpl.getContext (/home/hkjang/.cache/auto-improve-wt/igame-release/web/node_modules/jsdom/lib/jsdom/living/nodes/HTMLCanvasElement-impl.js:42:5)
    at HTMLCanvasElement.getContext (/home/hkjang/.cache/auto-improve-wt/igame-release/web/node_modules/jsdom/lib/jsdom/living/generated/HTMLCanvasElement.js:131:58)
    at /home/hkjang/.cache/auto-improve-wt/igame-release/web/src/games/realmguard/EnemyPortrait.tsx:24:29
    at Object.react_stack_bottom_frame (/home/hkjang/.cache/auto-improve-wt/igame-release/web/node_modules/react-dom/cjs/react-dom-client.development.js:25989:20)
    at runWithFiberInDEV (/home/hkjang/.cache/auto-improve-wt/igame-release/web/node_modules/react-dom/cjs/react-dom-client.development.js:874:13)
    at commitHookEffectListMount (/home/hkjang/.cache/auto-improve-wt/igame-release/web/node_modules/react-dom/cjs/react-dom-client.development.js:13249:29)
    at commitHookPassiveMountEffects (/home/hkjang/.cache/auto-improve-wt/igame-release/web/node_modules/react-dom/cjs/react-dom-client.development.js:13336:11)
    at commitPassiveMountOnFiber (/home/hkjang/.cache/auto-improve-wt/igame-release/web/node_modules/react-dom/cjs/react-dom-client.development.js:15484:13)
    at recursivelyTraversePassiveMountEffects (/home/hkjang/.cache/auto-improve-wt/igame-release/web/node_modules/react-dom/cjs/react-dom-client.development.js:15439:11) undefined
Error: Not implemented: HTMLCanvasElement.prototype.getContext (without installing the canvas npm package)
    at module.exports (/home/hkjang/.cache/auto-improve-wt/igame-release/web/node_modules/jsdom/lib/jsdom/browser/not-implemented.js:9:17)
    at HTMLCanvasElementImpl.getContext (/home/hkjang/.cache/auto-improve-wt/igame-release/web/node_modules/jsdom/lib/jsdom/living/nodes/HTMLCanvasElement-impl.js:42:5)
    at HTMLCanvasElement.getContext (/home/hkjang/.cache/auto-improve-wt/igame-release/web/node_modules/jsdom/lib/jsdom/living/generated/HTMLCanvasElement.js:131:58)
    at /home/hkjang/.cache/auto-improve-wt/igame-release/web/src/games/realmguard/EnemyPortrait.tsx:24:29
    at Object.react_stack_bottom_frame (/home/hkjang/.cache/auto-improve-wt/igame-release/web/node_modules/react-dom/cjs/react-dom-client.development.js:25989:20)
    at runWithFiberInDEV (/home/hkjang/.cache/auto-improve-wt/igame-release/web/node_modules/react-dom/cjs/react-dom-client.development.js:874:13)
    at commitHookEffectListMount (/home/hkjang/.cache/auto-improve-wt/igame-release/web/node_modules/react-dom/cjs/react-dom-client.development.js:13249:29)
    at commitHookPassiveMountEffects (/home/hkjang/.cache/auto-improve-wt/igame-release/web/node_modules/react-dom/cjs/react-dom-client.development.js:13336:11)
    at commitPassiveMountOnFiber (/home/hkjang/.cache/auto-improve-wt/igame-release/web/node_modules/react-dom/cjs/react-dom-client.development.js:15484:13)
    at recursivelyTraversePassiveMountEffects (/home/hkjang/.cache/auto-improve-wt/igame-release/web/node_modules/react-dom/cjs/react-dom-client.development.js:15439:11) undefined
Error: Not implemented: HTMLCanvasElement.prototype.getContext (without installing the canvas npm package)
    at module.exports (/home/hkjang/.cache/auto-improve-wt/igame-release/web/node_modules/jsdom/lib/jsdom/browser/not-implemented.js:9:17)
    at HTMLCanvasElementImpl.getContext (/home/hkjang/.cache/auto-improve-wt/igame-release/web/node_modules/jsdom/lib/jsdom/living/nodes/HTMLCanvasElement-impl.js:42:5)
    at HTMLCanvasElement.getContext (/home/hkjang/.cache/auto-improve-wt/igame-release/web/node_modules/jsdom/lib/jsdom/living/generated/HTMLCanvasElement.js:131:58)
    at /home/hkjang/.cache/auto-improve-wt/igame-release/web/src/games/realmguard/EnemyPortrait.tsx:24:29
    at Object.react_stack_bottom_frame (/home/hkjang/.cache/auto-improve-wt/igame-release/web/node_modules/react-dom/cjs/react-dom-client.development.js:25989:20)
    at runWithFiberInDEV (/home/hkjang/.cache/auto-improve-wt/igame-release/web/node_modules/react-dom/cjs/react-dom-client.development.js:874:13)
    at commitHookEffectListMount (/home/hkjang/.cache/auto-improve-wt/igame-release/web/node_modules/react-dom/cjs/react-dom-client.development.js:13249:29)
    at commitHookPassiveMountEffects (/home/hkjang/.cache/auto-improve-wt/igame-release/web/node_modules/react-dom/cjs/react-dom-client.development.js:13336:11)
    at commitPassiveMountOnFiber (/home/hkjang/.cache/auto-improve-wt/igame-release/web/node_modules/react-dom/cjs/react-dom-client.development.js:15484:13)
    at recursivelyTraversePassiveMountEffects (/home/hkjang/.cache/auto-improve-wt/igame-release/web/node_modules/react-dom/cjs/react-dom-client.development.js:15439:11) undefined

 Test Files  41 passed (41)
      Tests  246 passed (246)
   Start at  07:20:02
   Duration  2.33s (environment 52%, transform 24%, import 12%, setup 8%, tests 3%, worker 1%)

go test -race ./cmd/... ./internal/... ./migrations/...
ok  	github.com/hkjang/igame/cmd/igame	(cached)
ok  	github.com/hkjang/igame/internal/api	1.999s
ok  	github.com/hkjang/igame/internal/battle/realmguard	1.568s
ok  	github.com/hkjang/igame/internal/config	(cached)
ok  	github.com/hkjang/igame/internal/database	(cached)
ok  	github.com/hkjang/igame/internal/secretbox	(cached)
ok  	github.com/hkjang/igame/internal/tracking	(cached)
?   	github.com/hkjang/igame/internal/version	[no test files]
ok  	github.com/hkjang/igame/internal/web	(cached)
?   	github.com/hkjang/igame/migrations	[no test files]
npm --prefix sdk/gamehub-js run build

> @igame/gamehub-js@0.7.24 build
> tsup src/index.ts --format esm,cjs --dts --clean

CLI Building entry: src/index.ts
CLI Using tsconfig: tsconfig.json
CLI tsup v8.5.1
CLI Target: es2022
CLI Cleaning output folder
ESM Build start
CJS Build start
ESM dist/index.js 9.24 KB
ESM ⚡️ Build success in 18ms
CJS dist/index.cjs 10.33 KB
CJS ⚡️ Build success in 19ms
DTS Build start
DTS ⚡️ Build success in 794ms
DTS dist/index.d.ts  4.86 KB
DTS dist/index.d.cts 4.86 KB
npm --prefix web run build

> igame-web@0.7.24 build
> tsc -b && vite build

vite v7.3.6 building client environment for production...
transforming...
✓ 1128 modules transformed.
rendering chunks...
computing gzip size...
dist/index.html                                       0.60 kB │ gzip:   0.40 kB
dist/assets/index-Cm-5-y8F.css                        0.63 kB │ gzip:   0.29 kB
dist/assets/gameLinks-C-KPRkwU.js                     0.17 kB │ gzip:   0.15 kB
dist/assets/AddRounded-BjpBYEXI.js                    0.23 kB │ gzip:   0.18 kB
dist/assets/ArrowBackRounded-bYD-ha4e.js              0.28 kB │ gzip:   0.21 kB
dist/assets/EditRounded-BG5XvrOM.js                   0.29 kB │ gzip:   0.23 kB
dist/assets/BoltRounded-Gy9zQk17.js                   0.31 kB │ gzip:   0.24 kB
dist/assets/CheckCircleRounded-D7qwxGpT.js            0.31 kB │ gzip:   0.23 kB
dist/assets/SaveRounded-Cf7zNJw7.js                   0.33 kB │ gzip:   0.24 kB
dist/assets/DeleteOutlineRounded-CgTUIjuI.js          0.37 kB │ gzip:   0.26 kB
dist/assets/SchoolRounded-Cm4wnbJt.js                 0.40 kB │ gzip:   0.27 kB
dist/assets/OpenInNewRounded-CzjtLvRm.js              0.41 kB │ gzip:   0.27 kB
dist/assets/RefreshRounded-DwwpEzVv.js                0.44 kB │ gzip:   0.31 kB
dist/assets/useRetainFocus-JlYqQCS3.js                0.56 kB │ gzip:   0.30 kB
dist/assets/DialogContentText-D774KbcR.js             0.62 kB │ gzip:   0.40 kB
dist/assets/labels-C2--Z4zJ.js                        1.16 kB │ gzip:   0.79 kB
dist/assets/AdminAnalyticsPage-CB3HmQKn.js            1.39 kB │ gzip:   0.86 kB
dist/assets/api-B0xxeqRT.js                           1.45 kB │ gzip:   0.52 kB
dist/assets/CardActionArea-DdIRTn5z.js                1.57 kB │ gzip:   0.77 kB
dist/assets/NoticesPage-CYsBem5h.js                   2.28 kB │ gzip:   1.40 kB
dist/assets/DefensePreviewPage-DlUSz0v5.js            2.37 kB │ gzip:   1.37 kB
dist/assets/RealmGuardPreviewPage-bWHEuboi.js         2.39 kB │ gzip:   1.37 kB
dist/assets/JsonSubField-CY2kVHDg.js                  3.00 kB │ gzip:   1.60 kB
dist/assets/clipboard-D8XxOj01.js                     3.58 kB │ gzip:   1.63 kB
dist/assets/AIGameLabPage-B411M0Ge.js                 3.94 kB │ gzip:   2.19 kB
dist/assets/Switch-BCt90P1k.js                        4.59 kB │ gzip:   1.76 kB
dist/assets/ReviewQueue-eS8ByOFD.js                   4.79 kB │ gzip:   2.34 kB
dist/assets/FormControlLabel-DTBJcyiT.js              4.87 kB │ gzip:   2.08 kB
dist/assets/DialogTitle-BvrrLMam.js                   6.97 kB │ gzip:   2.40 kB
dist/assets/ProfileOverviewPage-20dFG7G3.js           7.20 kB │ gzip:   2.94 kB
dist/assets/AdminDashboardPage-Cyxrnaly.js            7.70 kB │ gzip:   2.94 kB
dist/assets/PersonalKeysPage-1AyIMFU4.js              7.82 kB │ gzip:   3.23 kB
dist/assets/content-ChdQSuMr.js                       7.98 kB │ gzip:   3.83 kB
dist/assets/ReviewsPage-Dy3WXa85.js                   8.56 kB │ gzip:   2.58 kB
dist/assets/DeveloperPage-ivyOBk7v.js                 8.65 kB │ gzip:   3.56 kB
dist/assets/api-BIihW6Xx.js                          11.79 kB │ gzip:   4.51 kB
dist/assets/RealmGuardDesignerPage-PPPExEC9.js       13.59 kB │ gzip:   5.32 kB
dist/assets/content-JH7vh64B.js                      15.06 kB │ gzip:   6.54 kB
dist/assets/api-DbjR0wFT.js                          17.02 kB │ gzip:   6.41 kB
dist/assets/DefenseContentStudioPage-B3xFNdAv.js     19.20 kB │ gzip:   7.40 kB
dist/assets/PreferencesPage-wuiFjpSx.js              22.60 kB │ gzip:   8.31 kB
dist/assets/RealmGuardGame-CXAv6EpH.js               22.95 kB │ gzip:   8.66 kB
dist/assets/AdminResourcePage-CBsLXCke.js            24.69 kB │ gzip:   8.94 kB
dist/assets/GamePlayPage-QEYyomUa.js                 26.99 kB │ gzip:  10.07 kB
dist/assets/StageRoster-CdzuJOOb.js                  31.12 kB │ gzip:  11.74 kB
dist/assets/AdminSettingsPage-DnYiEU4B.js            33.83 kB │ gzip:  11.14 kB
dist/assets/DefenseSeriesGame-DUK4-riM.js            35.57 kB │ gzip:  12.86 kB
dist/assets/index-DnSxBIYK.js                       651.65 kB │ gzip: 204.98 kB
dist/assets/RealmGuardScene-DHCOIPMG.js           1,253.22 kB │ gzip: 346.38 kB

(!) Some chunks are larger than 900 kB after minification. Consider:
- Using dynamic import() to code-split the application
- Use build.rollupOptions.output.manualChunks to improve chunking: https://rollupjs.org/configuration-options/#output-manualchunks
- Adjust chunk size limit for this warning via build.chunkSizeWarningLimit.
✓ built in 6.11s
bash ./scripts/check-offline-bundle.sh
Offline RealmGuard 0.3.1 and Defense Series 0.4.0 bundles verified (igame 0.7.24, Phaser 3.90.0).
bash ./scripts/build-local.sh "0.7.24" "8f03f26527ca" "2026-09-28T22:20:10Z"
found 0 vulnerabilities
found 0 vulnerabilities
=== Symbol Results ===

No vulnerabilities found.

Your code is affected by 0 vulnerabilities.
This scan also found 0 vulnerabilities in packages you import and 3
vulnerabilities in modules you require, but your code doesn't appear to call
these vulnerabilities.
Use '-show verbose' for more details.
