
> kcb-dashboard@0.1.0 build
> next build

▲ Next.js 16.3.3 (Turbopack)
✓ Running next.config.ts took 30ms
- Experiments (use with caution):
  · serverActions

  Creating an optimized production build ...
✓ Compiled successfully in 2.8s
  Running TypeScript ...
  Finished TypeScript in 2.7s ...
  Collecting page data using 19 workers ...
  Generating static pages using 19 workers (0/17) ...
  Generating static pages using 19 workers (4/17) 
  Generating static pages using 19 workers (8/17) 
  Generating static pages using 19 workers (12/17) 
✓ Generating static pages using 19 workers (17/17) in 338ms
  Finalizing page optimization ...

Route (app)
┌ ƒ /
├ ƒ /_not-found
├ ƒ /admin
├ ƒ /api/activities
├ ƒ /api/activities/import
├ ƒ /api/activities/reset-visitor
├ ƒ /api/auth/login
├ ƒ /api/auth/session
├ ƒ /api/csp-report
├ ƒ /api/mail
├ ƒ /api/mail/deliveries
├ ƒ /api/mail/test
├ ƒ /api/tracking
├ ƒ /api/tracking/violations
├ ƒ /momento/[...path]
└ ƒ /pc


ƒ Proxy (Middleware)

ƒ  (Dynamic)  server-rendered on demand

