=== RUN   TestPreviewWorksBeforePtiumIsConnectedIntegration
--- PASS: TestPreviewWorksBeforePtiumIsConnectedIntegration (0.19s)
=== RUN   TestPresentationTitleFallbackIntegration
=== RUN   TestPresentationTitleFallbackIntegration/omitted
=== RUN   TestPresentationTitleFallbackIntegration/empty
=== RUN   TestPresentationTitleFallbackIntegration/ASCII_spaces
    presentation_integration_test.go:974: preview title = "", want "회고 주기 재검토"
    presentation_integration_test.go:978: preview must start with exactly one cover "# 회고 주기 재검토\n@cover\n": "# 회고 주기를 격주로 줄여 보자\n@content\n// umm:notes=7edccb26-d7fd-43b9-919c-6119aa9918b9,82fe8837-1ad3-4767-97a0-193d5ae60182\n- 주기가 짧으면 논의가 얕아진다\n\n"
    presentation_integration_test.go:985: first content must follow the cover at position 2: [{SlidePosition:1 NoteID:7edccb26-d7fd-43b9-919c-6119aa9918b9} {SlidePosition:1 NoteID:82fe8837-1ad3-4767-97a0-193d5ae60182}]
    presentation_integration_test.go:988: title changed thought source positions or count
    presentation_integration_test.go:991: preview changed beyond the title
    presentation_integration_test.go:996: outline must start with "# 회고 주기 재검토\n\n": "### 회고 주기를 격주로 줄여 보자\n\n- 주기가 짧으면 논의가 얕아진다\n\n"
    presentation_integration_test.go:999: outline changed beyond the title
=== RUN   TestPresentationTitleFallbackIntegration/tabs_and_newlines
    presentation_integration_test.go:974: preview title = "", want "회고 주기 재검토"
    presentation_integration_test.go:978: preview must start with exactly one cover "# 회고 주기 재검토\n@cover\n": "# 회고 주기를 격주로 줄여 보자\n@content\n// umm:notes=7edccb26-d7fd-43b9-919c-6119aa9918b9,82fe8837-1ad3-4767-97a0-193d5ae60182\n- 주기가 짧으면 논의가 얕아진다\n\n"
    presentation_integration_test.go:985: first content must follow the cover at position 2: [{SlidePosition:1 NoteID:7edccb26-d7fd-43b9-919c-6119aa9918b9} {SlidePosition:1 NoteID:82fe8837-1ad3-4767-97a0-193d5ae60182}]
    presentation_integration_test.go:988: title changed thought source positions or count
    presentation_integration_test.go:991: preview changed beyond the title
    presentation_integration_test.go:996: outline must start with "# 회고 주기 재검토\n\n": "### 회고 주기를 격주로 줄여 보자\n\n- 주기가 짧으면 논의가 얕아진다\n\n"
    presentation_integration_test.go:999: outline changed beyond the title
=== RUN   TestPresentationTitleFallbackIntegration/Unicode_spaces
    presentation_integration_test.go:974: preview title = "", want "회고 주기 재검토"
    presentation_integration_test.go:978: preview must start with exactly one cover "# 회고 주기 재검토\n@cover\n": "# 회고 주기를 격주로 줄여 보자\n@content\n// umm:notes=7edccb26-d7fd-43b9-919c-6119aa9918b9,82fe8837-1ad3-4767-97a0-193d5ae60182\n- 주기가 짧으면 논의가 얕아진다\n\n"
    presentation_integration_test.go:985: first content must follow the cover at position 2: [{SlidePosition:1 NoteID:7edccb26-d7fd-43b9-919c-6119aa9918b9} {SlidePosition:1 NoteID:82fe8837-1ad3-4767-97a0-193d5ae60182}]
    presentation_integration_test.go:988: title changed thought source positions or count
    presentation_integration_test.go:991: preview changed beyond the title
    presentation_integration_test.go:996: outline must start with "# 회고 주기 재검토\n\n": "### 회고 주기를 격주로 줄여 보자\n\n- 주기가 짧으면 논의가 얕아진다\n\n"
    presentation_integration_test.go:999: outline changed beyond the title
=== RUN   TestPresentationTitleFallbackIntegration/ordinary_title
=== RUN   TestPresentationTitleFallbackIntegration/padded_title
--- FAIL: TestPresentationTitleFallbackIntegration (0.22s)
    --- PASS: TestPresentationTitleFallbackIntegration/omitted (0.01s)
    --- PASS: TestPresentationTitleFallbackIntegration/empty (0.01s)
    --- FAIL: TestPresentationTitleFallbackIntegration/ASCII_spaces (0.01s)
    --- FAIL: TestPresentationTitleFallbackIntegration/tabs_and_newlines (0.00s)
    --- FAIL: TestPresentationTitleFallbackIntegration/Unicode_spaces (0.00s)
    --- PASS: TestPresentationTitleFallbackIntegration/ordinary_title (0.00s)
    --- PASS: TestPresentationTitleFallbackIntegration/padded_title (0.00s)
FAIL
FAIL	github.com/hkjang/umm/internal/httpapi	0.423s
FAIL
