--- FAIL: TestPresentationTitleFallbackIntegration (0.21s)
    --- FAIL: TestPresentationTitleFallbackIntegration/ASCII_spaces (0.00s)
        presentation_integration_test.go:974: preview title = "", want "회고 주기 재검토"
        presentation_integration_test.go:978: preview must start with exactly one cover "# 회고 주기 재검토\n@cover\n": "# 회고 주기를 격주로 줄여 보자\n@content\n// umm:notes=bd07c8db-bd96-444a-87c8-daa7a68a2ee0,36f3f6d3-bf40-4c02-919f-b0b20d9f9a77\n- 주기가 짧으면 논의가 얕아진다\n\n"
        presentation_integration_test.go:985: first content must follow the cover at position 2: [{SlidePosition:1 NoteID:bd07c8db-bd96-444a-87c8-daa7a68a2ee0} {SlidePosition:1 NoteID:36f3f6d3-bf40-4c02-919f-b0b20d9f9a77}]
        presentation_integration_test.go:988: title changed thought source positions or count
        presentation_integration_test.go:991: preview changed beyond the title
        presentation_integration_test.go:996: outline must start with "# 회고 주기 재검토\n\n": "### 회고 주기를 격주로 줄여 보자\n\n- 주기가 짧으면 논의가 얕아진다\n\n"
        presentation_integration_test.go:999: outline changed beyond the title
    --- FAIL: TestPresentationTitleFallbackIntegration/tabs_and_newlines (0.00s)
        presentation_integration_test.go:974: preview title = "", want "회고 주기 재검토"
        presentation_integration_test.go:978: preview must start with exactly one cover "# 회고 주기 재검토\n@cover\n": "# 회고 주기를 격주로 줄여 보자\n@content\n// umm:notes=bd07c8db-bd96-444a-87c8-daa7a68a2ee0,36f3f6d3-bf40-4c02-919f-b0b20d9f9a77\n- 주기가 짧으면 논의가 얕아진다\n\n"
        presentation_integration_test.go:985: first content must follow the cover at position 2: [{SlidePosition:1 NoteID:bd07c8db-bd96-444a-87c8-daa7a68a2ee0} {SlidePosition:1 NoteID:36f3f6d3-bf40-4c02-919f-b0b20d9f9a77}]
        presentation_integration_test.go:988: title changed thought source positions or count
        presentation_integration_test.go:991: preview changed beyond the title
        presentation_integration_test.go:996: outline must start with "# 회고 주기 재검토\n\n": "### 회고 주기를 격주로 줄여 보자\n\n- 주기가 짧으면 논의가 얕아진다\n\n"
        presentation_integration_test.go:999: outline changed beyond the title
    --- FAIL: TestPresentationTitleFallbackIntegration/Unicode_spaces (0.00s)
        presentation_integration_test.go:974: preview title = "", want "회고 주기 재검토"
        presentation_integration_test.go:978: preview must start with exactly one cover "# 회고 주기 재검토\n@cover\n": "# 회고 주기를 격주로 줄여 보자\n@content\n// umm:notes=bd07c8db-bd96-444a-87c8-daa7a68a2ee0,36f3f6d3-bf40-4c02-919f-b0b20d9f9a77\n- 주기가 짧으면 논의가 얕아진다\n\n"
        presentation_integration_test.go:985: first content must follow the cover at position 2: [{SlidePosition:1 NoteID:bd07c8db-bd96-444a-87c8-daa7a68a2ee0} {SlidePosition:1 NoteID:36f3f6d3-bf40-4c02-919f-b0b20d9f9a77}]
        presentation_integration_test.go:988: title changed thought source positions or count
        presentation_integration_test.go:991: preview changed beyond the title
        presentation_integration_test.go:996: outline must start with "# 회고 주기 재검토\n\n": "### 회고 주기를 격주로 줄여 보자\n\n- 주기가 짧으면 논의가 얕아진다\n\n"
        presentation_integration_test.go:999: outline changed beyond the title
FAIL
FAIL	github.com/hkjang/umm/internal/httpapi	0.215s
FAIL
