TAP version 13
# Subtest: api handles HTML success over HTTP
ok 1 - api handles HTML success over HTTP
  ---
  duration_ms: 14.682768
  type: 'test'
  ...
# Subtest: api handles empty success over HTTP
ok 2 - api handles empty success over HTTP
  ---
  duration_ms: 4.070603
  type: 'test'
  ...
# Subtest: api handles truncated creation response over HTTP
ok 3 - api handles truncated creation response over HTTP
  ---
  duration_ms: 3.204559
  type: 'test'
  ...
# Subtest: api handles non-JSON gateway error over HTTP
ok 4 - api handles non-JSON gateway error over HTTP
  ---
  duration_ms: 2.36272
  type: 'test'
  ...
# Subtest: api handles empty error over HTTP
ok 5 - api handles empty error over HTTP
  ---
  duration_ms: 1.968071
  type: 'test'
  ...
# Subtest: api handles structured API error over HTTP
ok 6 - api handles structured API error over HTTP
  ---
  duration_ms: 2.221615
  type: 'test'
  ...
# Subtest: api handles JSON object over HTTP
ok 7 - api handles JSON object over HTTP
  ---
  duration_ms: 2.398028
  type: 'test'
  ...
# Subtest: api handles created JSON object over HTTP
ok 8 - api handles created JSON object over HTTP
  ---
  duration_ms: 2.358585
  type: 'test'
  ...
# Subtest: api handles JSON array over HTTP
ok 9 - api handles JSON array over HTTP
  ---
  duration_ms: 3.233122
  type: 'test'
  ...
# Subtest: api handles JSON null over HTTP
ok 10 - api handles JSON null over HTTP
  ---
  duration_ms: 2.313094
  type: 'test'
  ...
# Subtest: api handles no content over HTTP
ok 11 - api handles no content over HTTP
  ---
  duration_ms: 1.244635
  type: 'test'
  ...
1..11
# tests 11
# suites 0
# pass 11
# fail 0
# cancelled 0
# skipped 0
# todo 0
# duration_ms 124.106852
