TAP version 13
# Subtest: api handles HTML success over HTTP
not ok 1 - api handles HTML success over HTTP
  ---
  duration_ms: 15.269531
  type: 'test'
  location: '/home/hkjang/.cache/auto-improve-wt/relio/web/test/api.test.ts:24:3'
  failureType: 'testCodeFailure'
  error: 'Missing expected rejection.'
  code: 'ERR_ASSERTION'
  name: 'AssertionError'
  stack: |-
    process.processTicksAndRejections (node:internal/process/task_queues:103:5)
    async TestContext.<anonymous> (file:///home/hkjang/.cache/auto-improve-wt/relio/web/test/api.test.ts:40:7)
    async Test.run (node:internal/test_runner/test:1054:7)
    async startSubtestAfterBootstrap (node:internal/test_runner/harness:296:3)
  ...
# Subtest: api handles empty success over HTTP
not ok 2 - api handles empty success over HTTP
  ---
  duration_ms: 4.654658
  type: 'test'
  location: '/home/hkjang/.cache/auto-improve-wt/relio/web/test/api.test.ts:24:3'
  failureType: 'testCodeFailure'
  error: 'Missing expected rejection.'
  code: 'ERR_ASSERTION'
  name: 'AssertionError'
  stack: |-
    process.processTicksAndRejections (node:internal/process/task_queues:103:5)
    async TestContext.<anonymous> (file:///home/hkjang/.cache/auto-improve-wt/relio/web/test/api.test.ts:40:7)
    async Test.run (node:internal/test_runner/test:1054:7)
    async Test.processPendingSubtests (node:internal/test_runner/test:744:7)
  ...
# Subtest: api handles truncated creation response over HTTP
not ok 3 - api handles truncated creation response over HTTP
  ---
  duration_ms: 3.239494
  type: 'test'
  location: '/home/hkjang/.cache/auto-improve-wt/relio/web/test/api.test.ts:24:3'
  failureType: 'testCodeFailure'
  error: 'Missing expected rejection.'
  code: 'ERR_ASSERTION'
  name: 'AssertionError'
  stack: |-
    process.processTicksAndRejections (node:internal/process/task_queues:103:5)
    async TestContext.<anonymous> (file:///home/hkjang/.cache/auto-improve-wt/relio/web/test/api.test.ts:40:7)
    async Test.run (node:internal/test_runner/test:1054:7)
    async Test.processPendingSubtests (node:internal/test_runner/test:744:7)
  ...
# Subtest: api handles non-JSON gateway error over HTTP
ok 4 - api handles non-JSON gateway error over HTTP
  ---
  duration_ms: 2.672012
  type: 'test'
  ...
# Subtest: api handles empty error over HTTP
ok 5 - api handles empty error over HTTP
  ---
  duration_ms: 2.032961
  type: 'test'
  ...
# Subtest: api handles structured API error over HTTP
ok 6 - api handles structured API error over HTTP
  ---
  duration_ms: 2.196547
  type: 'test'
  ...
# Subtest: api handles JSON object over HTTP
ok 7 - api handles JSON object over HTTP
  ---
  duration_ms: 2.142469
  type: 'test'
  ...
# Subtest: api handles created JSON object over HTTP
ok 8 - api handles created JSON object over HTTP
  ---
  duration_ms: 2.406344
  type: 'test'
  ...
# Subtest: api handles JSON array over HTTP
ok 9 - api handles JSON array over HTTP
  ---
  duration_ms: 3.416797
  type: 'test'
  ...
# Subtest: api handles JSON null over HTTP
ok 10 - api handles JSON null over HTTP
  ---
  duration_ms: 2.144604
  type: 'test'
  ...
# Subtest: api handles no content over HTTP
ok 11 - api handles no content over HTTP
  ---
  duration_ms: 1.2086
  type: 'test'
  ...
1..11
# tests 11
# suites 0
# pass 8
# fail 3
# cancelled 0
# skipped 0
# todo 0
# duration_ms 128.30905
