
> appstore-web@2.11.16 lint
> eslint . --max-warnings 0


> appstore-web@2.11.16 format:check
> prettier --check .

Checking formatting...
All matched files use Prettier code style!

> appstore-web@2.11.16 test
> vitest run


 RUN  v3.2.7 /home/hkjang/.cache/auto-improve-wt/appstore-release/web

 ✓ src/features/home/hero-copy.test.ts (3 tests) 5ms
 ✓ src/lib/utils.test.ts (5 tests) 5ms
 ✓ src/lib/api.test.ts (6 tests) 13ms
 ✓ src/features/auth/silent-sso.test.ts (9 tests) 12ms
 ✓ src/app/providers.test.tsx (1 test) 84ms
 ✓ src/components/app-shell.test.tsx (4 tests) 53ms
 ✓ src/features/apps/app-card.test.tsx (3 tests) 122ms
 ✓ src/components/ui.test.tsx (3 tests) 221ms
 ✓ src/features/apps/guide-documents.test.tsx (6 tests) 258ms
 ✓ src/pages/app-form-page.test.tsx (4 tests) 224ms
 ✓ src/pages/admin-pages.test.tsx (3 tests) 208ms
 ✓ src/pages/auth-pages.test.tsx (9 tests) 341ms
 ✓ src/features/navigation/command-palette.test.tsx (5 tests) 346ms
 ✓ src/pages/review-pages.test.tsx (7 tests) 494ms
 ✓ src/features/security-check/security-check.test.tsx (12 tests) 644ms
 ✓ src/pages/personal-pages.test.tsx (18 tests) 691ms
 ✓ src/pages/public-pages.test.tsx (13 tests) 800ms

 Test Files  17 passed (17)
      Tests  111 passed (111)
   Start at  12:35:45
   Duration  2.10s (transform 1.90s, setup 2.05s, collect 6.43s, tests 4.52s, environment 6.54s, prepare 1.29s)


> appstore-web@2.11.16 build
> tsc -b && vite build

vite v7.3.6 building client environment for production...
transforming...
✓ 1757 modules transformed.
rendering chunks...
computing gzip size...
dist/index.html                                   0.58 kB │ gzip:   0.39 kB
dist/assets/Pretendard-Regular-DduNsf_8.woff2   630.02 kB
dist/assets/Pretendard-Medium-CcMLxVMi.woff2    640.52 kB
dist/assets/Pretendard-SemiBold-D66dyVQg.woff2  649.23 kB
dist/assets/Pretendard-Bold-CRkDENDk.woff2      655.32 kB
dist/assets/index-wys4rDeS.css                   38.64 kB │ gzip:   8.88 kB
dist/assets/index-CptVK3Cj.js                   483.01 kB │ gzip: 145.52 kB
✓ built in -590ms
Offline frontend asset check passed
Environment contract verified: exactly four application settings
