=== RUN   TestRelayChatBodyReportsWhyTheAnswerStopped
=== RUN   TestRelayChatBodyReportsWhyTheAnswerStopped/whole_body_delivered
=== RUN   TestRelayChatBodyReportsWhyTheAnswerStopped/upstream_hangs_up_mid_answer
=== RUN   TestRelayChatBodyReportsWhyTheAnswerStopped/provider_timeout
=== RUN   TestRelayChatBodyReportsWhyTheAnswerStopped/request_abandoned
=== RUN   TestRelayChatBodyReportsWhyTheAnswerStopped/caller_stopped_reading
=== RUN   TestRelayChatBodyReportsWhyTheAnswerStopped/caller_cannot_receive_streamed_chunks
=== RUN   TestRelayChatBodyReportsWhyTheAnswerStopped/non-streaming_body_delivered
--- PASS: TestRelayChatBodyReportsWhyTheAnswerStopped (0.00s)
    --- PASS: TestRelayChatBodyReportsWhyTheAnswerStopped/whole_body_delivered (0.00s)
    --- PASS: TestRelayChatBodyReportsWhyTheAnswerStopped/upstream_hangs_up_mid_answer (0.00s)
    --- PASS: TestRelayChatBodyReportsWhyTheAnswerStopped/provider_timeout (0.00s)
    --- PASS: TestRelayChatBodyReportsWhyTheAnswerStopped/request_abandoned (0.00s)
    --- PASS: TestRelayChatBodyReportsWhyTheAnswerStopped/caller_stopped_reading (0.00s)
    --- PASS: TestRelayChatBodyReportsWhyTheAnswerStopped/caller_cannot_receive_streamed_chunks (0.00s)
    --- PASS: TestRelayChatBodyReportsWhyTheAnswerStopped/non-streaming_body_delivered (0.00s)
=== RUN   TestChatRequestJSONContract
=== RUN   TestChatRequestJSONContract/single_object
=== RUN   TestChatRequestJSONContract/trailing_json_whitespace
=== RUN   TestChatRequestJSONContract/whitespace_at_4_mib_limit
=== RUN   TestChatRequestJSONContract/trailing_object
=== RUN   TestChatRequestJSONContract/trailing_null
=== RUN   TestChatRequestJSONContract/trailing_garbage
=== RUN   TestChatRequestJSONContract/whitespace_over_4_mib_limit
=== RUN   TestChatRequestJSONContract/reject_before_provider_selection
--- PASS: TestChatRequestJSONContract (4.70s)
    --- PASS: TestChatRequestJSONContract/single_object (0.01s)
    --- PASS: TestChatRequestJSONContract/trailing_json_whitespace (0.01s)
    --- PASS: TestChatRequestJSONContract/whitespace_at_4_mib_limit (0.16s)
    --- PASS: TestChatRequestJSONContract/trailing_object (0.00s)
    --- PASS: TestChatRequestJSONContract/trailing_null (0.01s)
    --- PASS: TestChatRequestJSONContract/trailing_garbage (0.00s)
    --- PASS: TestChatRequestJSONContract/whitespace_over_4_mib_limit (0.14s)
    --- PASS: TestChatRequestJSONContract/reject_before_provider_selection (0.00s)
=== RUN   TestChatNonStreamingResponseContentTypeContract
=== RUN   TestChatNonStreamingResponseContentTypeContract/plain_json
=== RUN   TestChatNonStreamingResponseContentTypeContract/json_with_parameter_and_mixed_case
=== RUN   TestChatNonStreamingResponseContentTypeContract/structured_json_suffix
=== RUN   TestChatNonStreamingResponseContentTypeContract/no_content_type_header
=== RUN   TestChatNonStreamingResponseContentTypeContract/html_is_rejected
=== RUN   TestChatNonStreamingResponseContentTypeContract/plain_text_is_rejected
=== RUN   TestChatNonStreamingResponseContentTypeContract/unparsable_content_type_is_rejected
--- PASS: TestChatNonStreamingResponseContentTypeContract (4.34s)
    --- PASS: TestChatNonStreamingResponseContentTypeContract/plain_json (0.01s)
    --- PASS: TestChatNonStreamingResponseContentTypeContract/json_with_parameter_and_mixed_case (0.01s)
    --- PASS: TestChatNonStreamingResponseContentTypeContract/structured_json_suffix (0.01s)
    --- PASS: TestChatNonStreamingResponseContentTypeContract/no_content_type_header (0.01s)
    --- PASS: TestChatNonStreamingResponseContentTypeContract/html_is_rejected (0.01s)
    --- PASS: TestChatNonStreamingResponseContentTypeContract/plain_text_is_rejected (0.00s)
    --- PASS: TestChatNonStreamingResponseContentTypeContract/unparsable_content_type_is_rejected (0.00s)
=== RUN   TestChatAnswerCutShortIsNotDeliveredAsComplete
--- PASS: TestChatAnswerCutShortIsNotDeliveredAsComplete (4.44s)
PASS
ok  	github.com/hkjang/ai-admin/internal/server	14.511s
