=== RUN   TestChatRequestJSONContract
=== RUN   TestChatRequestJSONContract/single_object
=== RUN   TestChatRequestJSONContract/trailing_json_whitespace
=== RUN   TestChatRequestJSONContract/whitespace_at_4_mib_limit
=== RUN   TestChatRequestJSONContract/trailing_object
=== RUN   TestChatRequestJSONContract/trailing_null
=== RUN   TestChatRequestJSONContract/trailing_garbage
=== RUN   TestChatRequestJSONContract/whitespace_over_4_mib_limit
=== RUN   TestChatRequestJSONContract/reject_before_provider_selection
--- PASS: TestChatRequestJSONContract (0.71s)
    --- PASS: TestChatRequestJSONContract/single_object (0.00s)
    --- PASS: TestChatRequestJSONContract/trailing_json_whitespace (0.00s)
    --- PASS: TestChatRequestJSONContract/whitespace_at_4_mib_limit (0.02s)
    --- PASS: TestChatRequestJSONContract/trailing_object (0.00s)
    --- PASS: TestChatRequestJSONContract/trailing_null (0.00s)
    --- PASS: TestChatRequestJSONContract/trailing_garbage (0.00s)
    --- PASS: TestChatRequestJSONContract/whitespace_over_4_mib_limit (0.01s)
    --- PASS: TestChatRequestJSONContract/reject_before_provider_selection (0.00s)
PASS
ok  	github.com/hkjang/ai-admin/internal/server	0.720s
