Version metadata is consistent: 1.2.36
#0 building with "default" instance using docker driver

#1 [internal] load build definition from Dockerfile
#1 transferring dockerfile: 3.85kB done
#1 DONE 0.0s

#2 resolve image config for docker-image://docker.io/docker/dockerfile:1.8@sha256:e87caa74dcb7d46cd820352bfea12591f3dba3ddc4285e19c7dcd13359f7cefd
#2 DONE 1.2s

#3 docker-image://docker.io/docker/dockerfile:1.8@sha256:e87caa74dcb7d46cd820352bfea12591f3dba3ddc4285e19c7dcd13359f7cefd
#3 resolve docker.io/docker/dockerfile:1.8@sha256:e87caa74dcb7d46cd820352bfea12591f3dba3ddc4285e19c7dcd13359f7cefd 0.0s done
#3 DONE 0.0s

#3 docker-image://docker.io/docker/dockerfile:1.8@sha256:e87caa74dcb7d46cd820352bfea12591f3dba3ddc4285e19c7dcd13359f7cefd
#3 CACHED

#4 [internal] load metadata for docker.io/library/golang:1.26.6-alpine@sha256:3889b425f035be855a72fb4755265311293b6d414521f0a519d819df32222d83
#4 ...

#5 [internal] load metadata for gcr.io/distroless/static-debian12:nonroot@sha256:afa5c872c891853ca7fcf1f12c3edb23f7eeef36189728842dd51042ff57f7ab
#5 DONE 0.5s

#6 [internal] load metadata for docker.io/library/node:26-alpine@sha256:2d984a15c9b54fd0aeb608b8e0d0d83529eb34d2966db27a1fb4f1edc3d298a3
#6 ...

#4 [internal] load metadata for docker.io/library/golang:1.26.6-alpine@sha256:3889b425f035be855a72fb4755265311293b6d414521f0a519d819df32222d83
#4 DONE 1.2s

#6 [internal] load metadata for docker.io/library/node:26-alpine@sha256:2d984a15c9b54fd0aeb608b8e0d0d83529eb34d2966db27a1fb4f1edc3d298a3
#6 DONE 2.0s

#7 [internal] load .dockerignore
#7 transferring context: 158B done
#7 DONE 0.0s

#8 [web-build 1/7] FROM docker.io/library/node:26-alpine@sha256:2d984a15c9b54fd0aeb608b8e0d0d83529eb34d2966db27a1fb4f1edc3d298a3
#8 resolve docker.io/library/node:26-alpine@sha256:2d984a15c9b54fd0aeb608b8e0d0d83529eb34d2966db27a1fb4f1edc3d298a3 0.0s done
#8 DONE 0.0s

#9 [go-build 1/9] FROM docker.io/library/golang:1.26.6-alpine@sha256:3889b425f035be855a72fb4755265311293b6d414521f0a519d819df32222d83
#9 resolve docker.io/library/golang:1.26.6-alpine@sha256:3889b425f035be855a72fb4755265311293b6d414521f0a519d819df32222d83 0.0s done
#9 DONE 0.0s

#10 [stage-2 1/6] FROM gcr.io/distroless/static-debian12:nonroot@sha256:afa5c872c891853ca7fcf1f12c3edb23f7eeef36189728842dd51042ff57f7ab
#10 resolve gcr.io/distroless/static-debian12:nonroot@sha256:afa5c872c891853ca7fcf1f12c3edb23f7eeef36189728842dd51042ff57f7ab 0.0s done
#10 DONE 0.0s

#11 [internal] load build context
#11 transferring context: 17.86MB 0.1s done
#11 DONE 0.1s

#12 [go-build 2/9] WORKDIR /src
#12 CACHED

#8 [web-build 1/7] FROM docker.io/library/node:26-alpine@sha256:2d984a15c9b54fd0aeb608b8e0d0d83529eb34d2966db27a1fb4f1edc3d298a3
#8 ...

#13 [go-build 3/9] COPY go.mod go.sum ./
#13 DONE 0.1s

#8 [web-build 1/7] FROM docker.io/library/node:26-alpine@sha256:2d984a15c9b54fd0aeb608b8e0d0d83529eb34d2966db27a1fb4f1edc3d298a3
#8 sha256:80d39da31aaab43d6b63da0ed87ad747290062bd97f8901fe45eefb469cfeb0c 0B / 451B 0.2s
#8 sha256:80d39da31aaab43d6b63da0ed87ad747290062bd97f8901fe45eefb469cfeb0c 451B / 451B 0.2s done
#8 sha256:9098cc82c400bbe83569e25f937227d53aad39a688142b5dbb979dab5cfc5414 0B / 59.76MB 0.3s
#8 sha256:9098cc82c400bbe83569e25f937227d53aad39a688142b5dbb979dab5cfc5414 3.15MB / 59.76MB 0.8s
#8 sha256:9098cc82c400bbe83569e25f937227d53aad39a688142b5dbb979dab5cfc5414 6.29MB / 59.76MB 1.1s
#8 sha256:9098cc82c400bbe83569e25f937227d53aad39a688142b5dbb979dab5cfc5414 9.44MB / 59.76MB 1.5s
#8 sha256:9098cc82c400bbe83569e25f937227d53aad39a688142b5dbb979dab5cfc5414 12.58MB / 59.76MB 1.8s
#8 sha256:9098cc82c400bbe83569e25f937227d53aad39a688142b5dbb979dab5cfc5414 15.73MB / 59.76MB 2.1s
#8 sha256:9098cc82c400bbe83569e25f937227d53aad39a688142b5dbb979dab5cfc5414 18.87MB / 59.76MB 2.6s
#8 sha256:9098cc82c400bbe83569e25f937227d53aad39a688142b5dbb979dab5cfc5414 22.02MB / 59.76MB 2.9s
#8 sha256:9098cc82c400bbe83569e25f937227d53aad39a688142b5dbb979dab5cfc5414 26.21MB / 59.76MB 3.3s
#8 sha256:9098cc82c400bbe83569e25f937227d53aad39a688142b5dbb979dab5cfc5414 30.41MB / 59.76MB 3.8s
#8 sha256:9098cc82c400bbe83569e25f937227d53aad39a688142b5dbb979dab5cfc5414 33.55MB / 59.76MB 4.2s
#8 sha256:9098cc82c400bbe83569e25f937227d53aad39a688142b5dbb979dab5cfc5414 36.70MB / 59.76MB 4.5s
#8 sha256:9098cc82c400bbe83569e25f937227d53aad39a688142b5dbb979dab5cfc5414 40.89MB / 59.76MB 5.0s
#8 sha256:9098cc82c400bbe83569e25f937227d53aad39a688142b5dbb979dab5cfc5414 44.04MB / 59.76MB 5.3s
#8 sha256:9098cc82c400bbe83569e25f937227d53aad39a688142b5dbb979dab5cfc5414 48.23MB / 59.76MB 5.7s
#8 sha256:9098cc82c400bbe83569e25f937227d53aad39a688142b5dbb979dab5cfc5414 52.43MB / 59.76MB 6.2s
#8 sha256:9098cc82c400bbe83569e25f937227d53aad39a688142b5dbb979dab5cfc5414 55.57MB / 59.76MB 6.6s
#8 sha256:9098cc82c400bbe83569e25f937227d53aad39a688142b5dbb979dab5cfc5414 59.76MB / 59.76MB 6.9s
#8 ...

#14 [go-build 4/9] RUN go mod download
#14 DONE 7.1s

#8 [web-build 1/7] FROM docker.io/library/node:26-alpine@sha256:2d984a15c9b54fd0aeb608b8e0d0d83529eb34d2966db27a1fb4f1edc3d298a3
#8 sha256:9098cc82c400bbe83569e25f937227d53aad39a688142b5dbb979dab5cfc5414 59.76MB / 59.76MB 6.9s done
#8 extracting sha256:9098cc82c400bbe83569e25f937227d53aad39a688142b5dbb979dab5cfc5414
#8 ...

#15 [go-build 5/9] COPY cmd ./cmd
#15 DONE 0.1s

#16 [go-build 6/9] COPY internal ./internal
#16 DONE 0.1s

#8 [web-build 1/7] FROM docker.io/library/node:26-alpine@sha256:2d984a15c9b54fd0aeb608b8e0d0d83529eb34d2966db27a1fb4f1edc3d298a3
#8 extracting sha256:9098cc82c400bbe83569e25f937227d53aad39a688142b5dbb979dab5cfc5414 1.4s done
#8 DONE 8.5s

#8 [web-build 1/7] FROM docker.io/library/node:26-alpine@sha256:2d984a15c9b54fd0aeb608b8e0d0d83529eb34d2966db27a1fb4f1edc3d298a3
#8 extracting sha256:80d39da31aaab43d6b63da0ed87ad747290062bd97f8901fe45eefb469cfeb0c 0.0s done
#8 DONE 8.5s

#17 [web-build 2/7] WORKDIR /src/web
#17 DONE 0.2s

#18 [web-build 3/7] COPY web/package.json web/package-lock.json ./
#18 DONE 0.1s

#19 [web-build 4/7] RUN npm ci --ignore-scripts
#19 10.74 
#19 10.74 added 201 packages, and audited 202 packages in 10s
#19 10.74 
#19 10.74 33 packages are looking for funding
#19 10.74   run `npm fund` for details
#19 10.75 
#19 10.75 3 high severity vulnerabilities
#19 10.75 
#19 10.75 To address all issues, run:
#19 10.75   npm audit fix
#19 10.75 
#19 10.75 Run `npm audit` for details.
#19 10.75 npm notice
#19 10.75 npm notice New major version of npm available! 11.19.0 -> 12.2.0
#19 10.75 npm notice Changelog: https://github.com/npm/cli/releases/tag/v12.2.0
#19 10.75 npm notice To update run: npm install -g npm@12.2.0
#19 10.75 npm notice
#19 DONE 11.3s

#20 [web-build 5/7] COPY web/ ./
#20 DONE 0.3s

#21 [web-build 6/7] RUN npm run build
#21 0.344 
#21 0.344 > ai-admin-web@1.2.36 build
#21 0.344 > tsc -b && vite build
#21 0.344 
#21 4.707 vite v8.2.2 building client environment for production...
#21 4.723 transforming...
#21 5.455 ✓ 3174 modules transformed.
#21 5.861 rendering chunks...
#21 6.099 computing gzip size...
#21 6.128 dist/index.html                                  1.18 kB │ gzip:   0.52 kB
#21 6.128 dist/assets/index-B_PghdU_.css                  24.14 kB │ gzip:   5.96 kB
#21 6.128 dist/assets/row-B4oG9NXH.js                      0.07 kB │ gzip:   0.08 kB
#21 6.128 dist/assets/pagination-6BEig2xI.js               0.22 kB │ gzip:   0.19 kB
#21 6.128 dist/assets/managedPermissions-D26IYPkQ.js       0.25 kB │ gzip:   0.19 kB
#21 6.128 dist/assets/rolldown-runtime-CbXtAM7H.js         0.58 kB │ gzip:   0.36 kB
#21 6.128 dist/assets/useListParams-BWvb-LWU.js            0.63 kB │ gzip:   0.42 kB
#21 6.128 dist/assets/context-Cb12SA-6.js                  0.79 kB │ gzip:   0.49 kB
#21 6.128 dist/assets/DeleteOutlined-CqqfusFi.js           0.99 kB │ gzip:   0.66 kB
#21 6.128 dist/assets/CheckCircleOutlined-DR_9O8ZQ.js      1.04 kB │ gzip:   0.67 kB
#21 6.128 dist/assets/SaveOutlined-Cap6IB7F.js             1.08 kB │ gzip:   0.69 kB
#21 6.128 dist/assets/useBubbleLock-B6KxfLUa.js            1.34 kB │ gzip:   0.71 kB
#21 6.128 dist/assets/StatusTag-BrQr4-4B.js                1.40 kB │ gzip:   0.62 kB
#21 6.128 dist/assets/modal-zsuEJvZf.js                    1.41 kB │ gzip:   0.77 kB
#21 6.128 dist/assets/Input-BC0rUVe4.js                    2.40 kB │ gzip:   1.15 kB
#21 6.128 dist/assets/PurePanel-D3TOD6Rk.js                2.92 kB │ gzip:   1.00 kB
#21 6.128 dist/assets/GlobalOutlined-fVLQ_rjN.js           3.50 kB │ gzip:   1.81 kB
#21 6.128 dist/assets/popconfirm-CvXrOnvM.js               3.51 kB │ gzip:   1.56 kB
#21 6.128 dist/assets/useForm--qR3yV3y.js                  5.09 kB │ gzip:   2.26 kB
#21 6.128 dist/assets/RolesPage-CBvs5piP.js                6.63 kB │ gzip:   2.88 kB
#21 6.128 dist/assets/descriptions-WVARYuOx.js             7.83 kB │ gzip:   2.77 kB
#21 6.128 dist/assets/SchemaBrowserPage-BaOTSmri.js        8.75 kB │ gzip:   4.08 kB
#21 6.128 dist/assets/OperationsPages-CEFk79xe.js          9.31 kB │ gzip:   3.03 kB
#21 6.128 dist/assets/WorkflowPage-eWyzjFXE.js             9.60 kB │ gzip:   3.80 kB
#21 6.128 dist/assets/list-C8i63P0g.js                     9.62 kB │ gzip:   3.59 kB
#21 6.128 dist/assets/radio-DwjWoNY0.js                   10.91 kB │ gzip:   3.71 kB
#21 6.128 dist/assets/PersonalPages-Bu1Lzv-H.js           11.00 kB │ gzip:   4.34 kB
#21 6.128 dist/assets/AiProvidersPage-chOVF8KA.js         11.08 kB │ gzip:   4.18 kB
#21 6.128 dist/assets/PortalPoliciesPage-CSZegYpl.js      13.28 kB │ gzip:   5.16 kB
#21 6.128 dist/assets/SecurityKeysPage-pGMVhxNA.js        13.40 kB │ gzip:   5.34 kB
#21 6.128 dist/assets/spin-CYel0vcW.js                    15.15 kB │ gzip:   5.85 kB
#21 6.128 dist/assets/ManagedListPage-e8dE6tqm.js         15.67 kB │ gzip:   6.38 kB
#21 6.128 dist/assets/LegacyManagementPages-B_gzNwCx.js   17.62 kB │ gzip:   4.10 kB
#21 6.128 dist/assets/PageHeader-C5vP_LEp.js              18.69 kB │ gzip:   7.34 kB
#21 6.128 dist/assets/pagination-oKRdvVWK.js              23.96 kB │ gzip:   7.21 kB
#21 6.128 dist/assets/switch-B2_jC56i.js                  28.21 kB │ gzip:   9.46 kB
#21 6.128 dist/assets/AiPlaygroundPage-C-OssFYt.js        34.39 kB │ gzip:  13.11 kB
#21 6.128 dist/assets/SystemSettingsPage-BDRL9s8Y.js      36.29 kB │ gzip:  12.35 kB
#21 6.128 dist/assets/DashboardPage-prnsyuke.js           39.17 kB │ gzip:  13.82 kB
#21 6.128 dist/assets/select-CrRjJoOz.js                  66.66 kB │ gzip:  22.97 kB
#21 6.128 dist/assets/table-BmuATzMl.js                  141.44 kB │ gzip:  44.63 kB
#21 6.128 dist/assets/index-CEOxaODT.js                  294.03 kB │ gzip:  90.67 kB
#21 6.128 dist/assets/client-D-KUvxhC.js                 635.77 kB │ gzip: 207.96 kB
#21 6.128 
#21 6.129 ✓ built in 1.42s
#21 DONE 6.3s

#22 [web-build 7/7] RUN node scripts/collect-runtime-licenses.mjs /licenses/npm
#22 DONE 0.4s

#23 [go-build 7/9] COPY --from=web-build /src/web/dist ./internal/ui/dist
#23 DONE 0.1s

#24 [go-build 8/9] RUN CGO_ENABLED=0 GOOS=linux GOARCH=amd64 go build -trimpath     -ldflags="-s -w -X github.com/hkjang/ai-admin/internal/buildinfo.Version=v1.2.36 -X github.com/hkjang/ai-admin/internal/buildinfo.Commit=dc0f868cff02 -X github.com/hkjang/ai-admin/internal/buildinfo.BuildTime=2026-10-08T02:20:07Z"     -o /out/ai-admin ./cmd/ai-admin
#24 DONE 7.9s

#25 [go-build 9/9] RUN set -eu;     mkdir -p /licenses/go;     printf 'module\tversion\tlicense_file\n' > /licenses/go/MANIFEST.tsv;     toolchain_version=$(go env GOVERSION);     for toolchain_file in LICENSE PATENTS; do       source_file="/usr/local/go/${toolchain_file}";       [ -f "$source_file" ] || { echo "Missing Go toolchain ${toolchain_file}" >&2; exit 1; };       destination="go-toolchain-${toolchain_version}-${toolchain_file}";       cp "$source_file" "/licenses/go/$destination";       printf 'go.dev/toolchain\t%s\t%s\n' "$toolchain_version" "$destination" >> /licenses/go/MANIFEST.tsv;     done;     go version -m /out/ai-admin | awk '$1 == "dep" { print $2 "|" $3 }' |     while IFS='|' read -r module module_version; do       [ -n "$module" ] || continue;       module_dir=$(go list -m -f '{{.Dir}}' "${module}@${module_version}");       [ -n "$module_dir" ] || { echo "No module directory for ${module}@${module_version}" >&2; exit 1; };       license_files=$(find "$module_dir" -maxdepth 1 -type f ( -iname 'LICENSE*' -o -iname 'COPYING*' -o -iname 'NOTICE*' ) | sort);       [ -n "$license_files" ] || { echo "No license file for ${module}@${module_version}" >&2; exit 1; };       safe_name=$(printf '%s@%s' "$module" "$module_version" | tr '/.' '__');       printf '%s\n' "$license_files" | while IFS= read -r license_file; do         destination="${safe_name}-$(basename "$license_file")";         cp "$license_file" "/licenses/go/$destination";         printf '%s\t%s\t%s\n' "$module" "$module_version" "$destination" >> /licenses/go/MANIFEST.tsv;       done;     done
#25 DONE 0.4s

#10 [stage-2 1/6] FROM gcr.io/distroless/static-debian12:nonroot@sha256:afa5c872c891853ca7fcf1f12c3edb23f7eeef36189728842dd51042ff57f7ab
#10 CACHED

#26 [stage-2 2/6] COPY --from=go-build /out/ai-admin /ai-admin
#26 DONE 0.1s

#27 [stage-2 3/6] COPY LICENSE THIRD_PARTY_NOTICES.md /usr/share/licenses/ai-admin/
#27 DONE 0.1s

#28 [stage-2 4/6] COPY web/public/fonts/OFL-Pretendard.txt /usr/share/licenses/ai-admin/fonts/OFL-Pretendard.txt
#28 DONE 0.1s

#29 [stage-2 5/6] COPY --from=web-build /licenses/npm /usr/share/licenses/ai-admin/npm
#29 DONE 0.1s

#30 [stage-2 6/6] COPY --from=go-build /licenses/go /usr/share/licenses/ai-admin/go
#30 DONE 0.1s

#31 exporting to image
#31 exporting layers
#31 exporting layers 0.6s done
#31 exporting manifest sha256:c5f37e07f3fef576a1fd81d27a4c93f792457045abae089c44aa538912ada4cf 0.0s done
#31 exporting config sha256:ab299a569caa8442bc24987e4aa9bc0327aa310f4993e9da761cbe260f100871 0.0s done
#31 exporting attestation manifest sha256:032e4121fe064992ba06c6e78ba32e0ef41842af5a38b897067d105b78a1089b 0.0s done
#31 exporting manifest list sha256:9110a04dad479cc6cb4e7e92956e36f6f9edcfec46d52a1f583a52b8e47bfa6a 0.0s done
#31 naming to docker.io/library/ai-admin:v1.2.36 done
#31 unpacking to docker.io/library/ai-admin:v1.2.36
#31 unpacking to docker.io/library/ai-admin:v1.2.36 0.2s done
#31 DONE 0.9s
Created /home/hkjang/.cache/auto-improve-wt/ai-admin-release/release/ai-admin-v1.2.36.tar.gz (11218238 bytes)
Image: ai-admin:v1.2.36
Digest: ai-admin@sha256:9110a04dad479cc6cb4e7e92956e36f6f9edcfec46d52a1f583a52b8e47bfa6a
