cd web && npm run build

> resso-web@0.9.103 build
> PATH="${npm_node_execpath%/*}:$PATH" sh -c 'tsc --noEmit && vite build'

vite v7.3.6 building client environment for production...
transforming...
✓ 1078 modules transformed.
rendering chunks...
computing gzip size...
../webui/dist/index.html                               0.84 kB │ gzip:   0.46 kB
../webui/dist/assets/index-CwPuC8Os.css                1.30 kB │ gzip:   0.67 kB
../webui/dist/assets/email-A_wmU_0X.js                 0.08 kB │ gzip:   0.10 kB
../webui/dist/assets/sort-D-EA9Kdi.js                  0.27 kB │ gzip:   0.20 kB
../webui/dist/assets/format-EQBXOaiE.js                0.34 kB │ gzip:   0.21 kB
../webui/dist/assets/SortableTable-8yYICsnW.js         0.70 kB │ gzip:   0.44 kB
../webui/dist/assets/device-BCnIHzKk.js                0.82 kB │ gzip:   0.50 kB
../webui/dist/assets/DetailDrawer-CJGN7h86.js          0.85 kB │ gzip:   0.54 kB
../webui/dist/assets/realms-C5wixdvC.js                0.88 kB │ gzip:   0.51 kB
../webui/dist/assets/RealmPicker-DXtDggkk.js           0.92 kB │ gzip:   0.54 kB
../webui/dist/assets/approvals-DtJzivMw.js             0.98 kB │ gzip:   0.57 kB
../webui/dist/assets/Page-BMMUGiBe.js                  1.14 kB │ gzip:   0.64 kB
../webui/dist/assets/RealmAPIKeysPage-BnsPv3NQ.js      2.99 kB │ gzip:   1.54 kB
../webui/dist/assets/IntegrationsPage-CKrq9ubX.js      3.54 kB │ gzip:   1.66 kB
../webui/dist/assets/KeysPage-DW5Vfq5l.js              3.66 kB │ gzip:   1.82 kB
../webui/dist/assets/ApprovalsPage-Bkp7nTEL.js         4.85 kB │ gzip:   2.24 kB
../webui/dist/assets/DashboardPage-C3CqpW2H.js         5.49 kB │ gzip:   2.37 kB
../webui/dist/assets/RolesPage-CItHvTBK.js             5.61 kB │ gzip:   2.26 kB
../webui/dist/assets/SessionsPage-BHpLlqy0.js          7.59 kB │ gzip:   3.22 kB
../webui/dist/assets/RealmsPage-bJxmy0vj.js            8.21 kB │ gzip:   3.35 kB
../webui/dist/assets/TrackingPage-i4XBIUy3.js          9.04 kB │ gzip:   3.67 kB
../webui/dist/assets/MailPage-DdCIB8ue.js              9.37 kB │ gzip:   3.68 kB
../webui/dist/assets/OperationsPages-DMMCPtdu.js       9.63 kB │ gzip:   3.60 kB
../webui/dist/assets/ClientsPage-BeziRO35.js          12.45 kB │ gzip:   4.32 kB
../webui/dist/assets/UsersPage-DXTB5zx0.js            14.89 kB │ gzip:   5.21 kB
../webui/dist/assets/PersonalPages-CtOuKcKC.js        18.57 kB │ gzip:   6.01 kB
../webui/dist/assets/UserFederationPage-DYwTGIs0.js   21.19 kB │ gzip:   6.98 kB
../webui/dist/assets/query-DtLCQplV.js                36.37 kB │ gzip:  10.82 kB
../webui/dist/assets/react-BVWi1DzO.js                49.99 kB │ gzip:  17.77 kB
../webui/dist/assets/index-CCQJV15Y.js               220.03 kB │ gzip:  70.68 kB
../webui/dist/assets/mui-D3p--42L.js                 394.81 kB │ gzip: 120.56 kB
✓ built in 5.26s
CGO_ENABLED=0 go build -trimpath -ldflags="-s -w -X github.com/hkjang/ReSSO/internal/version.Version=v0.9.103 -X github.com/hkjang/ReSSO/internal/version.Commit=1aa9d22f5bcd -X github.com/hkjang/ReSSO/internal/version.BuildTime=2026-10-08T22:26:24Z" -o build/resso ./cmd/resso
