#0 building with "default" instance using docker driver

#1 [internal] load build definition from Dockerfile
#1 transferring dockerfile: 1.85kB done
#1 DONE 0.0s

#2 resolve image config for docker-image://docker.io/docker/dockerfile:1.7
#2 DONE 1.2s

#3 docker-image://docker.io/docker/dockerfile:1.7@sha256:a57df69d0ea827fb7266491f2813635de6f17269be881f696fbfdf2d83dda33e
#3 resolve docker.io/docker/dockerfile:1.7@sha256:a57df69d0ea827fb7266491f2813635de6f17269be881f696fbfdf2d83dda33e 0.0s done
#3 CACHED

#4 [internal] load metadata for docker.io/library/golang:1.26-alpine
#4 DONE 1.1s

#5 [internal] load metadata for docker.io/library/alpine:3.22
#5 DONE 1.1s

#6 [internal] load metadata for docker.io/library/node:22-alpine
#6 DONE 1.8s

#7 [internal] load .dockerignore
#7 transferring context: 111B done
#7 DONE 0.0s

#8 [web 1/6] FROM docker.io/library/node:22-alpine@sha256:b6f26b36c8ff49624cfdac716b8ea1138d606df02586a77d364bb5536a634f85
#8 resolve docker.io/library/node:22-alpine@sha256:b6f26b36c8ff49624cfdac716b8ea1138d606df02586a77d364bb5536a634f85 0.0s done
#8 ...

#9 [stage-2 1/6] FROM docker.io/library/alpine:3.22@sha256:5291449c3df73caf6ed85e649dec1b9e818b39a5d8c871e97afc13e9cd5e8fa8
#9 resolve docker.io/library/alpine:3.22@sha256:5291449c3df73caf6ed85e649dec1b9e818b39a5d8c871e97afc13e9cd5e8fa8 0.0s done
#9 CACHED

#10 [backend 1/8] FROM docker.io/library/golang:1.26-alpine@sha256:51a7c389a5ddaf82f527191a1e9bff9928655130a44e4975dd1d7e0acf59f1ae
#10 resolve docker.io/library/golang:1.26-alpine@sha256:51a7c389a5ddaf82f527191a1e9bff9928655130a44e4975dd1d7e0acf59f1ae 0.0s done
#10 CACHED

#11 [internal] load build context
#11 transferring context: 2.21MB 0.0s done
#11 DONE 0.1s

#12 [backend 2/8] WORKDIR /src
#12 DONE 0.0s

#8 [web 1/6] FROM docker.io/library/node:22-alpine@sha256:b6f26b36c8ff49624cfdac716b8ea1138d606df02586a77d364bb5536a634f85
#8 sha256:65213f1a3de84db18197276d9be6a34fad98eec70604aeaa6821556d932c2676 0B / 444B 0.2s
#8 sha256:65213f1a3de84db18197276d9be6a34fad98eec70604aeaa6821556d932c2676 444B / 444B 0.2s done
#8 sha256:ec179e2ee07230312183920d42bf49c2ef18644e3d7186ffa92b02dd2e26a835 0B / 1.26MB 0.3s
#8 sha256:1a3a899a8294dd12f21fb3f36579c74b05013aacbcf71d6db947dda5e1c59d06 0B / 55.68MB 0.2s
#8 sha256:ec179e2ee07230312183920d42bf49c2ef18644e3d7186ffa92b02dd2e26a835 1.26MB / 1.26MB 0.6s done
#8 ...

#13 [stage-2 2/6] RUN apk add --no-cache ca-certificates tzdata && addgroup -S vendra && adduser -S -G vendra -h /app vendra
#13 0.296 fetch https://dl-cdn.alpinelinux.org/alpine/v3.22/main/x86_64/APKINDEX.tar.gz
#13 0.375 fetch https://dl-cdn.alpinelinux.org/alpine/v3.22/community/x86_64/APKINDEX.tar.gz
#13 0.827 (1/2) Installing ca-certificates (20260909-r0)
#13 0.901 (2/2) Installing tzdata (2026d-r0)
#13 1.015 Executing busybox-1.37.0-r20.trigger
#13 1.021 Executing ca-certificates-20260909-r0.trigger
#13 1.087 OK: 8 MiB in 18 packages
#13 DONE 1.2s

#14 [stage-2 3/6] WORKDIR /app
#14 DONE 0.0s

#8 [web 1/6] FROM docker.io/library/node:22-alpine@sha256:b6f26b36c8ff49624cfdac716b8ea1138d606df02586a77d364bb5536a634f85
#8 sha256:1a3a899a8294dd12f21fb3f36579c74b05013aacbcf71d6db947dda5e1c59d06 3.15MB / 55.68MB 1.2s
#8 sha256:1a3a899a8294dd12f21fb3f36579c74b05013aacbcf71d6db947dda5e1c59d06 6.29MB / 55.68MB 1.5s
#8 sha256:1a3a899a8294dd12f21fb3f36579c74b05013aacbcf71d6db947dda5e1c59d06 9.44MB / 55.68MB 2.1s
#8 ...

#15 [backend 3/8] RUN apk add --no-cache ca-certificates git
#15 1.325 ( 1/12) Installing brotli-libs (1.2.0-r1)
#15 1.436 ( 2/12) Installing c-ares (1.34.8-r0)
#15 1.473 ( 3/12) Installing libunistring (1.4.2-r0)
#15 1.630 ( 4/12) Installing libidn2 (2.3.8-r0)
#15 1.655 ( 5/12) Installing nghttp2-libs (1.69.0-r0)
#15 1.673 ( 6/12) Installing libpsl (0.21.5-r3)
#15 1.691 ( 7/12) Installing zstd-libs (1.5.7-r2)
#15 1.768 ( 8/12) Installing libcurl (8.22.0-r0)
#15 1.845 ( 9/12) Installing libexpat (2.8.4-r0)
#15 1.881 (10/12) Installing pcre2 (10.48-r0)
#15 1.951 (11/12) Installing git (2.54.0-r0)
#15 2.416 (12/12) Installing git-init-template (2.54.0-r0)
#15 2.423 Executing busybox-1.37.0-r31.trigger
#15 2.431 OK: 20.6 MiB in 29 packages
#15 DONE 2.5s

#16 [backend 4/8] COPY go.mod go.sum ./
#16 DONE 0.0s

#8 [web 1/6] FROM docker.io/library/node:22-alpine@sha256:b6f26b36c8ff49624cfdac716b8ea1138d606df02586a77d364bb5536a634f85
#8 sha256:1a3a899a8294dd12f21fb3f36579c74b05013aacbcf71d6db947dda5e1c59d06 13.63MB / 55.68MB 2.7s
#8 sha256:1a3a899a8294dd12f21fb3f36579c74b05013aacbcf71d6db947dda5e1c59d06 16.78MB / 55.68MB 3.0s
#8 sha256:1a3a899a8294dd12f21fb3f36579c74b05013aacbcf71d6db947dda5e1c59d06 19.92MB / 55.68MB 3.3s
#8 sha256:1a3a899a8294dd12f21fb3f36579c74b05013aacbcf71d6db947dda5e1c59d06 23.07MB / 55.68MB 3.9s
#8 sha256:1a3a899a8294dd12f21fb3f36579c74b05013aacbcf71d6db947dda5e1c59d06 27.26MB / 55.68MB 5.0s
#8 ...

#17 [backend 5/8] RUN go mod download
#17 DONE 2.6s

#18 [backend 6/8] COPY cmd/ cmd/
#18 DONE 0.0s

#19 [backend 7/8] COPY internal/ internal/
#19 DONE 0.1s

#8 [web 1/6] FROM docker.io/library/node:22-alpine@sha256:b6f26b36c8ff49624cfdac716b8ea1138d606df02586a77d364bb5536a634f85
#8 sha256:1a3a899a8294dd12f21fb3f36579c74b05013aacbcf71d6db947dda5e1c59d06 32.51MB / 55.68MB 5.4s
#8 sha256:1a3a899a8294dd12f21fb3f36579c74b05013aacbcf71d6db947dda5e1c59d06 35.65MB / 55.68MB 5.7s
#8 sha256:1a3a899a8294dd12f21fb3f36579c74b05013aacbcf71d6db947dda5e1c59d06 39.85MB / 55.68MB 6.0s
#8 sha256:1a3a899a8294dd12f21fb3f36579c74b05013aacbcf71d6db947dda5e1c59d06 42.99MB / 55.68MB 6.3s
#8 sha256:1a3a899a8294dd12f21fb3f36579c74b05013aacbcf71d6db947dda5e1c59d06 47.19MB / 55.68MB 6.6s
#8 sha256:1a3a899a8294dd12f21fb3f36579c74b05013aacbcf71d6db947dda5e1c59d06 50.33MB / 55.68MB 6.9s
#8 sha256:1a3a899a8294dd12f21fb3f36579c74b05013aacbcf71d6db947dda5e1c59d06 53.48MB / 55.68MB 7.2s
#8 sha256:1a3a899a8294dd12f21fb3f36579c74b05013aacbcf71d6db947dda5e1c59d06 55.68MB / 55.68MB 7.3s done
#8 extracting sha256:1a3a899a8294dd12f21fb3f36579c74b05013aacbcf71d6db947dda5e1c59d06
#8 extracting sha256:1a3a899a8294dd12f21fb3f36579c74b05013aacbcf71d6db947dda5e1c59d06 1.5s done
#8 DONE 8.9s

#20 [backend 8/8] RUN CGO_ENABLED=0 GOOS=linux go build -trimpath     -ldflags "-s -w -X github.com/hkjang/Vendra/internal/httpapi.Version=0.7.57 -X github.com/hkjang/Vendra/internal/httpapi.Commit=28cd677 -X github.com/hkjang/Vendra/internal/httpapi.BuildTime=2026-09-21T01:38:24Z"     -o /out/vendra ./cmd/vendra
#20 ...

#8 [web 1/6] FROM docker.io/library/node:22-alpine@sha256:b6f26b36c8ff49624cfdac716b8ea1138d606df02586a77d364bb5536a634f85
#8 extracting sha256:ec179e2ee07230312183920d42bf49c2ef18644e3d7186ffa92b02dd2e26a835 0.0s done
#8 extracting sha256:65213f1a3de84db18197276d9be6a34fad98eec70604aeaa6821556d932c2676 0.0s done
#8 DONE 9.0s

#21 [web 2/6] WORKDIR /src/web
#21 DONE 0.3s

#20 [backend 8/8] RUN CGO_ENABLED=0 GOOS=linux go build -trimpath     -ldflags "-s -w -X github.com/hkjang/Vendra/internal/httpapi.Version=0.7.57 -X github.com/hkjang/Vendra/internal/httpapi.Commit=28cd677 -X github.com/hkjang/Vendra/internal/httpapi.BuildTime=2026-09-21T01:38:24Z"     -o /out/vendra ./cmd/vendra
#20 ...

#22 [web 3/6] COPY web/package.json web/package-lock.json ./
#22 DONE 0.0s

#23 [web 4/6] RUN npm ci --ignore-scripts
#23 ...

#20 [backend 8/8] RUN CGO_ENABLED=0 GOOS=linux go build -trimpath     -ldflags "-s -w -X github.com/hkjang/Vendra/internal/httpapi.Version=0.7.57 -X github.com/hkjang/Vendra/internal/httpapi.Commit=28cd677 -X github.com/hkjang/Vendra/internal/httpapi.BuildTime=2026-09-21T01:38:24Z"     -o /out/vendra ./cmd/vendra
#20 DONE 5.6s

#24 [stage-2 4/6] COPY --from=backend --chown=vendra:vendra /out/vendra /app/vendra
#24 DONE 0.1s

#23 [web 4/6] RUN npm ci --ignore-scripts
#23 7.902 
#23 7.902 added 255 packages, and audited 256 packages in 8s
#23 7.902 
#23 7.902 64 packages are looking for funding
#23 7.903   run `npm fund` for details
#23 7.903 
#23 7.903 found 0 vulnerabilities
#23 7.904 npm notice
#23 7.904 npm notice New major version of npm available! 10.9.8 -> 12.0.2
#23 7.904 npm notice Changelog: https://github.com/npm/cli/releases/tag/v12.0.2
#23 7.904 npm notice To update run: npm install -g npm@12.0.2
#23 7.904 npm notice
#23 DONE 8.2s

#25 [web 5/6] COPY web/ ./
#25 DONE 0.1s

#26 [web 6/6] RUN npm run build
#26 0.272 
#26 0.272 > vendra-web@0.6.21 build
#26 0.272 > tsc -b && vite build
#26 0.272 
#26 4.746 vite v8.2.1 building client environment for production...
#26 4.756 [2Ktransforming...✓ 1825 modules transformed.
#26 4.937 rendering chunks...
#26 5.002 computing gzip size...
#26 5.006 dist/index.html                               0.58 kB │ gzip:  0.35 kB
#26 5.006 dist/assets/index-BPVkzUSl.css               97.21 kB │ gzip: 20.00 kB
#26 5.006 dist/assets/chevron-right-CipYM15Q.js         0.12 kB │ gzip:  0.13 kB
#26 5.006 dist/assets/plus-DrKRsHhf.js                  0.14 kB │ gzip:  0.14 kB
#26 5.006 dist/assets/arrow-left-CjvYGV0h.js            0.15 kB │ gzip:  0.15 kB
#26 5.006 dist/assets/download-pAuY1CrQ.js              0.22 kB │ gzip:  0.18 kB
#26 5.006 dist/assets/activity-CITIduvm.js              0.22 kB │ gzip:  0.19 kB
#26 5.006 dist/assets/circle-dollar-sign-C7d2xdZf.js    0.23 kB │ gzip:  0.19 kB
#26 5.006 dist/assets/list-checks-CPkgFOv5.js           0.26 kB │ gzip:  0.18 kB
#26 5.006 dist/assets/send-HCKZzWfc.js                  0.28 kB │ gzip:  0.22 kB
#26 5.006 dist/assets/users-DnXOIKmm.js                 0.29 kB │ gzip:  0.21 kB
#26 5.006 dist/assets/trash-2-BU_zcqGJ.js               0.31 kB │ gzip:  0.20 kB
#26 5.006 dist/assets/key-round-BJuKlt3b.js             0.34 kB │ gzip:  0.25 kB
#26 5.006 dist/assets/file-search-Hx2-Anr7.js           0.36 kB │ gzip:  0.25 kB
#26 5.006 dist/assets/calendar-clock-C7sNsGVF.js        0.37 kB │ gzip:  0.24 kB
#26 5.006 dist/assets/earth-Cys9KYyk.js                 0.38 kB │ gzip:  0.26 kB
#26 5.006 dist/assets/sparkles-evm5oY2m.js              0.48 kB │ gzip:  0.27 kB
#26 5.006 dist/assets/AIAnalyst-AyEMnefz.js             5.22 kB │ gzip:  2.41 kB
#26 5.006 dist/assets/SupplierNetwork-DL0sfOlY.js       6.04 kB │ gzip:  2.53 kB
#26 5.006 dist/assets/Approvals-RWTsRTiD.js             7.98 kB │ gzip:  2.78 kB
#26 5.006 dist/assets/Dashboard-Cxbor-EG.js             8.94 kB │ gzip:  2.99 kB
#26 5.006 dist/assets/WorkInbox-DzHmU6MJ.js             9.51 kB │ gzip:  3.71 kB
#26 5.006 dist/assets/Profile-BU1SBbDb.js              13.05 kB │ gzip:  4.37 kB
#26 5.006 dist/assets/Sourcing-C8CrYtN_.js             14.17 kB │ gzip:  4.32 kB
#26 5.006 dist/assets/Portal-BxrMkf0G.js               28.17 kB │ gzip:  8.00 kB
#26 5.006 dist/assets/Objects-BZYsvDy2.js              32.22 kB │ gzip: 10.08 kB
#26 5.006 dist/assets/Suppliers-DoJqTtY5.js            42.86 kB │ gzip: 10.85 kB
#26 5.006 dist/assets/Admin-CiJ2imTA.js                60.96 kB │ gzip: 15.94 kB
#26 5.006 dist/assets/index-wm1NZnGn.js               281.17 kB │ gzip: 89.63 kB
#26 5.006 
#26 5.007 ✓ built in 260ms
#26 DONE 5.1s

#27 [stage-2 5/6] COPY --from=web --chown=vendra:vendra /src/web/dist /app/web/dist
#27 DONE 0.0s

#28 [stage-2 6/6] RUN mkdir -p /var/lib/vendra/documents && chown -R vendra:vendra /var/lib/vendra
#28 DONE 0.2s

#29 exporting to image
#29 exporting layers
#29 exporting layers 0.3s done
#29 exporting manifest sha256:157c2c40aa7088b7e863b1449c8b938c05d644dfdfbf71080d90a5248020c996 0.0s done
#29 exporting config sha256:f62a5e995cdf54f9b6174c666015bad6347c455c122f7d10715343da4f70dc74 0.0s done
#29 exporting attestation manifest sha256:a64aaf33a76bd3f88ae3e03f85631eced1ef79d815e5fabec0a9732290c1c6db 0.0s done
#29 exporting manifest list sha256:98f84465cc7c8e4f27d9b96a3c57a3e126ef98780077d59fc8e0a28d3f121370 0.0s done
#29 naming to docker.io/library/vendra:v0.7.57 done
#29 unpacking to docker.io/library/vendra:v0.7.57
#29 unpacking to docker.io/library/vendra:v0.7.57 0.3s done
#29 DONE 0.7s
dist/vendra-v0.7.57.tar.gz
