=== RUN   TestOnlyGenuineSignOutIsMarkedAsNoSession
    authfailure_test.go:53: test pool database "weekly_h_1789893630_660398295_1" differs from source database "weekly_isolation"
--- PASS: TestOnlyGenuineSignOutIsMarkedAsNoSession (0.60s)
=== RUN   TestEmbeddingStalenessIsDetected
    db_integration_test.go:355: test pool database "weekly_h_1789893630_660398295_2" differs from source database "weekly_isolation"
--- PASS: TestEmbeddingStalenessIsDetected (0.10s)
=== RUN   TestLoginThrottleBlocksAndClears
    db_integration_test.go:432: test pool database "weekly_h_1789893630_660398295_3" differs from source database "weekly_isolation"
--- PASS: TestLoginThrottleBlocksAndClears (0.12s)
=== RUN   TestWorkItemMergeAndSplitSurviveTheNextSave
    db_integration_test.go:489: test pool database "weekly_h_1789893630_660398295_4" differs from source database "weekly_isolation"
--- PASS: TestWorkItemMergeAndSplitSurviveTheNextSave (0.13s)
=== RUN   TestOrganizationTemplateWalksUpToTheNearestOwner
    db_integration_test.go:649: test pool database "weekly_h_1789893630_660398295_5" differs from source database "weekly_isolation"
--- PASS: TestOrganizationTemplateWalksUpToTheNearestOwner (0.10s)
=== RUN   TestIssueEpisodeStopsAtTheFirstWeekWithoutOne
    db_integration_test.go:743: test pool database "weekly_h_1789893630_660398295_6" differs from source database "weekly_isolation"
--- PASS: TestIssueEpisodeStopsAtTheFirstWeekWithoutOne (0.11s)
=== RUN   TestIssueOutcomeIsRecordedOncePerWeek
    db_integration_test.go:832: test pool database "weekly_h_1789893630_660398295_7" differs from source database "weekly_isolation"
--- PASS: TestIssueOutcomeIsRecordedOncePerWeek (0.10s)
=== RUN   TestWorkLookupFindsOtherPeoplesWorkAndNothingFromTheirReports
    db_integration_test.go:891: test pool database "weekly_h_1789893630_660398295_8" differs from source database "weekly_isolation"
--- PASS: TestWorkLookupFindsOtherPeoplesWorkAndNothingFromTheirReports (0.11s)
=== RUN   TestWorkLookupAnswersShortQueries
    db_integration_test.go:960: test pool database "weekly_h_1789893630_660398295_9" differs from source database "weekly_isolation"
--- PASS: TestWorkLookupAnswersShortQueries (0.10s)
=== RUN   TestDeadlineInstantMatchesTheSQLItGuards
    participationfairness_test.go:33: test pool database "weekly_h_1789893630_660398295_10" differs from source database "weekly_isolation"
--- PASS: TestDeadlineInstantMatchesTheSQLItGuards (0.10s)
=== RUN   TestImportedHistoryStillCountsAgainstAccountsCreatedLater
    participationfairness_test.go:107: test pool database "weekly_h_1789893630_660398295_11" differs from source database "weekly_isolation"
--- PASS: TestImportedHistoryStillCountsAgainstAccountsCreatedLater (0.11s)
=== RUN   TestATitleMatchOutranksAFloodOfRecentBodies
    searchranking_test.go:27: test pool database "weekly_h_1789893630_660398295_12" differs from source database "weekly_isolation"
--- PASS: TestATitleMatchOutranksAFloodOfRecentBodies (0.15s)
=== RUN   TestOnlyGenuineSignOutIsMarkedAsNoSession
    authfailure_test.go:53: test pool database "weekly_h_1789893630_660398295_13" differs from source database "weekly_isolation"
--- PASS: TestOnlyGenuineSignOutIsMarkedAsNoSession (0.09s)
=== RUN   TestEmbeddingStalenessIsDetected
    db_integration_test.go:355: test pool database "weekly_h_1789893630_660398295_14" differs from source database "weekly_isolation"
--- PASS: TestEmbeddingStalenessIsDetected (0.10s)
=== RUN   TestLoginThrottleBlocksAndClears
    db_integration_test.go:432: test pool database "weekly_h_1789893630_660398295_15" differs from source database "weekly_isolation"
--- PASS: TestLoginThrottleBlocksAndClears (0.11s)
=== RUN   TestWorkItemMergeAndSplitSurviveTheNextSave
    db_integration_test.go:489: test pool database "weekly_h_1789893630_660398295_16" differs from source database "weekly_isolation"
--- PASS: TestWorkItemMergeAndSplitSurviveTheNextSave (0.14s)
=== RUN   TestOrganizationTemplateWalksUpToTheNearestOwner
    db_integration_test.go:649: test pool database "weekly_h_1789893630_660398295_17" differs from source database "weekly_isolation"
--- PASS: TestOrganizationTemplateWalksUpToTheNearestOwner (0.11s)
=== RUN   TestIssueEpisodeStopsAtTheFirstWeekWithoutOne
    db_integration_test.go:743: test pool database "weekly_h_1789893630_660398295_18" differs from source database "weekly_isolation"
--- PASS: TestIssueEpisodeStopsAtTheFirstWeekWithoutOne (0.11s)
=== RUN   TestIssueOutcomeIsRecordedOncePerWeek
    db_integration_test.go:832: test pool database "weekly_h_1789893630_660398295_19" differs from source database "weekly_isolation"
--- PASS: TestIssueOutcomeIsRecordedOncePerWeek (0.10s)
=== RUN   TestWorkLookupFindsOtherPeoplesWorkAndNothingFromTheirReports
    db_integration_test.go:891: test pool database "weekly_h_1789893630_660398295_20" differs from source database "weekly_isolation"
--- PASS: TestWorkLookupFindsOtherPeoplesWorkAndNothingFromTheirReports (0.11s)
=== RUN   TestWorkLookupAnswersShortQueries
    db_integration_test.go:960: test pool database "weekly_h_1789893630_660398295_21" differs from source database "weekly_isolation"
--- PASS: TestWorkLookupAnswersShortQueries (0.10s)
=== RUN   TestDeadlineInstantMatchesTheSQLItGuards
    participationfairness_test.go:33: test pool database "weekly_h_1789893630_660398295_22" differs from source database "weekly_isolation"
--- PASS: TestDeadlineInstantMatchesTheSQLItGuards (0.10s)
=== RUN   TestImportedHistoryStillCountsAgainstAccountsCreatedLater
    participationfairness_test.go:107: test pool database "weekly_h_1789893630_660398295_23" differs from source database "weekly_isolation"
--- PASS: TestImportedHistoryStillCountsAgainstAccountsCreatedLater (0.10s)
=== RUN   TestATitleMatchOutranksAFloodOfRecentBodies
    searchranking_test.go:27: test pool database "weekly_h_1789893630_660398295_24" differs from source database "weekly_isolation"
--- PASS: TestATitleMatchOutranksAFloodOfRecentBodies (0.14s)
PASS
ok  	github.com/hkjang/weekly/internal/app	3.161s
