--- FAIL: TestOnlyGenuineSignOutIsMarkedAsNoSession (0.30s)
    authfailure_test.go:53: test pool uses the shared database "weekly_isolation"
--- FAIL: TestEmbeddingStalenessIsDetected (0.01s)
    db_integration_test.go:355: test pool uses the shared database "weekly_isolation"
--- FAIL: TestLoginThrottleBlocksAndClears (0.01s)
    db_integration_test.go:432: test pool uses the shared database "weekly_isolation"
--- FAIL: TestWorkItemMergeAndSplitSurviveTheNextSave (0.01s)
    db_integration_test.go:489: test pool uses the shared database "weekly_isolation"
--- FAIL: TestOrganizationTemplateWalksUpToTheNearestOwner (0.01s)
    db_integration_test.go:649: test pool uses the shared database "weekly_isolation"
--- FAIL: TestIssueEpisodeStopsAtTheFirstWeekWithoutOne (0.01s)
    db_integration_test.go:743: test pool uses the shared database "weekly_isolation"
--- FAIL: TestIssueOutcomeIsRecordedOncePerWeek (0.01s)
    db_integration_test.go:832: test pool uses the shared database "weekly_isolation"
--- FAIL: TestWorkLookupFindsOtherPeoplesWorkAndNothingFromTheirReports (0.01s)
    db_integration_test.go:891: test pool uses the shared database "weekly_isolation"
--- FAIL: TestWorkLookupAnswersShortQueries (0.01s)
    db_integration_test.go:960: test pool uses the shared database "weekly_isolation"
--- FAIL: TestDeadlineInstantMatchesTheSQLItGuards (0.01s)
    participationfairness_test.go:33: test pool uses the shared database "weekly_isolation"
--- FAIL: TestImportedHistoryStillCountsAgainstAccountsCreatedLater (0.01s)
    participationfairness_test.go:107: test pool uses the shared database "weekly_isolation"
--- FAIL: TestATitleMatchOutranksAFloodOfRecentBodies (0.01s)
    searchranking_test.go:27: test pool uses the shared database "weekly_isolation"
FAIL
FAIL	github.com/hkjang/weekly/internal/app	0.450s
FAIL
