To honour the JVM settings for this build a single-use Daemon process will be forked. For more on this, please refer to https://docs.gradle.org/8.14.3/userguide/gradle_daemon.html#sec:disabling_the_daemon in the Gradle documentation.
Daemon will be stopped at the end of the build 
> Task :compileJava UP-TO-DATE
> Task :compileGroovy NO-SOURCE
> Task :processResources UP-TO-DATE
> Task :classes UP-TO-DATE
> Task :compileTestJava
> Task :compileTestGroovy NO-SOURCE
> Task :processTestResources UP-TO-DATE
> Task :testClasses
OpenJDK 64-Bit Server VM warning: Sharing is only supported for boot loader classes because bootstrap classpath has been appended

> Task :test

ListExportIntegrationTest > xlsxExportReplacesColonInSheetName() FAILED
    java.lang.AssertionError at ListExportIntegrationTest.java:205

2026-09-29T09:19:37.355+09:00  INFO 2227959 --- [nexabuilder] [ionShutdownHook] j.LocalContainerEntityManagerFactoryBean : Closing JPA EntityManagerFactory for persistence unit 'default'
2026-09-29T09:19:37.357+09:00  INFO 2227959 --- [nexabuilder] [ionShutdownHook] com.zaxxer.hikari.HikariDataSource       : HikariPool-1 - Shutdown initiated...
2026-09-29T09:19:37.358+09:00  INFO 2227959 --- [nexabuilder] [ionShutdownHook] com.zaxxer.hikari.HikariDataSource       : HikariPool-1 - Shutdown completed.

> Task :test FAILED

10 tests completed, 1 failed

FAILURE: Build failed with an exception.

* What went wrong:
Execution failed for task ':test'.
> There were failing tests. See the report at: file:///home/hkjang/.cache/auto-improve-wt/nexabuilder/build/reports/tests/test/index.html

* Try:
> Run with --scan to get full insights.

BUILD FAILED in 20s
5 actionable tasks: 2 executed, 3 up-to-date
