To honour the JVM settings for this build a single-use Daemon process will be forked. For more on this, please refer to https://docs.gradle.org/8.14.3/userguide/gradle_daemon.html#sec:disabling_the_daemon in the Gradle documentation.
Daemon will be stopped at the end of the build 

> Task :compileJava
Note: /home/hkjang/.cache/auto-improve-wt/nexabuilder/src/main/java/com/nexabuilder/api/controller/ListExportController.java uses or overrides a deprecated API.
Note: Recompile with -Xlint:deprecation for details.

> Task :compileGroovy NO-SOURCE
> Task :processResources UP-TO-DATE
> Task :classes
> Task :compileTestJava
> Task :compileTestGroovy NO-SOURCE
> Task :processTestResources UP-TO-DATE
> Task :testClasses
OpenJDK 64-Bit Server VM warning: Sharing is only supported for boot loader classes because bootstrap classpath has been appended
2026-09-29T09:20:26.813+09:00  INFO 2230159 --- [nexabuilder] [ionShutdownHook] j.LocalContainerEntityManagerFactoryBean : Closing JPA EntityManagerFactory for persistence unit 'default'
2026-09-29T09:20:26.815+09:00  INFO 2230159 --- [nexabuilder] [ionShutdownHook] com.zaxxer.hikari.HikariDataSource       : HikariPool-1 - Shutdown initiated...
2026-09-29T09:20:26.817+09:00  INFO 2230159 --- [nexabuilder] [ionShutdownHook] com.zaxxer.hikari.HikariDataSource       : HikariPool-1 - Shutdown completed.
> Task :test

[Incubating] Problems report is available at: file:///home/hkjang/.cache/auto-improve-wt/nexabuilder/build/reports/problems/problems-report.html

BUILD SUCCESSFUL in 20s
5 actionable tasks: 3 executed, 2 up-to-date
