?   	github.com/hkjang/jikim/cmd/server	[no test files]
ok  	github.com/hkjang/jikim/internal/config	(cached)
ok  	github.com/hkjang/jikim/internal/cryptox	(cached)
ok  	github.com/hkjang/jikim/internal/httpapi	0.702s
ok  	github.com/hkjang/jikim/internal/ids	(cached)
?   	github.com/hkjang/jikim/internal/model	[no test files]
ok  	github.com/hkjang/jikim/internal/password	(cached)
ok  	github.com/hkjang/jikim/internal/store	(cached)
ok  	github.com/hkjang/jikim/internal/tracking	0.003s
?   	github.com/hkjang/jikim/internal/version	[no test files]
?   	github.com/hkjang/jikim/migrations	[no test files]

added 336 packages in 10s

> jikim-web@0.2.26 test
> vitest run --maxWorkers=1 --reporter=dot


 RUN  v4.1.11 /home/hkjang/.cache/auto-improve-wt/jikim-release/web

···························································

 Test Files  9 passed (9)
      Tests  59 passed (59)
   Start at  17:34:33
   Duration  8.26s (transform 449ms, setup 404ms, import 1.68s, tests 2.57s, environment 2.79s)


> jikim-web@0.2.26 lint
> eslint .


> jikim-web@0.2.26 build
> tsc -b && vite build --logLevel=warn

[plugin builtin:vite-reporter] 
(!) Some chunks are larger than 500 kB after minification. Consider:
- Using dynamic import() to code-split the application
- Use build.rolldownOptions.output.codeSplitting to improve chunking: https://rolldown.rs/reference/OutputOptions.codeSplitting
- Adjust chunk size limit for this warning via build.chunkSizeWarningLimit.
문서·SEO·갤러리 계약 검증 완료
검증 완료: jikim v0.2.26
