=== RUN   TestDOCXFileImportsWithoutItsTitleTwice
--- PASS: TestDOCXFileImportsWithoutItsTitleTwice (0.11s)
=== RUN   TestDOCXImportPreservesUnmatchedAndLaterHeadings
=== RUN   TestDOCXImportPreservesUnmatchedAndLaterHeadings/different_form_title
=== RUN   TestDOCXImportPreservesUnmatchedAndLaterHeadings/H2_first
=== RUN   TestDOCXImportPreservesUnmatchedAndLaterHeadings/paragraph_before_H1
=== RUN   TestDOCXImportPreservesUnmatchedAndLaterHeadings/consecutive_matching_H1
=== RUN   TestDOCXImportPreservesUnmatchedAndLaterHeadings/normalized_filename
=== RUN   TestDOCXImportPreservesUnmatchedAndLaterHeadings/truncated_title
--- PASS: TestDOCXImportPreservesUnmatchedAndLaterHeadings (0.14s)
    --- PASS: TestDOCXImportPreservesUnmatchedAndLaterHeadings/different_form_title (0.02s)
    --- PASS: TestDOCXImportPreservesUnmatchedAndLaterHeadings/H2_first (0.01s)
    --- PASS: TestDOCXImportPreservesUnmatchedAndLaterHeadings/paragraph_before_H1 (0.01s)
    --- PASS: TestDOCXImportPreservesUnmatchedAndLaterHeadings/consecutive_matching_H1 (0.01s)
    --- PASS: TestDOCXImportPreservesUnmatchedAndLaterHeadings/normalized_filename (0.01s)
    --- PASS: TestDOCXImportPreservesUnmatchedAndLaterHeadings/truncated_title (0.01s)
=== RUN   TestDOCXImportIntoDocumentKeepsTitle
--- PASS: TestDOCXImportIntoDocumentKeepsTitle (0.09s)
=== RUN   TestDOCXTitleOnlyImportsAsEmptyParagraph
--- PASS: TestDOCXTitleOnlyImportsAsEmptyParagraph (0.07s)
=== RUN   TestDOCXExportImportRoundTrip
--- PASS: TestDOCXExportImportRoundTrip (0.00s)
=== RUN   TestDOCXRoundTripDropsOnlyTheTitleHeading
--- PASS: TestDOCXRoundTripDropsOnlyTheTitleHeading (0.00s)
=== RUN   TestDOCXTitleOnlyLeavesAnEmptyDocument
--- PASS: TestDOCXTitleOnlyLeavesAnEmptyDocument (0.00s)
PASS
ok  	github.com/hkjang/muni/internal/httpapi	0.438s
