=== RUN   TestTheAccessViewAgreesWithTheCodeThatEnforcesIt
=== RUN   TestTheAccessViewAgreesWithTheCodeThatEnforcesIt/RESTRICTED
=== RUN   TestTheAccessViewAgreesWithTheCodeThatEnforcesIt/WORKSPACE
=== RUN   TestTheAccessViewAgreesWithTheCodeThatEnforcesIt/ORGANIZATION
--- PASS: TestTheAccessViewAgreesWithTheCodeThatEnforcesIt (0.36s)
    --- PASS: TestTheAccessViewAgreesWithTheCodeThatEnforcesIt/RESTRICTED (0.02s)
    --- PASS: TestTheAccessViewAgreesWithTheCodeThatEnforcesIt/WORKSPACE (0.01s)
    --- PASS: TestTheAccessViewAgreesWithTheCodeThatEnforcesIt/ORGANIZATION (0.01s)
=== RUN   TestAdministratorsAreCountedNotListed
--- PASS: TestAdministratorsAreCountedNotListed (0.12s)
=== RUN   TestAnExpiredGrantIsNotAccess
--- PASS: TestAnExpiredGrantIsNotAccess (0.15s)
=== RUN   TestOwningBeatsADirectGrant
--- PASS: TestOwningBeatsADirectGrant (0.14s)
=== RUN   TestLinkVisibilityIsReportedAsTheNothingItIs
--- PASS: TestLinkVisibilityIsReportedAsTheNothingItIs (0.13s)
=== RUN   TestAgentAnswersWithoutToolsWhenNoneAreNeeded
--- PASS: TestAgentAnswersWithoutToolsWhenNoneAreNeeded (0.00s)
=== RUN   TestAgentReportsAToolFailureBackToTheModel
--- PASS: TestAgentReportsAToolFailureBackToTheModel (0.00s)
=== RUN   TestAgentStopsAfterTheRoundLimit
--- PASS: TestAgentStopsAfterTheRoundLimit (0.00s)
=== RUN   TestAgentDegradesWhenTheProviderRejectsTools
--- PASS: TestAgentDegradesWhenTheProviderRejectsTools (0.00s)
=== RUN   TestAgentSurfacesAnUpstreamFailure
--- PASS: TestAgentSurfacesAnUpstreamFailure (0.00s)
=== RUN   TestWriteAgentEventsReportsToolsThenTheAnswer
--- PASS: TestWriteAgentEventsReportsToolsThenTheAnswer (0.00s)
=== RUN   TestToolDefinitionsDescribeEveryTool
--- PASS: TestToolDefinitionsDescribeEveryTool (0.00s)
=== RUN   TestUnknownToolIsRejected
--- PASS: TestUnknownToolIsRejected (0.00s)
=== RUN   TestUsageCounterReadsAStreamOnItsWayPast
--- PASS: TestUsageCounterReadsAStreamOnItsWayPast (0.00s)
=== RUN   TestUsageCounterReadsAWholeCompletion
--- PASS: TestUsageCounterReadsAWholeCompletion (0.00s)
=== RUN   TestUsageIsAbsentRatherThanZeroWhenTheProviderSaysNothing
--- PASS: TestUsageIsAbsentRatherThanZeroWhenTheProviderSaysNothing (0.00s)
=== RUN   TestInvocationStartsAsCompletedAndCanFail
--- PASS: TestInvocationStartsAsCompletedAndCanFail (0.00s)
=== RUN   TestMessageCharsCountsWhatWasSent
--- PASS: TestMessageCharsCountsWhatWasSent (0.00s)
=== RUN   TestPatchableBlocksNeedAStableAnchor
--- PASS: TestPatchableBlocksNeedAStableAnchor (0.00s)
=== RUN   TestPatchableBlocksCanBeNarrowedToASelection
--- PASS: TestPatchableBlocksCanBeNarrowedToASelection (0.00s)
=== RUN   TestPatchableBlocksReachesInsideContainers
--- PASS: TestPatchableBlocksReachesInsideContainers (0.00s)
=== RUN   TestParsePatchEdits
--- PASS: TestParsePatchEdits (0.00s)
=== RUN   TestParsePatchEditsRejectsANonAnswer
--- PASS: TestParsePatchEditsRejectsANonAnswer (0.00s)
=== RUN   TestParsePatchEditsKeepsTheReason
--- PASS: TestParsePatchEditsKeepsTheReason (0.00s)
=== RUN   TestStripReasoning
--- PASS: TestStripReasoning (0.00s)
=== RUN   TestReasoningIsRemovedBeforePatchParsing
--- PASS: TestReasoningIsRemovedBeforePatchParsing (0.00s)
=== RUN   TestStreamedAnswerReachesTheReaderInPieces
--- PASS: TestStreamedAnswerReachesTheReaderInPieces (0.00s)
=== RUN   TestStreamedToolCallIsReassembledFromItsFragments
--- PASS: TestStreamedToolCallIsReassembledFromItsFragments (0.00s)
=== RUN   TestStreamFallsBackWhenTheProviderAnswersWithJSON
--- PASS: TestStreamFallsBackWhenTheProviderAnswersWithJSON (0.00s)
=== RUN   TestStreamIgnoresKeepAlivesAndComments
--- PASS: TestStreamIgnoresKeepAlivesAndComments (0.00s)
=== RUN   TestChatEndpointBuilding
--- PASS: TestChatEndpointBuilding (0.00s)
=== RUN   TestCallAdaptsToProviderRejections
--- PASS: TestCallAdaptsToProviderRejections (0.00s)
=== RUN   TestCallRetriesMissingVersionSegment
--- PASS: TestCallRetriesMissingVersionSegment (0.00s)
=== RUN   TestCallSurfacesProviderMessage
--- PASS: TestCallSurfacesProviderMessage (0.00s)
=== RUN   TestPrepareMessagesDropsEmptySystemPrompt
--- PASS: TestPrepareMessagesDropsEmptySystemPrompt (0.00s)
=== RUN   TestNormalizeAIFillsMissingLimits
--- PASS: TestNormalizeAIFillsMissingLimits (0.00s)
=== RUN   TestWriteSSEFromJSON
--- PASS: TestWriteSSEFromJSON (0.00s)
=== RUN   TestSystemInstructionsAreMergedIntoOne
--- PASS: TestSystemInstructionsAreMergedIntoOne (0.00s)
=== RUN   TestMergedInstructionsStayAtTheFront
--- PASS: TestMergedInstructionsStayAtTheFront (0.00s)
=== RUN   TestGatewayThatRefusesTheSystemRoleGetsAUserTurn
--- PASS: TestGatewayThatRefusesTheSystemRoleGetsAUserTurn (0.00s)
=== RUN   TestCallRetriesWithoutTheSystemRole
--- PASS: TestCallRetriesWithoutTheSystemRole (0.00s)
=== RUN   TestNoApproversMeansTheOlderBehaviour
--- PASS: TestNoApproversMeansTheOlderBehaviour (0.00s)
=== RUN   TestALineIsRefusedWhenItIsTooLong
--- PASS: TestALineIsRefusedWhenItIsTooLong (0.00s)
=== RUN   TestFinalPositionMustBeInTheLine
--- PASS: TestFinalPositionMustBeInTheLine (0.00s)
=== RUN   TestBlankApproverIsRefused
--- PASS: TestBlankApproverIsRefused (0.00s)
=== RUN   TestTheSamePersonCannotStandTwiceInALine
--- PASS: TestTheSamePersonCannotStandTwiceInALine (0.00s)
=== RUN   TestTheRequesterCannotApproveTheirOwnWorkWhenThePolicySaysSo
--- PASS: TestTheRequesterCannotApproveTheirOwnWorkWhenThePolicySaysSo (0.00s)
=== RUN   TestAnAttachmentKnowsWhetherTheDocumentStillUsesIt
--- PASS: TestAnAttachmentKnowsWhetherTheDocumentStillUsesIt (0.10s)
=== RUN   TestDeletingAnAttachmentActuallyRemovesIt
--- PASS: TestDeletingAnAttachmentActuallyRemovesIt (0.09s)
=== RUN   TestShouldCompact
--- PASS: TestShouldCompact (0.00s)
=== RUN   TestSnapshotLimitMatchesTheColumnCheck
--- PASS: TestSnapshotLimitMatchesTheColumnCheck (0.00s)
=== RUN   TestARefusalSaysItIsARefusal
=== RUN   TestARefusalSaysItIsARefusal/editing
=== RUN   TestARefusalSaysItIsARefusal/sharing
=== RUN   TestARefusalSaysItIsARefusal/commenting
=== RUN   TestARefusalSaysItIsARefusal/making_a_share_link
=== RUN   TestARefusalSaysItIsARefusal/listing_share_links
=== RUN   TestARefusalSaysItIsARefusal/tagging
=== RUN   TestARefusalSaysItIsARefusal/moving
=== RUN   TestARefusalSaysItIsARefusal/suggesting_an_edit
--- PASS: TestARefusalSaysItIsARefusal (0.22s)
    --- PASS: TestARefusalSaysItIsARefusal/editing (0.00s)
    --- PASS: TestARefusalSaysItIsARefusal/sharing (0.00s)
    --- PASS: TestARefusalSaysItIsARefusal/commenting (0.00s)
    --- PASS: TestARefusalSaysItIsARefusal/making_a_share_link (0.00s)
    --- PASS: TestARefusalSaysItIsARefusal/listing_share_links (0.00s)
    --- PASS: TestARefusalSaysItIsARefusal/tagging (0.00s)
    --- PASS: TestARefusalSaysItIsARefusal/moving (0.00s)
    --- PASS: TestARefusalSaysItIsARefusal/suggesting_an_edit (0.00s)
=== RUN   TestAMissingDocumentIsNotAPermissionProblem
--- PASS: TestAMissingDocumentIsNotAPermissionProblem (0.09s)
=== RUN   TestACopyIsNamedAsOne
--- PASS: TestACopyIsNamedAsOne (0.00s)
=== RUN   TestCopyingACopyDoesNotStack
--- PASS: TestCopyingACopyDoesNotStack (0.00s)
=== RUN   TestAnUntitledDocumentStillGetsAName
--- PASS: TestAnUntitledDocumentStillGetsAName (0.00s)
=== RUN   TestSurroundingSpaceIsNotPartOfTheName
--- PASS: TestSurroundingSpaceIsNotPartOfTheName (0.00s)
=== RUN   TestEveryExportFormatCarriesEveryKindOfContent
=== RUN   TestEveryExportFormatCarriesEveryKindOfContent/HTML
=== RUN   TestEveryExportFormatCarriesEveryKindOfContent/Markdown
=== RUN   TestEveryExportFormatCarriesEveryKindOfContent/plain_text
--- PASS: TestEveryExportFormatCarriesEveryKindOfContent (0.00s)
    --- PASS: TestEveryExportFormatCarriesEveryKindOfContent/HTML (0.00s)
    --- PASS: TestEveryExportFormatCarriesEveryKindOfContent/Markdown (0.00s)
    --- PASS: TestEveryExportFormatCarriesEveryKindOfContent/plain_text (0.00s)
=== RUN   TestNoFormatPutsTheNoteInsideTheSentence
=== RUN   TestNoFormatPutsTheNoteInsideTheSentence/HTML
=== RUN   TestNoFormatPutsTheNoteInsideTheSentence/Markdown
=== RUN   TestNoFormatPutsTheNoteInsideTheSentence/plain_text
--- PASS: TestNoFormatPutsTheNoteInsideTheSentence (0.00s)
    --- PASS: TestNoFormatPutsTheNoteInsideTheSentence/HTML (0.00s)
    --- PASS: TestNoFormatPutsTheNoteInsideTheSentence/Markdown (0.00s)
    --- PASS: TestNoFormatPutsTheNoteInsideTheSentence/plain_text (0.00s)
=== RUN   TestNestedListsKeepTheirLevels
=== RUN   TestNestedListsKeepTheirLevels/Markdown
=== RUN   TestNestedListsKeepTheirLevels/plain_text
--- PASS: TestNestedListsKeepTheirLevels (0.00s)
    --- PASS: TestNestedListsKeepTheirLevels/Markdown (0.00s)
    --- PASS: TestNestedListsKeepTheirLevels/plain_text (0.00s)
=== RUN   TestCellAlignmentReachesTheHTML
--- PASS: TestCellAlignmentReachesTheHTML (0.00s)
=== RUN   TestADiagramIsMarkedForDrawingInHTMLAndStaysTextElsewhere
--- PASS: TestADiagramIsMarkedForDrawingInHTMLAndStaysTextElsewhere (0.00s)
=== RUN   TestADocumentWithNoDiagramCarriesNoDrawingLibrary
--- PASS: TestADocumentWithNoDiagramCarriesNoDrawingLibrary (0.00s)
=== RUN   TestADiagramSurvivesItsOwnHTMLExport
--- PASS: TestADiagramSurvivesItsOwnHTMLExport (0.00s)
=== RUN   TestFootnotesAreCollectedAtTheEndWithLinksBothWays
--- PASS: TestFootnotesAreCollectedAtTheEndWithLinksBothWays (0.00s)
=== RUN   TestNotesAreNumberedInReadingOrder
--- PASS: TestNotesAreNumberedInReadingOrder (0.00s)
=== RUN   TestADocumentWithoutNotesGetsNoFootnoteSection
--- PASS: TestADocumentWithoutNotesGetsNoFootnoteSection (0.00s)
=== RUN   TestRenderingTwiceGivesTheSameNumbers
--- PASS: TestRenderingTwiceGivesTheSameNumbers (0.00s)
=== RUN   TestEveryFormatKeepsTheNoteOutOfTheSentence
=== RUN   TestEveryFormatKeepsTheNoteOutOfTheSentence/markdown
=== RUN   TestEveryFormatKeepsTheNoteOutOfTheSentence/plain_text
--- PASS: TestEveryFormatKeepsTheNoteOutOfTheSentence (0.00s)
    --- PASS: TestEveryFormatKeepsTheNoteOutOfTheSentence/markdown (0.00s)
    --- PASS: TestEveryFormatKeepsTheNoteOutOfTheSentence/plain_text (0.00s)
=== RUN   TestMarkdownUsesTheFormOtherReadersUnderstand
--- PASS: TestMarkdownUsesTheFormOtherReadersUnderstand (0.00s)
=== RUN   TestAClaimIsIssuedOnceAndRedeemedOnce
--- PASS: TestAClaimIsIssuedOnceAndRedeemedOnce (0.09s)
=== RUN   TestNoClaimOnSomebodyElsesDocument
--- PASS: TestNoClaimOnSomebodyElsesDocument (0.16s)
=== RUN   TestReceivingTakesOnlyFromAListedSource
--- PASS: TestReceivingTakesOnlyFromAListedSource (0.20s)
=== RUN   TestReceivingWithoutASessionGoesThroughLogin
--- PASS: TestReceivingWithoutASessionGoesThroughLogin (0.06s)
=== RUN   TestLogPathHidesTheClaim
--- PASS: TestLogPathHidesTheClaim (0.00s)
=== RUN   TestHandoffPageEscapesWhatCameFromOutside
--- PASS: TestHandoffPageEscapesWhatCameFromOutside (0.00s)
=== RUN   TestTheEditorGetsAStoredPictureAsABlock
--- PASS: TestTheEditorGetsAStoredPictureAsABlock (0.07s)
=== RUN   TestASharedLinkGetsAStoredPictureAsABlock
--- PASS: TestASharedLinkGetsAStoredPictureAsABlock (0.10s)
=== RUN   TestDOCXFileImportsWithoutItsTitleTwice
--- PASS: TestDOCXFileImportsWithoutItsTitleTwice (0.07s)
=== RUN   TestDOCXImportPreservesUnmatchedAndLaterHeadings
=== RUN   TestDOCXImportPreservesUnmatchedAndLaterHeadings/different_form_title
=== RUN   TestDOCXImportPreservesUnmatchedAndLaterHeadings/H2_first
=== RUN   TestDOCXImportPreservesUnmatchedAndLaterHeadings/paragraph_before_H1
=== RUN   TestDOCXImportPreservesUnmatchedAndLaterHeadings/consecutive_matching_H1
=== RUN   TestDOCXImportPreservesUnmatchedAndLaterHeadings/normalized_filename
=== RUN   TestDOCXImportPreservesUnmatchedAndLaterHeadings/truncated_title
--- PASS: TestDOCXImportPreservesUnmatchedAndLaterHeadings (0.12s)
    --- PASS: TestDOCXImportPreservesUnmatchedAndLaterHeadings/different_form_title (0.02s)
    --- PASS: TestDOCXImportPreservesUnmatchedAndLaterHeadings/H2_first (0.01s)
    --- PASS: TestDOCXImportPreservesUnmatchedAndLaterHeadings/paragraph_before_H1 (0.01s)
    --- PASS: TestDOCXImportPreservesUnmatchedAndLaterHeadings/consecutive_matching_H1 (0.01s)
    --- PASS: TestDOCXImportPreservesUnmatchedAndLaterHeadings/normalized_filename (0.01s)
    --- PASS: TestDOCXImportPreservesUnmatchedAndLaterHeadings/truncated_title (0.01s)
=== RUN   TestDOCXImportIntoDocumentKeepsTitle
--- PASS: TestDOCXImportIntoDocumentKeepsTitle (0.08s)
=== RUN   TestDOCXTitleOnlyImportsAsEmptyParagraph
--- PASS: TestDOCXTitleOnlyImportsAsEmptyParagraph (0.07s)
=== RUN   TestMarkdownImport
--- PASS: TestMarkdownImport (0.00s)
=== RUN   TestMarkdownRoundTripDropsTheTitleHeading
--- PASS: TestMarkdownRoundTripDropsTheTitleHeading (0.00s)
=== RUN   TestMarkdownKeepsAHeadingThatIsNotTheTitle
=== RUN   TestMarkdownKeepsAHeadingThatIsNotTheTitle/paragraph_first
=== RUN   TestMarkdownKeepsAHeadingThatIsNotTheTitle/file_name_stem
=== RUN   TestMarkdownKeepsAHeadingThatIsNotTheTitle/different_words
=== RUN   TestMarkdownKeepsAHeadingThatIsNotTheTitle/second_level
--- PASS: TestMarkdownKeepsAHeadingThatIsNotTheTitle (0.00s)
    --- PASS: TestMarkdownKeepsAHeadingThatIsNotTheTitle/paragraph_first (0.00s)
    --- PASS: TestMarkdownKeepsAHeadingThatIsNotTheTitle/file_name_stem (0.00s)
    --- PASS: TestMarkdownKeepsAHeadingThatIsNotTheTitle/different_words (0.00s)
    --- PASS: TestMarkdownKeepsAHeadingThatIsNotTheTitle/second_level (0.00s)
=== RUN   TestMarkdownTitleMatchesAfterUnescaping
--- PASS: TestMarkdownTitleMatchesAfterUnescaping (0.00s)
=== RUN   TestMarkdownTitleOnlyLeavesAnEmptyDocument
--- PASS: TestMarkdownTitleOnlyLeavesAnEmptyDocument (0.00s)
=== RUN   TestHTMLImportDropsScript
--- PASS: TestHTMLImportDropsScript (0.00s)
=== RUN   TestDOCXExportImportRoundTrip
--- PASS: TestDOCXExportImportRoundTrip (0.00s)
=== RUN   TestHTMLRendererEscapesContent
--- PASS: TestHTMLRendererEscapesContent (0.00s)
=== RUN   TestHTMLRendererKeepsLayout
--- PASS: TestHTMLRendererKeepsLayout (0.00s)
=== RUN   TestMarkdownRendererKeepsStructure
--- PASS: TestMarkdownRendererKeepsStructure (0.00s)
=== RUN   TestPlainTextRendererKeepsListMarkers
--- PASS: TestPlainTextRendererKeepsListMarkers (0.00s)
=== RUN   TestPrepareImportedAssetsRewritesAndDrops
--- PASS: TestPrepareImportedAssetsRewritesAndDrops (0.00s)
=== RUN   TestExtensionDetectionFallsBackToContent
--- PASS: TestExtensionDetectionFallsBackToContent (0.00s)
=== RUN   TestHTMLTableRepeatsHeaderRowsWhenPrinted
--- PASS: TestHTMLTableRepeatsHeaderRowsWhenPrinted (0.00s)
=== RUN   TestTableWithoutHeaderRowSkipsThead
--- PASS: TestTableWithoutHeaderRowSkipsThead (0.00s)
=== RUN   TestPDFExportConcurrencyIsBounded
--- PASS: TestPDFExportConcurrencyIsBounded (0.00s)
=== RUN   TestPDFExportGivesUpWhenSlotsAreBusy
--- PASS: TestPDFExportGivesUpWhenSlotsAreBusy (0.00s)
=== RUN   TestChromiumCommandGivesTheBrowserAWritableHome
--- PASS: TestChromiumCommandGivesTheBrowserAWritableHome (0.00s)
=== RUN   TestImportedDocumentsCarryBlockIDs
--- PASS: TestImportedDocumentsCarryBlockIDs (0.00s)
=== RUN   TestExportersIgnoreBlockIDs
--- PASS: TestExportersIgnoreBlockIDs (0.00s)
=== RUN   TestBlockIDsSurviveTheHTMLRoundTrip
--- PASS: TestBlockIDsSurviveTheHTMLRoundTrip (0.00s)
=== RUN   TestDOCXRoundTripDropsOnlyTheTitleHeading
--- PASS: TestDOCXRoundTripDropsOnlyTheTitleHeading (0.00s)
=== RUN   TestDOCXTitleOnlyLeavesAnEmptyDocument
--- PASS: TestDOCXTitleOnlyLeavesAnEmptyDocument (0.00s)
=== RUN   TestAFileDroppedOnADocumentComesBackAsContent
--- PASS: TestAFileDroppedOnADocumentComesBackAsContent (0.08s)
=== RUN   TestAnExportedMarkdownFileImportsWithoutItsTitleTwice
--- PASS: TestAnExportedMarkdownFileImportsWithoutItsTitleTwice (0.08s)
=== RUN   TestMarkdownImportKeepsStructure
--- PASS: TestMarkdownImportKeepsStructure (0.00s)
=== RUN   TestMarkdownNestingDepth
--- PASS: TestMarkdownNestingDepth (0.00s)
=== RUN   TestMarkdownExportImportRoundTrip
--- PASS: TestMarkdownExportImportRoundTrip (0.00s)
=== RUN   TestHTMLImportKeepsStructure
--- PASS: TestHTMLImportKeepsStructure (0.00s)
=== RUN   TestHTMLImportKeepsTableSpansAndAlignment
--- PASS: TestHTMLImportKeepsTableSpansAndAlignment (0.00s)
=== RUN   TestHTMLExportImportRoundTrip
--- PASS: TestHTMLExportImportRoundTrip (0.00s)
=== RUN   TestHTMLImportStoresInlineImages
--- PASS: TestHTMLImportStoresInlineImages (0.00s)
=== RUN   TestMarkdownImportStoresInlineImages
--- PASS: TestMarkdownImportStoresInlineImages (0.00s)
=== RUN   TestPlainTextImportKeepsParagraphs
--- PASS: TestPlainTextImportKeepsParagraphs (0.00s)
=== RUN   TestMarkdownDoesNotEmphasiseSnakeCase
--- PASS: TestMarkdownDoesNotEmphasiseSnakeCase (0.00s)
=== RUN   TestCrossFormatRoundTrip
=== RUN   TestCrossFormatRoundTrip/docx
=== RUN   TestCrossFormatRoundTrip/markdown
=== RUN   TestCrossFormatRoundTrip/html
--- PASS: TestCrossFormatRoundTrip (0.00s)
    --- PASS: TestCrossFormatRoundTrip/docx (0.00s)
    --- PASS: TestCrossFormatRoundTrip/markdown (0.00s)
    --- PASS: TestCrossFormatRoundTrip/html (0.00s)
=== RUN   TestImportedInlineImagesBecomeBlocks
=== RUN   TestImportedInlineImagesBecomeBlocks/markdown
=== RUN   TestImportedInlineImagesBecomeBlocks/html
--- PASS: TestImportedInlineImagesBecomeBlocks (0.00s)
    --- PASS: TestImportedInlineImagesBecomeBlocks/markdown (0.00s)
    --- PASS: TestImportedInlineImagesBecomeBlocks/html (0.00s)
=== RUN   TestStoredImagesAreLiftedOnRead
--- PASS: TestStoredImagesAreLiftedOnRead (0.00s)
=== RUN   TestAHangulFileIsNotMistakenForAWordFile
--- PASS: TestAHangulFileIsNotMistakenForAWordFile (0.00s)
=== RUN   TestAnOldHangulFileIsRecognisedByItsSignature
--- PASS: TestAnOldHangulFileIsRecognisedByItsSignature (0.00s)
=== RUN   TestAWordFileArrivesWholeThroughTheEndpoint
--- PASS: TestAWordFileArrivesWholeThroughTheEndpoint (0.07s)
=== RUN   TestAnyoneWithTheLinkCanReadAndNothingElse
--- PASS: TestAnyoneWithTheLinkCanReadAndNothingElse (0.10s)
=== RUN   TestTheTokenIsNotStored
--- PASS: TestTheTokenIsNotStored (0.10s)
=== RUN   TestAWrongTokenIsIndistinguishableFromAMissingOne
--- PASS: TestAWrongTokenIsIndistinguishableFromAMissingOne (0.09s)
=== RUN   TestAProtectedLinkAsksAndThenChecks
--- PASS: TestAProtectedLinkAsksAndThenChecks (0.18s)
=== RUN   TestAViewLimitIsEnforcedByTheDatabaseNotTheCheck
--- PASS: TestAViewLimitIsEnforcedByTheDatabaseNotTheCheck (0.10s)
=== RUN   TestAnExpiredOrRevokedLinkIsClosed
--- PASS: TestAnExpiredOrRevokedLinkIsClosed (0.11s)
=== RUN   TestTurningTheSettingOffClosesLinksThatAlreadyExist
--- PASS: TestTurningTheSettingOffClosesLinksThatAlreadyExist (0.12s)
=== RUN   TestATrashedDocumentIsNotServedByItsLink
--- PASS: TestATrashedDocumentIsNotServedByItsLink (0.09s)
=== RUN   TestOnlyTheOwnerMakesLinks
--- PASS: TestOnlyTheOwnerMakesLinks (0.18s)
=== RUN   TestTheAccessViewShowsTheLink
--- PASS: TestTheAccessViewShowsTheLink (0.11s)
=== RUN   TestGuessingRunsOutOfAttempts
--- PASS: TestGuessingRunsOutOfAttempts (0.00s)
=== RUN   TestGettingInForgetsTheFailures
--- PASS: TestGettingInForgetsTheFailures (0.00s)
=== RUN   TestAttemptsAreForgottenAfterTheWindow
--- PASS: TestAttemptsAreForgottenAfterTheWindow (0.00s)
=== RUN   TestOnePersonCannotLockOutAnother
--- PASS: TestOnePersonCannotLockOutAnother (0.00s)
=== RUN   TestOneBadMorningDoesNotBlockAnOffice
--- PASS: TestOneBadMorningDoesNotBlockAnOffice (0.00s)
=== RUN   TestLoginKeySeparatesAddressAndAccount
--- PASS: TestLoginKeySeparatesAddressAndAccount (0.00s)
=== RUN   TestAnUnreadableAddressStillCounts
--- PASS: TestAnUnreadableAddressStillCounts (0.00s)
=== RUN   TestTheWrappedWriterStillStreams
--- PASS: TestTheWrappedWriterStillStreams (0.00s)
=== RUN   TestTheWrapperReachesTheWriterUnderneath
--- PASS: TestTheWrapperReachesTheWriterUnderneath (0.00s)
=== RUN   TestAWriteWithNoHeaderCountsAsSuccess
--- PASS: TestAWriteWithNoHeaderCountsAsSuccess (0.00s)
=== RUN   TestStatusesAreGroupedNotEnumerated
--- PASS: TestStatusesAreGroupedNotEnumerated (0.00s)
=== RUN   TestLatencyLandsInTheRightBucket
--- PASS: TestLatencyLandsInTheRightBucket (0.00s)
=== RUN   TestALabelCannotBreakOutOfItsQuotes
--- PASS: TestALabelCannotBreakOutOfItsQuotes (0.00s)
=== RUN   TestValuesAreWrittenWithoutAnExponent
--- PASS: TestValuesAreWrittenWithoutAnExponent (0.00s)
=== RUN   TestNotificationBodyNamesTheReaderAndSaysWhatHappened
--- PASS: TestNotificationBodyNamesTheReaderAndSaysWhatHappened (0.00s)
=== RUN   TestNotificationBodyWorksWithoutAServiceAddress
--- PASS: TestNotificationBodyWorksWithoutAServiceAddress (0.00s)
=== RUN   TestNotificationLinkPointsAtTheRightScreen
--- PASS: TestNotificationLinkPointsAtTheRightScreen (0.00s)
=== RUN   TestNotificationBodyCarriesNoDocumentContent
--- PASS: TestNotificationBodyCarriesNoDocumentContent (0.00s)
=== RUN   TestHumanBytesReadsLikeAnOperatorWouldSayIt
--- PASS: TestHumanBytesReadsLikeAnOperatorWouldSayIt (0.00s)
=== RUN   TestHumanBytesHandlesNonsense
--- PASS: TestHumanBytesHandlesNonsense (0.00s)
=== RUN   TestOffboardingHandsOverEverythingAtOnce
--- PASS: TestOffboardingHandsOverEverythingAtOnce (0.15s)
=== RUN   TestADepartedApproverStopsBlockingTheLine
--- PASS: TestADepartedApproverStopsBlockingTheLine (0.20s)
=== RUN   TestAnEmptiedApprovalLineIsCancelledNotApproved
--- PASS: TestAnEmptiedApprovalLineIsCancelledNotApproved (0.21s)
=== RUN   TestOffboardingRefusesTheCasesThatWouldBackfire
=== RUN   TestOffboardingRefusesTheCasesThatWouldBackfire/handing_over_to_a_suspended_account
=== RUN   TestOffboardingRefusesTheCasesThatWouldBackfire/handing_over_to_themselves
=== RUN   TestOffboardingRefusesTheCasesThatWouldBackfire/no_recipient_at_all
--- PASS: TestOffboardingRefusesTheCasesThatWouldBackfire (0.16s)
    --- PASS: TestOffboardingRefusesTheCasesThatWouldBackfire/handing_over_to_a_suspended_account (0.00s)
    --- PASS: TestOffboardingRefusesTheCasesThatWouldBackfire/handing_over_to_themselves (0.00s)
    --- PASS: TestOffboardingRefusesTheCasesThatWouldBackfire/no_recipient_at_all (0.00s)
=== RUN   TestEveryRouteIsInTheAPIDocument
--- PASS: TestEveryRouteIsInTheAPIDocument (0.00s)
=== RUN   TestTheAPIDocumentDescribesNothingImaginary
--- PASS: TestTheAPIDocumentDescribesNothingImaginary (0.00s)
=== RUN   TestPasswordMustBeLongEnough
--- PASS: TestPasswordMustBeLongEnough (0.00s)
=== RUN   TestPasswordLengthCountsCharactersNotBytes
--- PASS: TestPasswordLengthCountsCharactersNotBytes (0.00s)
=== RUN   TestPasswordCannotBeOnlySpaces
--- PASS: TestPasswordCannotBeOnlySpaces (0.00s)
=== RUN   TestPasswordHasACeiling
--- PASS: TestPasswordHasACeiling (0.00s)
=== RUN   TestDevtoolsPDFHasPageNumbers
    pdf_devtools_test.go:95: rendered 9 pages, 64474 bytes
--- PASS: TestDevtoolsPDFHasPageNumbers (1.94s)
=== RUN   TestFooterTemplateCarriesChromiumsPlaceholders
--- PASS: TestFooterTemplateCarriesChromiumsPlaceholders (0.00s)
=== RUN   TestFooterEscapesTheTitle
--- PASS: TestFooterEscapesTheTitle (0.00s)
=== RUN   TestPresentationIsStaleWhenTheDocumentMovedOn
--- PASS: TestPresentationIsStaleWhenTheDocumentMovedOn (0.00s)
=== RUN   TestPtiumConfigComesFromSettings
--- PASS: TestPtiumConfigComesFromSettings (0.00s)
=== RUN   TestPtiumConfigIsUnusableUntilConnected
--- PASS: TestPtiumConfigIsUnusableUntilConnected (0.00s)
=== RUN   TestCreateInputBecomesGeneratorOptions
--- PASS: TestCreateInputBecomesGeneratorOptions (0.00s)
=== RUN   TestAnAdministratorCanCreateAnAccountThatWorks
--- PASS: TestAnAdministratorCanCreateAnAccountThatWorks (0.21s)
=== RUN   TestTheSameEmailIsRefusedRatherThanDuplicated
--- PASS: TestTheSameEmailIsRefusedRatherThanDuplicated (0.14s)
=== RUN   TestTwoPeopleWithTheSameNameBothGetAnAccount
--- PASS: TestTwoPeopleWithTheSameNameBothGetAnAccount (0.15s)
=== RUN   TestABadRowDoesNotRejectTheGoodOnes
--- PASS: TestABadRowDoesNotRejectTheGoodOnes (0.20s)
=== RUN   TestAnAdminResetAlsoDemandsAChange
--- PASS: TestAnAdminResetAlsoDemandsAChange (0.16s)
=== RUN   TestAGeneratedPasswordAvoidsCharactersPeopleMisread
--- PASS: TestAGeneratedPasswordAvoidsCharactersPeopleMisread (0.00s)
=== RUN   TestTwoGeneratedPasswordsDiffer
--- PASS: TestTwoGeneratedPasswordsDiffer (0.00s)
=== RUN   TestATemporaryPasswordLocksTheAccountToChangingIt
--- PASS: TestATemporaryPasswordLocksTheAccountToChangingIt (0.00s)
=== RUN   TestTheCSVTakesTheFileAPersonActuallyHas
--- PASS: TestTheCSVTakesTheFileAPersonActuallyHas (0.00s)
=== RUN   TestACSVWithoutAnEmailColumnIsRejectedUpFront
--- PASS: TestACSVWithoutAnEmailColumnIsRejectedUpFront (0.00s)
=== RUN   TestARowWithNoEmailIsSkippedNotGuessed
--- PASS: TestARowWithNoEmailIsSkippedNotGuessed (0.00s)
=== RUN   TestEmailIsLowercasedSoTheDuplicateCheckWorks
--- PASS: TestEmailIsLowercasedSoTheDuplicateCheckWorks (0.00s)
=== RUN   TestPromptNoneIsIgnoredWhileAutoLoginIsOff
--- PASS: TestPromptNoneIsIgnoredWhileAutoLoginIsOff (0.14s)
=== RUN   TestASilentRefusalLandsOnTheLoginScreenWithTheMarker
--- PASS: TestASilentRefusalLandsOnTheLoginScreenWithTheMarker (0.12s)
=== RUN   TestASilentRefusalKeepsOnlyASafeReturnPath
--- PASS: TestASilentRefusalKeepsOnlyASafeReturnPath (0.12s)
=== RUN   TestSilentLoginIsOnlyRequestedWhenTheSettingAllowsIt
--- PASS: TestSilentLoginIsOnlyRequestedWhenTheSettingAllowsIt (0.00s)
=== RUN   TestTagNamesAreTrimmedAndDeduplicated
--- PASS: TestTagNamesAreTrimmedAndDeduplicated (0.00s)
=== RUN   TestTagNamesFoldCase
--- PASS: TestTagNamesFoldCase (0.00s)
=== RUN   TestATagIsALabelNotASentence
--- PASS: TestATagIsALabelNotASentence (0.00s)
=== RUN   TestNoTagsIsNotAnError
--- PASS: TestNoTagsIsNotAnError (0.00s)
=== RUN   TestOffLeavesThePolicyAndThePageAlone
--- PASS: TestOffLeavesThePolicyAndThePageAlone (0.00s)
=== RUN   TestOnPutsTheNonceInBothThePolicyAndTheSnippet
--- PASS: TestOnPutsTheNonceInBothThePolicyAndTheSnippet (0.00s)
=== RUN   TestThroughTheProxyNoOutsideOriginEntersThePolicy
--- PASS: TestThroughTheProxyNoOutsideOriginEntersThePolicy (0.00s)
=== RUN   TestNonPagePathsAreNarrowAndCarryNothing
--- PASS: TestNonPagePathsAreNarrowAndCarryNothing (0.00s)
=== RUN   TestTheConsoleIsLeftOutUnlessAsked
--- PASS: TestTheConsoleIsLeftOutUnlessAsked (0.00s)
=== RUN   TestReportsAreRecordedAndAlwaysAnswered204
--- PASS: TestReportsAreRecordedAndAlwaysAnswered204 (0.00s)
=== RUN   TestTheReportRouteIsOpenAndTheAdminRoutesAreNot
--- PASS: TestTheReportRouteIsOpenAndTheAdminRoutesAreNot (0.00s)
=== RUN   TestTheProxyForwardsWithoutTheSessionAndOnlyWhenChosen
--- PASS: TestTheProxyForwardsWithoutTheSessionAndOnlyWhenChosen (0.00s)
=== RUN   TestTheUserListHasASecondPage
--- PASS: TestTheUserListHasASecondPage (0.46s)
=== RUN   TestTheFiltersAnswerRealQuestions
=== RUN   TestTheFiltersAnswerRealQuestions/who_was_invited_and_never_arrived
=== RUN   TestTheFiltersAnswerRealQuestions/who_has_not_signed_in_for_a_hundred_days
=== RUN   TestTheFiltersAnswerRealQuestions/who_never_signed_in_at_all_counts_as_inactive
=== RUN   TestTheFiltersAnswerRealQuestions/who_are_the_administrators
=== RUN   TestTheFiltersAnswerRealQuestions/who_still_has_a_local_password
--- PASS: TestTheFiltersAnswerRealQuestions (0.20s)
    --- PASS: TestTheFiltersAnswerRealQuestions/who_was_invited_and_never_arrived (0.00s)
    --- PASS: TestTheFiltersAnswerRealQuestions/who_has_not_signed_in_for_a_hundred_days (0.00s)
    --- PASS: TestTheFiltersAnswerRealQuestions/who_never_signed_in_at_all_counts_as_inactive (0.00s)
    --- PASS: TestTheFiltersAnswerRealQuestions/who_are_the_administrators (0.00s)
    --- PASS: TestTheFiltersAnswerRealQuestions/who_still_has_a_local_password (0.00s)
=== RUN   TestAnInvalidFilterIsRefusedNotIgnored
--- PASS: TestAnInvalidFilterIsRefusedNotIgnored (0.07s)
=== RUN   TestTheSortIsNeverTakenFromTheRequest
--- PASS: TestTheSortIsNeverTakenFromTheRequest (0.06s)
=== RUN   TestTwoDocumentsWithOneTitleBecomeTwoFiles
--- PASS: TestTwoDocumentsWithOneTitleBecomeTwoFiles (0.00s)
=== RUN   TestTheSameTitleInDifferentFoldersIsNotAClash
--- PASS: TestTheSameTitleInDifferentFoldersIsNotAClash (0.00s)
=== RUN   TestADocumentWithNoTitleStillGetsAFile
--- PASS: TestADocumentWithNoTitleStillGetsAFile (0.00s)
=== RUN   TestAnEntryAtTheTopHasNoDirectory
--- PASS: TestAnEntryAtTheTopHasNoDirectory (0.00s)
=== RUN   FuzzMarkdownDocument
=== RUN   FuzzMarkdownDocument/seed#0
=== RUN   FuzzMarkdownDocument/seed#1
=== RUN   FuzzMarkdownDocument/seed#2
=== RUN   FuzzMarkdownDocument/seed#3
=== RUN   FuzzMarkdownDocument/seed#4
--- PASS: FuzzMarkdownDocument (0.00s)
    --- PASS: FuzzMarkdownDocument/seed#0 (0.00s)
    --- PASS: FuzzMarkdownDocument/seed#1 (0.00s)
    --- PASS: FuzzMarkdownDocument/seed#2 (0.00s)
    --- PASS: FuzzMarkdownDocument/seed#3 (0.00s)
    --- PASS: FuzzMarkdownDocument/seed#4 (0.00s)
=== RUN   FuzzHTMLDocument
=== RUN   FuzzHTMLDocument/seed#0
=== RUN   FuzzHTMLDocument/seed#1
=== RUN   FuzzHTMLDocument/seed#2
=== RUN   FuzzHTMLDocument/seed#3
--- PASS: FuzzHTMLDocument (0.00s)
    --- PASS: FuzzHTMLDocument/seed#0 (0.00s)
    --- PASS: FuzzHTMLDocument/seed#1 (0.00s)
    --- PASS: FuzzHTMLDocument/seed#2 (0.00s)
    --- PASS: FuzzHTMLDocument/seed#3 (0.00s)
PASS
ok  	github.com/hkjang/muni/internal/httpapi	8.572s
