Source: https://github.com/hkjang/appstore/actions/runs/35512038178/job/106081501201
PR head: a4d9997b17e3e2c0849187a38d499661ea28f15f
CI total: 68 passed / 1 skipped / 1 failed; original + 2 retries fail at same line.
##[error]  1) [mobile] › e2e/core.spec.ts:567:1 › 공개 앱 즐겨찾기는 소유자와 공개 목록에서 추가하고 즐겨찾기에서 해제한다 ──────────────────
    Test timeout of 30000ms exceeded.
2026-09-20T13:00:01.7025464Z ##[error]  1) [mobile] › e2e/core.spec.ts:567:1 › 공개 앱 즐겨찾기는 소유자와 공개 목록에서 추가하고 즐겨찾기에서 해제한다 ──────────────────
    Error: locator.click: Test timeout of 30000ms exceeded.
    Call log:
      - waiting for getByRole('link', { name: '즐겨찾기', exact: true })
        - locator resolved to <a class="nav-link" href="/favorites" data-discover="true">…</a>
      - attempting click action
        2 × waiting for element to be visible, enabled and stable
          - element is visible, enabled and stable
          - scrolling into view if needed
          - done scrolling
          - element is outside of the viewport
        - retrying click action
        - waiting 20ms
        2 × waiting for element to be visible, enabled and stable
          - element is visible, enabled and stable
          - scrolling into view if needed
          - done scrolling
          - element is outside of the viewport
        - retrying click action
          - waiting 100ms
        57 × waiting for element to be visible, enabled and stable
           - element is visible, enabled and stable
           - scrolling into view if needed
           - done scrolling
           - element is outside of the viewport
         - retrying click action
           - waiting 500ms


      582 |       ),
      583 |     ).toEqual(["agent-hub"]);
    > 584 |     await page.getByRole("link", { name: "즐겨찾기", exact: true }).click();
          |                                                                 ^
      585 |     await expect(page).toHaveURL("/favorites");
      586 |     await expect(
      587 |       page.getByRole("heading", { name: "Agent Hub" }),
        at /home/runner/work/appstore/appstore/web/e2e/core.spec.ts:584:65
2026-09-20T13:00:01.7032222Z ##[error]  1) [mobile] › e2e/core.spec.ts:567:1 › 공개 앱 즐겨찾기는 소유자와 공개 목록에서 추가하고 즐겨찾기에서 해제한다 ──────────────────

    Retry #1 ───────────────────────────────────────────────────────────────────────────────────────
    Test timeout of 30000ms exceeded.
2026-09-20T13:00:01.7042057Z ##[error]  1) [mobile] › e2e/core.spec.ts:567:1 › 공개 앱 즐겨찾기는 소유자와 공개 목록에서 추가하고 즐겨찾기에서 해제한다 ──────────────────

    Retry #1 ───────────────────────────────────────────────────────────────────────────────────────
    Error: locator.click: Test timeout of 30000ms exceeded.
    Call log:
      - waiting for getByRole('link', { name: '즐겨찾기', exact: true })
        - locator resolved to <a class="nav-link" href="/favorites" data-discover="true">…</a>
      - attempting click action
        2 × waiting for element to be visible, enabled and stable
          - element is visible, enabled and stable
          - scrolling into view if needed
          - done scrolling
          - element is outside of the viewport
        - retrying click action
        - waiting 20ms
        2 × waiting for element to be visible, enabled and stable
          - element is visible, enabled and stable
          - scrolling into view if needed
          - done scrolling
          - element is outside of the viewport
        - retrying click action
          - waiting 100ms
        58 × waiting for element to be visible, enabled and stable
           - element is visible, enabled and stable
           - scrolling into view if needed
           - done scrolling
           - element is outside of the viewport
         - retrying click action
           - waiting 500ms


      582 |       ),
      583 |     ).toEqual(["agent-hub"]);
    > 584 |     await page.getByRole("link", { name: "즐겨찾기", exact: true }).click();
          |                                                                 ^
      585 |     await expect(page).toHaveURL("/favorites");
      586 |     await expect(
      587 |       page.getByRole("heading", { name: "Agent Hub" }),
        at /home/runner/work/appstore/appstore/web/e2e/core.spec.ts:584:65
2026-09-20T13:00:01.7048337Z ##[error]  1) [mobile] › e2e/core.spec.ts:567:1 › 공개 앱 즐겨찾기는 소유자와 공개 목록에서 추가하고 즐겨찾기에서 해제한다 ──────────────────

    Retry #2 ───────────────────────────────────────────────────────────────────────────────────────
    Test timeout of 30000ms exceeded.
2026-09-20T13:00:01.7058132Z ##[error]  1) [mobile] › e2e/core.spec.ts:567:1 › 공개 앱 즐겨찾기는 소유자와 공개 목록에서 추가하고 즐겨찾기에서 해제한다 ──────────────────

    Retry #2 ───────────────────────────────────────────────────────────────────────────────────────
    Error: locator.click: Test timeout of 30000ms exceeded.
    Call log:
      - waiting for getByRole('link', { name: '즐겨찾기', exact: true })
        - loca
