
> appstore-web@2.11.3 test
> vitest run


 RUN  v3.2.7 /home/hkjang/.cache/auto-improve-wt/appstore/web

 ✓ src/features/home/hero-copy.test.ts (3 tests) 3ms
 ✓ src/features/auth/silent-sso.test.ts (7 tests) 6ms
 ✓ src/lib/utils.test.ts (5 tests) 3ms
 ✓ src/lib/api.test.ts (6 tests) 12ms
 ✓ src/app/providers.test.tsx (1 test) 74ms
 ✓ src/components/app-shell.test.tsx (4 tests) 46ms
 ✓ src/pages/auth-pages.test.tsx (4 tests) 131ms
 ✓ src/features/apps/app-card.test.tsx (3 tests) 87ms
 ✓ src/components/ui.test.tsx (3 tests) 185ms
 ✓ src/pages/admin-pages.test.tsx (3 tests) 163ms
 ✓ src/features/apps/guide-documents.test.tsx (6 tests) 205ms
 ✓ src/pages/public-pages.test.tsx (4 tests) 233ms
 ✓ src/pages/review-pages.test.tsx (4 tests) 381ms
 ✓ src/features/security-check/security-check.test.tsx (4 tests) 420ms
 ✓ src/pages/personal-pages.test.tsx (16 tests) 479ms

 Test Files  15 passed (15)
      Tests  73 passed (73)
   Start at  22:18:29
   Duration  1.53s (transform 1.01s, setup 1.59s, collect 3.76s, tests 2.43s, environment 4.56s, prepare 1.10s)

