
> appstore-web@2.11.3 test
> vitest run


 RUN  v3.2.7 /home/hkjang/.cache/auto-improve-wt/appstore/web

 ✓ src/features/home/hero-copy.test.ts (3 tests) 2ms
 ✓ src/lib/utils.test.ts (5 tests) 5ms
 ✓ src/features/auth/silent-sso.test.ts (7 tests) 6ms
 ✓ src/lib/api.test.ts (6 tests) 11ms
 ✓ src/app/providers.test.tsx (1 test) 73ms
 ✓ src/components/app-shell.test.tsx (4 tests) 43ms
 ✓ src/pages/auth-pages.test.tsx (4 tests) 133ms
 ✓ src/features/apps/app-card.test.tsx (3 tests) 99ms
 ✓ src/components/ui.test.tsx (3 tests) 173ms
 ✓ src/features/apps/guide-documents.test.tsx (6 tests) 195ms
 ✓ src/pages/admin-pages.test.tsx (3 tests) 189ms
 ✓ src/pages/public-pages.test.tsx (4 tests) 242ms
 ✓ src/pages/review-pages.test.tsx (4 tests) 378ms
 ✓ src/features/security-check/security-check.test.tsx (4 tests) 443ms
 ✓ src/pages/personal-pages.test.tsx (16 tests) 511ms

 Test Files  15 passed (15)
      Tests  73 passed (73)
   Start at  22:20:40
   Duration  1.51s (transform 1.05s, setup 1.43s, collect 3.78s, tests 2.50s, environment 3.98s, prepare 902ms)

