
> appstore-web@2.11.3 test:e2e
> playwright test core.spec.ts -g 공개 앱 즐겨찾기는 --reporter=line

[WebServer] (node:4023688) Warning: The 'NO_COLOR' env is ignored due to the 'FORCE_COLOR' env being set.
[WebServer] (Use `node --trace-warnings ...` to show where the warning was created)


Running 2 tests using 2 workers

(node:4023714) Warning: The 'NO_COLOR' env is ignored due to the 'FORCE_COLOR' env being set.
(Use `node --trace-warnings ...` to show where the warning was created)


(node:4023715) Warning: The 'NO_COLOR' env is ignored due to the 'FORCE_COLOR' env being set.
(Use `node --trace-warnings ...` to show where the warning was created)


[1/2] [mobile] › e2e/core.spec.ts:567:1 › 공개 앱 즐겨찾기는 소유자와 공개 목록에서 추가하고 즐겨찾기에서 해제한다
[2/2] [desktop] › e2e/core.spec.ts:567:1 › 공개 앱 즐겨찾기는 소유자와 공개 목록에서 추가하고 즐겨찾기에서 해제한다
  1) [desktop] › e2e/core.spec.ts:567:1 › 공개 앱 즐겨찾기는 소유자와 공개 목록에서 추가하고 즐겨찾기에서 해제한다 ─────────────────

    Error: browserType.launch: Executable doesn't exist at /mnt/c/Users/USER/projects/aidev/state/runs/2026-09-20-220857-appstore-improve/home/.cache/ms-playwright/chromium_headless_shell-1234/chrome-headless-shell-linux64/chrome-headless-shell
    ╔════════════════════════════════════════════════════════════╗
    ║ Looks like Playwright was just installed or updated.       ║
    ║ Please run the following command to download new browsers: ║
    ║                                                            ║
    ║     npx playwright install                                 ║
    ║                                                            ║
    ║ <3 Playwright Team                                         ║
    ╚════════════════════════════════════════════════════════════╝

    Error Context: test-results/core-공개-앱-즐겨찾기는-소유자와-공개-목록에서-추가하고-즐겨찾기에서-해제한다-desktop/error-context.md

    attachment #2: trace (application/zip) ─────────────────────────────────────────────────────────
    test-results/core-공개-앱-즐겨찾기는-소유자와-공개-목록에서-추가하고-즐겨찾기에서-해제한다-desktop/trace.zip
    Usage:

        npx playwright show-trace test-results/core-공개-앱-즐겨찾기는-소유자와-공개-목록에서-추가하고-즐겨찾기에서-해제한다-desktop/trace.zip

    ────────────────────────────────────────────────────────────────────────────────────────────────


  2) [mobile] › e2e/core.spec.ts:567:1 › 공개 앱 즐겨찾기는 소유자와 공개 목록에서 추가하고 즐겨찾기에서 해제한다 ──────────────────

    Error: browserType.launch: Executable doesn't exist at /mnt/c/Users/USER/projects/aidev/state/runs/2026-09-20-220857-appstore-improve/home/.cache/ms-playwright/chromium_headless_shell-1234/chrome-headless-shell-linux64/chrome-headless-shell
    ╔════════════════════════════════════════════════════════════╗
    ║ Looks like Playwright was just installed or updated.       ║
    ║ Please run the following command to download new browsers: ║
    ║                                                            ║
    ║     npx playwright install                                 ║
    ║                                                            ║
    ║ <3 Playwright Team                                         ║
    ╚════════════════════════════════════════════════════════════╝

    Error Context: test-results/core-공개-앱-즐겨찾기는-소유자와-공개-목록에서-추가하고-즐겨찾기에서-해제한다-mobile/error-context.md

    attachment #2: trace (application/zip) ─────────────────────────────────────────────────────────
    test-results/core-공개-앱-즐겨찾기는-소유자와-공개-목록에서-추가하고-즐겨찾기에서-해제한다-mobile/trace.zip
    Usage:

        npx playwright show-trace test-results/core-공개-앱-즐겨찾기는-소유자와-공개-목록에서-추가하고-즐겨찾기에서-해제한다-mobile/trace.zip

    ────────────────────────────────────────────────────────────────────────────────────────────────


  2 failed
    [desktop] › e2e/core.spec.ts:567:1 › 공개 앱 즐겨찾기는 소유자와 공개 목록에서 추가하고 즐겨찾기에서 해제한다 ──────────────────
    [mobile] › e2e/core.spec.ts:567:1 › 공개 앱 즐겨찾기는 소유자와 공개 목록에서 추가하고 즐겨찾기에서 해제한다 ───────────────────
