Version metadata is consistent: 1.2.24
#0 building with "default" instance using docker driver

#1 [internal] load build definition from Dockerfile
#1 transferring dockerfile: 3.85kB done
#1 DONE 0.0s

#2 resolve image config for docker-image://docker.io/docker/dockerfile:1.8@sha256:e87caa74dcb7d46cd820352bfea12591f3dba3ddc4285e19c7dcd13359f7cefd
#2 DONE 0.0s

#3 docker-image://docker.io/docker/dockerfile:1.8@sha256:e87caa74dcb7d46cd820352bfea12591f3dba3ddc4285e19c7dcd13359f7cefd
#3 resolve docker.io/docker/dockerfile:1.8@sha256:e87caa74dcb7d46cd820352bfea12591f3dba3ddc4285e19c7dcd13359f7cefd 0.0s done
#3 CACHED

#4 [internal] load metadata for gcr.io/distroless/static-debian12:nonroot@sha256:afa5c872c891853ca7fcf1f12c3edb23f7eeef36189728842dd51042ff57f7ab
#4 DONE 0.4s

#5 [internal] load metadata for docker.io/library/golang:1.26.6-alpine@sha256:3889b425f035be855a72fb4755265311293b6d414521f0a519d819df32222d83
#5 ...

#6 [internal] load metadata for docker.io/library/node:26-alpine@sha256:2d984a15c9b54fd0aeb608b8e0d0d83529eb34d2966db27a1fb4f1edc3d298a3
#6 DONE 1.7s

#5 [internal] load metadata for docker.io/library/golang:1.26.6-alpine@sha256:3889b425f035be855a72fb4755265311293b6d414521f0a519d819df32222d83
#5 DONE 1.7s

#7 [internal] load .dockerignore
#7 transferring context: 158B done
#7 DONE 0.0s

#8 [stage-2 1/6] FROM gcr.io/distroless/static-debian12:nonroot@sha256:afa5c872c891853ca7fcf1f12c3edb23f7eeef36189728842dd51042ff57f7ab
#8 resolve gcr.io/distroless/static-debian12:nonroot@sha256:afa5c872c891853ca7fcf1f12c3edb23f7eeef36189728842dd51042ff57f7ab 0.0s done
#8 CACHED

#9 [web-build 1/7] FROM docker.io/library/node:26-alpine@sha256:2d984a15c9b54fd0aeb608b8e0d0d83529eb34d2966db27a1fb4f1edc3d298a3
#9 resolve docker.io/library/node:26-alpine@sha256:2d984a15c9b54fd0aeb608b8e0d0d83529eb34d2966db27a1fb4f1edc3d298a3 0.0s done
#9 DONE 0.0s

#10 [internal] load build context
#10 transferring context: 11.75MB 0.1s done
#10 DONE 0.1s

#11 [go-build 1/9] FROM docker.io/library/golang:1.26.6-alpine@sha256:3889b425f035be855a72fb4755265311293b6d414521f0a519d819df32222d83
#11 resolve docker.io/library/golang:1.26.6-alpine@sha256:3889b425f035be855a72fb4755265311293b6d414521f0a519d819df32222d83 0.0s done
#11 sha256:3cb43fedab420e8564c73199ebb173d2fc8541f4bec5d4c7733583117128d033 0B / 126B 0.2s
#11 sha256:3cb43fedab420e8564c73199ebb173d2fc8541f4bec5d4c7733583117128d033 126B / 126B 0.2s done
#11 sha256:fff8b9beb3e2749a901d892e973118f8cac17632473449c446aeecf7f8b367f8 0B / 245.06kB 0.2s
#11 sha256:fff8b9beb3e2749a901d892e973118f8cac17632473449c446aeecf7f8b367f8 245.06kB / 245.06kB 0.5s
#11 sha256:fff8b9beb3e2749a901d892e973118f8cac17632473449c446aeecf7f8b367f8 245.06kB / 245.06kB 0.5s done
#11 extracting sha256:fff8b9beb3e2749a901d892e973118f8cac17632473449c446aeecf7f8b367f8 0.1s done
#11 DONE 0.7s

#9 [web-build 1/7] FROM docker.io/library/node:26-alpine@sha256:2d984a15c9b54fd0aeb608b8e0d0d83529eb34d2966db27a1fb4f1edc3d298a3
#9 sha256:80d39da31aaab43d6b63da0ed87ad747290062bd97f8901fe45eefb469cfeb0c 451B / 451B 0.2s done
#9 sha256:9098cc82c400bbe83569e25f937227d53aad39a688142b5dbb979dab5cfc5414 0B / 59.76MB 0.5s
#9 sha256:9098cc82c400bbe83569e25f937227d53aad39a688142b5dbb979dab5cfc5414 3.15MB / 59.76MB 0.8s
#9 sha256:9098cc82c400bbe83569e25f937227d53aad39a688142b5dbb979dab5cfc5414 7.34MB / 59.76MB 1.1s
#9 sha256:9098cc82c400bbe83569e25f937227d53aad39a688142b5dbb979dab5cfc5414 10.49MB / 59.76MB 1.4s
#9 sha256:9098cc82c400bbe83569e25f937227d53aad39a688142b5dbb979dab5cfc5414 13.63MB / 59.76MB 1.7s
#9 sha256:9098cc82c400bbe83569e25f937227d53aad39a688142b5dbb979dab5cfc5414 17.83MB / 59.76MB 2.0s
#9 sha256:9098cc82c400bbe83569e25f937227d53aad39a688142b5dbb979dab5cfc5414 20.97MB / 59.76MB 2.3s
#9 sha256:9098cc82c400bbe83569e25f937227d53aad39a688142b5dbb979dab5cfc5414 25.17MB / 59.76MB 2.6s
#9 sha256:9098cc82c400bbe83569e25f937227d53aad39a688142b5dbb979dab5cfc5414 28.31MB / 59.76MB 2.9s
#9 sha256:9098cc82c400bbe83569e25f937227d53aad39a688142b5dbb979dab5cfc5414 31.46MB / 59.76MB 3.2s
#9 sha256:9098cc82c400bbe83569e25f937227d53aad39a688142b5dbb979dab5cfc5414 35.65MB / 59.76MB 3.5s
#9 sha256:9098cc82c400bbe83569e25f937227d53aad39a688142b5dbb979dab5cfc5414 38.80MB / 59.76MB 3.8s
#9 sha256:9098cc82c400bbe83569e25f937227d53aad39a688142b5dbb979dab5cfc5414 41.94MB / 59.76MB 4.1s
#9 sha256:9098cc82c400bbe83569e25f937227d53aad39a688142b5dbb979dab5cfc5414 46.14MB / 59.76MB 4.4s
#9 sha256:9098cc82c400bbe83569e25f937227d53aad39a688142b5dbb979dab5cfc5414 49.28MB / 59.76MB 4.7s
#9 ...

#11 [go-build 1/9] FROM docker.io/library/golang:1.26.6-alpine@sha256:3889b425f035be855a72fb4755265311293b6d414521f0a519d819df32222d83
#11 extracting sha256:fa55d8c7975bdc26e118c1a6e8ee122aea1e654a365c1d6f7b48658c58be2e18 4.2s done
#11 extracting sha256:3cb43fedab420e8564c73199ebb173d2fc8541f4bec5d4c7733583117128d033 0.0s done
#11 extracting sha256:4f4fb700ef54461cfa02571ae0db9a0dc1e0cdb5577484a6d75e68dc38e8acc1 0.0s done
#11 DONE 4.9s

#9 [web-build 1/7] FROM docker.io/library/node:26-alpine@sha256:2d984a15c9b54fd0aeb608b8e0d0d83529eb34d2966db27a1fb4f1edc3d298a3
#9 sha256:9098cc82c400bbe83569e25f937227d53aad39a688142b5dbb979dab5cfc5414 53.48MB / 59.76MB 5.0s
#9 ...

#12 [go-build 2/9] WORKDIR /src
#12 DONE 0.4s

#13 [go-build 3/9] COPY go.mod go.sum ./
#13 DONE 0.0s

#14 [go-build 4/9] RUN go mod download
#14 ...

#9 [web-build 1/7] FROM docker.io/library/node:26-alpine@sha256:2d984a15c9b54fd0aeb608b8e0d0d83529eb34d2966db27a1fb4f1edc3d298a3
#9 sha256:9098cc82c400bbe83569e25f937227d53aad39a688142b5dbb979dab5cfc5414 59.76MB / 59.76MB 5.5s done
#9 DONE 5.6s

#9 [web-build 1/7] FROM docker.io/library/node:26-alpine@sha256:2d984a15c9b54fd0aeb608b8e0d0d83529eb34d2966db27a1fb4f1edc3d298a3
#9 extracting sha256:9098cc82c400bbe83569e25f937227d53aad39a688142b5dbb979dab5cfc5414
#9 extracting sha256:9098cc82c400bbe83569e25f937227d53aad39a688142b5dbb979dab5cfc5414 1.3s done
#9 DONE 6.9s

#14 [go-build 4/9] RUN go mod download
#14 DONE 1.8s

#9 [web-build 1/7] FROM docker.io/library/node:26-alpine@sha256:2d984a15c9b54fd0aeb608b8e0d0d83529eb34d2966db27a1fb4f1edc3d298a3
#9 extracting sha256:80d39da31aaab43d6b63da0ed87ad747290062bd97f8901fe45eefb469cfeb0c 0.0s done
#9 DONE 6.9s

#15 [web-build 2/7] WORKDIR /src/web
#15 DONE 0.2s

#16 [go-build 5/9] COPY cmd ./cmd
#16 DONE 0.1s

#17 [web-build 3/7] COPY web/package.json web/package-lock.json ./
#17 DONE 0.1s

#18 [go-build 6/9] COPY internal ./internal
#18 DONE 0.1s

#19 [web-build 4/7] RUN npm ci --ignore-scripts
#19 10.67 
#19 10.67 added 201 packages, and audited 202 packages in 10s
#19 10.67 
#19 10.67 33 packages are looking for funding
#19 10.67   run `npm fund` for details
#19 10.67 
#19 10.67 found 0 vulnerabilities
#19 10.67 npm notice
#19 10.67 npm notice New major version of npm available! 11.19.0 -> 12.0.2
#19 10.67 npm notice Changelog: https://github.com/npm/cli/releases/tag/v12.0.2
#19 10.67 npm notice To update run: npm install -g npm@12.0.2
#19 10.67 npm notice
#19 DONE 11.2s

#20 [web-build 5/7] COPY web/ ./
#20 DONE 0.2s

#21 [web-build 6/7] RUN npm run build
#21 0.290 
#21 0.290 > ai-admin-web@1.2.24 build
#21 0.290 > tsc -b && vite build
#21 0.290 
#21 3.593 vite v8.2.2 building client environment for production...
#21 3.601 transforming...
#21 3.694 ✓ 3174 modules transformed.
#21 3.851 rendering chunks...
#21 3.979 computing gzip size...
#21 4.023 dist/index.html                                  1.18 kB │ gzip:   0.52 kB
#21 4.023 dist/assets/index-B_PghdU_.css                  24.14 kB │ gzip:   5.96 kB
#21 4.023 dist/assets/row-B4oG9NXH.js                      0.07 kB │ gzip:   0.08 kB
#21 4.023 dist/assets/pagination-6BEig2xI.js               0.22 kB │ gzip:   0.19 kB
#21 4.023 dist/assets/managedPermissions-Bxi8T7aH.js       0.25 kB │ gzip:   0.19 kB
#21 4.023 dist/assets/rolldown-runtime-CbXtAM7H.js         0.58 kB │ gzip:   0.36 kB
#21 4.023 dist/assets/useListParams-BWvb-LWU.js            0.63 kB │ gzip:   0.42 kB
#21 4.023 dist/assets/context-Cb12SA-6.js                  0.79 kB │ gzip:   0.49 kB
#21 4.023 dist/assets/DeleteOutlined-CqqfusFi.js           0.99 kB │ gzip:   0.66 kB
#21 4.023 dist/assets/CheckCircleOutlined-DR_9O8ZQ.js      1.04 kB │ gzip:   0.67 kB
#21 4.023 dist/assets/SaveOutlined-Cap6IB7F.js             1.08 kB │ gzip:   0.69 kB
#21 4.023 dist/assets/useBubbleLock-B6KxfLUa.js            1.34 kB │ gzip:   0.71 kB
#21 4.023 dist/assets/StatusTag-BrQr4-4B.js                1.40 kB │ gzip:   0.62 kB
#21 4.023 dist/assets/modal-D9bxx4fn.js                    1.41 kB │ gzip:   0.77 kB
#21 4.023 dist/assets/Input-BC0rUVe4.js                    2.40 kB │ gzip:   1.15 kB
#21 4.023 dist/assets/PurePanel-D3TOD6Rk.js                2.92 kB │ gzip:   1.00 kB
#21 4.023 dist/assets/GlobalOutlined-fVLQ_rjN.js           3.50 kB │ gzip:   1.81 kB
#21 4.023 dist/assets/popconfirm-ByEIoUtq.js               3.51 kB │ gzip:   1.56 kB
#21 4.023 dist/assets/useForm--qR3yV3y.js                  5.09 kB │ gzip:   2.26 kB
#21 4.023 dist/assets/RolesPage-CJMLxr_Z.js                6.63 kB │ gzip:   2.88 kB
#21 4.023 dist/assets/descriptions-WVARYuOx.js             7.83 kB │ gzip:   2.77 kB
#21 4.023 dist/assets/SchemaBrowserPage-CV02x0MT.js        8.75 kB │ gzip:   4.08 kB
#21 4.023 dist/assets/OperationsPages-us1bB68k.js          9.31 kB │ gzip:   3.03 kB
#21 4.023 dist/assets/WorkflowPage-f2xRbrw8.js             9.60 kB │ gzip:   3.80 kB
#21 4.023 dist/assets/list-C8i63P0g.js                     9.62 kB │ gzip:   3.59 kB
#21 4.023 dist/assets/radio-DwjWoNY0.js                   10.91 kB │ gzip:   3.71 kB
#21 4.023 dist/assets/PersonalPages-CC0rpkIH.js           11.00 kB │ gzip:   4.34 kB
#21 4.023 dist/assets/AiProvidersPage-B9nZHUR-.js         11.08 kB │ gzip:   4.18 kB
#21 4.023 dist/assets/PortalPoliciesPage-De8ldXdR.js      13.28 kB │ gzip:   5.16 kB
#21 4.023 dist/assets/SecurityKeysPage-02RYxbU5.js        13.40 kB │ gzip:   5.34 kB
#21 4.023 dist/assets/spin-CYel0vcW.js                    15.15 kB │ gzip:   5.85 kB
#21 4.023 dist/assets/ManagedListPage-CbjQCmmd.js         15.67 kB │ gzip:   6.38 kB
#21 4.023 dist/assets/LegacyManagementPages-VAHZgqDv.js   17.62 kB │ gzip:   4.10 kB
#21 4.023 dist/assets/PageHeader-C5vP_LEp.js              18.69 kB │ gzip:   7.34 kB
#21 4.023 dist/assets/pagination-oKRdvVWK.js              23.96 kB │ gzip:   7.21 kB
#21 4.023 dist/assets/switch-B2_jC56i.js                  28.21 kB │ gzip:   9.46 kB
#21 4.023 dist/assets/SystemSettingsPage-CTw0H-xl.js      30.55 kB │ gzip:  10.68 kB
#21 4.023 dist/assets/AiPlaygroundPage-D6yzpckq.js        34.39 kB │ gzip:  13.11 kB
#21 4.023 dist/assets/DashboardPage-COe3kHiy.js           39.17 kB │ gzip:  13.82 kB
#21 4.023 dist/assets/select-CrRjJoOz.js                  66.66 kB │ gzip:  22.97 kB
#21 4.023 dist/assets/table-gGrLLwti.js                  141.44 kB │ gzip:  44.63 kB
#21 4.023 dist/assets/index-BPIY88-0.js                  294.03 kB │ gzip:  90.67 kB
#21 4.023 dist/assets/client-D-KUvxhC.js                 635.77 kB │ gzip: 207.96 kB
#21 4.023 
#21 4.024 ✓ built in 430ms
#21 DONE 4.1s

#22 [web-build 7/7] RUN node scripts/collect-runtime-licenses.mjs /licenses/npm
#22 DONE 0.4s

#23 [go-build 7/9] COPY --from=web-build /src/web/dist ./internal/ui/dist
#23 DONE 0.1s

#24 [go-build 8/9] RUN CGO_ENABLED=0 GOOS=linux GOARCH=amd64 go build -trimpath     -ldflags="-s -w -X github.com/hkjang/ai-admin/internal/buildinfo.Version=v1.2.24 -X github.com/hkjang/ai-admin/internal/buildinfo.Commit=c6ffc8b07f56 -X github.com/hkjang/ai-admin/internal/buildinfo.BuildTime=2026-09-21T01:43:56Z"     -o /out/ai-admin ./cmd/ai-admin
