
added 204 packages, and audited 205 packages in 8s

33 packages are looking for funding
  run `npm fund` for details

found 0 vulnerabilities

> ai-admin-web@1.2.24 test
> vitest run


 RUN  v4.1.11 /home/hkjang/.cache/auto-improve-wt/ai-admin-release/web

Could not parse CSS stylesheet
Could not parse CSS stylesheet
Could not parse CSS stylesheet
Could not parse CSS stylesheet
Could not parse CSS stylesheet
Could not parse CSS stylesheet
Could not parse CSS stylesheet
Could not parse CSS stylesheet

 Test Files  18 passed (18)
      Tests  79 passed (79)
   Start at  10:43:52
   Duration  9.43s (transform 2.16s, setup 2.10s, import 7.32s, tests 16.77s, environment 7.69s)

cd web && npm ci && npm run build

added 204 packages, and audited 205 packages in 9s

33 packages are looking for funding
  run `npm fund` for details

found 0 vulnerabilities

> ai-admin-web@1.2.24 build
> tsc -b && vite build

vite v8.2.2 building client environment for production...
transforming...
✓ 3174 modules transformed.
rendering chunks...
computing gzip size...
dist/index.html                                  1.18 kB │ gzip:   0.52 kB
dist/assets/index-B_PghdU_.css                  24.14 kB │ gzip:   5.96 kB
dist/assets/row-B4oG9NXH.js                      0.07 kB │ gzip:   0.08 kB
dist/assets/pagination-6BEig2xI.js               0.22 kB │ gzip:   0.19 kB
dist/assets/managedPermissions-Bxi8T7aH.js       0.25 kB │ gzip:   0.19 kB
dist/assets/rolldown-runtime-CbXtAM7H.js         0.58 kB │ gzip:   0.36 kB
dist/assets/useListParams-BWvb-LWU.js            0.63 kB │ gzip:   0.42 kB
dist/assets/context-Cb12SA-6.js                  0.79 kB │ gzip:   0.49 kB
dist/assets/DeleteOutlined-CqqfusFi.js           0.99 kB │ gzip:   0.66 kB
dist/assets/CheckCircleOutlined-DR_9O8ZQ.js      1.04 kB │ gzip:   0.67 kB
dist/assets/SaveOutlined-Cap6IB7F.js             1.08 kB │ gzip:   0.69 kB
dist/assets/useBubbleLock-B6KxfLUa.js            1.34 kB │ gzip:   0.71 kB
dist/assets/StatusTag-BrQr4-4B.js                1.40 kB │ gzip:   0.62 kB
dist/assets/modal-D9bxx4fn.js                    1.41 kB │ gzip:   0.77 kB
dist/assets/Input-BC0rUVe4.js                    2.40 kB │ gzip:   1.15 kB
dist/assets/PurePanel-D3TOD6Rk.js                2.92 kB │ gzip:   1.00 kB
dist/assets/GlobalOutlined-fVLQ_rjN.js           3.50 kB │ gzip:   1.81 kB
dist/assets/popconfirm-ByEIoUtq.js               3.51 kB │ gzip:   1.56 kB
dist/assets/useForm--qR3yV3y.js                  5.09 kB │ gzip:   2.26 kB
dist/assets/RolesPage-CJMLxr_Z.js                6.63 kB │ gzip:   2.88 kB
dist/assets/descriptions-WVARYuOx.js             7.83 kB │ gzip:   2.77 kB
dist/assets/SchemaBrowserPage-CV02x0MT.js        8.75 kB │ gzip:   4.08 kB
dist/assets/OperationsPages-us1bB68k.js          9.31 kB │ gzip:   3.03 kB
dist/assets/WorkflowPage-f2xRbrw8.js             9.60 kB │ gzip:   3.80 kB
dist/assets/list-C8i63P0g.js                     9.62 kB │ gzip:   3.59 kB
dist/assets/radio-DwjWoNY0.js                   10.91 kB │ gzip:   3.71 kB
dist/assets/PersonalPages-CC0rpkIH.js           11.00 kB │ gzip:   4.34 kB
dist/assets/AiProvidersPage-B9nZHUR-.js         11.08 kB │ gzip:   4.18 kB
dist/assets/PortalPoliciesPage-De8ldXdR.js      13.28 kB │ gzip:   5.16 kB
dist/assets/SecurityKeysPage-02RYxbU5.js        13.40 kB │ gzip:   5.34 kB
dist/assets/spin-CYel0vcW.js                    15.15 kB │ gzip:   5.85 kB
dist/assets/ManagedListPage-CbjQCmmd.js         15.67 kB │ gzip:   6.38 kB
dist/assets/LegacyManagementPages-VAHZgqDv.js   17.62 kB │ gzip:   4.10 kB
dist/assets/PageHeader-C5vP_LEp.js              18.69 kB │ gzip:   7.34 kB
dist/assets/pagination-oKRdvVWK.js              23.96 kB │ gzip:   7.21 kB
dist/assets/switch-B2_jC56i.js                  28.21 kB │ gzip:   9.46 kB
dist/assets/SystemSettingsPage-CTw0H-xl.js      30.55 kB │ gzip:  10.68 kB
dist/assets/AiPlaygroundPage-D6yzpckq.js        34.39 kB │ gzip:  13.11 kB
dist/assets/DashboardPage-COe3kHiy.js           39.17 kB │ gzip:  13.82 kB
dist/assets/select-CrRjJoOz.js                  66.66 kB │ gzip:  22.97 kB
dist/assets/table-gGrLLwti.js                  141.44 kB │ gzip:  44.63 kB
dist/assets/index-BPIY88-0.js                  294.03 kB │ gzip:  90.67 kB
dist/assets/client-D-KUvxhC.js                 635.77 kB │ gzip: 207.96 kB

✓ built in 520ms
rm -rf internal/ui/dist
cp -R web/dist internal/ui/dist
mkdir -p bin
CGO_ENABLED=0 go build -trimpath -ldflags "-X github.com/hkjang/ai-admin/internal/buildinfo.Version=v1.2.24 -X github.com/hkjang/ai-admin/internal/buildinfo.Commit=c6ffc8b07f56 -X github.com/hkjang/ai-admin/internal/buildinfo.BuildTime=2026-09-21T01:44:01Z" -o bin/ai-admin ./cmd/ai-admin
