=== RUN   TestLongLeaseCapacityDoesNotConsumeRequestPoolIntegration
=== RUN   TestLongLeaseCapacityDoesNotConsumeRequestPoolIntegration/AI
=== RUN   TestLongLeaseCapacityDoesNotConsumeRequestPoolIntegration/webhook
--- PASS: TestLongLeaseCapacityDoesNotConsumeRequestPoolIntegration (0.33s)
    --- PASS: TestLongLeaseCapacityDoesNotConsumeRequestPoolIntegration/AI (0.16s)
    --- PASS: TestLongLeaseCapacityDoesNotConsumeRequestPoolIntegration/webhook (0.16s)
=== RUN   TestPersonalAIUsageIsOnlyYourOwnIntegration
--- PASS: TestPersonalAIUsageIsOnlyYourOwnIntegration (0.41s)
=== RUN   TestPersonalAIUsageListsFailedCallsIntegration
--- PASS: TestPersonalAIUsageListsFailedCallsIntegration (0.39s)
=== RUN   TestPersonalAIUsageCountsTheWindowNotThePageIntegration
--- PASS: TestPersonalAIUsageCountsTheWindowNotThePageIntegration (0.50s)
=== RUN   TestPersonalAIUsageRespectsTheWindowIntegration
--- PASS: TestPersonalAIUsageRespectsTheWindowIntegration (0.41s)
=== RUN   TestPersonalAIUsageIsNewestFirstIntegration
--- PASS: TestPersonalAIUsageIsNewestFirstIntegration (0.39s)
=== RUN   TestPersonalAIUsageKeepsAnUnrecordedPurposeEmptyIntegration
--- PASS: TestPersonalAIUsageKeepsAnUnrecordedPurposeEmptyIntegration (0.39s)
=== RUN   TestEveryPurposeIsAcceptedByTheDatabaseIntegration
--- PASS: TestEveryPurposeIsAcceptedByTheDatabaseIntegration (0.40s)
=== RUN   TestAttachmentRoundTripIntegration
--- PASS: TestAttachmentRoundTripIntegration (0.43s)
=== RUN   TestAttachmentTypeComesFromTheBytesNotTheNameIntegration
--- PASS: TestAttachmentTypeComesFromTheBytesNotTheNameIntegration (0.41s)
=== RUN   TestAttachmentAcceptsTheFormatsItClaimsToIntegration
--- PASS: TestAttachmentAcceptsTheFormatsItClaimsToIntegration (0.42s)
=== RUN   TestAttachmentTooLargeIsRefusedIntegration
--- PASS: TestAttachmentTooLargeIsRefusedIntegration (0.39s)
=== RUN   TestAttachmentAcceptsALongNonASCIIFilenameIntegration
--- PASS: TestAttachmentAcceptsALongNonASCIIFilenameIntegration (0.40s)
=== RUN   TestAttachmentStoresOnlyTheLastPieceOfAPathIntegration
--- PASS: TestAttachmentStoresOnlyTheLastPieceOfAPathIntegration (0.40s)
=== RUN   TestAttachmentEmptyUploadIsNotAnImageIntegration
--- PASS: TestAttachmentEmptyUploadIsNotAnImageIntegration (0.42s)
=== RUN   TestAttachmentPerThoughtLimitIntegration
--- PASS: TestAttachmentPerThoughtLimitIntegration (0.44s)
=== RUN   TestAttachmentFollowsTheThoughtsPermissionsIntegration
--- PASS: TestAttachmentFollowsTheThoughtsPermissionsIntegration (0.44s)
=== RUN   TestDeletingTheThoughtTakesItsPicturesIntegration
--- PASS: TestDeletingTheThoughtTakesItsPicturesIntegration (0.45s)
=== RUN   TestAutoLinkSkipsNearDuplicatesIntegration
    autolink_duplicate_test.go:21: auto-link is gated on a semantic backend, and so is this rule
--- SKIP: TestAutoLinkSkipsNearDuplicatesIntegration (0.03s)
=== RUN   TestAutoLinkRefusesALexicalBackendIntegration
--- PASS: TestAutoLinkRefusesALexicalBackendIntegration (0.04s)
=== RUN   TestAutoLinkMarksEverythingItWritesAsInferredIntegration
--- PASS: TestAutoLinkMarksEverythingItWritesAsInferredIntegration (0.08s)
=== RUN   TestAutoLinkDoesNotRepeatItselfIntegration
--- PASS: TestAutoLinkDoesNotRepeatItselfIntegration (0.08s)
=== RUN   TestSuggestionCanBeAcceptedOrDismissedIntegration
--- PASS: TestSuggestionCanBeAcceptedOrDismissedIntegration (0.08s)
=== RUN   TestDismissedSuggestionsStayDismissedIntegration
--- PASS: TestDismissedSuggestionsStayDismissedIntegration (0.09s)
=== RUN   TestAutoLinkDeclinesATinyWorkspaceIntegration
--- PASS: TestAutoLinkDeclinesATinyWorkspaceIntegration (0.06s)
=== RUN   TestSuggestLinksRefusesAMemberWhoMayOnlyReadIntegration
--- PASS: TestSuggestLinksRefusesAMemberWhoMayOnlyReadIntegration (0.08s)
=== RUN   TestSuggestLinksAllowsAMemberWhoMayWriteIntegration
--- PASS: TestSuggestLinksAllowsAMemberWhoMayWriteIntegration (0.08s)
=== RUN   TestAbandonedThoughtsAreLabelledOnEveryRetrievalPathIntegration
--- PASS: TestAbandonedThoughtsAreLabelledOnEveryRetrievalPathIntegration (0.05s)
=== RUN   TestResolvingABranchRequiresAReasonIntegration
--- PASS: TestResolvingABranchRequiresAReasonIntegration (0.03s)
=== RUN   TestDeletingABranchKeepsItsThoughtsIntegration
--- PASS: TestDeletingABranchKeepsItsThoughtsIntegration (0.03s)
=== RUN   TestBranchesDoNotCrossSpacesIntegration
--- PASS: TestBranchesDoNotCrossSpacesIntegration (0.03s)
=== RUN   TestBranchesRequireEditPermissionIntegration
--- PASS: TestBranchesRequireEditPermissionIntegration (0.03s)
=== RUN   TestBriefSaysWhatItCouldNotCheckIntegration
--- PASS: TestBriefSaysWhatItCouldNotCheckIntegration (0.05s)
=== RUN   TestBriefFindsDuplicateThoughtsIntegration
--- PASS: TestBriefFindsDuplicateThoughtsIntegration (0.07s)
=== RUN   TestBriefCountsUnfiledCapturesIntegration
--- PASS: TestBriefCountsUnfiledCapturesIntegration (0.07s)
=== RUN   TestBriefDoesNotCountAnotherPersonsWorkIntegration
--- PASS: TestBriefDoesNotCountAnotherPersonsWorkIntegration (0.07s)
=== RUN   TestDuplicateScanReadsTheRecentEndIntegration
--- PASS: TestDuplicateScanReadsTheRecentEndIntegration (0.13s)
=== RUN   TestDuplicateScanLeavesSmallSpacesWholeIntegration
--- PASS: TestDuplicateScanLeavesSmallSpacesWholeIntegration (0.03s)
=== RUN   TestWhoACommentNotifiesIntegration
--- PASS: TestWhoACommentNotifiesIntegration (0.44s)
=== RUN   TestContradictionsReportBothSidesInOrderIntegration
--- PASS: TestContradictionsReportBothSidesInOrderIntegration (0.05s)
=== RUN   TestContradictionsAreEmptyWhenNobodyRecordedAnyIntegration
--- PASS: TestContradictionsAreEmptyWhenNobodyRecordedAnyIntegration (0.04s)
=== RUN   TestContradictionsIgnoreDeletedThoughtsIntegration
--- PASS: TestContradictionsIgnoreDeletedThoughtsIntegration (0.04s)
=== RUN   TestContradictionsStayWithinReachableSpacesIntegration
--- PASS: TestContradictionsStayWithinReachableSpacesIntegration (0.07s)
=== RUN   TestEdgeReasonSurvivesTheRoundTripIntegration
--- PASS: TestEdgeReasonSurvivesTheRoundTripIntegration (0.05s)
=== RUN   TestEdgeReasonCanBeAddedAndClearedLaterIntegration
--- PASS: TestEdgeReasonCanBeAddedAndClearedLaterIntegration (0.04s)
=== RUN   TestEdgeReasonBoundIsEnforcedByTheDatabaseIntegration
--- PASS: TestEdgeReasonBoundIsEnforcedByTheDatabaseIntegration (0.04s)
=== RUN   TestEdgeReasonNeedsEditPermissionIntegration
--- PASS: TestEdgeReasonNeedsEditPermissionIntegration (0.04s)
=== RUN   TestEdgeReasonComesBackFromEveryReadIntegration
--- PASS: TestEdgeReasonComesBackFromEveryReadIntegration (0.05s)
=== RUN   TestEmbeddingDispatchHoldsAIExclusionLeaseIntegration
=== RUN   TestEmbeddingDispatchHoldsAIExclusionLeaseIntegration/note
=== RUN   TestEmbeddingDispatchHoldsAIExclusionLeaseIntegration/space
--- PASS: TestEmbeddingDispatchHoldsAIExclusionLeaseIntegration (1.36s)
    --- PASS: TestEmbeddingDispatchHoldsAIExclusionLeaseIntegration/note (0.69s)
    --- PASS: TestEmbeddingDispatchHoldsAIExclusionLeaseIntegration/space (0.68s)
=== RUN   TestScopedSearchHoldsAuthorizationLeaseThroughQueryDispatchIntegration
=== RUN   TestScopedSearchHoldsAuthorizationLeaseThroughQueryDispatchIntegration/note_exclusion
=== RUN   TestScopedSearchHoldsAuthorizationLeaseThroughQueryDispatchIntegration/space_exclusion
=== RUN   TestScopedSearchHoldsAuthorizationLeaseThroughQueryDispatchIntegration/membership_removal
--- PASS: TestScopedSearchHoldsAuthorizationLeaseThroughQueryDispatchIntegration (2.08s)
    --- PASS: TestScopedSearchHoldsAuthorizationLeaseThroughQueryDispatchIntegration/note_exclusion (0.70s)
    --- PASS: TestScopedSearchHoldsAuthorizationLeaseThroughQueryDispatchIntegration/space_exclusion (0.70s)
    --- PASS: TestScopedSearchHoldsAuthorizationLeaseThroughQueryDispatchIntegration/membership_removal (0.68s)
=== RUN   TestUnreadableEmbeddingCredentialNeverLeavesProcessIntegration
--- PASS: TestUnreadableEmbeddingCredentialNeverLeavesProcessIntegration (0.43s)
=== RUN   TestReadingASpaceDoesNotWaitOnTheGatewayIntegration
--- PASS: TestReadingASpaceDoesNotWaitOnTheGatewayIntegration (0.43s)
=== RUN   TestTheSweepIndexesWhatTheReadNoLongerDoesIntegration
--- PASS: TestTheSweepIndexesWhatTheReadNoLongerDoesIntegration (0.50s)
=== RUN   TestTheSweepPicksUpAChangedThoughtIntegration
--- PASS: TestTheSweepPicksUpAChangedThoughtIntegration (0.41s)
=== RUN   TestTheSweepKeepsExcludedThoughtsOffTheGatewayIntegration
--- PASS: TestTheSweepKeepsExcludedThoughtsOffTheGatewayIntegration (0.43s)
=== RUN   TestTheSweepDoesNotDowngradeASharedBatchIntegration
--- PASS: TestTheSweepDoesNotDowngradeASharedBatchIntegration (0.43s)
=== RUN   TestEmbeddingTimeoutIsItsOwnIntegration
--- PASS: TestEmbeddingTimeoutIsItsOwnIntegration (0.41s)
=== RUN   TestSpaceEventsRecheckAccessBeforeReturningPayloadIntegration
--- PASS: TestSpaceEventsRecheckAccessBeforeReturningPayloadIntegration (0.03s)
=== RUN   TestCollaborationLogKeepsNoCopyOfTheWritingIntegration
--- PASS: TestCollaborationLogKeepsNoCopyOfTheWritingIntegration (0.42s)
=== RUN   TestWebhookDeliveryStillCarriesTheNoteIntegration
--- PASS: TestWebhookDeliveryStillCarriesTheNoteIntegration (0.41s)
=== RUN   TestCollaborationLogStillRecordsTheChangeIntegration
--- PASS: TestCollaborationLogStillRecordsTheChangeIntegration (0.40s)
=== RUN   TestClientCannotForgeDreamProvenanceIntegration
--- PASS: TestClientCannotForgeDreamProvenanceIntegration (0.03s)
=== RUN   TestOriginIsSetByTheCodePathNotTheCallerIntegration
--- PASS: TestOriginIsSetByTheCodePathNotTheCallerIntegration (0.03s)
=== RUN   TestAgentEdgesAreDistinguishableFromHandDrawnIntegration
--- PASS: TestAgentEdgesAreDistinguishableFromHandDrawnIntegration (0.03s)
=== RUN   TestTypedEdgesCoexistOnOnePairIntegration
--- PASS: TestTypedEdgesCoexistOnOnePairIntegration (0.04s)
=== RUN   TestDatabaseRejectsValuesOutsideTheVocabularyIntegration
--- PASS: TestDatabaseRejectsValuesOutsideTheVocabularyIntegration (0.03s)
=== RUN   TestConfidenceIsTiedToInferenceIntegration
--- PASS: TestConfidenceIsTiedToInferenceIntegration (0.03s)
=== RUN   TestEveryEdgeReadCarriesProvenanceIntegration
=== RUN   TestEveryEdgeReadCarriesProvenanceIntegration/CreateEdge
=== RUN   TestEveryEdgeReadCarriesProvenanceIntegration/Backlinks
=== RUN   TestEveryEdgeReadCarriesProvenanceIntegration/ListNotes
--- PASS: TestEveryEdgeReadCarriesProvenanceIntegration (0.04s)
    --- PASS: TestEveryEdgeReadCarriesProvenanceIntegration/CreateEdge (0.00s)
    --- PASS: TestEveryEdgeReadCarriesProvenanceIntegration/Backlinks (0.00s)
    --- PASS: TestEveryEdgeReadCarriesProvenanceIntegration/ListNotes (0.00s)
=== RUN   TestInferredEdgesKeepTheirScoreWhenReadBackIntegration
--- PASS: TestInferredEdgesKeepTheirScoreWhenReadBackIntegration (0.03s)
=== RUN   TestOnboardingClosesItselfOnceEveryStepIsDoneIntegration
--- PASS: TestOnboardingClosesItselfOnceEveryStepIsDoneIntegration (0.48s)
=== RUN   TestTheBriefOnlyReportsASkippedCheckThatHadSomethingToExamineIntegration
--- PASS: TestTheBriefOnlyReportsASkippedCheckThatHadSomethingToExamineIntegration (0.48s)
=== RUN   TestTodayReviewStateIsIsolatedPerUserIntegration
--- PASS: TestTodayReviewStateIsIsolatedPerUserIntegration (0.05s)
=== RUN   TestTodayReviewDigestPreferenceOnlyHidesActivityIntegration
--- PASS: TestTodayReviewDigestPreferenceOnlyHidesActivityIntegration (0.04s)
=== RUN   TestHybridSearchKeepsOlderLexicalMatchesIntegration
--- PASS: TestHybridSearchKeepsOlderLexicalMatchesIntegration (0.24s)
=== RUN   TestHybridSearchRanksAcrossBoundedLexicalCandidatesIntegration
--- PASS: TestHybridSearchRanksAcrossBoundedLexicalCandidatesIntegration (0.09s)
=== RUN   TestHybridSearchRanksExactBodyAcrossBoundedCandidatesIntegration
--- PASS: TestHybridSearchRanksExactBodyAcrossBoundedCandidatesIntegration (0.09s)
=== RUN   TestCreateCommentDoesNotNotifyRemovedNoteAuthorIntegration
--- PASS: TestCreateCommentDoesNotNotifyRemovedNoteAuthorIntegration (0.04s)
=== RUN   TestCreateCommentResolvesLongestPunctuationUsernameIntegration
--- PASS: TestCreateCommentResolvesLongestPunctuationUsernameIntegration (0.05s)
=== RUN   TestCreateCommentSerializesMembershipRemovalIntegration
--- PASS: TestCreateCommentSerializesMembershipRemovalIntegration (0.09s)
=== RUN   TestCommentMutationsSerializeAuthorizationRevocationIntegration
=== RUN   TestCommentMutationsSerializeAuthorizationRevocationIntegration/resolve_membership_removal
=== RUN   TestCommentMutationsSerializeAuthorizationRevocationIntegration/resolve_permission_downgrade
=== RUN   TestCommentMutationsSerializeAuthorizationRevocationIntegration/delete_membership_removal
=== RUN   TestCommentMutationsSerializeAuthorizationRevocationIntegration/delete_permission_downgrade
--- PASS: TestCommentMutationsSerializeAuthorizationRevocationIntegration (1.87s)
    --- PASS: TestCommentMutationsSerializeAuthorizationRevocationIntegration/resolve_membership_removal (0.47s)
    --- PASS: TestCommentMutationsSerializeAuthorizationRevocationIntegration/resolve_permission_downgrade (0.47s)
    --- PASS: TestCommentMutationsSerializeAuthorizationRevocationIntegration/delete_membership_removal (0.47s)
    --- PASS: TestCommentMutationsSerializeAuthorizationRevocationIntegration/delete_permission_downgrade (0.47s)
=== RUN   TestContentQueriesRejectRevokedMemberIntegration
=== RUN   TestContentQueriesRejectRevokedMemberIntegration/comments
=== RUN   TestContentQueriesRejectRevokedMemberIntegration/backlinks
=== RUN   TestContentQueriesRejectRevokedMemberIntegration/canvas
=== RUN   TestContentQueriesRejectRevokedMemberIntegration/history
--- PASS: TestContentQueriesRejectRevokedMemberIntegration (0.06s)
    --- PASS: TestContentQueriesRejectRevokedMemberIntegration/comments (0.00s)
    --- PASS: TestContentQueriesRejectRevokedMemberIntegration/backlinks (0.00s)
    --- PASS: TestContentQueriesRejectRevokedMemberIntegration/canvas (0.00s)
    --- PASS: TestContentQueriesRejectRevokedMemberIntegration/history (0.00s)
=== RUN   TestTodayReviewHidesDreamsAfterSpaceAccessIsRevokedIntegration
--- PASS: TestTodayReviewHidesDreamsAfterSpaceAccessIsRevokedIntegration (0.42s)
=== RUN   TestTodayReviewExcludesActivityFromDeletedNotesIntegration
--- PASS: TestTodayReviewExcludesActivityFromDeletedNotesIntegration (0.05s)
=== RUN   TestTodayReviewTreatsDeletedCounterpartAsOrphanIntegration
--- PASS: TestTodayReviewTreatsDeletedCounterpartAsOrphanIntegration (0.04s)
=== RUN   TestViewCommentAuthorCannotResolveThreadIntegration
--- PASS: TestViewCommentAuthorCannotResolveThreadIntegration (0.05s)
=== RUN   TestDeletedNoteCommentCannotBeResolvedIntegration
--- PASS: TestDeletedNoteCommentCannotBeResolvedIntegration (0.05s)
=== RUN   TestRemovedCommentAuthorCannotDeleteIntegration
--- PASS: TestRemovedCommentAuthorCannotDeleteIntegration (0.05s)
=== RUN   TestNoteMutationAndWebhookOutboxCommitTogetherIntegration
--- PASS: TestNoteMutationAndWebhookOutboxCommitTogetherIntegration (0.03s)
=== RUN   TestAIDailyQuotaReservationIsAtomicAcrossStoresIntegration
--- PASS: TestAIDailyQuotaReservationIsAtomicAcrossStoresIntegration (0.09s)
=== RUN   TestHybridSearchUsesTheActualFallbackVectorSpaceIntegration
--- PASS: TestHybridSearchUsesTheActualFallbackVectorSpaceIntegration (0.05s)
=== RUN   TestGatewayChangeWithSameModelReembedsIntegration
--- PASS: TestGatewayChangeWithSameModelReembedsIntegration (0.06s)
=== RUN   TestStaleGatewayResponseCannotOverwriteCurrentEmbeddingIntegration
--- PASS: TestStaleGatewayResponseCannotOverwriteCurrentEmbeddingIntegration (10.47s)
=== RUN   TestFallbackNormalizationCannotCrossGatewayChangeIntegration
--- PASS: TestFallbackNormalizationCannotCrossGatewayChangeIntegration (0.74s)
=== RUN   TestLoadEmbeddingsUsesOneFallbackVectorSpaceIntegration
--- PASS: TestLoadEmbeddingsUsesOneFallbackVectorSpaceIntegration (0.18s)
=== RUN   TestAIExcludedNotesNeverReachRemoteEmbeddingGatewayIntegration
--- PASS: TestAIExcludedNotesNeverReachRemoteEmbeddingGatewayIntegration (0.06s)
=== RUN   TestCaptureCreatesTheInboxOnFirstUseIntegration
--- PASS: TestCaptureCreatesTheInboxOnFirstUseIntegration (0.04s)
=== RUN   TestInboxCannotBeDeletedIntegration
--- PASS: TestInboxCannotBeDeletedIntegration (0.03s)
=== RUN   TestFilingAThoughtMovesItIntegration
--- PASS: TestFilingAThoughtMovesItIntegration (0.04s)
=== RUN   TestMovingAConnectedThoughtReportsWhatItCostsIntegration
--- PASS: TestMovingAConnectedThoughtReportsWhatItCostsIntegration (0.05s)
=== RUN   TestMoveRefusesADestinationWithoutWriteAccessIntegration
--- PASS: TestMoveRefusesADestinationWithoutWriteAccessIntegration (0.06s)
=== RUN   TestSpaceSuggestionsSayWhatTheyAreBasedOnIntegration
--- PASS: TestSpaceSuggestionsSayWhatTheyAreBasedOnIntegration (0.05s)
=== RUN   TestSpaceSuggestionsProduceRealScoresIntegration
--- PASS: TestSpaceSuggestionsProduceRealScoresIntegration (0.08s)
=== RUN   TestMergeCarriesConnectionsToTheSurvivorIntegration
--- PASS: TestMergeCarriesConnectionsToTheSurvivorIntegration (0.06s)
=== RUN   TestMergeDropsSelfAndDuplicateConnectionsIntegration
--- PASS: TestMergeDropsSelfAndDuplicateConnectionsIntegration (0.06s)
=== RUN   TestMergeCarriesTheDiscussionIntegration
--- PASS: TestMergeCarriesTheDiscussionIntegration (0.05s)
=== RUN   TestMergeInvalidatesTheStoredVectorIntegration
    merge_integration_test.go:185: no vector was stored, so there is nothing to invalidate
--- SKIP: TestMergeInvalidatesTheStoredVectorIntegration (0.04s)
=== RUN   TestMergeRefusesWhatItCannotDoSafelyIntegration
--- PASS: TestMergeRefusesWhatItCannotDoSafelyIntegration (0.04s)
=== RUN   TestMergeRefusesWithoutWriteAccessIntegration
--- PASS: TestMergeRefusesWithoutWriteAccessIntegration (0.06s)
=== RUN   TestPresentationLinkRoundTripIntegration
--- PASS: TestPresentationLinkRoundTripIntegration (0.04s)
=== RUN   TestRecompilingReplacesTheSourceMappingIntegration
--- PASS: TestRecompilingReplacesTheSourceMappingIntegration (0.04s)
=== RUN   TestANoteKnowsWhichTalksUsedItIntegration
--- PASS: TestANoteKnowsWhichTalksUsedItIntegration (0.04s)
=== RUN   TestASlideCannotCiteAThoughtFromAnotherSpaceIntegration
--- PASS: TestASlideCannotCiteAThoughtFromAnotherSpaceIntegration (0.04s)
=== RUN   TestAStrangerCannotMakeOrReadALinkIntegration
--- PASS: TestAStrangerCannotMakeOrReadALinkIntegration (0.04s)
=== RUN   TestAnUnknownStatusIsRefusedIntegration
--- PASS: TestAnUnknownStatusIsRefusedIntegration (0.03s)
=== RUN   TestAFailedLinkCarriesWhatWasAskedForIntegration
--- PASS: TestAFailedLinkCarriesWhatWasAskedForIntegration (0.04s)
=== RUN   TestAFailedCompileKeepsWhatPtiumSaidIntegration
--- PASS: TestAFailedCompileKeepsWhatPtiumSaidIntegration (0.03s)
=== RUN   TestDeletingASpaceTakesItsLinksIntegration
--- PASS: TestDeletingASpaceTakesItsLinksIntegration (0.04s)
=== RUN   TestAFreshDeckHasNoStaleSlidesIntegration
--- PASS: TestAFreshDeckHasNoStaleSlidesIntegration (0.04s)
=== RUN   TestMovingAThoughtDoesNotMakeASlideStaleIntegration
--- PASS: TestMovingAThoughtDoesNotMakeASlideStaleIntegration (0.04s)
=== RUN   TestRewritingAThoughtMakesItsSlideStaleIntegration
--- PASS: TestRewritingAThoughtMakesItsSlideStaleIntegration (0.04s)
=== RUN   TestRetitlingAThoughtMakesItsSlideStaleIntegration
--- PASS: TestRetitlingAThoughtMakesItsSlideStaleIntegration (0.04s)
=== RUN   TestADeletedThoughtIsReportedAsDeletedIntegration
--- PASS: TestADeletedThoughtIsReportedAsDeletedIntegration (0.04s)
=== RUN   TestASlideCompiledBeforeFingerprintsIsNeverStaleIntegration
--- PASS: TestASlideCompiledBeforeFingerprintsIsNeverStaleIntegration (0.04s)
=== RUN   TestStaleCountsAreDrawnInOneQueryIntegration
--- PASS: TestStaleCountsAreDrawnInOneQueryIntegration (0.04s)
=== RUN   TestRecompilingClearsTheWarningIntegration
--- PASS: TestRecompilingClearsTheWarningIntegration (0.05s)
=== RUN   TestAStrangerCannotSeeWhichSlidesWentStaleIntegration
--- PASS: TestAStrangerCannotSeeWhichSlidesWentStaleIntegration (0.04s)
=== RUN   TestAnsweringClosesAQuestionIntegration
--- PASS: TestAnsweringClosesAQuestionIntegration (0.04s)
=== RUN   TestNearbyRelationsDoNotCloseAQuestionIntegration
--- PASS: TestNearbyRelationsDoNotCloseAQuestionIntegration (0.05s)
=== RUN   TestOnlyMarkedQuestionsAreReportedIntegration
--- PASS: TestOnlyMarkedQuestionsAreReportedIntegration (0.04s)
=== RUN   TestDeletingTheAnswerReopensTheQuestionIntegration
--- PASS: TestDeletingTheAnswerReopensTheQuestionIntegration (0.04s)
=== RUN   TestStoreRefusesAnUnknownKindOnBothPathsIntegration
--- PASS: TestStoreRefusesAnUnknownKindOnBothPathsIntegration (0.03s)
=== RUN   TestOpenQuestionsStayWithinReachableSpacesIntegration
--- PASS: TestOpenQuestionsStayWithinReachableSpacesIntegration (0.06s)
=== RUN   TestAReadOnlyMemberCannotChangeTheSpaceIntegration
--- PASS: TestAReadOnlyMemberCannotChangeTheSpaceIntegration (0.45s)
=== RUN   TestTheNumberOnACardMatchesWhatOpeningItShowsIntegration
--- PASS: TestTheNumberOnACardMatchesWhatOpeningItShowsIntegration (0.07s)
=== RUN   TestRelatedCountMatchesTheFullSquareIntegration
--- PASS: TestRelatedCountMatchesTheFullSquareIntegration (0.04s)
=== RUN   TestRetrievalNeverReturnsExcludedThoughtsIntegration
--- PASS: TestRetrievalNeverReturnsExcludedThoughtsIntegration (0.05s)
=== RUN   TestRetrievalHonoursSpaceLevelExclusionIntegration
--- PASS: TestRetrievalHonoursSpaceLevelExclusionIntegration (0.04s)
=== RUN   TestRetrievalFollowsConnectionsOneStepIntegration
--- PASS: TestRetrievalFollowsConnectionsOneStepIntegration (0.05s)
=== RUN   TestRetrievalDoesNotReachExcludedThoughtsThroughConnectionsIntegration
--- PASS: TestRetrievalDoesNotReachExcludedThoughtsThroughConnectionsIntegration (0.05s)
=== RUN   TestRetrievalStaysWithinReachableSpacesIntegration
--- PASS: TestRetrievalStaysWithinReachableSpacesIntegration (0.06s)
=== RUN   TestSpaceAtGivesTheWordsAndThePlaceItHadThenIntegration
--- PASS: TestSpaceAtGivesTheWordsAndThePlaceItHadThenIntegration (0.42s)
=== RUN   TestSpaceAtLeavesOutWhatWasNotWrittenYetIntegration
--- PASS: TestSpaceAtLeavesOutWhatWasNotWrittenYetIntegration (0.41s)
=== RUN   TestSpaceAtBringsBackWhatWasLaterDeletedIntegration
--- PASS: TestSpaceAtBringsBackWhatWasLaterDeletedIntegration (0.42s)
=== RUN   TestSpaceAtDrawsNoConnectionToAThoughtThatDidNotExistIntegration
--- PASS: TestSpaceAtDrawsNoConnectionToAThoughtThatDidNotExistIntegration (0.41s)
=== RUN   TestSpaceAtCountsTheConnectionsItCannotReplayIntegration
--- PASS: TestSpaceAtCountsTheConnectionsItCannotReplayIntegration (0.42s)
=== RUN   TestSpaceAtRefusesSomeoneWhoCannotSeeTheSpaceIntegration
--- PASS: TestSpaceAtRefusesSomeoneWhoCannotSeeTheSpaceIntegration (0.42s)
=== RUN   TestSpaceAtPicksTheVersionThatWasLiveThenIntegration
--- PASS: TestSpaceAtPicksTheVersionThatWasLiveThenIntegration (0.46s)
=== RUN   TestSpaceAtLeavesOutAPictureAddedSinceIntegration
--- PASS: TestSpaceAtLeavesOutAPictureAddedSinceIntegration (0.44s)
=== RUN   TestSpaceAtCountsThePicturesItCannotDrawIntegration
--- PASS: TestSpaceAtCountsThePicturesItCannotDrawIntegration (0.42s)
=== RUN   TestSearchingFindsWhatWasWrittenIntegration
--- PASS: TestSearchingFindsWhatWasWrittenIntegration (0.49s)
=== RUN   TestDuplicateInASetAsideLineIsLabelledIntegration
--- PASS: TestDuplicateInASetAsideLineIsLabelledIntegration (0.04s)
=== RUN   TestClustersAndRelatedSurviveASentenceEmbeddingBackendIntegration
    similarity_backend_integration_test.go:33: set UMM_EMBEDDING_TEST_URL and UMM_EMBEDDING_TEST_MODEL to exercise a real embedding backend
--- SKIP: TestClustersAndRelatedSurviveASentenceEmbeddingBackendIntegration (0.00s)
=== RUN   TestListSpacesSaysWhatThePersonMayDoIntegration
--- PASS: TestListSpacesSaysWhatThePersonMayDoIntegration (0.39s)
=== RUN   TestSpacePermissionFollowsAChangedMembershipIntegration
--- PASS: TestSpacePermissionFollowsAChangedMembershipIntegration (0.40s)
=== RUN   TestTodayCountsAreTotalsNotPreviewLengthsIntegration
--- PASS: TestTodayCountsAreTotalsNotPreviewLengthsIntegration (0.05s)
=== RUN   TestTurningPointsAreOnlyWhatWasMarkedIntegration
--- PASS: TestTurningPointsAreOnlyWhatWasMarkedIntegration (0.03s)
=== RUN   TestTurningPointsAreOrderedNewestFirstIntegration
--- PASS: TestTurningPointsAreOrderedNewestFirstIntegration (0.03s)
=== RUN   TestTurningPointsStayInsideVisibleSpacesIntegration
--- PASS: TestTurningPointsStayInsideVisibleSpacesIntegration (0.03s)
=== RUN   TestTurningPointsSayWhenThereAreMoreIntegration
--- PASS: TestTurningPointsSayWhenThereAreMoreIntegration (0.15s)
PASS
ok  	github.com/hkjang/umm/internal/store	41.341s

EXIT=0
