#0 building with "default" instance using docker driver

#1 [internal] load build definition from Dockerfile
#1 transferring dockerfile: 795B done
#1 DONE 0.0s

#2 [internal] load metadata for docker.io/library/alpine:3.21
#2 DONE 0.0s

#3 [internal] load metadata for docker.io/library/golang:1.25.0
#3 DONE 1.7s

#4 [internal] load .dockerignore
#4 transferring context: 72B done
#4 DONE 0.0s

#5 [builder 1/7] FROM docker.io/library/golang:1.25.0@sha256:5502b0e56fca23feba76dbc5387ba59c593c02ccc2f0f7355871ea9a0852cebe
#5 resolve docker.io/library/golang:1.25.0@sha256:5502b0e56fca23feba76dbc5387ba59c593c02ccc2f0f7355871ea9a0852cebe 0.0s done
#5 DONE 0.0s

#6 [stage-1 1/5] FROM docker.io/library/alpine:3.21@sha256:ce64758a109eb420d874a118f87920e625e12d3634e03b4a5573fd9f6e5d3507
#6 resolve docker.io/library/alpine:3.21@sha256:ce64758a109eb420d874a118f87920e625e12d3634e03b4a5573fd9f6e5d3507 0.0s done
#6 DONE 0.0s

#7 [internal] load build context
#7 transferring context: 13.65MB 0.1s done
#7 DONE 0.1s

#5 [builder 1/7] FROM docker.io/library/golang:1.25.0@sha256:5502b0e56fca23feba76dbc5387ba59c593c02ccc2f0f7355871ea9a0852cebe
#5 DONE 0.1s

#5 [builder 1/7] FROM docker.io/library/golang:1.25.0@sha256:5502b0e56fca23feba76dbc5387ba59c593c02ccc2f0f7355871ea9a0852cebe
#5 sha256:82e0cc681648f441c1c9d7f2865b7619bb2312671c777fa33768270a808a76ac 0B / 126B 0.2s
#5 sha256:82e0cc681648f441c1c9d7f2865b7619bb2312671c777fa33768270a808a76ac 126B / 126B 0.2s done
#5 sha256:8286cb4ece30afb97c398c2b5ac1f35e8f502f758d4ea2fc69e179efdf471ea2 0B / 60.05MB 0.3s
#5 sha256:ce11f29b0a47819a4e86298a507cdbac74b7882bf33a76326ce2b0f6fb2c70ca 0B / 102.06MB 0.2s
#5 sha256:8286cb4ece30afb97c398c2b5ac1f35e8f502f758d4ea2fc69e179efdf471ea2 3.15MB / 60.05MB 0.9s
#5 sha256:8286cb4ece30afb97c398c2b5ac1f35e8f502f758d4ea2fc69e179efdf471ea2 6.29MB / 60.05MB 1.7s
#5 sha256:ce11f29b0a47819a4e86298a507cdbac74b7882bf33a76326ce2b0f6fb2c70ca 6.29MB / 102.06MB 1.7s
#5 sha256:ce11f29b0a47819a4e86298a507cdbac74b7882bf33a76326ce2b0f6fb2c70ca 11.53MB / 102.06MB 2.4s
#5 sha256:8286cb4ece30afb97c398c2b5ac1f35e8f502f758d4ea2fc69e179efdf471ea2 9.44MB / 60.05MB 2.9s
#5 sha256:ce11f29b0a47819a4e86298a507cdbac74b7882bf33a76326ce2b0f6fb2c70ca 16.78MB / 102.06MB 3.0s
#5 sha256:ce11f29b0a47819a4e86298a507cdbac74b7882bf33a76326ce2b0f6fb2c70ca 22.02MB / 102.06MB 3.6s
#5 sha256:8286cb4ece30afb97c398c2b5ac1f35e8f502f758d4ea2fc69e179efdf471ea2 12.58MB / 60.05MB 4.2s
#5 sha256:ce11f29b0a47819a4e86298a507cdbac74b7882bf33a76326ce2b0f6fb2c70ca 27.26MB / 102.06MB 4.2s
#5 sha256:ce11f29b0a47819a4e86298a507cdbac74b7882bf33a76326ce2b0f6fb2c70ca 32.51MB / 102.06MB 5.0s
#5 sha256:8286cb4ece30afb97c398c2b5ac1f35e8f502f758d4ea2fc69e179efdf471ea2 15.73MB / 60.05MB 5.4s
#5 sha256:ce11f29b0a47819a4e86298a507cdbac74b7882bf33a76326ce2b0f6fb2c70ca 37.75MB / 102.06MB 5.6s
#5 sha256:ce11f29b0a47819a4e86298a507cdbac74b7882bf33a76326ce2b0f6fb2c70ca 42.99MB / 102.06MB 6.2s
#5 sha256:8286cb4ece30afb97c398c2b5ac1f35e8f502f758d4ea2fc69e179efdf471ea2 18.87MB / 60.05MB 6.6s
#5 sha256:ce11f29b0a47819a4e86298a507cdbac74b7882bf33a76326ce2b0f6fb2c70ca 49.28MB / 102.06MB 6.9s
#5 sha256:8286cb4ece30afb97c398c2b5ac1f35e8f502f758d4ea2fc69e179efdf471ea2 22.02MB / 60.05MB 7.8s
#5 sha256:ce11f29b0a47819a4e86298a507cdbac74b7882bf33a76326ce2b0f6fb2c70ca 54.53MB / 102.06MB 7.7s
#5 sha256:8286cb4ece30afb97c398c2b5ac1f35e8f502f758d4ea2fc69e179efdf471ea2 25.17MB / 60.05MB 8.4s
#5 sha256:ce11f29b0a47819a4e86298a507cdbac74b7882bf33a76326ce2b0f6fb2c70ca 59.77MB / 102.06MB 8.6s
#5 sha256:8286cb4ece30afb97c398c2b5ac1f35e8f502f758d4ea2fc69e179efdf471ea2 28.31MB / 60.05MB 8.9s
#5 sha256:8286cb4ece30afb97c398c2b5ac1f35e8f502f758d4ea2fc69e179efdf471ea2 31.46MB / 60.05MB 9.5s
#5 sha256:8286cb4ece30afb97c398c2b5ac1f35e8f502f758d4ea2fc69e179efdf471ea2 34.60MB / 60.05MB 9.9s
#5 sha256:ce11f29b0a47819a4e86298a507cdbac74b7882bf33a76326ce2b0f6fb2c70ca 65.01MB / 102.06MB 9.8s
#5 sha256:8286cb4ece30afb97c398c2b5ac1f35e8f502f758d4ea2fc69e179efdf471ea2 37.75MB / 60.05MB 10.5s
#5 sha256:8286cb4ece30afb97c398c2b5ac1f35e8f502f758d4ea2fc69e179efdf471ea2 40.89MB / 60.05MB 11.0s
#5 sha256:ce11f29b0a47819a4e86298a507cdbac74b7882bf33a76326ce2b0f6fb2c70ca 70.25MB / 102.06MB 10.8s
#5 sha256:8286cb4ece30afb97c398c2b5ac1f35e8f502f758d4ea2fc69e179efdf471ea2 44.04MB / 60.05MB 11.6s
#5 sha256:ce11f29b0a47819a4e86298a507cdbac74b7882bf33a76326ce2b0f6fb2c70ca 75.50MB / 102.06MB 11.9s
#5 sha256:8286cb4ece30afb97c398c2b5ac1f35e8f502f758d4ea2fc69e179efdf471ea2 47.19MB / 60.05MB 12.2s
#5 sha256:8286cb4ece30afb97c398c2b5ac1f35e8f502f758d4ea2fc69e179efdf471ea2 50.33MB / 60.05MB 12.6s
#5 sha256:ce11f29b0a47819a4e86298a507cdbac74b7882bf33a76326ce2b0f6fb2c70ca 80.74MB / 102.06MB 12.9s
#5 sha256:8286cb4ece30afb97c398c2b5ac1f35e8f502f758d4ea2fc69e179efdf471ea2 53.48MB / 60.05MB 13.2s
#5 sha256:8286cb4ece30afb97c398c2b5ac1f35e8f502f758d4ea2fc69e179efdf471ea2 56.62MB / 60.05MB 13.7s
#5 sha256:8286cb4ece30afb97c398c2b5ac1f35e8f502f758d4ea2fc69e179efdf471ea2 60.05MB / 60.05MB 14.2s done
#5 sha256:ce11f29b0a47819a4e86298a507cdbac74b7882bf33a76326ce2b0f6fb2c70ca 85.98MB / 102.06MB 14.1s
#5 sha256:ce11f29b0a47819a4e86298a507cdbac74b7882bf33a76326ce2b0f6fb2c70ca 92.27MB / 102.06MB 14.7s
#5 sha256:ce11f29b0a47819a4e86298a507cdbac74b7882bf33a76326ce2b0f6fb2c70ca 98.57MB / 102.06MB 15.3s
#5 sha256:ce11f29b0a47819a4e86298a507cdbac74b7882bf33a76326ce2b0f6fb2c70ca 102.06MB / 102.06MB 15.7s done
#5 extracting sha256:ce11f29b0a47819a4e86298a507cdbac74b7882bf33a76326ce2b0f6fb2c70ca
#5 extracting sha256:ce11f29b0a47819a4e86298a507cdbac74b7882bf33a76326ce2b0f6fb2c70ca 2.0s done
#5 DONE 17.8s

#5 [builder 1/7] FROM docker.io/library/golang:1.25.0@sha256:5502b0e56fca23feba76dbc5387ba59c593c02ccc2f0f7355871ea9a0852cebe
#5 extracting sha256:8286cb4ece30afb97c398c2b5ac1f35e8f502f758d4ea2fc69e179efdf471ea2
#5 extracting sha256:8286cb4ece30afb97c398c2b5ac1f35e8f502f758d4ea2fc69e179efdf471ea2 1.5s done
#5 DONE 19.3s

#5 [builder 1/7] FROM docker.io/library/golang:1.25.0@sha256:5502b0e56fca23feba76dbc5387ba59c593c02ccc2f0f7355871ea9a0852cebe
#5 extracting sha256:82e0cc681648f441c1c9d7f2865b7619bb2312671c777fa33768270a808a76ac 0.0s done
#5 extracting sha256:4f4fb700ef54461cfa02571ae0db9a0dc1e0cdb5577484a6d75e68dc38e8acc1 0.0s done
#5 DONE 19.3s

#8 [builder 2/7] WORKDIR /src
#8 DONE 0.6s

#9 [builder 3/7] COPY go.mod go.sum ./
#9 DONE 0.0s

#10 [builder 4/7] COPY vendor ./vendor
#10 DONE 0.2s

#11 [builder 5/7] COPY cmd ./cmd
#11 DONE 0.0s

#12 [builder 6/7] COPY internal ./internal
#12 DONE 0.1s

#13 [builder 7/7] RUN go build -mod=vendor -trimpath -o /out/pii-masker ./cmd/pii-masker
#13 DONE 7.0s

#14 [stage-1 2/5] WORKDIR /app
#14 CACHED

#15 [stage-1 3/5] RUN adduser -D -u 10001 appuser
#15 CACHED

#16 [stage-1 4/5] COPY --from=builder /out/pii-masker /app/pii-masker
#16 DONE 0.0s

#17 [stage-1 5/5] RUN mkdir -p /app/data && chown -R appuser:appuser /app
#17 DONE 0.2s

#18 exporting to image
#18 exporting layers
#18 exporting layers 0.5s done
#18 exporting manifest sha256:14d5d808d6a20e845a47a03c6dacc39c75153e4edbdd3215e3faecb060c515e1 0.0s done
#18 exporting config sha256:0696a68b5222b6119d56533ae9180caa81ffeb61980af071368664922ccc08f0 0.0s done
#18 exporting attestation manifest sha256:e4d66828579bffe9721fe18f0029b45bf71076ee3a52918048af8bc96a75a628 0.0s done
#18 exporting manifest list sha256:f6e7b54d9136cff583e9f65a25da76d78b00137e46f74357b460005976129f0c 0.0s done
#18 naming to docker.io/library/pii-masker:latest done
#18 unpacking to docker.io/library/pii-masker:latest
#18 unpacking to docker.io/library/pii-masker:latest 0.2s done
#18 DONE 0.8s
