info: syncing channel updates for 1.85.0-x86_64-unknown-linux-gnu

  1.85.0-x86_64-unknown-linux-gnu unchanged - rustc 1.85.0 (4d91de4e4 2025-02-17)

info: checking for self-update (current version: 1.29.1)
   Compiling proc-macro2 v1.0.107
   Compiling unicode-ident v1.0.24
   Compiling quote v1.0.47
   Compiling libc v0.2.189
   Compiling stable_deref_trait v1.2.1
   Compiling cfg-if v1.0.4
   Compiling pin-project-lite v0.2.17
   Compiling serde_core v1.0.229
   Compiling bytes v1.12.1
   Compiling find-msvc-tools v0.1.9
   Compiling shlex v2.0.1
   Compiling futures-core v0.3.33
   Compiling smallvec v1.15.2
   Compiling litemap v0.7.5
   Compiling writeable v0.5.5
   Compiling itoa v1.0.18
   Compiling icu_locid_transform_data v1.5.1
   Compiling once_cell v1.21.4
   Compiling version_check v0.9.5
   Compiling zeroize v1.9.0
   Compiling icu_properties_data v1.5.1
   Compiling icu_normalizer_data v1.5.1
   Compiling serde v1.0.229
   Compiling typenum v1.20.1
   Compiling percent-encoding v2.3.2
   Compiling write16 v1.0.0
   Compiling subtle v2.6.1
   Compiling httparse v1.10.1
   Compiling futures-task v0.3.33
   Compiling utf16_iter v1.0.5
   Compiling untrusted v0.9.0
   Compiling slab v0.4.12
   Compiling utf8_iter v1.0.4
   Compiling tower-service v0.3.3
   Compiling semver v1.0.28
   Compiling rustls v0.23.45
   Compiling cc v1.4.0
   Compiling try-lock v0.2.5
   Compiling futures-channel v0.3.33
   Compiling zmij v1.0.23
   Compiling atomic-waker v1.1.2
   Compiling rustls-pki-types v1.15.1
   Compiling sync_wrapper v1.0.2
   Compiling ipnet v2.12.0
   Compiling tracing-core v0.1.36
   Compiling futures-util v0.3.33
   Compiling form_urlencoded v1.2.2
   Compiling want v0.3.1
   Compiling hashbrown v0.17.1
   Compiling getrandom v0.4.3
   Compiling log v0.4.33
   Compiling base64 v0.22.1
   Compiling equivalent v1.0.2
   Compiling serde_json v1.0.151
   Compiling cpufeatures v0.2.17
   Compiling regex-syntax v0.8.11
   Compiling tower-layer v0.3.3
   Compiling bitflags v2.13.1
   Compiling signature v2.2.0
   Compiling generic-array v0.14.7
   Compiling rustc_version v0.4.1
   Compiling winnow v0.7.15
   Compiling memchr v2.8.3
   Compiling ryu v1.0.23
   Compiling toml_write v0.1.2
   Compiling lazy_static v1.5.0
   Compiling anyhow v1.0.104
   Compiling ed25519 v2.2.3
   Compiling thread_local v1.1.10
   Compiling nu-ansi-term v0.50.3
   Compiling hex v0.4.3
   Compiling sharded-slab v0.1.7
   Compiling webpki-roots v1.0.9
   Compiling curve25519-dalek v4.1.3
   Compiling http v1.4.2
   Compiling tracing-log v0.2.0
   Compiling indexmap v2.14.0
   Compiling syn v2.0.119
   Compiling syn v3.0.3
   Compiling ring v0.17.14
   Compiling http-body v1.1.0
   Compiling errno v0.3.14
   Compiling mio v1.2.2
   Compiling socket2 v0.6.5
   Compiling getrandom v0.2.17
   Compiling crypto-common v0.1.7
   Compiling block-buffer v0.10.4
   Compiling http-body-util v0.1.4
   Compiling signal-hook-registry v1.4.8
   Compiling digest v0.10.7
   Compiling sha2 v0.10.9
   Compiling regex-automata v0.4.16
   Compiling uuid v1.24.0
   Compiling serde_derive v1.0.229
   Compiling matchers v0.2.0
   Compiling synstructure v0.13.2
   Compiling zerofrom-derive v0.1.7
   Compiling yoke-derive v0.7.5
   Compiling zerovec-derive v0.10.3
   Compiling displaydoc v0.2.6
   Compiling icu_provider_macros v1.5.0
   Compiling tokio-macros v2.7.1
   Compiling tracing-attributes v0.1.31
   Compiling curve25519-dalek-derive v0.1.1
   Compiling tokio v1.53.1
   Compiling serde_spanned v0.6.9
   Compiling toml_datetime v0.6.11
   Compiling serde_urlencoded v0.7.1
   Compiling zerofrom v0.1.8
   Compiling tracing v0.1.44
   Compiling yoke v0.7.5
   Compiling toml_edit v0.22.27
   Compiling zerovec v0.10.4
   Compiling rustls-webpki v0.103.15
   Compiling tracing-subscriber v0.3.23
   Compiling ed25519-dalek v2.2.0
   Compiling tinystr v0.7.6
   Compiling icu_collections v1.5.0
   Compiling icu_locid v1.5.0
   Compiling icu_provider v1.5.0
   Compiling toml v0.8.23
   Compiling icu_locid_transform v1.5.0
   Compiling icu_properties v1.5.1
   Compiling hyper v1.11.0
   Compiling tower v0.5.3
   Compiling tokio-rustls v0.26.4
   Compiling icu_normalizer v1.5.0
   Compiling hyper-util v0.1.20
   Compiling idna_adapter v1.2.0
   Compiling idna v1.0.3
   Compiling url v2.5.4
   Compiling tower-http v0.6.11
   Compiling hyper-rustls v0.27.9
   Compiling reqwest v0.12.28
   Compiling invenqor-agent v0.2.38 (/project)
    Finished `release` profile [optimized] target(s) in 16.90s
info: syncing channel updates for 1.85.0-x86_64-unknown-linux-gnu

  1.85.0-x86_64-unknown-linux-gnu unchanged - rustc 1.85.0 (4d91de4e4 2025-02-17)

info: checking for self-update (current version: 1.29.1)
   Compiling proc-macro2 v1.0.107
   Compiling unicode-ident v1.0.24
   Compiling quote v1.0.47
   Compiling libc v0.2.189
   Compiling cfg-if v1.0.4
   Compiling stable_deref_trait v1.2.1
   Compiling pin-project-lite v0.2.17
   Compiling serde_core v1.0.229
   Compiling bytes v1.12.1
   Compiling find-msvc-tools v0.1.9
   Compiling icu_locid_transform_data v1.5.1
   Compiling litemap v0.7.5
   Compiling writeable v0.5.5
   Compiling smallvec v1.15.2
   Compiling futures-core v0.3.33
   Compiling shlex v2.0.1
   Compiling itoa v1.0.18
   Compiling icu_properties_data v1.5.1
   Compiling version_check v0.9.5
   Compiling once_cell v1.21.4
   Compiling zeroize v1.9.0
   Compiling icu_normalizer_data v1.5.1
   Compiling serde v1.0.229
   Compiling percent-encoding v2.3.2
   Compiling typenum v1.20.1
   Compiling httparse v1.10.1
   Compiling slab v0.4.12
   Compiling untrusted v0.9.0
   Compiling utf16_iter v1.0.5
   Compiling futures-task v0.3.33
   Compiling write16 v1.0.0
   Compiling subtle v2.6.1
   Compiling utf8_iter v1.0.4
   Compiling rustls v0.23.45
   Compiling semver v1.0.28
   Compiling tower-service v0.3.3
   Compiling cc v1.4.0
   Compiling try-lock v0.2.5
   Compiling atomic-waker v1.1.2
   Compiling futures-channel v0.3.33
   Compiling zmij v1.0.23
   Compiling sync_wrapper v1.0.2
   Compiling want v0.3.1
   Compiling form_urlencoded v1.2.2
   Compiling equivalent v1.0.2
   Compiling base64 v0.22.1
   Compiling serde_json v1.0.151
   Compiling tracing-core v0.1.36
   Compiling ipnet v2.12.0
   Compiling hashbrown v0.17.1
   Compiling regex-syntax v0.8.11
   Compiling tower-layer v0.3.3
   Compiling log v0.4.33
   Compiling futures-util v0.3.33
   Compiling getrandom v0.4.3
   Compiling lazy_static v1.5.0
   Compiling signature v2.2.0
   Compiling rustc_version v0.4.1
   Compiling rustls-pki-types v1.15.1
   Compiling winnow v0.7.15
   Compiling memchr v2.8.3
   Compiling anyhow v1.0.104
   Compiling toml_write v0.1.2
   Compiling bitflags v2.13.1
   Compiling generic-array v0.14.7
   Compiling ryu v1.0.23
   Compiling ed25519 v2.2.3
   Compiling sharded-slab v0.1.7
   Compiling thread_local v1.1.10
   Compiling nu-ansi-term v0.50.3
   Compiling hex v0.4.3
   Compiling curve25519-dalek v4.1.3
   Compiling http v1.4.2
   Compiling tracing-log v0.2.0
   Compiling webpki-roots v1.0.9
   Compiling indexmap v2.14.0
   Compiling syn v2.0.119
   Compiling syn v3.0.3
   Compiling ring v0.17.14
   Compiling http-body v1.1.0
   Compiling http-body-util v0.1.4
   Compiling errno v0.3.14
   Compiling socket2 v0.6.5
   Compiling mio v1.2.2
   Compiling getrandom v0.2.17
   Compiling cpufeatures v0.2.17
   Compiling regex-automata v0.4.16
   Compiling signal-hook-registry v1.4.8
   Compiling crypto-common v0.1.7
   Compiling block-buffer v0.10.4
   Compiling digest v0.10.7
   Compiling sha2 v0.10.9
   Compiling uuid v1.24.0
   Compiling ed25519-dalek v2.2.0
   Compiling serde_derive v1.0.229
   Compiling matchers v0.2.0
   Compiling synstructure v0.13.2
   Compiling zerovec-derive v0.10.3
   Compiling displaydoc v0.2.6
   Compiling icu_provider_macros v1.5.0
   Compiling tokio-macros v2.7.1
   Compiling tracing-attributes v0.1.31
   Compiling zerofrom-derive v0.1.7
   Compiling yoke-derive v0.7.5
   Compiling rustls-webpki v0.103.15
   Compiling tokio v1.53.1
   Compiling toml_datetime v0.6.11
   Compiling serde_spanned v0.6.9
   Compiling serde_urlencoded v0.7.1
   Compiling toml_edit v0.22.27
   Compiling zerofrom v0.1.8
   Compiling tracing v0.1.44
   Compiling yoke v0.7.5
   Compiling tracing-subscriber v0.3.23
   Compiling zerovec v0.10.4
   Compiling tinystr v0.7.6
   Compiling icu_collections v1.5.0
   Compiling icu_locid v1.5.0
   Compiling icu_provider v1.5.0
   Compiling toml v0.8.23
   Compiling icu_locid_transform v1.5.0
   Compiling icu_properties v1.5.1
   Compiling hyper v1.11.0
   Compiling tower v0.5.3
   Compiling tokio-rustls v0.26.4
   Compiling icu_normalizer v1.5.0
   Compiling hyper-util v0.1.20
   Compiling idna_adapter v1.2.0
   Compiling idna v1.0.3
   Compiling url v2.5.4
   Compiling tower-http v0.6.11
   Compiling hyper-rustls v0.27.9
   Compiling reqwest v0.12.28
   Compiling invenqor-agent v0.2.38 (/project)
    Finished `release` profile [optimized] target(s) in 17.01s
info: syncing channel updates for 1.85.0-x86_64-unknown-linux-gnu

  1.85.0-x86_64-unknown-linux-gnu unchanged - rustc 1.85.0 (4d91de4e4 2025-02-17)

info: checking for self-update (current version: 1.29.1)
   Compiling proc-macro2 v1.0.107
   Compiling quote v1.0.47
   Compiling unicode-ident v1.0.24
   Compiling cfg-if v1.0.4
   Compiling stable_deref_trait v1.2.1
   Compiling windows-link v0.2.1
   Compiling pin-project-lite v0.2.17
   Compiling serde_core v1.0.229
   Compiling bytes v1.12.1
   Compiling smallvec v1.15.2
   Compiling find-msvc-tools v0.1.9
   Compiling litemap v0.7.5
   Compiling icu_locid_transform_data v1.5.1
   Compiling itoa v1.0.18
   Compiling writeable v0.5.5
   Compiling shlex v2.0.1
   Compiling futures-core v0.3.33
   Compiling zeroize v1.9.0
   Compiling version_check v0.9.5
   Compiling icu_properties_data v1.5.1
   Compiling once_cell v1.21.4
   Compiling serde v1.0.229
   Compiling icu_normalizer_data v1.5.1
   Compiling typenum v1.20.1
   Compiling percent-encoding v2.3.2
   Compiling write16 v1.0.0
   Compiling httparse v1.10.1
   Compiling utf16_iter v1.0.5
   Compiling utf8_iter v1.0.4
   Compiling futures-task v0.3.33
   Compiling slab v0.4.12
   Compiling subtle v2.6.1
   Compiling windows-sys v0.61.2
   Compiling getrandom v0.2.17
   Compiling untrusted v0.9.0
   Compiling semver v1.0.28
   Compiling rustls v0.23.45
   Compiling cc v1.4.0
   Compiling rustls-pki-types v1.15.1
   Compiling try-lock v0.2.5
   Compiling tower-service v0.3.3
   Compiling libc v0.2.189
   Compiling form_urlencoded v1.2.2
   Compiling futures-channel v0.3.33
   Compiling zmij v1.0.23
   Compiling atomic-waker v1.1.2
   Compiling sync_wrapper v1.0.2
   Compiling serde_json v1.0.151
   Compiling ipnet v2.12.0
   Compiling getrandom v0.4.3
   Compiling futures-util v0.3.33
   Compiling want v0.3.1
   Compiling log v0.4.33
   Compiling regex-syntax v0.8.11
   Compiling cpufeatures v0.2.17
   Compiling tracing-core v0.1.36
   Compiling hashbrown v0.17.1
   Compiling base64 v0.22.1
   Compiling rustc_version v0.4.1
   Compiling equivalent v1.0.2
   Compiling tower-layer v0.3.3
   Compiling toml_write v0.1.2
   Compiling lazy_static v1.5.0
   Compiling generic-array v0.14.7
   Compiling anyhow v1.0.104
   Compiling ryu v1.0.23
   Compiling winnow v0.7.15
   Compiling bitflags v2.13.1
   Compiling memchr v2.8.3
   Compiling signature v2.2.0
   Compiling sharded-slab v0.1.7
   Compiling thread_local v1.1.10
   Compiling hex v0.4.3
   Compiling ed25519 v2.2.3
   Compiling webpki-roots v1.0.9
   Compiling curve25519-dalek v4.1.3
   Compiling http v1.4.2
   Compiling tracing-log v0.2.0
   Compiling indexmap v2.14.0
   Compiling syn v2.0.119
   Compiling syn v3.0.3
   Compiling ring v0.17.14
   Compiling http-body v1.1.0
   Compiling http-body-util v0.1.4
   Compiling block-buffer v0.10.4
   Compiling crypto-common v0.1.7
   Compiling digest v0.10.7
   Compiling sha2 v0.10.9
   Compiling regex-automata v0.4.16
   Compiling uuid v1.24.0
   Compiling mio v1.2.2
   Compiling socket2 v0.6.5
   Compiling nu-ansi-term v0.50.3
   Compiling serde_derive v1.0.229
   Compiling matchers v0.2.0
   Compiling synstructure v0.13.2
   Compiling rustls-webpki v0.103.15
   Compiling zerofrom-derive v0.1.7
   Compiling yoke-derive v0.7.5
   Compiling zerovec-derive v0.10.3
   Compiling displaydoc v0.2.6
   Compiling icu_provider_macros v1.5.0
   Compiling tokio-macros v2.7.1
   Compiling tracing-attributes v0.1.31
   Compiling curve25519-dalek-derive v0.1.1
   Compiling tokio v1.53.1
   Compiling serde_spanned v0.6.9
   Compiling toml_datetime v0.6.11
   Compiling serde_urlencoded v0.7.1
   Compiling tracing v0.1.44
   Compiling toml_edit v0.22.27
   Compiling zerofrom v0.1.8
   Compiling tracing-subscriber v0.3.23
   Compiling yoke v0.7.5
   Compiling zerovec v0.10.4
   Compiling ed25519-dalek v2.2.0
   Compiling tinystr v0.7.6
   Compiling icu_collections v1.5.0
   Compiling icu_locid v1.5.0
   Compiling icu_provider v1.5.0
   Compiling toml v0.8.23
   Compiling icu_locid_transform v1.5.0
   Compiling icu_properties v1.5.1
   Compiling hyper v1.11.0
   Compiling tower v0.5.3
   Compiling tokio-rustls v0.26.4
   Compiling icu_normalizer v1.5.0
   Compiling hyper-util v0.1.20
   Compiling idna_adapter v1.2.0
   Compiling idna v1.0.3
   Compiling url v2.5.4
   Compiling hyper-rustls v0.27.9
   Compiling tower-http v0.6.11
   Compiling reqwest v0.12.28
   Compiling invenqor-agent v0.2.38 (/project)
    Finished `release` profile [optimized] target(s) in 15.51s
