#0 building with "default" instance using docker driver

#1 [internal] load build definition from Dockerfile
#1 transferring dockerfile: 2.13kB done
#1 DONE 0.0s

#2 [internal] load metadata for docker.io/library/node:22-alpine
#2 DONE 0.0s

#3 [internal] load metadata for docker.io/library/golang:1.25-alpine
#3 ...

#4 [internal] load metadata for gcr.io/distroless/static-debian12:nonroot
#4 DONE 0.6s

#3 [internal] load metadata for docker.io/library/golang:1.25-alpine
#3 DONE 1.1s

#5 [internal] load .dockerignore
#5 transferring context: 493B done
#5 DONE 0.0s

#6 [web 1/6] FROM docker.io/library/node:22-alpine@sha256:c610fcdfb1d5b4740dd70c284ed3cb16bb857e0f7166196e36a5501df7a3aa32
#6 resolve docker.io/library/node:22-alpine@sha256:c610fcdfb1d5b4740dd70c284ed3cb16bb857e0f7166196e36a5501df7a3aa32 0.0s done
#6 DONE 0.0s

#7 [server 1/5] FROM docker.io/library/golang:1.25-alpine@sha256:1ae0735f00daffa3aaf1363a5184c0d2dc55c78e3db4ec70241cdac97bf84b59
#7 resolve docker.io/library/golang:1.25-alpine@sha256:1ae0735f00daffa3aaf1363a5184c0d2dc55c78e3db4ec70241cdac97bf84b59 0.0s done
#7 DONE 0.0s

#8 [stage-2 1/3] FROM gcr.io/distroless/static-debian12:nonroot@sha256:afa5c872c891853ca7fcf1f12c3edb23f7eeef36189728842dd51042ff57f7ab
#8 resolve gcr.io/distroless/static-debian12:nonroot@sha256:afa5c872c891853ca7fcf1f12c3edb23f7eeef36189728842dd51042ff57f7ab 0.0s done
#8 DONE 0.0s

#9 [internal] load build context
#9 transferring context: 2.51MB 0.0s done
#9 DONE 0.1s

#10 [server 2/5] WORKDIR /src
#10 CACHED

#11 [web 2/6] WORKDIR /src/web
#11 CACHED

#12 [web 3/6] COPY web/package*.json ./
#12 DONE 0.0s

#13 [server 3/5] COPY server/ ./server/
#13 DONE 0.1s

#14 [web 4/6] RUN npm ci
#14 4.989 
#14 4.989 added 108 packages, and audited 109 packages in 5s
#14 4.989 
#14 4.989 19 packages are looking for funding
#14 4.989   run `npm fund` for details
#14 4.993 
#14 4.993 2 moderate severity vulnerabilities
#14 4.993 
#14 4.993 To address all issues (including breaking changes), run:
#14 4.993   npm audit fix --force
#14 4.993 
#14 4.993 Run `npm audit` for details.
#14 4.994 npm notice
#14 4.994 npm notice New major version of npm available! 10.9.8 -> 12.0.2
#14 4.994 npm notice Changelog: https://github.com/npm/cli/releases/tag/v12.0.2
#14 4.994 npm notice To update run: npm install -g npm@12.0.2
#14 4.994 npm notice
#14 DONE 5.2s

#15 [web 5/6] COPY web/ ./
#15 DONE 0.1s

#16 [web 6/6] RUN npm run build
#16 0.263 
#16 0.263 > invenqor-console@0.2.38 build
#16 0.263 > tsc -b && vite build && node scripts/sync-embedded.mjs
#16 0.263 
#16 3.628 vite v7.3.6 building client environment for production...
#16 3.673 transforming...
#16 5.289 ✓ 1595 modules transformed.
#16 5.430 rendering chunks...
#16 5.436 computing gzip size...
#16 5.445 dist/index.html                   0.45 kB │ gzip:   0.29 kB
#16 5.445 dist/assets/index-DU5XvrDD.css   70.43 kB │ gzip:  13.84 kB
#16 5.445 dist/assets/index-BeEh1etb.js   435.01 kB │ gzip: 132.22 kB
#16 5.445 ✓ built in 1.80s
#16 5.523 Synchronized the React build into the Server embedded UI.
#16 DONE 5.5s

#17 [server 4/5] COPY --from=web /src/web/dist/ ./server/internal/webui/dist/
#17 DONE 0.0s

#18 [server 5/5] RUN cd server &&     pkg=github.com/hkjang/invenqor/server/internal/version &&     ldflags="-s -w -X ${pkg}.Commit=a537cdb02ae0172e73888b9e78d410c5fb315e5c -X ${pkg}.BuildTime=2026-09-19T22:14:41Z" &&     if [ -n "0.2.38" ]; then ldflags="${ldflags} -X ${pkg}.Version=0.2.38"; fi &&     CGO_ENABLED=0 go build -trimpath -ldflags="${ldflags}"     -o /out/invenqor-server ./cmd/invenqor-server     && mkdir -p /out/state
#18 0.316 go: downloading github.com/google/uuid v1.6.0
#18 0.317 go: downloading github.com/coreos/go-oidc/v3 v3.20.0
#18 0.317 go: downloading golang.org/x/crypto v0.54.0
#18 0.318 go: downloading golang.org/x/oauth2 v0.36.0
#18 0.323 go: downloading golang.org/x/sys v0.47.0
#18 0.327 go: downloading github.com/jackc/pgx/v5 v5.10.0
#18 0.327 go: downloading modernc.org/sqlite v1.54.0
#18 0.374 go: downloading github.com/go-chi/chi/v5 v5.3.1
#18 0.375 go: downloading golang.org/x/sync v0.22.0
#18 0.951 go: downloading github.com/go-jose/go-jose/v4 v4.1.4
#18 1.055 go: downloading github.com/jackc/puddle/v2 v2.2.2
#18 1.055 go: downloading github.com/jackc/pgpassfile v1.0.0
#18 1.055 go: downloading golang.org/x/text v0.40.0
#18 1.056 go: downloading github.com/jackc/pgservicefile v0.0.0-20240606120523-5a60cdf6a761
#18 4.508 go: downloading modernc.org/libc v1.74.1
#18 7.288 go: downloading modernc.org/mathutil v1.7.1
#18 7.288 go: downloading modernc.org/memory v1.11.0
#18 7.288 go: downloading github.com/dustin/go-humanize v1.0.1
#18 7.328 go: downloading github.com/remyoudompheng/bigfft v0.0.0-20230129092748-24d4a6f8daec
#18 DONE 16.8s

#8 [stage-2 1/3] FROM gcr.io/distroless/static-debian12:nonroot@sha256:afa5c872c891853ca7fcf1f12c3edb23f7eeef36189728842dd51042ff57f7ab
#8 CACHED

#19 [stage-2 2/3] COPY --from=server /out/invenqor-server /usr/local/bin/invenqor-server
#19 DONE 0.4s

#20 [stage-2 3/3] COPY --chown=65532:65532 --from=server /out/state /var/lib/invenqor-server
#20 DONE 0.0s

#21 exporting to image
#21 exporting layers
#21 exporting layers 0.4s done
#21 exporting manifest sha256:e99e0abb5a6f0242868348d4645fc1b62b3e7c8d6cc2fba44cea535fd68b6d6e 0.0s done
#21 exporting config sha256:796b9054657f7cdfcb44823037ddb94e5ca4a3363154c81aedd13fd3bc74a004 0.0s done
#21 exporting attestation manifest sha256:453a5bdaf7e4237ad0127354beb908db79e81bac4a100e3b721c954a1f3159c1 0.0s done
#21 exporting manifest list sha256:db348331bbfe9cfc490112bc892892ff8d60f422d56d61f673ba65c85ac3f250 0.0s done
#21 naming to docker.io/library/invenqor:v0.2.38 done
#21 unpacking to docker.io/library/invenqor:v0.2.38 0.1s done
#21 DONE 0.6s
17-alpine: Pulling from library/postgres
Digest: sha256:f02121de6f74d30d8a94cd1d9584125e2178d7e6c377d8130112d4e52d867995
Status: Image is up to date for postgres:17-alpine
docker.io/library/postgres:17-alpine
/mnt/c/Users/USER/projects/aidev/state/runs/2026-09-20-064412-Invenqor-improve/assets/invenqor-v0.2.38.tar.gz
