1440 sla.critical_days typing 1.5 -> display=15, PUT=15
1440 sla.critical_days paste 1.5 -> display=1, PUT=1
1440 sla.high_days typing 1.5 -> display=15, PUT=15
1440 sla.high_days paste 1.5 -> display=1, PUT=1
1440 sla.medium_days typing 1.5 -> display=15, PUT=15
1440 sla.medium_days paste 1.5 -> display=1, PUT=1
1440 sla.low_days typing 1.5 -> display=15, PUT=15
1440 sla.low_days paste 1.5 -> display=1, PUT=1
1440 sla.info_days typing 1.5 -> display=15, PUT=15
1440 sla.info_days paste 1.5 -> display=1, PUT=1
1440 sla.due_soon_days typing 1.5 -> display=15, PUT=15
1440 sla.due_soon_days paste 1.5 -> display=1, PUT=1
1440 risk.kev_boost typing 1.5 -> display=15, PUT=15
1440 risk.kev_boost paste 1.5 -> display=1, PUT=1
1440 risk.epss_boost typing 1.5 -> display=15, PUT=15
1440 risk.epss_boost paste 1.5 -> display=1, PUT=1
1440 risk.stale_after_days typing 1.5 -> display=15, PUT=15
1440 risk.stale_after_days paste 1.5 -> display=1, PUT=1
1440 risk.epss_threshold typing 0 -> PUT=0
1440 risk.epss_threshold typing 0.1 -> PUT=0.1
1440 risk.epss_threshold typing 0.125 -> PUT=0.125
1440 risk.epss_threshold typing 1 -> PUT=1
1440 risk.epss_threshold paste 0 -> PUT=0
1440 risk.epss_threshold paste 0.1 -> PUT=0.1
1440 risk.epss_threshold paste 0.125 -> PUT=0.125
1440 risk.epss_threshold paste 1 -> PUT=1
1440: group save/draft preservation PASS; page errors=0; other synthetic API routes=[]
390 sla.critical_days typing 1.5 -> display=15, PUT=15
390 sla.critical_days paste 1.5 -> display=1, PUT=1
390 sla.high_days typing 1.5 -> display=15, PUT=15
390 sla.high_days paste 1.5 -> display=1, PUT=1
390 sla.medium_days typing 1.5 -> display=15, PUT=15
390 sla.medium_days paste 1.5 -> display=1, PUT=1
390 sla.low_days typing 1.5 -> display=15, PUT=15
390 sla.low_days paste 1.5 -> display=1, PUT=1
390 sla.info_days typing 1.5 -> display=15, PUT=15
390 sla.info_days paste 1.5 -> display=1, PUT=1
390 sla.due_soon_days typing 1.5 -> display=15, PUT=15
390 sla.due_soon_days paste 1.5 -> display=1, PUT=1
390 risk.kev_boost typing 1.5 -> display=15, PUT=15
390 risk.kev_boost paste 1.5 -> display=1, PUT=1
390 risk.epss_boost typing 1.5 -> display=15, PUT=15
390 risk.epss_boost paste 1.5 -> display=1, PUT=1
390 risk.stale_after_days typing 1.5 -> display=15, PUT=15
390 risk.stale_after_days paste 1.5 -> display=1, PUT=1
390 risk.epss_threshold typing 0 -> PUT=0
390 risk.epss_threshold typing 0.1 -> PUT=0.1
390 risk.epss_threshold typing 0.125 -> PUT=0.125
390 risk.epss_threshold typing 1 -> PUT=1
390 risk.epss_threshold paste 0 -> PUT=0
390 risk.epss_threshold paste 0.1 -> PUT=0.1
390 risk.epss_threshold paste 0.125 -> PUT=0.125
390 risk.epss_threshold paste 1 -> PUT=1
390: group save/draft preservation PASS; page errors=0; other synthetic API routes=[]
PASS: desktop/mobile numeric input, clipboard paste, blur, PUT bodies, boundaries, EPSS fractions and group draft preservation
