=== RUN   TestFindingOpsParsingAndValidation
--- PASS: TestFindingOpsParsingAndValidation (0.00s)
=== RUN   TestFindingOpsSettingsNumericContract
=== RUN   TestFindingOpsSettingsNumericContract/sla/critical_days
=== RUN   TestFindingOpsSettingsNumericContract/sla/critical_days/fraction
=== RUN   TestFindingOpsSettingsNumericContract/sla/critical_days/minimum
=== RUN   TestFindingOpsSettingsNumericContract/sla/critical_days/maximum
=== RUN   TestFindingOpsSettingsNumericContract/sla/critical_days/below_minimum
=== RUN   TestFindingOpsSettingsNumericContract/sla/critical_days/above_maximum
=== RUN   TestFindingOpsSettingsNumericContract/sla/high_days
=== RUN   TestFindingOpsSettingsNumericContract/sla/high_days/fraction
=== RUN   TestFindingOpsSettingsNumericContract/sla/high_days/minimum
=== RUN   TestFindingOpsSettingsNumericContract/sla/high_days/maximum
=== RUN   TestFindingOpsSettingsNumericContract/sla/high_days/below_minimum
=== RUN   TestFindingOpsSettingsNumericContract/sla/high_days/above_maximum
=== RUN   TestFindingOpsSettingsNumericContract/sla/medium_days
=== RUN   TestFindingOpsSettingsNumericContract/sla/medium_days/fraction
=== RUN   TestFindingOpsSettingsNumericContract/sla/medium_days/minimum
=== RUN   TestFindingOpsSettingsNumericContract/sla/medium_days/maximum
=== RUN   TestFindingOpsSettingsNumericContract/sla/medium_days/below_minimum
=== RUN   TestFindingOpsSettingsNumericContract/sla/medium_days/above_maximum
=== RUN   TestFindingOpsSettingsNumericContract/sla/low_days
=== RUN   TestFindingOpsSettingsNumericContract/sla/low_days/fraction
=== RUN   TestFindingOpsSettingsNumericContract/sla/low_days/minimum
=== RUN   TestFindingOpsSettingsNumericContract/sla/low_days/maximum
=== RUN   TestFindingOpsSettingsNumericContract/sla/low_days/below_minimum
=== RUN   TestFindingOpsSettingsNumericContract/sla/low_days/above_maximum
=== RUN   TestFindingOpsSettingsNumericContract/sla/info_days
=== RUN   TestFindingOpsSettingsNumericContract/sla/info_days/fraction
=== RUN   TestFindingOpsSettingsNumericContract/sla/info_days/minimum
=== RUN   TestFindingOpsSettingsNumericContract/sla/info_days/maximum
=== RUN   TestFindingOpsSettingsNumericContract/sla/info_days/below_minimum
=== RUN   TestFindingOpsSettingsNumericContract/sla/info_days/above_maximum
=== RUN   TestFindingOpsSettingsNumericContract/sla/due_soon_days
=== RUN   TestFindingOpsSettingsNumericContract/sla/due_soon_days/fraction
=== RUN   TestFindingOpsSettingsNumericContract/sla/due_soon_days/minimum
=== RUN   TestFindingOpsSettingsNumericContract/sla/due_soon_days/maximum
=== RUN   TestFindingOpsSettingsNumericContract/sla/due_soon_days/below_minimum
=== RUN   TestFindingOpsSettingsNumericContract/sla/due_soon_days/above_maximum
=== RUN   TestFindingOpsSettingsNumericContract/risk/kev_boost
=== RUN   TestFindingOpsSettingsNumericContract/risk/kev_boost/fraction
=== RUN   TestFindingOpsSettingsNumericContract/risk/kev_boost/minimum
=== RUN   TestFindingOpsSettingsNumericContract/risk/kev_boost/maximum
=== RUN   TestFindingOpsSettingsNumericContract/risk/kev_boost/below_minimum
=== RUN   TestFindingOpsSettingsNumericContract/risk/kev_boost/above_maximum
=== RUN   TestFindingOpsSettingsNumericContract/risk/epss_boost
=== RUN   TestFindingOpsSettingsNumericContract/risk/epss_boost/fraction
=== RUN   TestFindingOpsSettingsNumericContract/risk/epss_boost/minimum
=== RUN   TestFindingOpsSettingsNumericContract/risk/epss_boost/maximum
=== RUN   TestFindingOpsSettingsNumericContract/risk/epss_boost/below_minimum
=== RUN   TestFindingOpsSettingsNumericContract/risk/epss_boost/above_maximum
=== RUN   TestFindingOpsSettingsNumericContract/risk/stale_after_days
=== RUN   TestFindingOpsSettingsNumericContract/risk/stale_after_days/fraction
=== RUN   TestFindingOpsSettingsNumericContract/risk/stale_after_days/minimum
=== RUN   TestFindingOpsSettingsNumericContract/risk/stale_after_days/maximum
=== RUN   TestFindingOpsSettingsNumericContract/risk/stale_after_days/below_minimum
=== RUN   TestFindingOpsSettingsNumericContract/risk/stale_after_days/above_maximum
=== RUN   TestFindingOpsSettingsNumericContract/risk/epss_threshold
=== RUN   TestFindingOpsSettingsNumericContract/risk/epss_threshold/0
=== RUN   TestFindingOpsSettingsNumericContract/risk/epss_threshold/0.1
=== RUN   TestFindingOpsSettingsNumericContract/risk/epss_threshold/0.125
=== RUN   TestFindingOpsSettingsNumericContract/risk/epss_threshold/1
=== RUN   TestFindingOpsSettingsNumericContract/risk/epss_threshold/-0.1
=== RUN   TestFindingOpsSettingsNumericContract/risk/epss_threshold/1.1
--- PASS: TestFindingOpsSettingsNumericContract (0.00s)
    --- PASS: TestFindingOpsSettingsNumericContract/sla/critical_days (0.00s)
        --- PASS: TestFindingOpsSettingsNumericContract/sla/critical_days/fraction (0.00s)
        --- PASS: TestFindingOpsSettingsNumericContract/sla/critical_days/minimum (0.00s)
        --- PASS: TestFindingOpsSettingsNumericContract/sla/critical_days/maximum (0.00s)
        --- PASS: TestFindingOpsSettingsNumericContract/sla/critical_days/below_minimum (0.00s)
        --- PASS: TestFindingOpsSettingsNumericContract/sla/critical_days/above_maximum (0.00s)
    --- PASS: TestFindingOpsSettingsNumericContract/sla/high_days (0.00s)
        --- PASS: TestFindingOpsSettingsNumericContract/sla/high_days/fraction (0.00s)
        --- PASS: TestFindingOpsSettingsNumericContract/sla/high_days/minimum (0.00s)
        --- PASS: TestFindingOpsSettingsNumericContract/sla/high_days/maximum (0.00s)
        --- PASS: TestFindingOpsSettingsNumericContract/sla/high_days/below_minimum (0.00s)
        --- PASS: TestFindingOpsSettingsNumericContract/sla/high_days/above_maximum (0.00s)
    --- PASS: TestFindingOpsSettingsNumericContract/sla/medium_days (0.00s)
        --- PASS: TestFindingOpsSettingsNumericContract/sla/medium_days/fraction (0.00s)
        --- PASS: TestFindingOpsSettingsNumericContract/sla/medium_days/minimum (0.00s)
        --- PASS: TestFindingOpsSettingsNumericContract/sla/medium_days/maximum (0.00s)
        --- PASS: TestFindingOpsSettingsNumericContract/sla/medium_days/below_minimum (0.00s)
        --- PASS: TestFindingOpsSettingsNumericContract/sla/medium_days/above_maximum (0.00s)
    --- PASS: TestFindingOpsSettingsNumericContract/sla/low_days (0.00s)
        --- PASS: TestFindingOpsSettingsNumericContract/sla/low_days/fraction (0.00s)
        --- PASS: TestFindingOpsSettingsNumericContract/sla/low_days/minimum (0.00s)
        --- PASS: TestFindingOpsSettingsNumericContract/sla/low_days/maximum (0.00s)
        --- PASS: TestFindingOpsSettingsNumericContract/sla/low_days/below_minimum (0.00s)
        --- PASS: TestFindingOpsSettingsNumericContract/sla/low_days/above_maximum (0.00s)
    --- PASS: TestFindingOpsSettingsNumericContract/sla/info_days (0.00s)
        --- PASS: TestFindingOpsSettingsNumericContract/sla/info_days/fraction (0.00s)
        --- PASS: TestFindingOpsSettingsNumericContract/sla/info_days/minimum (0.00s)
        --- PASS: TestFindingOpsSettingsNumericContract/sla/info_days/maximum (0.00s)
        --- PASS: TestFindingOpsSettingsNumericContract/sla/info_days/below_minimum (0.00s)
        --- PASS: TestFindingOpsSettingsNumericContract/sla/info_days/above_maximum (0.00s)
    --- PASS: TestFindingOpsSettingsNumericContract/sla/due_soon_days (0.00s)
        --- PASS: TestFindingOpsSettingsNumericContract/sla/due_soon_days/fraction (0.00s)
        --- PASS: TestFindingOpsSettingsNumericContract/sla/due_soon_days/minimum (0.00s)
        --- PASS: TestFindingOpsSettingsNumericContract/sla/due_soon_days/maximum (0.00s)
        --- PASS: TestFindingOpsSettingsNumericContract/sla/due_soon_days/below_minimum (0.00s)
        --- PASS: TestFindingOpsSettingsNumericContract/sla/due_soon_days/above_maximum (0.00s)
    --- PASS: TestFindingOpsSettingsNumericContract/risk/kev_boost (0.00s)
        --- PASS: TestFindingOpsSettingsNumericContract/risk/kev_boost/fraction (0.00s)
        --- PASS: TestFindingOpsSettingsNumericContract/risk/kev_boost/minimum (0.00s)
        --- PASS: TestFindingOpsSettingsNumericContract/risk/kev_boost/maximum (0.00s)
        --- PASS: TestFindingOpsSettingsNumericContract/risk/kev_boost/below_minimum (0.00s)
        --- PASS: TestFindingOpsSettingsNumericContract/risk/kev_boost/above_maximum (0.00s)
    --- PASS: TestFindingOpsSettingsNumericContract/risk/epss_boost (0.00s)
        --- PASS: TestFindingOpsSettingsNumericContract/risk/epss_boost/fraction (0.00s)
        --- PASS: TestFindingOpsSettingsNumericContract/risk/epss_boost/minimum (0.00s)
        --- PASS: TestFindingOpsSettingsNumericContract/risk/epss_boost/maximum (0.00s)
        --- PASS: TestFindingOpsSettingsNumericContract/risk/epss_boost/below_minimum (0.00s)
        --- PASS: TestFindingOpsSettingsNumericContract/risk/epss_boost/above_maximum (0.00s)
    --- PASS: TestFindingOpsSettingsNumericContract/risk/stale_after_days (0.00s)
        --- PASS: TestFindingOpsSettingsNumericContract/risk/stale_after_days/fraction (0.00s)
        --- PASS: TestFindingOpsSettingsNumericContract/risk/stale_after_days/minimum (0.00s)
        --- PASS: TestFindingOpsSettingsNumericContract/risk/stale_after_days/maximum (0.00s)
        --- PASS: TestFindingOpsSettingsNumericContract/risk/stale_after_days/below_minimum (0.00s)
        --- PASS: TestFindingOpsSettingsNumericContract/risk/stale_after_days/above_maximum (0.00s)
    --- PASS: TestFindingOpsSettingsNumericContract/risk/epss_threshold (0.00s)
        --- PASS: TestFindingOpsSettingsNumericContract/risk/epss_threshold/0 (0.00s)
        --- PASS: TestFindingOpsSettingsNumericContract/risk/epss_threshold/0.1 (0.00s)
        --- PASS: TestFindingOpsSettingsNumericContract/risk/epss_threshold/0.125 (0.00s)
        --- PASS: TestFindingOpsSettingsNumericContract/risk/epss_threshold/1 (0.00s)
        --- PASS: TestFindingOpsSettingsNumericContract/risk/epss_threshold/-0.1 (0.00s)
        --- PASS: TestFindingOpsSettingsNumericContract/risk/epss_threshold/1.1 (0.00s)
PASS
ok  	github.com/hkjang/hunter/internal/app	0.025s
