#0 building with "default" instance using docker driver

#1 [internal] load build definition from Dockerfile
#1 transferring dockerfile: 1.43kB done
#1 DONE 0.0s

#2 resolve image config for docker-image://docker.io/docker/dockerfile:1.7
#2 DONE 1.2s

#3 docker-image://docker.io/docker/dockerfile:1.7@sha256:a57df69d0ea827fb7266491f2813635de6f17269be881f696fbfdf2d83dda33e
#3 resolve docker.io/docker/dockerfile:1.7@sha256:a57df69d0ea827fb7266491f2813635de6f17269be881f696fbfdf2d83dda33e 0.0s done
#3 CACHED

#4 [internal] load metadata for docker.io/library/debian:bookworm-slim
#4 ...

#5 [internal] load metadata for docker.io/library/golang:1.24-bookworm
#5 DONE 1.1s

#4 [internal] load metadata for docker.io/library/debian:bookworm-slim
#4 DONE 1.2s

#6 [internal] load metadata for docker.io/library/node:24-alpine
#6 DONE 1.2s

#7 [internal] load .dockerignore
#7 transferring context: 99B done
#7 DONE 0.0s

#8 [web 1/6] FROM docker.io/library/node:24-alpine@sha256:ebfe2f90462722a7a4de65e91990e97fe0d401c70e0e762c5b53302f905ec1c1
#8 resolve docker.io/library/node:24-alpine@sha256:ebfe2f90462722a7a4de65e91990e97fe0d401c70e0e762c5b53302f905ec1c1 0.0s done
#8 DONE 0.0s

#9 [backend 1/9] FROM docker.io/library/golang:1.24-bookworm@sha256:1a6d4452c65dea36aac2e2d606b01b4a029ec90cc1ae53890540ce6173ea77ac
#9 resolve docker.io/library/golang:1.24-bookworm@sha256:1a6d4452c65dea36aac2e2d606b01b4a029ec90cc1ae53890540ce6173ea77ac 0.0s done
#9 DONE 0.0s

#10 [stage-2 1/3] FROM docker.io/library/debian:bookworm-slim@sha256:3783cc01769c7b2b1b83a5c5ad96c815348e28ed7da68e2e3687004faa906251
#10 resolve docker.io/library/debian:bookworm-slim@sha256:3783cc01769c7b2b1b83a5c5ad96c815348e28ed7da68e2e3687004faa906251 0.0s done
#10 DONE 0.0s

#11 [internal] load build context
#11 transferring context: 1.29MB 0.0s done
#11 DONE 0.0s

#12 [web 2/6] WORKDIR /src/web
#12 CACHED

#13 [backend 2/9] WORKDIR /src
#13 CACHED

#14 [backend 3/9] COPY go.mod go.sum ./
#14 CACHED

#15 [backend 4/9] RUN go mod download
#15 CACHED

#16 [backend 5/9] COPY cmd/ cmd/
#16 CACHED

#17 [web 3/6] COPY web/package.json web/package-lock.json ./
#17 DONE 0.1s

#18 [backend 6/9] COPY internal/ internal/
#18 DONE 0.1s

#19 [backend 7/9] RUN rm -rf cmd/visitflow/webdist && mkdir -p cmd/visitflow/webdist
#19 DONE 0.4s

#20 [web 4/6] RUN npm ci --ignore-scripts && node node_modules/esbuild/install.js
#20 14.24 
#20 14.24 added 172 packages, and audited 173 packages in 14s
#20 14.24 
#20 14.24 35 packages are looking for funding
#20 14.24   run `npm fund` for details
#20 14.25 
#20 14.25 2 moderate severity vulnerabilities
#20 14.25 
#20 14.25 To address all issues (including breaking changes), run:
#20 14.25   npm audit fix --force
#20 14.25 
#20 14.25 Run `npm audit` for details.
#20 14.25 npm notice
#20 14.25 npm notice New major version of npm available! 11.19.0 -> 12.0.2
#20 14.25 npm notice Changelog: https://github.com/npm/cli/releases/tag/v12.0.2
#20 14.25 npm notice To update run: npm install -g npm@12.0.2
#20 14.25 npm notice
#20 DONE 14.4s

#21 [web 5/6] COPY web/ ./
#21 DONE 0.6s

#22 [web 6/6] RUN npm run build
#22 0.267 
#22 0.267 > visitflow-web@2.8.4 build
#22 0.267 > tsc -b && vite build
#22 0.267 
#22 4.167 vite v7.3.6 building client environment for production...
#22 4.218 transforming...
#22 6.420 ✓ 1025 modules transformed.
#22 6.654 rendering chunks...
#22 6.731 computing gzip size...
#22 6.746 dist/index.html                                     0.82 kB │ gzip:   0.46 kB
#22 6.746 dist/assets/SendRounded-Bq1LV9o2.js                 0.26 kB │ gzip:   0.21 kB
#22 6.746 dist/assets/ContentCopyRounded-K8uzaMY1.js          0.26 kB │ gzip:   0.21 kB
#22 6.746 dist/assets/MeetingRoomRounded-BMeYOpKC.js          0.31 kB │ gzip:   0.20 kB
#22 6.746 dist/assets/CheckCircleRounded-NysdD0ur.js          0.32 kB │ gzip:   0.23 kB
#22 6.746 dist/assets/DeleteOutlineRounded-CQxN6Pne.js        0.37 kB │ gzip:   0.26 kB
#22 6.746 dist/assets/SearchRounded-Cm93406p.js               0.38 kB │ gzip:   0.27 kB
#22 6.746 dist/assets/PrintRounded-Dd9RIhUT.js                0.39 kB │ gzip:   0.25 kB
#22 6.746 dist/assets/StopCircleOutlined-C3WMfB42.js          0.41 kB │ gzip:   0.28 kB
#22 6.746 dist/assets/AutorenewRounded-CmkWt19Z.js            0.54 kB │ gzip:   0.34 kB
#22 6.746 dist/assets/TranslateRounded-C-UN-08F.js            0.75 kB │ gzip:   0.45 kB
#22 6.746 dist/assets/ResetPasswordPage-DZ52DXls.js           2.61 kB │ gzip:   1.23 kB
#22 6.746 dist/assets/RosterPage-BXBmO1JK.js                  3.80 kB │ gzip:   2.03 kB
#22 6.746 dist/assets/MobilePassPage-DhAI6Ehs.js              4.35 kB │ gzip:   2.10 kB
#22 6.746 dist/assets/KeysPage-Cc7rqnW8.js                    5.35 kB │ gzip:   2.42 kB
#22 6.746 dist/assets/SelfRegistrationPage-DY1-nzqJ.js        5.44 kB │ gzip:   2.04 kB
#22 6.746 dist/assets/KioskPage-B4H5AMhD.js                   5.75 kB │ gzip:   2.81 kB
#22 6.746 dist/assets/ScannerPage-RUGeCXin.js                 5.86 kB │ gzip:   2.83 kB
#22 6.746 dist/assets/ApprovalsPage-DNNpvmtb.js               6.00 kB │ gzip:   2.46 kB
#22 6.746 dist/assets/GuidePage-BOo198rQ.js                   7.02 kB │ gzip:   2.97 kB
#22 6.746 dist/assets/i18n-COpZ_NGU.js                        7.15 kB │ gzip:   3.60 kB
#22 6.746 dist/assets/LobbyPage-BMMaXrPL.js                   9.01 kB │ gzip:   4.27 kB
#22 6.746 dist/assets/TemplatesPage-Clj0tO_l.js              11.73 kB │ gzip:   4.00 kB
#22 6.746 dist/assets/VisitFormPage-DuT2Za--.js              13.65 kB │ gzip:   5.39 kB
#22 6.746 dist/assets/VisitsPage-BwBdw2Lc.js                 14.60 kB │ gzip:   5.13 kB
#22 6.746 dist/assets/NotificationSettingsPage-P2V2wWPI.js   17.32 kB │ gzip:   5.58 kB
#22 6.746 dist/assets/SettingsPage-DSCRa9Av.js               20.85 kB │ gzip:   8.32 kB
#22 6.746 dist/assets/AdminPage-DWWwN8Sz.js                  48.68 kB │ gzip:  13.90 kB
#22 6.746 dist/assets/react-BbpKA4hf.js                      49.99 kB │ gzip:  17.77 kB
#22 6.746 dist/assets/index-BF-CT8Bh.js                     227.46 kB │ gzip:  73.52 kB
#22 6.746 dist/assets/mui-DXnYUF2f.js                       368.61 kB │ gzip: 111.87 kB
#22 6.746 ✓ built in 2.56s
#22 DONE 6.8s

#23 [backend 8/9] COPY --from=web /src/web/dist/ cmd/visitflow/webdist/
#23 DONE 0.1s

#24 [backend 9/9] RUN CGO_ENABLED=0 GOOS=linux go build -trimpath     -ldflags="-s -w -X main.version=2.8.4 -X main.commit=release-validation -X main.builtAt=release-validation"     -o /out/visitflow ./cmd/visitflow
#24 DONE 6.1s

#25 [stage-2 2/3] RUN apt-get update && apt-get install -y --no-install-recommends ca-certificates tzdata     && rm -rf /var/lib/apt/lists/*     && groupadd --system --gid 10001 visitflow     && useradd --system --uid 10001 --gid visitflow --home-dir /nonexistent visitflow
#25 CACHED

#26 [stage-2 3/3] COPY --from=backend --chown=visitflow:visitflow /out/visitflow /usr/local/bin/visitflow
#26 DONE 0.2s

#27 exporting to image
#27 exporting layers
#27 exporting layers 0.4s done
#27 exporting manifest sha256:ef30c0a7b149a29b4faefba2ea943ecf5223b01ce4261a9aa9d0a9a353d7a95b done
#27 exporting config sha256:ae63cfeeccdffa9695160c464ee448ecfb3e015856a19c21a174e9ece85781b8 done
#27 exporting attestation manifest sha256:3780d9fb37ac18a52f771b3d5e171ddc4be9f252aaec597b885b3625eaea7224 0.0s done
#27 exporting manifest list sha256:2ffa52f8fb7659a881d5e27c424cf94c2af058ee3bbadfa20c35a2ced3407654 done
#27 naming to docker.io/library/visitflow:release-validation done
#27 unpacking to docker.io/library/visitflow:release-validation 0.1s done
#27 DONE 0.6s
