
added 172 packages, and audited 173 packages in 13s

35 packages are looking for funding
  run `npm fund` for details

2 moderate severity vulnerabilities

To address all issues (including breaking changes), run:
  npm audit fix --force

Run `npm audit` for details.

> visitflow-web@2.8.4 lint
> tsc -b --pretty false


> visitflow-web@2.8.4 test
> vitest run


 RUN  v3.2.7 /home/hkjang/.cache/auto-improve-wt/visitflow-release/web

 ✓ src/silentSso.test.ts (8 tests) 5ms

 Test Files  1 passed (1)
      Tests  8 passed (8)
   Start at  03:26:30
   Duration  292ms (transform 44ms, setup 0ms, collect 40ms, tests 5ms, environment 0ms, prepare 64ms)


> visitflow-web@2.8.4 build
> tsc -b && vite build

vite v7.3.6 building client environment for production...
transforming...
✓ 1025 modules transformed.
rendering chunks...
computing gzip size...
dist/index.html                                     0.82 kB │ gzip:   0.46 kB
dist/assets/SendRounded-Bq1LV9o2.js                 0.26 kB │ gzip:   0.21 kB
dist/assets/ContentCopyRounded-K8uzaMY1.js          0.26 kB │ gzip:   0.21 kB
dist/assets/MeetingRoomRounded-BMeYOpKC.js          0.31 kB │ gzip:   0.20 kB
dist/assets/CheckCircleRounded-NysdD0ur.js          0.32 kB │ gzip:   0.23 kB
dist/assets/DeleteOutlineRounded-CQxN6Pne.js        0.37 kB │ gzip:   0.26 kB
dist/assets/SearchRounded-Cm93406p.js               0.38 kB │ gzip:   0.27 kB
dist/assets/PrintRounded-Dd9RIhUT.js                0.39 kB │ gzip:   0.25 kB
dist/assets/StopCircleOutlined-C3WMfB42.js          0.41 kB │ gzip:   0.28 kB
dist/assets/AutorenewRounded-CmkWt19Z.js            0.54 kB │ gzip:   0.34 kB
dist/assets/TranslateRounded-C-UN-08F.js            0.75 kB │ gzip:   0.45 kB
dist/assets/ResetPasswordPage-DZ52DXls.js           2.61 kB │ gzip:   1.23 kB
dist/assets/RosterPage-BXBmO1JK.js                  3.80 kB │ gzip:   2.03 kB
dist/assets/MobilePassPage-DhAI6Ehs.js              4.35 kB │ gzip:   2.10 kB
dist/assets/KeysPage-Cc7rqnW8.js                    5.35 kB │ gzip:   2.42 kB
dist/assets/SelfRegistrationPage-DY1-nzqJ.js        5.44 kB │ gzip:   2.04 kB
dist/assets/KioskPage-B4H5AMhD.js                   5.75 kB │ gzip:   2.81 kB
dist/assets/ScannerPage-RUGeCXin.js                 5.86 kB │ gzip:   2.83 kB
dist/assets/ApprovalsPage-DNNpvmtb.js               6.00 kB │ gzip:   2.46 kB
dist/assets/GuidePage-BOo198rQ.js                   7.02 kB │ gzip:   2.97 kB
dist/assets/i18n-COpZ_NGU.js                        7.15 kB │ gzip:   3.60 kB
dist/assets/LobbyPage-BMMaXrPL.js                   9.01 kB │ gzip:   4.27 kB
dist/assets/TemplatesPage-Clj0tO_l.js              11.73 kB │ gzip:   4.00 kB
dist/assets/VisitFormPage-DuT2Za--.js              13.65 kB │ gzip:   5.39 kB
dist/assets/VisitsPage-BwBdw2Lc.js                 14.60 kB │ gzip:   5.13 kB
dist/assets/NotificationSettingsPage-P2V2wWPI.js   17.32 kB │ gzip:   5.58 kB
dist/assets/SettingsPage-DSCRa9Av.js               20.85 kB │ gzip:   8.32 kB
dist/assets/AdminPage-DWWwN8Sz.js                  48.68 kB │ gzip:  13.90 kB
dist/assets/react-BbpKA4hf.js                      49.99 kB │ gzip:  17.77 kB
dist/assets/index-BF-CT8Bh.js                     227.46 kB │ gzip:  73.52 kB
dist/assets/mui-DXnYUF2f.js                       368.61 kB │ gzip: 111.87 kB
✓ built in 2.29s
