#0 building with "default" instance using docker driver

#1 [internal] load build definition from Dockerfile
#1 transferring dockerfile: 795B done
#1 DONE 0.1s

#2 [internal] load metadata for docker.io/library/alpine:3.21
#2 ...

#3 [internal] load metadata for docker.io/library/golang:1.25.0
#3 DONE 0.2s

#2 [internal] load metadata for docker.io/library/alpine:3.21
#2 DONE 0.5s

#4 [internal] load .dockerignore
#4 transferring context: 72B done
#4 DONE 0.0s

#5 [builder 1/7] FROM docker.io/library/golang:1.25.0@sha256:5502b0e56fca23feba76dbc5387ba59c593c02ccc2f0f7355871ea9a0852cebe
#5 resolve docker.io/library/golang:1.25.0@sha256:5502b0e56fca23feba76dbc5387ba59c593c02ccc2f0f7355871ea9a0852cebe 0.0s done
#5 DONE 0.0s

#6 [stage-1 1/5] FROM docker.io/library/alpine:3.21@sha256:ce64758a109eb420d874a118f87920e625e12d3634e03b4a5573fd9f6e5d3507
#6 resolve docker.io/library/alpine:3.21@sha256:ce64758a109eb420d874a118f87920e625e12d3634e03b4a5573fd9f6e5d3507 0.0s done
#6 DONE 0.0s

#7 [internal] load build context
#7 transferring context: 13.60MB 0.1s done
#7 DONE 0.1s

#8 [builder 2/7] WORKDIR /src
#8 CACHED

#9 [builder 3/7] COPY go.mod go.sum ./
#9 CACHED

#10 [builder 4/7] COPY vendor ./vendor
#10 DONE 0.2s

#11 [builder 5/7] COPY cmd ./cmd
#11 DONE 0.0s

#12 [builder 6/7] COPY internal ./internal
#12 DONE 0.1s

#13 [builder 7/7] RUN go build -mod=vendor -trimpath -o /out/pii-masker ./cmd/pii-masker
#13 DONE 6.6s

#14 [stage-1 2/5] WORKDIR /app
#14 CACHED

#15 [stage-1 3/5] RUN adduser -D -u 10001 appuser
#15 CACHED

#16 [stage-1 4/5] COPY --from=builder /out/pii-masker /app/pii-masker
#16 DONE 0.0s

#17 [stage-1 5/5] RUN mkdir -p /app/data && chown -R appuser:appuser /app
#17 DONE 0.2s

#18 exporting to image
#18 exporting layers
#18 exporting layers 0.5s done
#18 exporting manifest sha256:07a7d6aa9f0f48793e45981e3b3f49a4e349961e3bbcd0261b7a6d2b81ec7cd4 0.0s done
#18 exporting config sha256:bec57de6fc4d66a8552bd5b917afe596155d83e568fc3039eb00723f4cbe9753 done
#18 exporting attestation manifest sha256:78d3d8d20852845601bd14593c916c803dcc6b06c265e98fdc4ca56f0eb158b5 0.0s done
#18 exporting manifest list sha256:0185e157d162a97b08837639f20aca54c3986cde8b73e1dac9bfca4a94a65412 done
#18 naming to docker.io/library/pii-masker:latest done
#18 unpacking to docker.io/library/pii-masker:latest
#18 unpacking to docker.io/library/pii-masker:latest 0.2s done
#18 DONE 0.7s
