#0 building with "default" instance using docker driver

#1 [internal] load build definition from Dockerfile
#1 transferring dockerfile: 795B done
#1 DONE 0.0s

#2 [internal] load metadata for docker.io/library/alpine:3.21
#2 DONE 0.0s

#3 [internal] load metadata for docker.io/library/golang:1.25.0
#3 DONE 2.1s

#4 [internal] load .dockerignore
#4 transferring context: 72B done
#4 DONE 0.0s

#5 [stage-1 1/5] FROM docker.io/library/alpine:3.21@sha256:ce64758a109eb420d874a118f87920e625e12d3634e03b4a5573fd9f6e5d3507
#5 resolve docker.io/library/alpine:3.21@sha256:ce64758a109eb420d874a118f87920e625e12d3634e03b4a5573fd9f6e5d3507 0.0s done
#5 DONE 0.0s

#6 [builder 1/7] FROM docker.io/library/golang:1.25.0@sha256:5502b0e56fca23feba76dbc5387ba59c593c02ccc2f0f7355871ea9a0852cebe
#6 resolve docker.io/library/golang:1.25.0@sha256:5502b0e56fca23feba76dbc5387ba59c593c02ccc2f0f7355871ea9a0852cebe 0.0s done
#6 DONE 0.0s

#7 [internal] load build context
#7 transferring context: 13.64MB 0.1s done
#7 DONE 0.1s

#6 [builder 1/7] FROM docker.io/library/golang:1.25.0@sha256:5502b0e56fca23feba76dbc5387ba59c593c02ccc2f0f7355871ea9a0852cebe
#6 DONE 0.1s

#6 [builder 1/7] FROM docker.io/library/golang:1.25.0@sha256:5502b0e56fca23feba76dbc5387ba59c593c02ccc2f0f7355871ea9a0852cebe
#6 sha256:82e0cc681648f441c1c9d7f2865b7619bb2312671c777fa33768270a808a76ac 0B / 126B 0.2s
#6 sha256:82e0cc681648f441c1c9d7f2865b7619bb2312671c777fa33768270a808a76ac 126B / 126B 0.2s done
#6 extracting sha256:82e0cc681648f441c1c9d7f2865b7619bb2312671c777fa33768270a808a76ac 0.0s done
#6 DONE 0.4s

#6 [builder 1/7] FROM docker.io/library/golang:1.25.0@sha256:5502b0e56fca23feba76dbc5387ba59c593c02ccc2f0f7355871ea9a0852cebe
#6 extracting sha256:4f4fb700ef54461cfa02571ae0db9a0dc1e0cdb5577484a6d75e68dc38e8acc1 0.0s done
#6 DONE 0.4s

#8 [builder 2/7] WORKDIR /src
#8 DONE 0.1s

#9 [builder 3/7] COPY go.mod go.sum ./
#9 DONE 0.0s

#10 [builder 4/7] COPY vendor ./vendor
#10 DONE 0.2s

#11 [builder 5/7] COPY cmd ./cmd
#11 DONE 0.0s

#12 [builder 6/7] COPY internal ./internal
#12 DONE 0.0s

#13 [builder 7/7] RUN go build -mod=vendor -trimpath -o /out/pii-masker ./cmd/pii-masker
#13 DONE 7.2s

#14 [stage-1 2/5] WORKDIR /app
#14 CACHED

#15 [stage-1 3/5] RUN adduser -D -u 10001 appuser
#15 CACHED

#16 [stage-1 4/5] COPY --from=builder /out/pii-masker /app/pii-masker
#16 DONE 0.0s

#17 [stage-1 5/5] RUN mkdir -p /app/data && chown -R appuser:appuser /app
#17 DONE 0.2s

#18 exporting to image
#18 exporting layers
#18 exporting layers 0.5s done
#18 exporting manifest sha256:50852c833f73a7b9b1d34d247215e73c4b2a200cf2db3676682e4f868fa72a7f 0.0s done
#18 exporting config sha256:57c965beb5bbdd5fbdc5b5bf1ecccd516ec0da1e828acb03d8c916ab69237e57 0.0s done
#18 exporting attestation manifest sha256:ffced59a740ef628861605728cb8f29736fee56520b49c643a00c8a25b354ca6 0.0s done
#18 exporting manifest list sha256:fa697e755f931c2272ab4bafc1374566d3a6499960cf4037c67900a95f97c276 0.0s done
#18 naming to docker.io/library/pii-masker:latest done
#18 unpacking to docker.io/library/pii-masker:latest
#18 unpacking to docker.io/library/pii-masker:latest 0.2s done
#18 DONE 0.8s
