cd web && npm ci

added 312 packages, and audited 313 packages in 16s

78 packages are looking for funding
  run `npm fund` for details

2 moderate severity vulnerabilities

To address all issues, run:
  npm audit fix --force

Run `npm audit` for details.
PATH="$(go env GOPATH)/bin:$PATH" golangci-lint run ./cmd/... ./internal/... ./webui/...
0 issues.
PATH="$(go env GOPATH)/bin:$PATH" GOTOOLCHAIN=auto govulncheck ./cmd/... ./internal/... ./webui/...
=== Symbol Results ===

No vulnerabilities found.

Your code is affected by 0 vulnerabilities.
This scan also found 0 vulnerabilities in packages you import and 3
vulnerabilities in modules you require, but your code doesn't appear to call
these vulnerabilities.
Use '-show verbose' for more details.
cd web && npm run lint

> resso-web@0.9.88 lint
> eslint . --max-warnings 0

