
> qurio-web@1.4.14 test:e2e
> playwright test

[WebServer] (node:3805646) Warning: The 'NO_COLOR' env is ignored due to the 'FORCE_COLOR' env being set.
[WebServer] (Use `node --trace-warnings ...` to show where the warning was created)

Running 14 tests using 14 workers

  ✓  12 [chromium] › e2e/docs.spec.ts:22:1 › GitHub Pages promotion is responsive, interactive, and AEO-ready (641ms)
  ✓   7 [mobile] › e2e/docs.spec.ts:22:1 › GitHub Pages promotion is responsive, interactive, and AEO-ready (898ms)
  ✓   2 [chromium] › e2e/docs.spec.ts:51:1 › complete gallery publishes every verified screen with responsive filters and SEO (1.1s)
  ✓  13 [mobile] › e2e/docs.spec.ts:51:1 › complete gallery publishes every verified screen with responsive filters and SEO (1.1s)
  ✓   4 [chromium] › e2e/application.spec.ts:258:1 › mandatory bootstrap password renewal survives server session hydration (4.7s)
  ✓   3 [mobile] › e2e/application.spec.ts:258:1 › mandatory bootstrap password renewal survives server session hydration (4.8s)
  ✓  11 [chromium] › e2e/application.spec.ts:268:1 › administrator edits an API key permission set through the server contract (5.4s)
  ✓   6 [mobile] › e2e/application.spec.ts:268:1 › administrator edits an API key permission set through the server contract (5.5s)
  ✓   5 [chromium] › e2e/application.spec.ts:245:1 › administrator setting controls whether the review queue appears (6.2s)
  ✓  10 [mobile] › e2e/application.spec.ts:245:1 › administrator setting controls whether the review queue appears (6.5s)
  ✓   1 [mobile] › e2e/application.spec.ts:225:1 › Korean-first session supports direct URL refresh and version discovery (7.1s)
  ✓   8 [chromium] › e2e/application.spec.ts:225:1 › Korean-first session supports direct URL refresh and version discovery (7.3s)
  ✓  14 [mobile] › e2e/application.spec.ts:281:1 › every workspace and administration route survives a direct reload (2.1m)
  ✓   9 [chromium] › e2e/application.spec.ts:281:1 › every workspace and administration route survives a direct reload (2.1m)

  14 passed (2.2m)
