go vet ./...
npm --prefix web run lint

> qurio-web@1.4.14 lint
> tsc -b --pretty false

npm --prefix web run typecheck

> qurio-web@1.4.14 typecheck
> tsc -b --pretty false


> qurio-web@1.4.14 pretest
> node ./scripts/ensure-deps.mjs


> qurio-web@1.4.14 test
> vitest run --run


 RUN  v4.1.11 /home/hkjang/.cache/auto-improve-wt/qurio-release/web


 Test Files  27 passed (27)
      Tests  134 passed (134)
   Start at  17:16:53
   Duration  171.60s (transform 1.77s, setup 1.71s, import 14.04s, tests 145.60s, environment 7.82s)

found 0 vulnerabilities

> qurio-web@1.4.14 test:e2e
> playwright test

[WebServer] (node:3805207) Warning: The 'NO_COLOR' env is ignored due to the 'FORCE_COLOR' env being set.
[WebServer] (Use `node --trace-warnings ...` to show where the warning was created)

Running 14 tests using 14 workers

  ✘   1 [mobile] › e2e/application.spec.ts:245:1 › administrator setting controls whether the review queue appears (3ms)
  ✘   2 [chromium] › e2e/docs.spec.ts:51:1 › complete gallery publishes every verified screen with responsive filters and SEO (4ms)
  ✘   4 [mobile] › e2e/application.spec.ts:268:1 › administrator edits an API key permission set through the server contract (3ms)
  ✘   3 [chromium] › e2e/application.spec.ts:258:1 › mandatory bootstrap password renewal survives server session hydration (3ms)
  ✘   8 [mobile] › e2e/application.spec.ts:225:1 › Korean-first session supports direct URL refresh and version discovery (3ms)
  ✘   9 [mobile] › e2e/application.spec.ts:281:1 › every workspace and administration route survives a direct reload (4ms)
  ✘   6 [chromium] › e2e/application.spec.ts:225:1 › Korean-first session supports direct URL refresh and version discovery (5ms)
  ✘   7 [chromium] › e2e/application.spec.ts:281:1 › every workspace and administration route survives a direct reload (4ms)
  ✘  10 [chromium] › e2e/docs.spec.ts:22:1 › GitHub Pages promotion is responsive, interactive, and AEO-ready (3ms)
  ✘  11 [mobile] › e2e/docs.spec.ts:22:1 › GitHub Pages promotion is responsive, interactive, and AEO-ready (3ms)
  ✘   5 [mobile] › e2e/docs.spec.ts:51:1 › complete gallery publishes every verified screen with responsive filters and SEO (5ms)
  ✘  12 [mobile] › e2e/application.spec.ts:258:1 › mandatory bootstrap password renewal survives server session hydration (29ms)
  ✘  14 [chromium] › e2e/application.spec.ts:245:1 › administrator setting controls whether the review queue appears (15ms)
  ✘  13 [chromium] › e2e/application.spec.ts:268:1 › administrator edits an API key permission set through the server contract (20ms)


  1) [chromium] › e2e/application.spec.ts:225:1 › Korean-first session supports direct URL refresh and version discovery 

    Error: browserType.launch: Executable doesn't exist at /mnt/c/Users/USER/projects/aidev/state/runs/2026-10-06-171322-qurio-approve/home/.cache/ms-playwright/chromium_headless_shell-1234/chrome-headless-shell-linux64/chrome-headless-shell
    ╔════════════════════════════════════════════════════════════╗
    ║ Looks like Playwright was just installed or updated.       ║
    ║ Please run the following command to download new browsers: ║
    ║                                                            ║
    ║     npx playwright install                                 ║
    ║                                                            ║
    ║ <3 Playwright Team                                         ║
    ╚════════════════════════════════════════════════════════════╝

    Error Context: test-results/application-Korean-first-s-7c640-fresh-and-version-discovery-chromium/error-context.md

  2) [chromium] › e2e/application.spec.ts:245:1 › administrator setting controls whether the review queue appears 

    Error: browserType.launch: Executable doesn't exist at /mnt/c/Users/USER/projects/aidev/state/runs/2026-10-06-171322-qurio-approve/home/.cache/ms-playwright/chromium_headless_shell-1234/chrome-headless-shell-linux64/chrome-headless-shell
    ╔════════════════════════════════════════════════════════════╗
    ║ Looks like Playwright was just installed or updated.       ║
    ║ Please run the following command to download new browsers: ║
    ║                                                            ║
    ║     npx playwright install                                 ║
    ║                                                            ║
    ║ <3 Playwright Team                                         ║
    ╚════════════════════════════════════════════════════════════╝

    Error Context: test-results/application-administrator--9c062-er-the-review-queue-appears-chromium/error-context.md

  3) [chromium] › e2e/application.spec.ts:258:1 › mandatory bootstrap password renewal survives server session hydration 

    Error: browserType.launch: Executable doesn't exist at /mnt/c/Users/USER/projects/aidev/state/runs/2026-10-06-171322-qurio-approve/home/.cache/ms-playwright/chromium_headless_shell-1234/chrome-headless-shell-linux64/chrome-headless-shell
    ╔════════════════════════════════════════════════════════════╗
    ║ Looks like Playwright was just installed or updated.       ║
    ║ Please run the following command to download new browsers: ║
    ║                                                            ║
    ║     npx playwright install                                 ║
    ║                                                            ║
    ║ <3 Playwright Team                                         ║
    ╚════════════════════════════════════════════════════════════╝

    Error Context: test-results/application-mandatory-boot-c60bb-es-server-session-hydration-chromium/error-context.md

  4) [chromium] › e2e/application.spec.ts:268:1 › administrator edits an API key permission set through the server contract 

    Error: browserType.launch: Executable doesn't exist at /mnt/c/Users/USER/projects/aidev/state/runs/2026-10-06-171322-qurio-approve/home/.cache/ms-playwright/chromium_headless_shell-1234/chrome-headless-shell-linux64/chrome-headless-shell
    ╔════════════════════════════════════════════════════════════╗
    ║ Looks like Playwright was just installed or updated.       ║
    ║ Please run the following command to download new browsers: ║
    ║                                                            ║
    ║     npx playwright install                                 ║
    ║                                                            ║
    ║ <3 Playwright Team                                         ║
    ╚════════════════════════════════════════════════════════════╝

    Error Context: test-results/application-administrator--fb397-through-the-server-contract-chromium/error-context.md

  5) [chromium] › e2e/application.spec.ts:281:1 › every workspace and administration route survives a direct reload 

    Error: browserType.launch: Executable doesn't exist at /mnt/c/Users/USER/projects/aidev/state/runs/2026-10-06-171322-qurio-approve/home/.cache/ms-playwright/chromium_headless_shell-1234/chrome-headless-shell-linux64/chrome-headless-shell
    ╔════════════════════════════════════════════════════════════╗
    ║ Looks like Playwright was just installed or updated.       ║
    ║ Please run the following command to download new browsers: ║
    ║                                                            ║
    ║     npx playwright install                                 ║
    ║                                                            ║
    ║ <3 Playwright Team                                         ║
    ╚════════════════════════════════════════════════════════════╝

    Error Context: test-results/application-every-workspac-5d192-te-survives-a-direct-reload-chromium/error-context.md

  6) [chromium] › e2e/docs.spec.ts:22:1 › GitHub Pages promotion is responsive, interactive, and AEO-ready 

    Error: browserType.launch: Executable doesn't exist at /mnt/c/Users/USER/projects/aidev/state/runs/2026-10-06-171322-qurio-approve/home/.cache/ms-playwright/chromium_headless_shell-1234/chrome-headless-shell-linux64/chrome-headless-shell
    ╔════════════════════════════════════════════════════════════╗
    ║ Looks like Playwright was just installed or updated.       ║
    ║ Please run the following command to download new browsers: ║
    ║                                                            ║
    ║     npx playwright install                                 ║
    ║                                                            ║
    ║ <3 Playwright Team                                         ║
    ╚════════════════════════════════════════════════════════════╝

    Error Context: test-results/docs-GitHub-Pages-promotio-5dea1-e-interactive-and-AEO-ready-chromium/error-context.md

  7) [chromium] › e2e/docs.spec.ts:51:1 › complete gallery publishes every verified screen with responsive filters and SEO 

    Error: browserType.launch: Executable doesn't exist at /mnt/c/Users/USER/projects/aidev/state/runs/2026-10-06-171322-qurio-approve/home/.cache/ms-playwright/chromium_headless_shell-1234/chrome-headless-shell-linux64/chrome-headless-shell
    ╔════════════════════════════════════════════════════════════╗
    ║ Looks like Playwright was just installed or updated.       ║
    ║ Please run the following command to download new browsers: ║
    ║                                                            ║
    ║     npx playwright install                                 ║
    ║                                                            ║
    ║ <3 Playwright Team                                         ║
    ╚════════════════════════════════════════════════════════════╝

    Error Context: test-results/docs-complete-gallery-publ-71330--responsive-filters-and-SEO-chromium/error-context.md

  8) [mobile] › e2e/application.spec.ts:225:1 › Korean-first session supports direct URL refresh and version discovery 

    Error: browserType.launch: Executable doesn't exist at /mnt/c/Users/USER/projects/aidev/state/runs/2026-10-06-171322-qurio-approve/home/.cache/ms-playwright/chromium_headless_shell-1234/chrome-headless-shell-linux64/chrome-headless-shell
    ╔════════════════════════════════════════════════════════════╗
    ║ Looks like Playwright was just installed or updated.       ║
    ║ Please run the following command to download new browsers: ║
    ║                                                            ║
    ║     npx playwright install                                 ║
    ║                                                            ║
    ║ <3 Playwright Team                                         ║
    ╚════════════════════════════════════════════════════════════╝

    Error Context: test-results/application-Korean-first-s-7c640-fresh-and-version-discovery-mobile/error-context.md

  9) [mobile] › e2e/application.spec.ts:245:1 › administrator setting controls whether the review queue appears 

    Error: browserType.launch: Executable doesn't exist at /mnt/c/Users/USER/projects/aidev/state/runs/2026-10-06-171322-qurio-approve/home/.cache/ms-playwright/chromium_headless_shell-1234/chrome-headless-shell-linux64/chrome-headless-shell
    ╔════════════════════════════════════════════════════════════╗
    ║ Looks like Playwright was just installed or updated.       ║
    ║ Please run the following command to download new browsers: ║
    ║                                                            ║
    ║     npx playwright install                                 ║
    ║                                                            ║
    ║ <3 Playwright Team                                         ║
    ╚════════════════════════════════════════════════════════════╝

    Error Context: test-results/application-administrator--9c062-er-the-review-queue-appears-mobile/error-context.md

  10) [mobile] › e2e/application.spec.ts:258:1 › mandatory bootstrap password renewal survives server session hydration 

    Error: browserType.launch: Executable doesn't exist at /mnt/c/Users/USER/projects/aidev/state/runs/2026-10-06-171322-qurio-approve/home/.cache/ms-playwright/chromium_headless_shell-1234/chrome-headless-shell-linux64/chrome-headless-shell
    ╔════════════════════════════════════════════════════════════╗
    ║ Looks like Playwright was just installed or updated.       ║
    ║ Please run the following command to download new browsers: ║
    ║                                                            ║
    ║     npx playwright install                                 ║
    ║                                                            ║
    ║ <3 Playwright Team                                         ║
    ╚════════════════════════════════════════════════════════════╝

    Error Context: test-results/application-mandatory-boot-c60bb-es-server-session-hydration-mobile/error-context.md

  11) [mobile] › e2e/application.spec.ts:268:1 › administrator edits an API key permission set through the server contract 

    Error: browserType.launch: Executable doesn't exist at /mnt/c/Users/USER/projects/aidev/state/runs/2026-10-06-171322-qurio-approve/home/.cache/ms-playwright/chromium_headless_shell-1234/chrome-headless-shell-linux64/chrome-headless-shell
    ╔════════════════════════════════════════════════════════════╗
    ║ Looks like Playwright was just installed or updated.       ║
    ║ Please run the following command to download new browsers: ║
    ║                                                            ║
    ║     npx playwright install                                 ║
    ║                                                            ║
    ║ <3 Playwright Team                                         ║
    ╚════════════════════════════════════════════════════════════╝

    Error Context: test-results/application-administrator--fb397-through-the-server-contract-mobile/error-context.md

  12) [mobile] › e2e/application.spec.ts:281:1 › every workspace and administration route survives a direct reload 

    Error: browserType.launch: Executable doesn't exist at /mnt/c/Users/USER/projects/aidev/state/runs/2026-10-06-171322-qurio-approve/home/.cache/ms-playwright/chromium_headless_shell-1234/chrome-headless-shell-linux64/chrome-headless-shell
    ╔════════════════════════════════════════════════════════════╗
    ║ Looks like Playwright was just installed or updated.       ║
    ║ Please run the following command to download new browsers: ║
    ║                                                            ║
    ║     npx playwright install                                 ║
    ║                                                            ║
    ║ <3 Playwright Team                                         ║
    ╚════════════════════════════════════════════════════════════╝

    Error Context: test-results/application-every-workspac-5d192-te-survives-a-direct-reload-mobile/error-context.md

  13) [mobile] › e2e/docs.spec.ts:22:1 › GitHub Pages promotion is responsive, interactive, and AEO-ready 

    Error: browserType.launch: Executable doesn't exist at /mnt/c/Users/USER/projects/aidev/state/runs/2026-10-06-171322-qurio-approve/home/.cache/ms-playwright/chromium_headless_shell-1234/chrome-headless-shell-linux64/chrome-headless-shell
    ╔════════════════════════════════════════════════════════════╗
    ║ Looks like Playwright was just installed or updated.       ║
    ║ Please run the following command to download new browsers: ║
    ║                                                            ║
    ║     npx playwright install                                 ║
    ║                                                            ║
    ║ <3 Playwright Team                                         ║
    ╚════════════════════════════════════════════════════════════╝

    Error Context: test-results/docs-GitHub-Pages-promotio-5dea1-e-interactive-and-AEO-ready-mobile/error-context.md

  14) [mobile] › e2e/docs.spec.ts:51:1 › complete gallery publishes every verified screen with responsive filters and SEO 

    Error: browserType.launch: Executable doesn't exist at /mnt/c/Users/USER/projects/aidev/state/runs/2026-10-06-171322-qurio-approve/home/.cache/ms-playwright/chromium_headless_shell-1234/chrome-headless-shell-linux64/chrome-headless-shell
    ╔════════════════════════════════════════════════════════════╗
    ║ Looks like Playwright was just installed or updated.       ║
    ║ Please run the following command to download new browsers: ║
    ║                                                            ║
    ║     npx playwright install                                 ║
    ║                                                            ║
    ║ <3 Playwright Team                                         ║
    ╚════════════════════════════════════════════════════════════╝

    Error Context: test-results/docs-complete-gallery-publ-71330--responsive-filters-and-SEO-mobile/error-context.md

  14 failed
    [chromium] › e2e/application.spec.ts:225:1 › Korean-first session supports direct URL refresh and version discovery 
    [chromium] › e2e/application.spec.ts:245:1 › administrator setting controls whether the review queue appears 
    [chromium] › e2e/application.spec.ts:258:1 › mandatory bootstrap password renewal survives server session hydration 
    [chromium] › e2e/application.spec.ts:268:1 › administrator edits an API key permission set through the server contract 
    [chromium] › e2e/application.spec.ts:281:1 › every workspace and administration route survives a direct reload 
    [chromium] › e2e/docs.spec.ts:22:1 › GitHub Pages promotion is responsive, interactive, and AEO-ready 
    [chromium] › e2e/docs.spec.ts:51:1 › complete gallery publishes every verified screen with responsive filters and SEO 
    [mobile] › e2e/application.spec.ts:225:1 › Korean-first session supports direct URL refresh and version discovery 
    [mobile] › e2e/application.spec.ts:245:1 › administrator setting controls whether the review queue appears 
    [mobile] › e2e/application.spec.ts:258:1 › mandatory bootstrap password renewal survives server session hydration 
    [mobile] › e2e/application.spec.ts:268:1 › administrator edits an API key permission set through the server contract 
    [mobile] › e2e/application.spec.ts:281:1 › every workspace and administration route survives a direct reload 
    [mobile] › e2e/docs.spec.ts:22:1 › GitHub Pages promotion is responsive, interactive, and AEO-ready 
    [mobile] › e2e/docs.spec.ts:51:1 › complete gallery publishes every verified screen with responsive filters and SEO 
