--- FAIL: TestAQuotedListItemLosesItsQuoteMarkersInEveryTextFormat (0.00s)
    --- FAIL: TestAQuotedListItemLosesItsQuoteMarkersInEveryTextFormat/.md (0.00s)
        markdownquote_test.go:187: read "# 제목\n\n- > 인용입니다.\n" as "# 제목\n@cover\n> 월간 보고서.md\n\n# 제목\n- \\> 인용입니다.\n!source 월간 보고서.md | 제목\n\n", want "# 제목\n@cover\n> 월간 보고서.md\n\n# 제목\n- 인용입니다.\n!source 월간 보고서.md | 제목\n\n"
    --- FAIL: TestAQuotedListItemLosesItsQuoteMarkersInEveryTextFormat/.markdown (0.00s)
        markdownquote_test.go:187: read "# 제목\n\n- > 인용입니다.\n" as "# 제목\n@cover\n> 월간 보고서.markdown\n\n# 제목\n- \\> 인용입니다.\n!source 월간 보고서.markdown | 제목\n\n", want "# 제목\n@cover\n> 월간 보고서.markdown\n\n# 제목\n- 인용입니다.\n!source 월간 보고서.markdown | 제목\n\n"
    --- FAIL: TestAQuotedListItemLosesItsQuoteMarkersInEveryTextFormat/.txt (0.00s)
        markdownquote_test.go:187: read "# 제목\n\n- > 인용입니다.\n" as "# 제목\n@cover\n> 월간 보고서.txt\n\n# 제목\n- \\> 인용입니다.\n!source 월간 보고서.txt | 제목\n\n", want "# 제목\n@cover\n> 월간 보고서.txt\n\n# 제목\n- 인용입니다.\n!source 월간 보고서.txt | 제목\n\n"
--- FAIL: TestEveryListMarkerAllowsAQuoteInsideItsPoint (0.00s)
    --- FAIL: TestEveryListMarkerAllowsAQuoteInsideItsPoint/-_>_문장 (0.00s)
        markdownquote_test.go:201: read "# 제목\n\n- > 문장\n" as "# 제목\n@cover\n> 월간 보고서.md\n\n# 제목\n- \\> 문장\n!source 월간 보고서.md | 제목\n\n", want "# 제목\n@cover\n> 월간 보고서.md\n\n# 제목\n- 문장\n!source 월간 보고서.md | 제목\n\n"
    --- FAIL: TestEveryListMarkerAllowsAQuoteInsideItsPoint/*_>>_문장 (0.00s)
        markdownquote_test.go:201: read "# 제목\n\n* >> 문장\n" as "# 제목\n@cover\n> 월간 보고서.md\n\n# 제목\n- \\>> 문장\n!source 월간 보고서.md | 제목\n\n", want "# 제목\n@cover\n> 월간 보고서.md\n\n# 제목\n- 문장\n!source 월간 보고서.md | 제목\n\n"
    --- FAIL: TestEveryListMarkerAllowsAQuoteInsideItsPoint/+_>_>_문장 (0.00s)
        markdownquote_test.go:201: read "# 제목\n\n+ > > 문장\n" as "# 제목\n@cover\n> 월간 보고서.md\n\n# 제목\n- \\> > 문장\n!source 월간 보고서.md | 제목\n\n", want "# 제목\n@cover\n> 월간 보고서.md\n\n# 제목\n- 문장\n!source 월간 보고서.md | 제목\n\n"
    --- FAIL: TestEveryListMarkerAllowsAQuoteInsideItsPoint/•_>_문장 (0.00s)
        markdownquote_test.go:201: read "# 제목\n\n• > 문장\n" as "# 제목\n@cover\n> 월간 보고서.md\n\n# 제목\n- \\> 문장\n!source 월간 보고서.md | 제목\n\n", want "# 제목\n@cover\n> 월간 보고서.md\n\n# 제목\n- 문장\n!source 월간 보고서.md | 제목\n\n"
    --- FAIL: TestEveryListMarkerAllowsAQuoteInsideItsPoint/•>문장 (0.00s)
        markdownquote_test.go:201: read "# 제목\n\n•>문장\n" as "# 제목\n@cover\n> 월간 보고서.md\n\n# 제목\n- \\>문장\n!source 월간 보고서.md | 제목\n\n", want "# 제목\n@cover\n> 월간 보고서.md\n\n# 제목\n- 문장\n!source 월간 보고서.md | 제목\n\n"
    --- FAIL: TestEveryListMarkerAllowsAQuoteInsideItsPoint/·_>_문장 (0.00s)
        markdownquote_test.go:201: read "# 제목\n\n· > 문장\n" as "# 제목\n@cover\n> 월간 보고서.md\n\n# 제목\n- \\> 문장\n!source 월간 보고서.md | 제목\n\n", want "# 제목\n@cover\n> 월간 보고서.md\n\n# 제목\n- 문장\n!source 월간 보고서.md | 제목\n\n"
    --- FAIL: TestEveryListMarkerAllowsAQuoteInsideItsPoint/‣_>_문장 (0.00s)
        markdownquote_test.go:201: read "# 제목\n\n‣ > 문장\n" as "# 제목\n@cover\n> 월간 보고서.md\n\n# 제목\n- \\> 문장\n!source 월간 보고서.md | 제목\n\n", want "# 제목\n@cover\n> 월간 보고서.md\n\n# 제목\n- 문장\n!source 월간 보고서.md | 제목\n\n"
    --- FAIL: TestEveryListMarkerAllowsAQuoteInsideItsPoint/▪_>_문장 (0.00s)
        markdownquote_test.go:201: read "# 제목\n\n▪ > 문장\n" as "# 제목\n@cover\n> 월간 보고서.md\n\n# 제목\n- \\> 문장\n!source 월간 보고서.md | 제목\n\n", want "# 제목\n@cover\n> 월간 보고서.md\n\n# 제목\n- 문장\n!source 월간 보고서.md | 제목\n\n"
    --- FAIL: TestEveryListMarkerAllowsAQuoteInsideItsPoint/▫_>_문장 (0.00s)
        markdownquote_test.go:201: read "# 제목\n\n▫ > 문장\n" as "# 제목\n@cover\n> 월간 보고서.md\n\n# 제목\n- \\> 문장\n!source 월간 보고서.md | 제목\n\n", want "# 제목\n@cover\n> 월간 보고서.md\n\n# 제목\n- 문장\n!source 월간 보고서.md | 제목\n\n"
    --- FAIL: TestEveryListMarkerAllowsAQuoteInsideItsPoint/◦_>_문장 (0.00s)
        markdownquote_test.go:201: read "# 제목\n\n◦ > 문장\n" as "# 제목\n@cover\n> 월간 보고서.md\n\n# 제목\n- \\> 문장\n!source 월간 보고서.md | 제목\n\n", want "# 제목\n@cover\n> 월간 보고서.md\n\n# 제목\n- 문장\n!source 월간 보고서.md | 제목\n\n"
    --- FAIL: TestEveryListMarkerAllowsAQuoteInsideItsPoint/⦁_>_문장 (0.00s)
        markdownquote_test.go:201: read "# 제목\n\n⦁ > 문장\n" as "# 제목\n@cover\n> 월간 보고서.md\n\n# 제목\n- \\> 문장\n!source 월간 보고서.md | 제목\n\n", want "# 제목\n@cover\n> 월간 보고서.md\n\n# 제목\n- 문장\n!source 월간 보고서.md | 제목\n\n"
    --- FAIL: TestEveryListMarkerAllowsAQuoteInsideItsPoint/–_>_문장 (0.00s)
        markdownquote_test.go:201: read "# 제목\n\n– > 문장\n" as "# 제목\n@cover\n> 월간 보고서.md\n\n# 제목\n- \\> 문장\n!source 월간 보고서.md | 제목\n\n", want "# 제목\n@cover\n> 월간 보고서.md\n\n# 제목\n- 문장\n!source 월간 보고서.md | 제목\n\n"
    --- FAIL: TestEveryListMarkerAllowsAQuoteInsideItsPoint/—_>_문장 (0.00s)
        markdownquote_test.go:201: read "# 제목\n\n— > 문장\n" as "# 제목\n@cover\n> 월간 보고서.md\n\n# 제목\n- \\> 문장\n!source 월간 보고서.md | 제목\n\n", want "# 제목\n@cover\n> 월간 보고서.md\n\n# 제목\n- 문장\n!source 월간 보고서.md | 제목\n\n"
    --- FAIL: TestEveryListMarkerAllowsAQuoteInsideItsPoint/_-_>_>_문장_ (0.00s)
        markdownquote_test.go:201: read "# 제목\n\n\t-\t>\t>\t문장\t\n" as "# 제목\n@cover\n> 월간 보고서.md\n\n# 제목\n- \\>\t>\t문장\n!source 월간 보고서.md | 제목\n\n", want "# 제목\n@cover\n> 월간 보고서.md\n\n# 제목\n- 문장\n!source 월간 보고서.md | 제목\n\n"
    --- FAIL: TestEveryListMarkerAllowsAQuoteInsideItsPoint/>_-_>_문장 (0.00s)
        markdownquote_test.go:201: read "# 제목\n\n> - > 문장\n" as "# 제목\n@cover\n> 월간 보고서.md\n\n# 제목\n- \\> 문장\n!source 월간 보고서.md | 제목\n\n", want "# 제목\n@cover\n> 월간 보고서.md\n\n# 제목\n- 문장\n!source 월간 보고서.md | 제목\n\n"
--- FAIL: TestAnEmptyQuotedListItemIsNotAPoint (0.00s)
    --- FAIL: TestAnEmptyQuotedListItemIsNotAPoint/-_> (0.00s)
        markdownquote_test.go:210: read "# 제목\n- 첫 문장\n- >\n- 둘째 문장\n" as "# 제목\n@cover\n> 월간 보고서.md\n\n# 제목\n- 첫 문장\n- \\>\n- 둘째 문장\n!source 월간 보고서.md | 제목\n\n", want "# 제목\n@cover\n> 월간 보고서.md\n\n# 제목\n- 첫 문장\n- 둘째 문장\n!source 월간 보고서.md | 제목\n\n"
    --- FAIL: TestAnEmptyQuotedListItemIsNotAPoint/-_>> (0.00s)
        markdownquote_test.go:210: read "# 제목\n- 첫 문장\n- >>\n- 둘째 문장\n" as "# 제목\n@cover\n> 월간 보고서.md\n\n# 제목\n- 첫 문장\n- \\>>\n- 둘째 문장\n!source 월간 보고서.md | 제목\n\n", want "# 제목\n@cover\n> 월간 보고서.md\n\n# 제목\n- 첫 문장\n- 둘째 문장\n!source 월간 보고서.md | 제목\n\n"
    --- FAIL: TestAnEmptyQuotedListItemIsNotAPoint/+_>_> (0.00s)
        markdownquote_test.go:210: read "# 제목\n- 첫 문장\n+ > >\n- 둘째 문장\n" as "# 제목\n@cover\n> 월간 보고서.md\n\n# 제목\n- 첫 문장\n- \\> >\n- 둘째 문장\n!source 월간 보고서.md | 제목\n\n", want "# 제목\n@cover\n> 월간 보고서.md\n\n# 제목\n- 첫 문장\n- 둘째 문장\n!source 월간 보고서.md | 제목\n\n"
    --- FAIL: TestAnEmptyQuotedListItemIsNotAPoint/_*_>_>_ (0.00s)
        markdownquote_test.go:210: read "# 제목\n- 첫 문장\n\t*\t>\t>\t\n- 둘째 문장\n" as "# 제목\n@cover\n> 월간 보고서.md\n\n# 제목\n- 첫 문장\n- \\>\t>\n- 둘째 문장\n!source 월간 보고서.md | 제목\n\n", want "# 제목\n@cover\n> 월간 보고서.md\n\n# 제목\n- 첫 문장\n- 둘째 문장\n!source 월간 보고서.md | 제목\n\n"
    --- FAIL: TestAnEmptyQuotedListItemIsNotAPoint/•_> (0.00s)
        markdownquote_test.go:210: read "# 제목\n- 첫 문장\n• >\n- 둘째 문장\n" as "# 제목\n@cover\n> 월간 보고서.md\n\n# 제목\n- 첫 문장\n- \\>\n- 둘째 문장\n!source 월간 보고서.md | 제목\n\n", want "# 제목\n@cover\n> 월간 보고서.md\n\n# 제목\n- 첫 문장\n- 둘째 문장\n!source 월간 보고서.md | 제목\n\n"
--- FAIL: TestEmptyQuotedListItemsDoNotStartAContinuationSlide (0.00s)
    markdownquote_test.go:219: read "# 제목\n- 하나\n- 둘\n- 셋\n- 넷\n- 다섯\n- >\n- >>\n" as "# 제목\n@cover\n> 월간 보고서.md\n\n# 제목\n- 하나\n- 둘\n- 셋\n- 넷\n- 다섯\n!source 월간 보고서.md | 제목\n\n# 제목 (계속)\n- \\>\n- \\>>\n!source 월간 보고서.md | 제목 (계속)\n\n", want "# 제목\n@cover\n> 월간 보고서.md\n\n# 제목\n- 하나\n- 둘\n- 셋\n- 넷\n- 다섯\n!source 월간 보고서.md | 제목\n\n"
    markdownquote_test.go:222: empty quoted items started a continuation: "# 제목\n@cover\n> 월간 보고서.md\n\n# 제목\n- 하나\n- 둘\n- 셋\n- 넷\n- 다섯\n!source 월간 보고서.md | 제목\n\n# 제목 (계속)\n- \\>\n- \\>>\n!source 월간 보고서.md | 제목 (계속)\n\n"
--- FAIL: TestAnEmptyQuotedListItemStillSeparatesTables (0.00s)
    --- FAIL: TestAnEmptyQuotedListItemStillSeparatesTables/-_> (0.00s)
        markdownquote_test.go:231: read "# 제목\n| 이름 | 값 |\n|---|---|\n| 첫째 | 하나 |\n- >\n| 이름 | 값 |\n|---|---|\n| 둘째 | 둘 |\n" as "# 제목\n@cover\n> 월간 보고서.md\n\n# 제목\n::table\n- 이름 | 값\n- 첫째 | 하나\n::\n::table\n- 이름 | 값\n- 둘째 | 둘\n::\n- \\>\n!source 월간 보고서.md | 제목\n\n", want "# 제목\n@cover\n> 월간 보고서.md\n\n# 제목\n::table\n- 이름 | 값\n- 첫째 | 하나\n::\n::table\n- 이름 | 값\n- 둘째 | 둘\n::\n!source 월간 보고서.md | 제목\n\n"
    --- FAIL: TestAnEmptyQuotedListItemStillSeparatesTables/-_>> (0.00s)
        markdownquote_test.go:231: read "# 제목\n| 이름 | 값 |\n|---|---|\n| 첫째 | 하나 |\n- >>\n| 이름 | 값 |\n|---|---|\n| 둘째 | 둘 |\n" as "# 제목\n@cover\n> 월간 보고서.md\n\n# 제목\n::table\n- 이름 | 값\n- 첫째 | 하나\n::\n::table\n- 이름 | 값\n- 둘째 | 둘\n::\n- \\>>\n!source 월간 보고서.md | 제목\n\n", want "# 제목\n@cover\n> 월간 보고서.md\n\n# 제목\n::table\n- 이름 | 값\n- 첫째 | 하나\n::\n::table\n- 이름 | 값\n- 둘째 | 둘\n::\n!source 월간 보고서.md | 제목\n\n"
--- FAIL: TestUnquotingAListItemKeepsItsContentsAsAPoint (0.00s)
    --- FAIL: TestUnquotingAListItemKeepsItsContentsAsAPoint/#_소제목 (0.00s)
        markdownquote_test.go:245: read "# 제목\n- > # 소제목\n- 끝\n" as "# 제목\n@cover\n> 월간 보고서.md\n\n# 제목\n- \\> # 소제목\n- 끝\n!source 월간 보고서.md | 제목\n\n", want "# 제목\n@cover\n> 월간 보고서.md\n\n# 제목\n- \\# 소제목\n- 끝\n!source 월간 보고서.md | 제목\n\n"
    --- FAIL: TestUnquotingAListItemKeepsItsContentsAsAPoint/|_이름_|_값_| (0.00s)
        markdownquote_test.go:245: read "# 제목\n- > | 이름 | 값 |\n- 끝\n" as "# 제목\n@cover\n> 월간 보고서.md\n\n# 제목\n- \\> | 이름 | 값 |\n- 끝\n!source 월간 보고서.md | 제목\n\n", want "# 제목\n@cover\n> 월간 보고서.md\n\n# 제목\n- | 이름 | 값 |\n- 끝\n!source 월간 보고서.md | 제목\n\n"
    --- FAIL: TestUnquotingAListItemKeepsItsContentsAsAPoint/-_항목 (0.00s)
        markdownquote_test.go:245: read "# 제목\n- > - 항목\n- 끝\n" as "# 제목\n@cover\n> 월간 보고서.md\n\n# 제목\n- \\> - 항목\n- 끝\n!source 월간 보고서.md | 제목\n\n", want "# 제목\n@cover\n> 월간 보고서.md\n\n# 제목\n- \\- 항목\n- 끝\n!source 월간 보고서.md | 제목\n\n"
    --- FAIL: TestUnquotingAListItemKeepsItsContentsAsAPoint/*** (0.00s)
        markdownquote_test.go:245: read "# 제목\n- > ***\n- 끝\n" as "# 제목\n@cover\n> 월간 보고서.md\n\n# 제목\n- \\> ***\n- 끝\n!source 월간 보고서.md | 제목\n\n", want "# 제목\n@cover\n> 월간 보고서.md\n\n# 제목\n- \\***\n- 끝\n!source 월간 보고서.md | 제목\n\n"
--- FAIL: TestAQuotedRuleInsideAListItemRemainsAPoint (0.00s)
    markdownquote_test.go:262: read as "# 제목\n@cover\n> 월간 보고서.md\n\n# 제목\n- \\> ---\n- 끝\n!source 월간 보고서.md | 제목\n\n", want "# 제목\n@cover\n> 월간 보고서.md\n\n# 제목\n- \\---\n- 끝\n!source 월간 보고서.md | 제목\n\n"
--- FAIL: TestReplayedUnclosedFencesUnquoteListItems (0.00s)
    --- FAIL: TestReplayedUnclosedFencesUnquoteListItems/``` (0.00s)
        markdownquote_test.go:318: read "# 제목\n```\n- > 인용입니다.\n- >>\n- 끝\n" as "# 제목\n@cover\n> 월간 보고서.md\n\n# 제목\n- ```\n- \\> 인용입니다.\n- \\>>\n- 끝\n!source 월간 보고서.md | 제목\n\n", want "# 제목\n@cover\n> 월간 보고서.md\n\n# 제목\n- ```\n- 인용입니다.\n- 끝\n!source 월간 보고서.md | 제목\n\n"
    --- FAIL: TestReplayedUnclosedFencesUnquoteListItems/~~~ (0.00s)
        markdownquote_test.go:318: read "# 제목\n~~~\n- > 인용입니다.\n- >>\n- 끝\n" as "# 제목\n@cover\n> 월간 보고서.md\n\n# 제목\n- ~~~\n- \\> 인용입니다.\n- \\>>\n- 끝\n!source 월간 보고서.md | 제목\n\n", want "# 제목\n@cover\n> 월간 보고서.md\n\n# 제목\n- ~~~\n- 인용입니다.\n- 끝\n!source 월간 보고서.md | 제목\n\n"
FAIL
FAIL	github.com/hkjang/ptium/server/internal/docs	3.091s
FAIL
