[00:00:02] 다른 러너(pid 853940)가 실행 중 — 겹쳐 돌리지 않는다 (flock 뒤에서 실행하세요)
[00:06:06] jasql: waiting for CI on 1507e00 (no-ci)
[00:10:18] jasql: [ci] no-ci — 이 커밋에 검사가 없음 (정책 allow_merge_without_ci 가 없으면 차단)
[00:10:18] jasql: 승인 대기 유지 (https://github.com/hkjang/jasql/pull/1, CI no-ci) — 회차로 기록하지 않음
[00:11:21] sqlon: 승인된 PR 이 있지만 이 저장소엔 CI 워크플로가 없다 — 생길 때까지 스윕에서 넘긴다
[00:11:46] open-prs: 91건 열려 있음 (29 저장소)
[00:11:50] skip DartFly: 성과 쿨다운 (68시간 남음)
[00:11:55] skip SecCheck: 성과 쿨다운 (38시간 남음)
[00:12:07] skip jasql: 열린 PR 5건 (WIP 상한) — 새 개선 대신 PR 정리가 먼저다
[00:12:12] skip madi: 성과 쿨다운 (3시간 남음)
[00:12:22] skip nexabuilder: 성과 쿨다운 (32시간 남음)
[00:12:32] skip sqlon: 성과 쿨다운 (38시간 남음)
[00:12:35] skip vibe-code: 성과 쿨다운 (56시간 남음)
[00:12:36] skip vibe-coders: 성과 쿨다운 (38시간 남음)
[00:12:39] candidates(36): AgentHub Clustara GoalForge Invenqor Kkiit Momento Quantoss ReSSO Vendra ai-admin appstore cutover dataworks git-ctx hunter igame jikim jupiq kanpic mmcp moina moyro muni orbit ox-arena pii-masker playwright-player postra ptium qurio releasedock relio seaton umm visitflow weekly
[00:12:39] fix-queue: picked dataworks
[00:12:39] picked: dataworks
[00:12:40] dataworks: 실험 roles-2026-09 arm=baseline ({})
[00:12:40] === dataworks (base=main, run 2026-10-02-001239-dataworks-improve, 회차 예산 $31)
Preparing worktree (new branch 'auto/2026-10-02-0012')
HEAD is now at 98c5081 chore: release v0.9.66
[00:12:43] dataworks: [base] pinned — main@98c5081
[00:12:43] dataworks: [autonomy] release — 
[00:19:59] dataworks: scout — 24 turns, 7m, $1.92, success
[00:20:00] dataworks: [scout] done — 릴리즈 검증 `npm run lint` exit 1 복구 — 저장소 루트에 web 검증을 위임하는 `package.json` 을 두어 CI 의 `defaults.
[00:20:03] 다른 러너(pid 1004019)가 실행 중 — 겹쳐 돌리지 않는다 (flock 뒤에서 실행하세요)
[00:29:28] dataworks: improve — 58 turns, 10m, $4.2, success
[00:29:28] dataworks: [brief] accepted — 채택 — 0단계 재현이 과제서의 분기 조건((1) exit 0 · (2) exit 1)을 그대로 만족했고 미확인 가정("루트 실행이 원인")을 `npm 
[00:29:30] dataworks: verify `go build ./...` → exit 0 (1s)
[00:29:31] dataworks: verify `go vet ./...` → exit 0 (1s)
[00:30:14] dataworks: verify `go test ./...` → exit 0 (43s)
[00:30:14] dataworks: verify `cd web && [ -d node_modules ] || npm ci --no-audit --no-fund` → exit 0 (0s)
[00:30:20] dataworks: verify `cd web && npm test --silent` → exit 1 (6s)
[00:30:20] dataworks: [verify] failed — 실패한 검증: cd web && npm test --silent (exit 1)
[00:30:20] dataworks: fix round did not merge — rolling back
[00:30:20] dataworks: rollback skipped (no merge sha)
evidence: /mnt/c/Users/USER/projects/aidev/state/runs/2026-10-02-001239-dataworks-improve/evidence.json
reports: 31 day(s), 5 week(s), 2 month(s), 1778 run(s), 3520 usage row(s), 47 project page(s), 12 alert(s)
notify: no new alerts
