[00:00:05] skip DartFly: dirty working tree
[00:00:06] skip Kkiit: dirty working tree
[00:00:07] skip Momento: dirty working tree
[00:00:08] skip SecCheck: dirty working tree
[00:00:16] skip cutover: dirty working tree
[00:00:30] skip postra: dirty working tree
[00:00:33] skip seaton: dirty working tree
[00:00:37] candidates(29): AgentHub Clustara Invenqor Quantoss ReSSO Vendra ai-admin aiportal-front-admin aiportal-front aiportal-java aiportal-py appstore dataworks git-ctx igame jikim jupiq kanpic moina moyro muni pii-masker ptium releasedock relio umm vibe-coders visitflow weekly
[00:00:37] picked: aiportal-front-admin
[00:00:38] === aiportal-front-admin (base=main, branch=auto/2026-09-05-0000)
Preparing worktree (new branch 'auto/2026-09-05-0000')
HEAD is now at 1e8e0e6 Merge pull request #7 from hkjang/auto/2026-09-04-0520
remote: 
remote: Create a pull request for 'auto/2026-09-05-0000' on GitHub by visiting:        
remote:      https://github.com/hkjang/aiportal-front-admin/pull/new/auto/2026-09-05-0000        
remote: 
To https://github.com/hkjang/aiportal-front-admin.git
 * [new branch]      auto/2026-09-05-0000 -> auto/2026-09-05-0000
branch 'auto/2026-09-05-0000' set up to track 'origin/auto/2026-09-05-0000'.
[00:04:55] aiportal-front-admin: 1 commit(s) → PR https://github.com/hkjang/aiportal-front-admin/pull/8
[00:04:56] aiportal-front-admin: waiting for CI on c2b6751 (checks: 0, pending: 0)
[00:09:32] aiportal-front-admin: no CI checks on c2b6751 after 5 min — continuing
[00:09:36] aiportal-front-admin: merged into main
From https://github.com/hkjang/aiportal-front-admin
 * branch            main       -> FETCH_HEAD
   1e8e0e6..ce38705  main       -> origin/main
Updating 1e8e0e6..ce38705
Fast-forward
 upgrade/admin-v2/docs/ARCHITECTURE.md |  6 ++++
 upgrade/admin-v2/src/api/http.test.ts | 62 +++++++++++++++++++++++++++++++++++
 upgrade/admin-v2/src/api/http.ts      | 28 ++++++++++++----
 3 files changed, 90 insertions(+), 6 deletions(-)
[00:09:38] aiportal-front-admin: local main fast-forwarded
Preparing worktree (detached HEAD ce38705)
HEAD is now at ce38705 Merge pull request #8 from hkjang/auto/2026-09-05-0000
[00:10:56] aiportal-front-admin: release skipped (이 저장소에는 따라갈 릴리즈 관례가 전혀 없다. git tag 0개(로컬·origin 모두, `git tag | wc -l`=0, `git ls-remote --tags origin` 결과 없음), GitHub Release 0개(`gh release list` 빈 결과, exit 0으로 접근 자체는 정상), CHANGELOG.md·docs/RELEASE*.md·릴리즈 노트 파일 없음, `.github/workflows/` 디렉터리 자체가 없어 태그 푸시에 반응하는 워크플로도 없음. 릴리즈 커밋 양식도 없다(전체 20개 커밋이 first commit/docs/feat/fix + PR merge 뿐). 버전 필드는 두 곳에 있으나 릴리즈용으로 쓰인 적이 없다: 루트 package.json은 first commit(e7bded2) 이후 0.0.0 그대로이고, upgrade/admin-v2/package.json은 workspace 생성 커밋(81b150f)에서 0.1.0으로 만들어진 뒤 한 번도 증가하지 않았다(둘 다 private: true, 레지스트리 배포 없음). 배포는 태그가 아니라 branch 기반이다 — .gitlab-ci.yml이 `$CI_COMMIT_BRANCH == "main"`에서 build 후 dist를 PVC로 cp 하며, upgrade/admin-v2/deploy/README.md도 git push -> runner build -> rsync 흐름만 기술한다. 릴리즈 자산을 만드는 스크립트도 없다(scripts/*는 runtime-config 검증·offline 검사·integrity manifest 뿐, Makefile·release*.sh 없음). docs/INDEX.md:168은 "날짜와 version history는 실제 release 근거가 있을 때만 기록한다"고 명시하는데 그 근거가 없다. 따라서 태그 형식·버전 증가 단위·릴리즈 노트 위치를 지금 새로 정하는 것은 사람의 결정이라 판단해 아무 커밋·태그·파일도 만들지 않았다. worktree는 clean 상태 그대로다.)
fatal: '/home/hkjang/.cache/auto-improve-wt/aiportal-front-admin' is not a working tree
reports: 4 day(s), 224 run(s)
[osc] Running Open Code Review...
[00:11:00] aidev synced: run(2026-09-05): aiportal-front-admin — merged https://github.com/hkjang/aiportal-front-admin/pull/8, release skipped
[00:11:00] done
[00:20:05] skip DartFly: dirty working tree
[00:20:06] skip Kkiit: dirty working tree
[00:20:07] skip Momento: dirty working tree
[00:20:08] skip SecCheck: dirty working tree
[00:20:16] skip cutover: dirty working tree
[00:20:30] skip postra: dirty working tree
[00:20:33] skip seaton: dirty working tree
[00:20:37] candidates(29): AgentHub Clustara Invenqor Quantoss ReSSO Vendra ai-admin aiportal-front-admin aiportal-front aiportal-java aiportal-py appstore dataworks git-ctx igame jikim jupiq kanpic moina moyro muni pii-masker ptium releasedock relio umm vibe-coders visitflow weekly
[00:20:37] picked: aiportal-front
[00:20:37] === aiportal-front (base=main, branch=auto/2026-09-05-0020)
Preparing worktree (new branch 'auto/2026-09-05-0020')
HEAD is now at 1fcb4c6 Merge pull request #3 from hkjang/auto/2026-09-04-0540
remote: 
remote: Create a pull request for 'auto/2026-09-05-0020' on GitHub by visiting:        
remote:      https://github.com/hkjang/aiportal-front/pull/new/auto/2026-09-05-0020        
remote: 
To https://github.com/hkjang/aiportal-front.git
 * [new branch]      auto/2026-09-05-0020 -> auto/2026-09-05-0020
branch 'auto/2026-09-05-0020' set up to track 'origin/auto/2026-09-05-0020'.
[00:25:11] aiportal-front: 1 commit(s) → PR https://github.com/hkjang/aiportal-front/pull/4
[00:25:11] aiportal-front: waiting for CI on 5c244cb (checks: 0, pending: 0)
[00:29:46] aiportal-front: no CI checks on 5c244cb after 5 min — continuing
[00:29:52] aiportal-front: merged into main
From https://github.com/hkjang/aiportal-front
 * branch            main       -> FETCH_HEAD
   1fcb4c6..3824e48  main       -> origin/main
Updating 1fcb4c6..3824e48
Fast-forward
 src/utils/appUpdateLog.js       | 118 +++++++++++++---
 tests/unit/appUpdateLog.spec.js | 301 ++++++++++++++++++++++++++++++++++++++++
 2 files changed, 403 insertions(+), 16 deletions(-)
 create mode 100644 tests/unit/appUpdateLog.spec.js
[00:29:54] aiportal-front: local main fast-forwarded
Preparing worktree (detached HEAD 3824e48)
HEAD is now at 3824e48 Merge pull request #4 from hkjang/auto/2026-09-05-0020
[00:31:09] aiportal-front: release skipped (저장소에 릴리즈 이력이 전혀 없음: git 태그 0개, GitHub Release 0개(gh release list 결과 없음), CHANGELOG.md/RELEASE 노트 없음, .github/workflows 디렉터리 자체가 없음, scripts/ 디렉터리·Makefile·version-check 등 릴리즈 스크립트 없음. package.json 의 version 은 첫 커밋(ab700ba)의 Vite 스캐폴드 기본값 "0.0.0" 그대로이며 전체 히스토리(5개 커밋)에서 한 번도 변경된 적 없고 private:true 라 배포 대상도 아님. .gitlab-ci.yml 은 $CI_COMMIT_BRANCH == main/develop 브랜치 푸시에만 반응하는 빌드·배포 잡만 있고 태그나 릴리즈에 반응하는 잡은 없음(파일 내 tags: 는 모두 GitLab Runner 태그). 따를 이전 방식(버전 체계·노트 양식·태그 형식·자산 규칙)이 존재하지 않아 관례를 새로 만들지 않고 건너뜀.)
fatal: '/home/hkjang/.cache/auto-improve-wt/aiportal-front' is not a working tree
reports: 4 day(s), 225 run(s)
[osc] Running Open Code Review...
[00:31:13] aidev synced: run(2026-09-05): aiportal-front — merged https://github.com/hkjang/aiportal-front/pull/4, release skipped
[00:31:13] done
[00:40:05] skip DartFly: dirty working tree
[00:40:07] skip Kkiit: dirty working tree
[00:40:07] skip Momento: dirty working tree
[00:40:09] skip SecCheck: dirty working tree
[00:40:16] skip cutover: dirty working tree
[00:40:30] skip postra: dirty working tree
[00:40:33] skip seaton: dirty working tree
[00:40:38] candidates(29): AgentHub Clustara Invenqor Quantoss ReSSO Vendra ai-admin aiportal-front-admin aiportal-front aiportal-java aiportal-py appstore dataworks git-ctx igame jikim jupiq kanpic moina moyro muni pii-masker ptium releasedock relio umm vibe-coders visitflow weekly
[00:40:38] picked: aiportal-java
[00:40:38] === aiportal-java (base=main, branch=auto/2026-09-05-0040)
Preparing worktree (new branch 'auto/2026-09-05-0040')
Updating files:  97% (530/541)Updating files:  98% (531/541)Updating files:  99% (536/541)Updating files: 100% (541/541)Updating files: 100% (541/541), done.
HEAD is now at 3f02ad0 Merge pull request #8 from hkjang/auto/2026-09-04-0550
remote: 
remote: Create a pull request for 'auto/2026-09-05-0040' on GitHub by visiting:        
remote:      https://github.com/hkjang/aiportal-java/pull/new/auto/2026-09-05-0040        
remote: 
To https://github.com/hkjang/aiportal-java.git
 * [new branch]      auto/2026-09-05-0040 -> auto/2026-09-05-0040
branch 'auto/2026-09-05-0040' set up to track 'origin/auto/2026-09-05-0040'.
[00:46:04] aiportal-java: 1 commit(s) → PR https://github.com/hkjang/aiportal-java/pull/9
[00:46:05] aiportal-java: waiting for CI on ff2d4a6 (checks: 0, pending: 0)
[00:50:40] aiportal-java: no CI checks on ff2d4a6 after 5 min — continuing
[00:50:44] aiportal-java: merged into main
From https://github.com/hkjang/aiportal-java
 * branch            main       -> FETCH_HEAD
   3f02ad0..3ffa5ca  main       -> origin/main
Updating 3f02ad0..3ffa5ca
Fast-forward
 .../config/security/JwtAuthenticationFilter.java   | 290 ++++++++++++---------
 .../JwtAuthenticationFilterErrorResponseTest.java  | 165 ++++++++++++
 2 files changed, 335 insertions(+), 120 deletions(-)
 create mode 100644 src/test/java/kcb/ai/api/config/security/JwtAuthenticationFilterErrorResponseTest.java
[00:50:48] aiportal-java: local main fast-forwarded
Preparing worktree (detached HEAD 3ffa5ca)
HEAD is now at 3ffa5ca Merge pull request #9 from hkjang/auto/2026-09-05-0040
[00:51:46] aiportal-java: release skipped (릴리즈 이력이 전혀 없는 저장소. git tag 0개(전체 이력 23커밋), GitHub Release 0개(gh 인증 정상, release list 비어 있음), CHANGELOG/RELEASE/VERSION 파일 및 릴리즈 노트 양식 없음, docs/ 25개 문서에도 릴리즈 절차 없음. 유일한 버전 문자열인 build.gradle:9 version='0.0.1-SNAPSHOT' 은 Spring Initializr 기본값으로 first commit 이후 한 번도 변경된 적 없음. .github/workflows 부재이며 .gitlab-ci.yml 은 전적으로 브랜치 트리거(main/develop -> gradlew clean build -> app.war 복사 -> k8s rollout/podman restart)로 태그에 반응하는 워크플로나 버전별 산출물이 없음. deploy/offline/change-package.sh 는 폐쇄망 GitLab clone 으로 변경분을 옮기는 base->target diff 전송 도구로 릴리즈 패키징이 아님. 태그 형식/버전 체계/노트 위치를 새로 정하는 것은 사람의 판단이라 아무것도 만들지 않음. 저장소 변경 없음(커밋·태그 없음, worktree clean).)
fatal: '/home/hkjang/.cache/auto-improve-wt/aiportal-java' is not a working tree
reports: 4 day(s), 226 run(s)
