[00:00:48] skip DartFly: dirty working tree
[00:00:51] skip Quantoss: dirty working tree
[00:00:58] skip aiportal-java: STOP
[00:01:13] skip postra: dirty working tree
[00:01:20] candidates(32): AgentHub Clustara Invenqor Kkiit Momento ReSSO SecCheck Vendra ai-admin aiportal-front-admin aiportal-front aiportal-py appstore cutover dataworks git-ctx igame jikim jupiq kanpic moina moyro muni pii-masker ptium releasedock relio seaton umm vibe-coders visitflow weekly
[00:01:20] campaign guides-2026-09: picked vibe-coders
[00:01:20] picked: vibe-coders
[00:01:21] === vibe-coders (base=main, run 2026-09-12-000120-vibe-coders-improve, 회차 예산 $30)
fatal: couldn't find remote ref main
[00:01:22] vibe-coders: [improve] error — fetch 실패
evidence: /mnt/c/Users/USER/projects/aidev/state/runs/2026-09-12-000120-vibe-coders-improve/evidence.json
[00:01:23] done
[00:10:45] skip DartFly: dirty working tree
[00:10:48] skip Quantoss: dirty working tree
[00:10:55] skip aiportal-java: STOP
[00:11:09] skip postra: dirty working tree
[00:11:16] candidates(32): AgentHub Clustara Invenqor Kkiit Momento ReSSO SecCheck Vendra ai-admin aiportal-front-admin aiportal-front aiportal-py appstore cutover dataworks git-ctx igame jikim jupiq kanpic moina moyro muni pii-masker ptium releasedock relio seaton umm vibe-coders visitflow weekly
[00:11:17] campaign guides-2026-09: picked Momento
[00:11:17] picked: Momento
[00:11:18] === Momento (base=main, run 2026-09-12-001117-Momento-improve, 회차 예산 $30)
Preparing worktree (new branch 'auto/2026-09-12-0011')
Updating files:  97% (371/381)Updating files:  98% (374/381)Updating files:  99% (378/381)Updating files: 100% (381/381)Updating files: 100% (381/381), done.
HEAD is now at 9f857c4 사이트를 볼 수 있는가를 한 곳에서 정한다
[00:11:21] Momento: [base] pinned — main@9f857c4
[00:11:21] Momento: [autonomy] release — 
[00:15:36] Momento: improve — 25 turns, 4m, $1.23, success
[00:15:38] Momento: verify `go build ./...` → exit 0 (0s)
[00:15:38] Momento: verify `go vet ./...` → exit 0 (0s)
[00:15:39] Momento: verify `go test ./...` → exit 0 (1s)
[00:15:39] Momento: verify `cd web && [ -d node_modules ] || npm ci --no-audit --no-fund` → exit 0 (0s)
[00:15:39] Momento: verify `cd web && npm test --silent` → exit 0 (0s)
[00:15:39] Momento: verify `cd web && [ -d node_modules ] || npm ci --no-audit --no-fund` → exit 0 (0s)
[00:15:46] Momento: verify `cd web && npm run build --silent` → exit 0 (7s)
[00:15:47] Momento: [verify] passed — 검증 7개 통과 (auto)
branch 'auto/2026-09-12-0011' set up to track 'origin/auto/2026-09-12-0011'.
[00:15:54] Momento: [pr] created — https://github.com/hkjang/Momento/pull/4
[00:16:49] Momento: review — 10 turns, 0m, $0.34, success
[00:16:49] Momento: [review] approved — 리뷰 승인 (risk=low)
[00:16:51] Momento: waiting for CI on 292285f (pending)
[00:20:49] Momento: [ci] failed — 성공이 아닌 검사: test=failure
evidence: /mnt/c/Users/USER/projects/aidev/state/runs/2026-09-12-001117-Momento-improve/evidence.json
reports: 11 day(s), 2 week(s), 1 month(s), 624 run(s), 689 usage row(s), 34 project page(s), 5 alert(s)
notify: no new alerts
