[00:00:20] relio: [ci] failed — 성공이 아닌 검사: test=failure
evidence: /mnt/c/Users/USER/projects/aidev/state/runs/2026-09-08-000019-relio-approve/evidence.json
regress: aiportal-front reverted — PR #5 "auto-improve: fix: 마크다운 렌더링 코드블록/표 래퍼 속성 유실 및 외부 링크 하드닝" 가 머지 뒤 되돌려짐({"messa). 같은 접근은 다시 시도하지 말 것.
reports: 7 day(s), 2 week(s), 1 month(s), 372 run(s), 178 usage row(s), 29 project page(s), 5 alert(s)
notify: no new alerts
[osc] Running Open Code Review...
[00:01:06] aidev synced: run(2026-09-08): relio — approved https://github.com/hkjang/relio/pull/12
[00:01:09] skip DartFly: dirty working tree
[00:01:10] skip Kkiit: dirty working tree
[00:01:11] skip Momento: dirty working tree
[00:01:12] skip Quantoss: dirty working tree
[00:01:13] skip SecCheck: dirty working tree
[00:01:20] skip cutover: dirty working tree
[00:01:30] skip moyro: dirty working tree
[00:10:08] aiportal-front: 자율화 단계 강등 release → low-risk (회귀(reverted) 2026-09-08T00:00:35+09:00)
[00:10:19] relio: [ci] failed — 성공이 아닌 검사: test=failure
evidence: /mnt/c/Users/USER/projects/aidev/state/runs/2026-09-08-001018-relio-approve/evidence.json
reports: 7 day(s), 2 week(s), 1 month(s), 373 run(s), 178 usage row(s), 29 project page(s), 5 alert(s)
notify: no new alerts
[osc] Running Open Code Review...
[00:10:41] aidev synced: run(2026-09-08): relio — approved https://github.com/hkjang/relio/pull/12
[00:10:44] skip DartFly: dirty working tree
[00:10:45] skip Kkiit: dirty working tree
[00:10:46] skip Momento: dirty working tree
[00:10:47] skip Quantoss: dirty working tree
[00:10:48] skip SecCheck: dirty working tree
[00:10:55] skip cutover: dirty working tree
[00:11:04] skip moyro: dirty working tree
[00:11:05] skip muni: dirty working tree
[00:11:07] skip postra: dirty working tree
[00:11:10] skip seaton: dirty working tree
[00:11:14] skip vibe-coders: dirty working tree
[00:11:14] skip visitflow: dirty working tree
[00:11:15] candidates(24): AgentHub Clustara Invenqor ReSSO Vendra ai-admin aiportal-front-admin aiportal-front aiportal-java aiportal-py appstore dataworks git-ctx igame jikim jupiq kanpic moina pii-masker ptium releasedock relio umm weekly
[00:11:15] picked: git-ctx
[00:11:16] === git-ctx (base=main, run 2026-09-08-001115-git-ctx-improve, 회차 예산 $22)
Preparing worktree (new branch 'auto/2026-09-08-0011')
HEAD is now at 6fa3eec release: v0.77.7
[00:11:18] git-ctx: [base] pinned — main@6fa3eec
[00:11:18] git-ctx: [autonomy] release — 
[00:20:06] resume: 2026-09-08-001115-git-ctx-improve 최근 갱신 — 생략
[00:20:19] relio: [ci] failed — 성공이 아닌 검사: test=failure
evidence: /mnt/c/Users/USER/projects/aidev/state/runs/2026-09-08-002018-relio-approve/evidence.json
reports: 7 day(s), 2 week(s), 1 month(s), 374 run(s), 178 usage row(s), 29 project page(s), 5 alert(s)
notify: no new alerts
[osc] Running Open Code Review...
[00:20:39] aidev synced: run(2026-09-08): relio — approved https://github.com/hkjang/relio/pull/12
[00:20:42] skip DartFly: dirty working tree
[00:20:43] skip Kkiit: dirty working tree
[00:20:44] skip Momento: dirty working tree
[00:20:45] skip Quantoss: dirty working tree
[00:20:46] skip SecCheck: dirty working tree
[00:20:53] skip cutover: dirty working tree
[00:21:02] skip moyro: dirty working tree
[00:21:03] skip muni: dirty working tree
[00:21:05] skip postra: dirty working tree
[00:21:08] skip seaton: dirty working tree
[00:21:11] skip vibe-coders: dirty working tree
[00:21:11] skip visitflow: dirty working tree
[00:21:13] candidates(24): AgentHub Clustara Invenqor ReSSO Vendra ai-admin aiportal-front-admin aiportal-front aiportal-java aiportal-py appstore dataworks git-ctx igame jikim jupiq kanpic moina pii-masker ptium releasedock relio umm weekly
[00:21:13] picked: igame
[00:21:13] === igame (base=main, run 2026-09-08-002113-igame-improve, 회차 예산 $22)
Preparing worktree (new branch 'auto/2026-09-08-0021')
Updating files:  81% (255/314)Updating files:  82% (258/314)Updating files:  83% (261/314)Updating files:  84% (264/314)Updating files:  85% (267/314)Updating files:  86% (271/314)Updating files:  87% (274/314)Updating files:  88% (277/314)Updating files:  89% (280/314)Updating files:  90% (283/314)Updating files:  91% (286/314)Updating files:  92% (289/314)Updating files:  93% (293/314)Updating files:  94% (296/314)Updating files:  95% (299/314)Updating files:  96% (302/314)Updating files:  97% (305/314)Updating files:  98% (308/314)Updating files:  99% (311/314)Updating files: 100% (314/314)Updating files: 100% (314/314), done.
HEAD is now at 423dc7b feat: release igame v0.7.7
[00:21:16] igame: [base] pinned — main@423dc7b
[00:21:16] igame: [autonomy] release — 
[00:30:06] === resume 2026-09-08-001115-git-ctx-improve (git-ctx) — 단계: base=pinned,autonomy=release
[00:30:06] git-ctx: [resume] closed — PR 이전 단계에서 중단 — 에이전트 단계는 재실행하지 않음
evidence: /mnt/c/Users/USER/projects/aidev/state/runs/2026-09-08-001115-git-ctx-improve/evidence.json
[00:30:06] resume: 2026-09-08-002113-igame-improve 최근 갱신 — 생략
[00:30:21] relio: [ci] failed — 성공이 아닌 검사: test=failure
evidence: /mnt/c/Users/USER/projects/aidev/state/runs/2026-09-08-003020-relio-approve/evidence.json
reports: 7 day(s), 2 week(s), 1 month(s), 376 run(s), 178 usage row(s), 29 project page(s), 5 alert(s)
notify: no new alerts
