[00:01:06] jasql: waiting for CI on 1507e00 (no-ci)
[00:05:22] jasql: [ci] no-ci — 이 커밋에 검사가 없음 (정책 allow_merge_without_ci 가 없으면 차단)
[00:05:22] jasql: 승인 대기 유지 (https://github.com/hkjang/jasql/pull/1, CI no-ci) — 회차로 기록하지 않음
[00:06:10] sqlon: 승인된 PR 이 있지만 이 저장소엔 CI 워크플로가 없다 — 생길 때까지 스윕에서 넘긴다
[00:06:32] open-prs: 76건 열려 있음 (29 저장소)
[00:06:36] skip DartFly: 성과 쿨다운 (20시간 남음)
[00:06:43] skip Quantoss: dirty working tree
[00:06:44] skip SecCheck: 성과 쿨다운 (63시간 남음)
[00:06:55] skip jasql: 열린 PR 5건 (WIP 상한) — 새 개선 대신 PR 정리가 먼저다
[00:07:00] skip madi: 성과 쿨다운 (28시간 남음)
[00:07:09] skip nexabuilder: 성과 쿨다운 (57시간 남음)
[00:07:20] skip sqlon: 성과 쿨다운 (63시간 남음)
[00:07:24] skip vibe-code: 성과 쿨다운 (8시간 남음)
[00:07:26] skip vibe-coders: 성과 쿨다운 (63시간 남음)
[00:07:29] skip yeopjari: dirty working tree
[00:07:29] candidates(36): AgentHub Clustara GoalForge Invenqor Kkiit Momento ReSSO Vendra ai-admin appstore bbmcp cutover dataworks git-ctx hunter igame jikim jupiq kanpic mmcp moina moyro muni orbit ox-arena pii-masker playwright-player postra ptium qurio releasedock relio seaton umm visitflow weekly
[00:07:29] fix-queue: picked playwright-player
[00:07:29] picked: playwright-player
[00:07:30] playwright-player: 실험 roles-2026-09 arm=no-scout ({"agents":{"scout":false}})
[00:07:30] === playwright-player (base=main, run 2026-10-04-000729-playwright-player-improve, 회차 예산 $30)
Preparing worktree (new branch 'auto/2026-10-04-0007')
HEAD is now at a2a44d4 Record scenarios from the browser, with verified locators
[00:07:33] playwright-player: [base] pinned — main@a2a44d4
[00:07:33] playwright-player: [autonomy] release — 
[00:43:49] playwright-player: improve — 90 turns, 39m, $6.92, success
[00:43:51] playwright-player: verify `[ -d node_modules ] || npm ci --no-audit --no-fund` → exit 0 (0s)
[00:49:28] playwright-player: verify `npm test --silent` → exit 0 (337s)
[00:49:29] playwright-player: [verify] passed — 검증 2개 통과 (auto)
[00:54:07] playwright-player: review — 29 turns, 4m, $1.67, success
[00:54:07] playwright-player: [review] approved — 리뷰 승인 (risk=low)
branch 'auto/2026-10-04-0007' set up to track 'origin/auto/2026-10-04-0007'.
[00:54:13] playwright-player: [pr] created — https://github.com/hkjang/playwright-player/pull/1
[00:54:15] playwright-player: waiting for CI on d2f428d (no-ci)
[00:58:27] playwright-player: [ci] no-ci — 이 커밋에 검사가 없음 (정책 allow_merge_without_ci 가 없으면 차단)
[00:58:27] playwright-player: fix round did not merge — rolling back
[00:58:27] playwright-player: rollback skipped (no merge sha)
evidence: /mnt/c/Users/USER/projects/aidev/state/runs/2026-10-04-000729-playwright-player-improve/evidence.json
reports: 33 day(s), 5 week(s), 2 month(s), 1877 run(s), 3766 usage row(s), 51 project page(s), 4 alert(s)
notify: no new alerts
[01:01:27] aidev synced: run(2026-10-04): playwright-player — fix-round: CI no-ci, PR open https://github.com/hkjang/playwright-player/pull/1
[01:01:27] done
[01:01:45] shepherd: 후보 101건 (한 번에 최대 6건, 오늘 $0/$150)
[01:02:53] playwright-player: [shepherd] PR #1 no-ci → needs-human — 이 커밋에 CI 검사가 없음 — 워크플로를 두거나 state/playwright-player.policy.json 에 allow_merge_without_ci=true 를 적어야 머지된다 
[01:02:53] shepherd: 처리 0건 — 승인 0 · 수정 푸시 0 · 사람 필요 1 (오늘 $0/$150)
reports: 33 day(s), 5 week(s), 2 month(s), 1877 run(s), 3766 usage row(s), 51 project page(s), 4 alert(s)
notify: no new alerts
