[00:00:25] skip DartFly: dirty working tree
[00:00:27] skip Kkiit: dirty working tree
[00:00:28] skip Momento: dirty working tree
[00:00:28] skip Quantoss: dirty working tree
[00:00:30] skip SecCheck: dirty working tree
[00:00:36] skip aiportal-java: STOP
[00:00:38] skip cutover: dirty working tree
[00:00:51] skip muni: dirty working tree
[00:00:51] skip postra: dirty working tree
[00:00:54] skip seaton: dirty working tree
[00:00:58] skip vibe-coders: dirty working tree
[00:00:58] skip visitflow: dirty working tree
[00:01:00] candidates(24): AgentHub Clustara Invenqor ReSSO Vendra ai-admin aiportal-front-admin aiportal-front aiportal-py appstore dataworks git-ctx igame jikim jupiq kanpic moina moyro pii-masker ptium releasedock relio umm weekly
[00:01:00] picked: aiportal-front-admin aiportal-front aiportal-py
[00:01:00] === aiportal-front-admin (base=main, run 2026-09-09-000100-aiportal-front-admin-improve, 회차 예산 $22)
Preparing worktree (new branch 'auto/2026-09-09-0001')
HEAD is now at 724b992 Merge pull request #11 from hkjang/auto/2026-09-08-1910
[00:01:03] aiportal-front-admin: [base] pinned — main@724b992
[00:01:03] aiportal-front-admin: [autonomy] release — 
[00:01:05] === aiportal-front (base=main, run 2026-09-09-000105-aiportal-front-improve, 회차 예산 $22)
Preparing worktree (new branch 'auto/2026-09-09-0001')
HEAD is now at 624472e Merge pull request #9 from hkjang/auto/2026-09-08-1911
[00:01:07] aiportal-front: [base] pinned — main@624472e
[00:01:07] aiportal-front: [autonomy] release — 
[00:01:10] === aiportal-py (base=main, run 2026-09-09-000110-aiportal-py-improve, 회차 예산 $22)
Preparing worktree (new branch 'auto/2026-09-09-0001')
HEAD is now at f2f984b Merge pull request #11 from hkjang/auto/2026-09-08-1630
[00:01:13] aiportal-py: [base] pinned — main@f2f984b
[00:01:13] aiportal-py: [autonomy] release — 
[00:06:55] aiportal-py: improve — 38 turns, 6m, $2.3, success
[00:06:58] aiportal-py: verify `python3 -m pytest -q -x` → exit 0 (2s)
[00:06:59] aiportal-py: [verify] passed — 검증 1개 통과 (auto)
branch 'auto/2026-09-09-0001' set up to track 'origin/auto/2026-09-09-0001'.
[00:07:06] aiportal-py: [pr] created — https://github.com/hkjang/aiportal-py/pull/12
[00:07:06] aiportal-front-admin: improve — 51 turns, 6m, $2.72, success
[00:07:11] aiportal-front-admin: verify `[ -d node_modules ] || npm ci --no-audit --no-fund` → exit 0 (5s)
[00:07:13] aiportal-front: improve — 37 turns, 6m, $2.35, success
[00:07:11] aiportal-front-admin: verify `npm run build:dev --silent` → exit 0 (0s)
[00:07:12] aiportal-front: verify `[ -d node_modules ] || npm ci --no-audit --no-fund` → exit 0 (0s)
[00:07:12] aiportal-front-admin: [verify] passed — 검증 2개 통과 (policy)
[00:07:13] aiportal-front: verify `npm test --silent` → exit 0 (1s)
[00:07:14] aiportal-front: [verify] passed — 검증 2개 통과 (auto)
branch 'auto/2026-09-09-0001' set up to track 'origin/auto/2026-09-09-0001'.
branch 'auto/2026-09-09-0001' set up to track 'origin/auto/2026-09-09-0001'.
[00:07:19] aiportal-front-admin: [pr] created — https://github.com/hkjang/aiportal-front-admin/pull/12
[00:07:21] aiportal-front: [pr] created — https://github.com/hkjang/aiportal-front/pull/10
[00:09:20] aiportal-py: review — 9 turns, 2m, $0.74, success
[00:09:20] aiportal-py: [review] approved — 리뷰 승인 (risk=low)
[00:09:22] aiportal-py: waiting for CI on efd0878 (no-ci-allowed)
[00:09:28] aiportal-front-admin: review — 10 turns, 2m, $0.69, success
[00:09:28] aiportal-front-admin: [review] approved — 리뷰 승인 (risk=low)
[00:09:30] aiportal-front-admin: waiting for CI on 815b010 (no-ci-allowed)
[00:09:50] aiportal-py: [ci] passed — 검사 없음 — 정책으로 허용
[00:09:55] aiportal-py: [merge] done — efd08781c4fdf127ca081fd08ce7967f7f343fb2
From https://github.com/hkjang/aiportal-py
 * branch            main       -> FETCH_HEAD
   f2f984b..e49b6d2  main       -> origin/main
Updating f2f984b..e49b6d2
Fast-forward
 docs/CODEBASE_MAP.md            |   3 +-
 docs/CURRENT_STATE_AUDIT.md     |   7 ++
 docs/TESTING.md                 |   1 +
 tests/unit/test_extract_text.py | 227 ++++++++++++++++++++++++++++++++++++++++
 util/extract_minor.py           |  83 ++-------------
 util/extract_text.py            | 120 +++++++++++++++++++++
 util/pipeline_module.py         |  10 +-
 7 files changed, 374 insertions(+), 77 deletions(-)
 create mode 100644 tests/unit/test_extract_text.py
 create mode 100644 util/extract_text.py
Preparing worktree (detached HEAD e49b6d2)
HEAD is now at e49b6d2 Merge pull request #12 from hkjang/auto/2026-09-09-0001
[00:09:58] aiportal-front-admin: [ci] passed — 검사 없음 — 정책으로 허용
[00:10:04] aiportal-front-admin: [merge] done — 815b0108438f1ce6009ff9066590ea413eaa6f1e
From https://github.com/hkjang/aiportal-front-admin
 * branch            main       -> FETCH_HEAD
   724b992..de56241  main       -> origin/main
Updating 724b992..de56241
Fast-forward
 upgrade/admin-v2/docs/ARCHITECTURE.md              |  4 ++
 .../admin-v2/src/components/PaginationBar.test.ts  | 54 ++++++++++++++++++++++
 upgrade/admin-v2/src/components/PaginationBar.vue  | 18 +++++---
 .../admin-v2/src/modules/catalog/CatalogView.vue   |  6 +++
 .../src/modules/directory/DirectoryView.test.ts    | 33 +++++++++++++
 .../src/modules/directory/DirectoryView.vue        |  6 +++
 upgrade/admin-v2/src/shared/paging.test.ts         | 35 ++++++++++++++
 upgrade/admin-v2/src/shared/paging.ts              | 18 ++++++++
 8 files changed, 167 insertions(+), 7 deletions(-)
 create mode 100644 upgrade/admin-v2/src/components/PaginationBar.test.ts
 create mode 100644 upgrade/admin-v2/src/shared/paging.test.ts
 create mode 100644 upgrade/admin-v2/src/shared/paging.ts
Preparing worktree (detached HEAD de56241)
HEAD is now at de56241 Merge pull request #12 from hkjang/auto/2026-09-09-0001
[00:10:09] aiportal-front: review — 17 turns, 3m, $0.86, success
[00:10:09] aiportal-front: [review] approved — 리뷰 승인 (risk=low)
[00:10:11] aiportal-front: waiting for CI on 17c6048 (no-ci-allowed)
[00:10:39] aiportal-front: [ci] passed — 검사 없음 — 정책으로 허용
[00:10:49] aiportal-front: [merge] done — 17c6048ccdd002de88441270ea7057dc480343d4
From https://github.com/hkjang/aiportal-front
 * branch            main       -> FETCH_HEAD
   624472e..6ed4d72  main       -> origin/main
Updating 624472e..6ed4d72
Fast-forward
 src/components/layout/HeaderSetting.vue |   2 +
 src/storage/authStorage.js              |  67 +++++++--
 src/storage/sessionChatStroage.js       |  57 +++++---
 src/utils/common.js                     |   2 +
 tests/unit/authStorage.spec.js          | 238 ++++++++++++++++++++++++++++++++
 tests/unit/sessionChatStroage.spec.js   | 151 ++++++++++++++++++++
 6 files changed, 485 insertions(+), 32 deletions(-)
 create mode 100644 tests/unit/authStorage.spec.js
 create mode 100644 tests/unit/sessionChatStroage.spec.js
Preparing worktree (detached HEAD 6ed4d72)
HEAD is now at 6ed4d72 Merge pull request #10 from hkjang/auto/2026-09-09-0001
[00:10:54] aiportal-py: release — 12 turns, 0m, $0.41, success
[00:10:55] aiportal-py: [release] skipped — 릴리즈 안 함: 이 저장소에는 릴리즈 이력이 전혀 없습니다. git tag 0개(`git tag | wc -l` == 0), CHANGELOG.md·docs/RELEASE*.md 등 릴리즈 노트 없음, GitHub Release 목록 비어 있음, .github/workflows 없음(러너 제공 정보와 일치). 버전이 적힌 파일도 없습니다(pyproject.toml/setup.py/setup.cfg/VERSION/package.json/Makefile 모두 부재). 유일한 버전 문자열은 api.py:123 의 FastAPI OpenAPI 메타데이터 `version="1.0.0"` 이며, `git log -L 123,123:api.py` 결과 first commit(2075c62) 이후 한 번도 변경된 적이 없어 릴리즈용 버전 파일로 관리되고 있지 않습니다. 배포는 .gitlab-ci.yml 이 담당하는데 태그가 아니라 브랜치 기준(`$CI_COMMIT_BRANCH == "main"|"develop"` 조건으로 배포 디렉터리에서 `git reset --hard origin/$CI_COMMIT_BRANCH` 후 rollout restart/podman restart)이라 태그·버전 개념 자체가 파이프라인에 없습니다. docs/ROADMAP.md 의 R0~R5 "Release" 표는 버전 릴리즈가 아니라 개선 단계 계획입니다. 릴리즈 자산을 만드는 스크립트(scripts/, Makefile)도 없습니다. 관례를 새로 정하는 것은 사람의 판단이므로 태그·버전 파일·릴리즈 노트를 만들지 않고 건너뜁니다.
fatal: '/home/hkjang/.cache/auto-improve-wt/aiportal-py' is not a working tree
evidence: /mnt/c/Users/USER/projects/aidev/state/runs/2026-09-09-000110-aiportal-py-improve/evidence.json
[00:11:12] aiportal-front-admin: release — 15 turns, 1m, $0.44, success
[00:11:12] aiportal-front-admin: [release] skipped — 릴리즈 안 함: 저장소에 릴리즈 관례가 존재하지 않습니다. 태그 0개(git tag 결과 없음), CHANGELOG/RELEASE 노트 파일 없음, GitHub Release 이력 없음, .github/workflows 없음. package.json의 version은 루트가 first commit 이후 계속 0.0.0, upgrade/admin-v2가 워크스페이스 생성 커밋(81b150f) 이후 계속 0.1.0으로 한 번도 증가한 적이 없어 릴리즈 버전으로 쓰인 적이 없습니다. 배포는 .gitlab-ci.yml이 main/develop 브랜치 push에만 반응하는 CI(태그·릴리즈 트리거 없음)로 이루어지고, upgrade/admin-v2/deploy의 스크립트도 npm offline cache 반입과 dist rsync용이라 릴리즈 자산 생성 절차가 아닙니다. 관례를 새로 정하는 것은 사람의 일이므로 태그·버전 변경·노트를 만들지 않았습니다.
fatal: '/home/hkjang/.cache/auto-improve-wt/aiportal-front-admin' is not a working tree
evidence: /mnt/c/Users/USER/projects/aidev/state/runs/2026-09-09-000100-aiportal-front-admin-improve/evidence.json
notify: no new alerts
