[00:00:50] client.irumx.app: 승인된 PR 이 있지만 이 저장소엔 CI 워크플로가 없다 — 생길 때까지 스윕에서 넘긴다
[00:01:05] git-ctx: [ci] cancelled — 성공이 아닌 검사: Build, vet and unit tests=cancelled · 실패한 검사: ? 
[00:01:05] git-ctx: 승인 대기 유지 (https://github.com/hkjang/git-ctx/pull/47, CI cancelled) — 회차로 기록하지 않음
[00:02:33] yeopjari: waiting for CI on 6d4e3a4 (no-ci)
[00:06:43] yeopjari: [ci] no-ci — 이 커밋에 검사가 없음 (정책 allow_merge_without_ci 가 없으면 차단)
[00:06:43] yeopjari: 승인 대기 유지 (https://github.com/hkjang/yeopjari/pull/1, CI no-ci) — 회차로 기록하지 않음
[00:06:50] skip AgentHub: dormant (변경 없음 3연속, 2026-10-09)
[00:06:51] skip Clustara: dormant (변경 없음 3연속, 2026-10-09)
[00:06:53] skip DartFly: 성과 쿨다운 (69시간 남음)
[00:06:54] skip GoalForge: dormant (변경 없음 3연속, 2026-10-09)
[00:06:55] skip Invenqor: 성과 쿨다운 (48시간 남음)
[00:06:56] skip Kkiit: dormant (변경 없음 3연속, 2026-10-09)
[00:06:57] skip Momento: dormant (변경 없음 3연속, 2026-10-09)
[00:06:59] skip Quantoss: dirty working tree
[00:06:58] skip ReSSO: dormant (변경 없음 3연속, 2026-10-10)
[00:06:59] skip SecCheck: 성과 쿨다운 (39시간 남음)
[00:07:00] skip Vendra: dormant (변경 없음 3연속, 2026-10-10)
[00:07:01] skip agent.irumx.app: dirty working tree
[00:07:02] skip ai-admin: dormant (변경 없음 3연속, 2026-10-09)
[00:07:02] skip aicc.irumx.app: dirty working tree
[00:07:04] skip appstore: dormant (변경 없음 3연속, 2026-10-09)
[00:07:04] skip apt.irumx.app: dormant (변경 없음 3연속, 2026-10-10)
[00:07:07] skip artex-ko: dirty working tree
[00:07:08] skip bamcp: dormant (변경 없음 3연속, 2026-10-10)
[00:07:09] skip bbmcp: dormant (변경 없음 3연속, 2026-10-09)
[00:07:11] skip bitex: dormant (변경 없음 3연속, 2026-10-10)
[00:07:12] skip biz.irumx.app: dirty working tree
[00:07:13] skip client.irumx.app: dirty working tree
[00:07:14] skip confmcp: dormant (변경 없음 3연속, 2026-10-10)
[00:07:15] skip cosmetics.irumx.app: dirty working tree
[00:07:16] skip cutover: dormant (변경 없음 3연속, 2026-10-10)
[00:07:18] skip dataworks: dormant (변경 없음 3연속, 2026-10-09)
[00:07:20] skip edu.irumx.app: dirty working tree
[00:07:20] skip eval.irumx.app: dirty working tree
[00:07:22] skip git-ctx: 열린 PR 5건 (WIP 상한) — 새 개선 대신 PR 정리가 먼저다
[00:07:23] skip his.irumx.app: dirty working tree
[00:07:30] skip hunter: dormant (변경 없음 3연속, 2026-10-09)
[00:07:31] skip igame: dormant (변경 없음 3연속, 2026-10-09)
[00:07:32] skip insight.yeopjari.bid: dormant (변경 없음 3연속, 2026-10-10)
[00:07:33] skip irumx-www: 열린 PR 5건 (WIP 상한) — 새 개선 대신 PR 정리가 먼저다
[00:07:35] skip jasql: 열린 PR 5건 (WIP 상한) — 새 개선 대신 PR 정리가 먼저다
[00:07:36] skip jikim: dormant (변경 없음 3연속, 2026-10-10)
[00:07:37] skip jupiq: 성과 쿨다운 (32시간 남음)
[00:07:38] skip kanpic: dormant (변경 없음 3연속, 2026-10-09)
[00:07:39] skip law.irumx.app: dirty working tree
[00:07:41] skip madi: 성과 쿨다운 (5시간 남음)
[00:07:42] skip mmcp: 성과 쿨다운 (70시간 남음)
[00:07:44] skip moina: dormant (변경 없음 3연속, 2026-10-10)
[00:07:46] skip moyro: dormant (변경 없음 3연속, 2026-10-09)
[00:07:50] skip multica: dormant (변경 없음 3연속, 2026-10-10)
[00:07:51] skip muni: dormant (변경 없음 3연속, 2026-10-10)
[00:07:57] skip nexabuilder: 성과 쿨다운 (33시간 남음)
[00:07:52] skip ops.irumx.app: dormant (변경 없음 3연속, 2026-10-09)
[00:07:53] skip orbit: dormant (변경 없음 3연속, 2026-10-10)
[00:07:54] skip ox-arena: 열린 PR 5건 (WIP 상한) — 새 개선 대신 PR 정리가 먼저다
[00:07:56] skip pii-masker: dormant (변경 없음 3연속, 2026-10-09)
[00:07:56] skip playwright-player: dormant (변경 없음 3연속, 2026-10-05)
[00:07:58] skip postra: dormant (변경 없음 3연속, 2026-10-10)
[00:08:00] skip ptium: dormant (변경 없음 3연속, 2026-10-10)
[00:08:01] skip qurio: 성과 쿨다운 (67시간 남음)
[00:08:02] skip releasedock: dormant (변경 없음 3연속, 2026-10-09)
[00:08:03] skip relio: dormant (변경 없음 3연속, 2026-10-09)
[00:08:04] skip review.yeopjari.bid: dirty working tree
[00:08:05] skip seaton: dormant (변경 없음 3연속, 2026-10-09)
[00:08:06] skip sqlon: 성과 쿨다운 (39시간 남음)
[00:08:08] skip umm: dormant (변경 없음 3연속, 2026-10-09)
[00:08:09] skip vibe-code: dormant (변경 없음 3연속, 2026-10-09)
[00:08:11] skip vibe-coders: 성과 쿨다운 (39시간 남음)
[00:08:12] skip visitflow: dormant (변경 없음 3연속, 2026-10-09)
[00:08:14] skip weekly: dormant (변경 없음 3연속, 2026-10-09)
[00:08:15] skip workkit.irumx.app: dirty working tree
[00:08:15] skip yeopjari-your: dirty working tree
[00:08:17] skip yeopjari: 열린 PR 5건 (WIP 상한) — 새 개선 대신 PR 정리가 먼저다
[00:08:17] no candidates: 15개 전부 WIP 상한(열린 PR 5건↑) — PR 정리부터 하세요
[00:11:01] git-ctx: [ci] cancelled — 성공이 아닌 검사: Build, vet and unit tests=cancelled · 실패한 검사: ? 
[00:11:01] git-ctx: 승인 대기 유지 (https://github.com/hkjang/git-ctx/pull/47, CI cancelled) — 회차로 기록하지 않음
[00:12:26] yeopjari: waiting for CI on 6d4e3a4 (no-ci)
[00:16:37] yeopjari: [ci] no-ci — 이 커밋에 검사가 없음 (정책 allow_merge_without_ci 가 없으면 차단)
[00:16:37] yeopjari: 승인 대기 유지 (https://github.com/hkjang/yeopjari/pull/1, CI no-ci) — 회차로 기록하지 않음
[00:16:44] skip AgentHub: dormant (변경 없음 3연속, 2026-10-09)
[00:16:45] skip Clustara: dormant (변경 없음 3연속, 2026-10-09)
[00:16:47] skip DartFly: 성과 쿨다운 (69시간 남음)
[00:16:48] skip GoalForge: dormant (변경 없음 3연속, 2026-10-09)
[00:16:49] skip Invenqor: 성과 쿨다운 (48시간 남음)
[00:16:50] skip Kkiit: dormant (변경 없음 3연속, 2026-10-09)
[00:16:51] skip Momento: dormant (변경 없음 3연속, 2026-10-09)
[00:16:53] skip Quantoss: dirty working tree
[00:16:54] skip ReSSO: dormant (변경 없음 3연속, 2026-10-10)
[00:16:55] skip SecCheck: 성과 쿨다운 (39시간 남음)
[00:16:56] skip Vendra: dormant (변경 없음 3연속, 2026-10-10)
[00:16:57] skip agent.irumx.app: dirty working tree
[00:16:58] skip ai-admin: dormant (변경 없음 3연속, 2026-10-09)
[00:16:59] skip aicc.irumx.app: dirty working tree
[00:17:02] skip appstore: dormant (변경 없음 3연속, 2026-10-09)
[00:16:58] skip apt.irumx.app: dormant (변경 없음 3연속, 2026-10-10)
[00:17:01] skip artex-ko: dirty working tree
[00:17:01] skip bamcp: dormant (변경 없음 3연속, 2026-10-10)
[00:17:02] skip bbmcp: dormant (변경 없음 3연속, 2026-10-09)
[00:17:04] skip bitex: dormant (변경 없음 3연속, 2026-10-10)
[00:17:05] skip biz.irumx.app: dirty working tree
[00:17:07] skip client.irumx.app: dirty working tree
[00:17:08] skip confmcp: dormant (변경 없음 3연속, 2026-10-10)
[00:17:09] skip cosmetics.irumx.app: dirty working tree
[00:17:10] skip cutover: dormant (변경 없음 3연속, 2026-10-10)
[00:17:12] skip dataworks: dormant (변경 없음 3연속, 2026-10-09)
[00:17:13] skip edu.irumx.app: dirty working tree
[00:17:14] skip eval.irumx.app: dirty working tree
[00:17:15] skip git-ctx: 열린 PR 5건 (WIP 상한) — 새 개선 대신 PR 정리가 먼저다
[00:17:16] skip his.irumx.app: dirty working tree
[00:17:18] skip hunter: dormant (변경 없음 3연속, 2026-10-09)
[00:17:20] skip igame: dormant (변경 없음 3연속, 2026-10-09)
[00:17:20] skip insight.yeopjari.bid: dormant (변경 없음 3연속, 2026-10-10)
[00:17:22] skip irumx-www: 열린 PR 5건 (WIP 상한) — 새 개선 대신 PR 정리가 먼저다
[00:17:23] skip jasql: 열린 PR 5건 (WIP 상한) — 새 개선 대신 PR 정리가 먼저다
[00:17:24] skip jikim: dormant (변경 없음 3연속, 2026-10-10)
[00:17:25] skip jupiq: 성과 쿨다운 (31시간 남음)
[00:17:26] skip kanpic: dormant (변경 없음 3연속, 2026-10-09)
[00:17:25] skip law.irumx.app: dirty working tree
[00:17:27] skip madi: 성과 쿨다운 (5시간 남음)
[00:17:28] skip mmcp: 성과 쿨다운 (70시간 남음)
[00:17:30] skip moina: dormant (변경 없음 3연속, 2026-10-10)
[00:17:32] skip moyro: dormant (변경 없음 3연속, 2026-10-09)
[00:17:36] skip multica: dormant (변경 없음 3연속, 2026-10-10)
[00:17:38] skip muni: dormant (변경 없음 3연속, 2026-10-10)
[00:17:41] skip nexabuilder: 성과 쿨다운 (33시간 남음)
[00:17:42] skip ops.irumx.app: dormant (변경 없음 3연속, 2026-10-09)
[00:17:43] skip orbit: dormant (변경 없음 3연속, 2026-10-10)
[00:17:43] skip ox-arena: 열린 PR 5건 (WIP 상한) — 새 개선 대신 PR 정리가 먼저다
[00:17:46] skip pii-masker: dormant (변경 없음 3연속, 2026-10-09)
[00:17:46] skip playwright-player: dormant (변경 없음 3연속, 2026-10-05)
[00:17:48] skip postra: dormant (변경 없음 3연속, 2026-10-10)
[00:17:50] skip ptium: dormant (변경 없음 3연속, 2026-10-10)
[00:17:52] skip qurio: 성과 쿨다운 (67시간 남음)
[00:17:52] skip releasedock: dormant (변경 없음 3연속, 2026-10-09)
[00:17:54] skip relio: dormant (변경 없음 3연속, 2026-10-09)
[00:17:54] skip review.yeopjari.bid: dirty working tree
[00:17:52] skip seaton: dormant (변경 없음 3연속, 2026-10-09)
[00:17:54] skip sqlon: 성과 쿨다운 (39시간 남음)
[00:17:56] skip umm: dormant (변경 없음 3연속, 2026-10-09)
[00:17:57] skip vibe-code: dormant (변경 없음 3연속, 2026-10-09)
[00:18:00] skip vibe-coders: 성과 쿨다운 (39시간 남음)
[00:18:00] skip visitflow: dormant (변경 없음 3연속, 2026-10-09)
[00:18:02] skip weekly: dormant (변경 없음 3연속, 2026-10-09)
[00:18:03] skip workkit.irumx.app: dirty working tree
[00:18:04] skip yeopjari-your: dirty working tree
[00:18:06] skip yeopjari: 열린 PR 5건 (WIP 상한) — 새 개선 대신 PR 정리가 먼저다
[00:18:06] no candidates: 15개 전부 WIP 상한(열린 PR 5건↑) — PR 정리부터 하세요
[00:21:03] git-ctx: [ci] cancelled — 성공이 아닌 검사: Build, vet and unit tests=cancelled · 실패한 검사: ? 
[00:21:03] git-ctx: 승인 대기 유지 (https://github.com/hkjang/git-ctx/pull/47, CI cancelled) — 회차로 기록하지 않음
[00:22:31] yeopjari: waiting for CI on 6d4e3a4 (no-ci)
[00:26:42] yeopjari: [ci] no-ci — 이 커밋에 검사가 없음 (정책 allow_merge_without_ci 가 없으면 차단)
[00:26:42] yeopjari: 승인 대기 유지 (https://github.com/hkjang/yeopjari/pull/1, CI no-ci) — 회차로 기록하지 않음
[00:26:49] skip AgentHub: dormant (변경 없음 3연속, 2026-10-09)
[00:26:50] skip Clustara: dormant (변경 없음 3연속, 2026-10-09)
[00:26:52] skip DartFly: 성과 쿨다운 (69시간 남음)
[00:26:53] skip GoalForge: dormant (변경 없음 3연속, 2026-10-09)
[00:26:54] skip Invenqor: 성과 쿨다운 (47시간 남음)
[00:26:55] skip Kkiit: dormant (변경 없음 3연속, 2026-10-09)
[00:26:56] skip Momento: dormant (변경 없음 3연속, 2026-10-09)
[00:26:58] skip Quantoss: dirty working tree
[00:26:59] skip ReSSO: dormant (변경 없음 3연속, 2026-10-10)
[00:27:02] skip SecCheck: 성과 쿨다운 (39시간 남음)
[00:26:58] skip Vendra: dormant (변경 없음 3연속, 2026-10-10)
[00:26:59] skip agent.irumx.app: dirty working tree
[00:27:00] skip ai-admin: dormant (변경 없음 3연속, 2026-10-09)
[00:27:01] skip aicc.irumx.app: dirty working tree
[00:27:02] skip appstore: dormant (변경 없음 3연속, 2026-10-09)
[00:27:03] skip apt.irumx.app: dormant (변경 없음 3연속, 2026-10-10)
[00:27:05] skip artex-ko: dirty working tree
[00:27:06] skip bamcp: dormant (변경 없음 3연속, 2026-10-10)
[00:27:07] skip bbmcp: dormant (변경 없음 3연속, 2026-10-09)
[00:27:09] skip bitex: dormant (변경 없음 3연속, 2026-10-10)
[00:27:10] skip biz.irumx.app: dirty working tree
[00:27:12] skip client.irumx.app: dirty working tree
[00:27:13] skip confmcp: dormant (변경 없음 3연속, 2026-10-10)
[00:27:14] skip cosmetics.irumx.app: dirty working tree
[00:27:15] skip cutover: dormant (변경 없음 3연속, 2026-10-10)
[00:27:17] skip dataworks: dormant (변경 없음 3연속, 2026-10-09)
[00:27:18] skip edu.irumx.app: dirty working tree
[00:27:19] skip eval.irumx.app: dirty working tree
[00:27:20] skip git-ctx: 열린 PR 5건 (WIP 상한) — 새 개선 대신 PR 정리가 먼저다
[00:27:21] skip his.irumx.app: dirty working tree
[00:27:24] skip hunter: dormant (변경 없음 3연속, 2026-10-09)
[00:27:25] skip igame: dormant (변경 없음 3연속, 2026-10-09)
[00:27:26] skip insight.yeopjari.bid: dormant (변경 없음 3연속, 2026-10-10)
[00:27:27] skip irumx-www: 열린 PR 5건 (WIP 상한) — 새 개선 대신 PR 정리가 먼저다
[00:27:26] skip jasql: 열린 PR 5건 (WIP 상한) — 새 개선 대신 PR 정리가 먼저다
[00:27:27] skip jikim: dormant (변경 없음 3연속, 2026-10-10)
[00:27:28] skip jupiq: 성과 쿨다운 (31시간 남음)
[00:27:29] skip kanpic: dormant (변경 없음 3연속, 2026-10-09)
[00:27:30] skip law.irumx.app: dirty working tree
[00:27:32] skip madi: 성과 쿨다운 (5시간 남음)
[00:27:34] skip mmcp: 성과 쿨다운 (69시간 남음)
[00:27:35] skip moina: dormant (변경 없음 3연속, 2026-10-10)
[00:27:38] skip moyro: dormant (변경 없음 3연속, 2026-10-09)
[00:27:42] skip multica: dormant (변경 없음 3연속, 2026-10-10)
[00:27:43] skip muni: dormant (변경 없음 3연속, 2026-10-10)
[00:27:47] skip nexabuilder: 성과 쿨다운 (32시간 남음)
[00:27:48] skip ops.irumx.app: dormant (변경 없음 3연속, 2026-10-09)
[00:27:48] skip orbit: dormant (변경 없음 3연속, 2026-10-10)
[00:27:49] skip ox-arena: 열린 PR 5건 (WIP 상한) — 새 개선 대신 PR 정리가 먼저다
[00:27:51] skip pii-masker: dormant (변경 없음 3연속, 2026-10-09)
[00:27:52] skip playwright-player: dormant (변경 없음 3연속, 2026-10-05)
[00:27:54] skip postra: dormant (변경 없음 3연속, 2026-10-10)
[00:27:53] skip ptium: dormant (변경 없음 3연속, 2026-10-10)
[00:27:54] skip qurio: 성과 쿨다운 (67시간 남음)
[00:27:55] skip releasedock: dormant (변경 없음 3연속, 2026-10-09)
[00:27:56] skip relio: dormant (변경 없음 3연속, 2026-10-09)
[00:27:57] skip review.yeopjari.bid: dirty working tree
[00:27:58] skip seaton: dormant (변경 없음 3연속, 2026-10-09)
[00:27:59] skip sqlon: 성과 쿨다운 (39시간 남음)
[00:28:01] skip umm: dormant (변경 없음 3연속, 2026-10-09)
[00:28:03] skip vibe-code: dormant (변경 없음 3연속, 2026-10-09)
[00:28:05] skip vibe-coders: 성과 쿨다운 (39시간 남음)
[00:28:06] skip visitflow: dormant (변경 없음 3연속, 2026-10-09)
[00:28:08] skip weekly: dormant (변경 없음 3연속, 2026-10-09)
[00:28:09] skip workkit.irumx.app: dirty working tree
[00:28:10] skip yeopjari-your: dirty working tree
[00:28:11] skip yeopjari: 열린 PR 5건 (WIP 상한) — 새 개선 대신 PR 정리가 먼저다
[00:28:11] no candidates: 15개 전부 WIP 상한(열린 PR 5건↑) — PR 정리부터 하세요
[00:31:04] git-ctx: [ci] cancelled — 성공이 아닌 검사: Build, vet and unit tests=cancelled · 실패한 검사: ? 
[00:31:04] git-ctx: 승인 대기 유지 (https://github.com/hkjang/git-ctx/pull/47, CI cancelled) — 회차로 기록하지 않음
[00:32:35] yeopjari: waiting for CI on 6d4e3a4 (no-ci)
[00:36:46] yeopjari: [ci] no-ci — 이 커밋에 검사가 없음 (정책 allow_merge_without_ci 가 없으면 차단)
[00:36:46] yeopjari: 승인 대기 유지 (https://github.com/hkjang/yeopjari/pull/1, CI no-ci) — 회차로 기록하지 않음
[00:36:53] skip AgentHub: dormant (변경 없음 3연속, 2026-10-09)
[00:36:54] skip Clustara: dormant (변경 없음 3연속, 2026-10-09)
[00:36:55] skip DartFly: 성과 쿨다운 (69시간 남음)
[00:36:56] skip GoalForge: dormant (변경 없음 3연속, 2026-10-09)
[00:36:58] skip Invenqor: 성과 쿨다운 (47시간 남음)
[00:36:59] skip Kkiit: dormant (변경 없음 3연속, 2026-10-09)
[00:37:00] skip Momento: dormant (변경 없음 3연속, 2026-10-09)
[00:36:59] skip Quantoss: dirty working tree
[00:37:00] skip ReSSO: dormant (변경 없음 3연속, 2026-10-10)
[00:37:01] skip SecCheck: 성과 쿨다운 (39시간 남음)
[00:37:02] skip Vendra: dormant (변경 없음 3연속, 2026-10-10)
[00:37:03] skip agent.irumx.app: dirty working tree
[00:37:04] skip ai-admin: dormant (변경 없음 3연속, 2026-10-09)
[00:37:05] skip aicc.irumx.app: dirty working tree
[00:37:06] skip appstore: dormant (변경 없음 3연속, 2026-10-09)
[00:37:07] skip apt.irumx.app: dormant (변경 없음 3연속, 2026-10-10)
[00:37:09] skip artex-ko: dirty working tree
[00:37:10] skip bamcp: dormant (변경 없음 3연속, 2026-10-10)
[00:37:11] skip bbmcp: dormant (변경 없음 3연속, 2026-10-09)
[00:37:13] skip bitex: dormant (변경 없음 3연속, 2026-10-10)
[00:37:14] skip biz.irumx.app: dirty working tree
[00:37:15] skip client.irumx.app: dirty working tree
[00:37:16] skip confmcp: dormant (변경 없음 3연속, 2026-10-10)
[00:37:18] skip cosmetics.irumx.app: dirty working tree
[00:37:19] skip cutover: dormant (변경 없음 3연속, 2026-10-10)
[00:37:21] skip dataworks: dormant (변경 없음 3연속, 2026-10-09)
[00:37:22] skip edu.irumx.app: dirty working tree
[00:37:23] skip eval.irumx.app: dirty working tree
[00:37:25] skip git-ctx: 열린 PR 5건 (WIP 상한) — 새 개선 대신 PR 정리가 먼저다
[00:37:25] skip his.irumx.app: dirty working tree
[00:37:32] skip hunter: dormant (변경 없음 3연속, 2026-10-09)
[00:37:34] skip igame: dormant (변경 없음 3연속, 2026-10-09)
[00:37:35] skip insight.yeopjari.bid: dormant (변경 없음 3연속, 2026-10-10)
[00:37:36] skip irumx-www: 열린 PR 5건 (WIP 상한) — 새 개선 대신 PR 정리가 먼저다
[00:37:37] skip jasql: 열린 PR 5건 (WIP 상한) — 새 개선 대신 PR 정리가 먼저다
[00:37:38] skip jikim: dormant (변경 없음 3연속, 2026-10-10)
[00:37:39] skip jupiq: 성과 쿨다운 (31시간 남음)
[00:37:41] skip kanpic: dormant (변경 없음 3연속, 2026-10-09)
[00:37:42] skip law.irumx.app: dirty working tree
[00:37:43] skip madi: 성과 쿨다운 (5시간 남음)
[00:37:45] skip mmcp: 성과 쿨다운 (69시간 남음)
[00:37:46] skip moina: dormant (변경 없음 3연속, 2026-10-10)
[00:37:48] skip moyro: dormant (변경 없음 3연속, 2026-10-09)
[00:37:52] skip multica: dormant (변경 없음 3연속, 2026-10-10)
[00:37:54] skip muni: dormant (변경 없음 3연속, 2026-10-10)
[00:37:54] skip nexabuilder: 성과 쿨다운 (32시간 남음)
[00:37:55] skip ops.irumx.app: dormant (변경 없음 3연속, 2026-10-09)
[00:37:56] skip orbit: dormant (변경 없음 3연속, 2026-10-10)
[00:37:56] skip ox-arena: 열린 PR 5건 (WIP 상한) — 새 개선 대신 PR 정리가 먼저다
[00:37:58] skip pii-masker: dormant (변경 없음 3연속, 2026-10-09)
[00:37:59] skip playwright-player: dormant (변경 없음 3연속, 2026-10-05)
[00:38:01] skip postra: dormant (변경 없음 3연속, 2026-10-10)
[00:38:02] skip ptium: dormant (변경 없음 3연속, 2026-10-10)
[00:38:04] skip qurio: 성과 쿨다운 (66시간 남음)
[00:38:05] skip releasedock: dormant (변경 없음 3연속, 2026-10-09)
[00:38:06] skip relio: dormant (변경 없음 3연속, 2026-10-09)
[00:38:06] skip review.yeopjari.bid: dirty working tree
[00:38:07] skip seaton: dormant (변경 없음 3연속, 2026-10-09)
[00:38:08] skip sqlon: 성과 쿨다운 (39시간 남음)
[00:38:10] skip umm: dormant (변경 없음 3연속, 2026-10-09)
[00:38:12] skip vibe-code: dormant (변경 없음 3연속, 2026-10-09)
[00:38:14] skip vibe-coders: 성과 쿨다운 (39시간 남음)
[00:38:15] skip visitflow: dormant (변경 없음 3연속, 2026-10-09)
[00:38:16] skip weekly: dormant (변경 없음 3연속, 2026-10-09)
[00:38:17] skip workkit.irumx.app: dirty working tree
[00:38:18] skip yeopjari-your: dirty working tree
[00:38:20] skip yeopjari: 열린 PR 5건 (WIP 상한) — 새 개선 대신 PR 정리가 먼저다
[00:38:20] no candidates: 15개 전부 WIP 상한(열린 PR 5건↑) — PR 정리부터 하세요
[00:38:36] shepherd: 후보 94건 (한 번에 최대 6건, 오늘 $0/$150)
[00:39:45] shepherd: 처리 0건 — 승인 0 · 수정 푸시 0 · 사람 필요 0 (오늘 $0/$150)
[00:39:45] done
[00:41:01] git-ctx: [ci] cancelled — 성공이 아닌 검사: Build, vet and unit tests=cancelled · 실패한 검사: ? 
[00:41:01] git-ctx: 승인 대기 유지 (https://github.com/hkjang/git-ctx/pull/47, CI cancelled) — 회차로 기록하지 않음
[00:42:27] yeopjari: waiting for CI on 6d4e3a4 (no-ci)
[00:46:38] yeopjari: [ci] no-ci — 이 커밋에 검사가 없음 (정책 allow_merge_without_ci 가 없으면 차단)
[00:46:38] yeopjari: 승인 대기 유지 (https://github.com/hkjang/yeopjari/pull/1, CI no-ci) — 회차로 기록하지 않음
[00:46:45] open-prs: 107건 열려 있음 (40 저장소)
[00:46:47] skip AgentHub: dormant (변경 없음 3연속, 2026-10-09)
[00:46:48] skip Clustara: dormant (변경 없음 3연속, 2026-10-09)
[00:46:49] skip DartFly: 성과 쿨다운 (69시간 남음)
[00:46:50] skip GoalForge: dormant (변경 없음 3연속, 2026-10-09)
[00:46:51] skip Invenqor: 성과 쿨다운 (47시간 남음)
[00:46:52] skip Kkiit: dormant (변경 없음 3연속, 2026-10-09)
[00:46:54] skip Momento: dormant (변경 없음 3연속, 2026-10-09)
[00:46:56] skip Quantoss: dirty working tree
[00:46:57] skip ReSSO: dormant (변경 없음 3연속, 2026-10-10)
[00:46:58] skip SecCheck: 성과 쿨다운 (39시간 남음)
[00:46:59] skip Vendra: dormant (변경 없음 3연속, 2026-10-10)
[00:47:00] skip agent.irumx.app: dirty working tree
[00:46:58] skip ai-admin: dormant (변경 없음 3연속, 2026-10-09)
[00:46:59] skip aicc.irumx.app: dirty working tree
[00:47:00] skip appstore: dormant (변경 없음 3연속, 2026-10-09)
[00:47:01] skip apt.irumx.app: dormant (변경 없음 3연속, 2026-10-10)
[00:47:03] skip artex-ko: dirty working tree
[00:47:04] skip bamcp: dormant (변경 없음 3연속, 2026-10-10)
[00:47:05] skip bbmcp: dormant (변경 없음 3연속, 2026-10-09)
[00:47:07] skip bitex: dormant (변경 없음 3연속, 2026-10-10)
[00:47:08] skip biz.irumx.app: dirty working tree
[00:47:09] skip client.irumx.app: dirty working tree
[00:47:10] skip confmcp: dormant (변경 없음 3연속, 2026-10-10)
[00:47:11] skip cosmetics.irumx.app: dirty working tree
[00:47:12] skip cutover: dormant (변경 없음 3연속, 2026-10-10)
[00:47:14] skip dataworks: dormant (변경 없음 3연속, 2026-10-09)
[00:47:16] skip edu.irumx.app: dirty working tree
[00:47:16] skip eval.irumx.app: dirty working tree
[00:47:18] skip git-ctx: 열린 PR 5건 (WIP 상한) — 새 개선 대신 PR 정리가 먼저다
[00:47:18] skip his.irumx.app: dirty working tree
[00:47:21] skip hunter: dormant (변경 없음 3연속, 2026-10-09)
[00:47:22] skip igame: dormant (변경 없음 3연속, 2026-10-09)
[00:47:23] skip insight.yeopjari.bid: dormant (변경 없음 3연속, 2026-10-10)
[00:47:24] skip irumx-www: 열린 PR 5건 (WIP 상한) — 새 개선 대신 PR 정리가 먼저다
[00:47:26] skip jasql: 열린 PR 5건 (WIP 상한) — 새 개선 대신 PR 정리가 먼저다
[00:47:26] skip jikim: dormant (변경 없음 3연속, 2026-10-10)
[00:47:27] skip jupiq: 성과 쿨다운 (31시간 남음)
[00:47:26] skip kanpic: dormant (변경 없음 3연속, 2026-10-09)
[00:47:28] skip law.irumx.app: dirty working tree
[00:47:29] skip madi: 성과 쿨다운 (4시간 남음)
[00:47:31] skip mmcp: 성과 쿨다운 (69시간 남음)
[00:47:33] skip moina: dormant (변경 없음 3연속, 2026-10-10)
[00:47:35] skip moyro: dormant (변경 없음 3연속, 2026-10-09)
[00:47:39] skip multica: dormant (변경 없음 3연속, 2026-10-10)
[00:47:40] skip muni: dormant (변경 없음 3연속, 2026-10-10)
[00:47:44] skip nexabuilder: 성과 쿨다운 (32시간 남음)
[00:47:45] skip ops.irumx.app: dormant (변경 없음 3연속, 2026-10-09)
[00:47:46] skip orbit: dormant (변경 없음 3연속, 2026-10-10)
[00:47:46] skip ox-arena: 열린 PR 5건 (WIP 상한) — 새 개선 대신 PR 정리가 먼저다
[00:47:49] skip pii-masker: dormant (변경 없음 3연속, 2026-10-09)
[00:47:49] skip playwright-player: dormant (변경 없음 3연속, 2026-10-05)
[00:47:51] skip postra: dormant (변경 없음 3연속, 2026-10-10)
[00:47:53] skip ptium: dormant (변경 없음 3연속, 2026-10-10)
[00:47:54] skip qurio: 성과 쿨다운 (66시간 남음)
[00:47:53] skip releasedock: dormant (변경 없음 3연속, 2026-10-09)
[00:47:54] skip relio: dormant (변경 없음 3연속, 2026-10-09)
[00:47:54] skip review.yeopjari.bid: dirty working tree
[00:47:55] skip seaton: dormant (변경 없음 3연속, 2026-10-09)
[00:47:57] skip sqlon: 성과 쿨다운 (39시간 남음)
[00:47:58] skip umm: dormant (변경 없음 3연속, 2026-10-09)
[00:48:00] skip vibe-code: dormant (변경 없음 3연속, 2026-10-09)
[00:48:02] skip vibe-coders: 성과 쿨다운 (39시간 남음)
[00:48:03] skip visitflow: dormant (변경 없음 3연속, 2026-10-09)
[00:48:05] skip weekly: dormant (변경 없음 3연속, 2026-10-09)
[00:48:06] skip workkit.irumx.app: dirty working tree
[00:48:07] skip yeopjari-your: dirty working tree
[00:48:09] skip yeopjari: 열린 PR 5건 (WIP 상한) — 새 개선 대신 PR 정리가 먼저다
[00:48:09] no candidates: 15개 전부 WIP 상한(열린 PR 5건↑) — PR 정리부터 하세요
[00:51:03] git-ctx: [ci] cancelled — 성공이 아닌 검사: Build, vet and unit tests=cancelled · 실패한 검사: ? 
[00:51:03] git-ctx: 승인 대기 유지 (https://github.com/hkjang/git-ctx/pull/47, CI cancelled) — 회차로 기록하지 않음
[00:52:30] yeopjari: waiting for CI on 6d4e3a4 (no-ci)
[00:56:41] yeopjari: [ci] no-ci — 이 커밋에 검사가 없음 (정책 allow_merge_without_ci 가 없으면 차단)
[00:56:41] yeopjari: 승인 대기 유지 (https://github.com/hkjang/yeopjari/pull/1, CI no-ci) — 회차로 기록하지 않음
[00:56:47] skip AgentHub: dormant (변경 없음 3연속, 2026-10-09)
[00:56:49] skip Clustara: dormant (변경 없음 3연속, 2026-10-09)
[00:56:50] skip DartFly: 성과 쿨다운 (69시간 남음)
[00:56:51] skip GoalForge: dormant (변경 없음 3연속, 2026-10-09)
[00:56:52] skip Invenqor: 성과 쿨다운 (47시간 남음)
[00:56:53] skip Kkiit: dormant (변경 없음 3연속, 2026-10-09)
[00:56:55] skip Momento: dormant (변경 없음 3연속, 2026-10-09)
[00:56:57] skip Quantoss: dirty working tree
[00:56:57] skip ReSSO: dormant (변경 없음 3연속, 2026-10-10)
[00:56:58] skip SecCheck: 성과 쿨다운 (39시간 남음)
[00:56:59] skip Vendra: dormant (변경 없음 3연속, 2026-10-10)
[00:57:03] skip agent.irumx.app: dirty working tree
[00:56:59] skip ai-admin: dormant (변경 없음 3연속, 2026-10-09)
[00:56:59] skip aicc.irumx.app: dirty working tree
[00:57:01] skip appstore: dormant (변경 없음 3연속, 2026-10-09)
[00:57:01] skip apt.irumx.app: dormant (변경 없음 3연속, 2026-10-10)
[00:57:04] skip artex-ko: dirty working tree
[00:57:05] skip bamcp: dormant (변경 없음 3연속, 2026-10-10)
[00:57:06] skip bbmcp: dormant (변경 없음 3연속, 2026-10-09)
[00:57:08] skip bitex: dormant (변경 없음 3연속, 2026-10-10)
[00:57:09] skip biz.irumx.app: dirty working tree
[00:57:10] skip client.irumx.app: dirty working tree
[00:57:11] skip confmcp: dormant (변경 없음 3연속, 2026-10-10)
[00:57:12] skip cosmetics.irumx.app: dirty working tree
[00:57:13] skip cutover: dormant (변경 없음 3연속, 2026-10-10)
[00:57:15] skip dataworks: dormant (변경 없음 3연속, 2026-10-09)
[00:57:17] skip edu.irumx.app: dirty working tree
[00:57:17] skip eval.irumx.app: dirty working tree
[00:57:19] skip git-ctx: 열린 PR 5건 (WIP 상한) — 새 개선 대신 PR 정리가 먼저다
[00:57:19] skip his.irumx.app: dirty working tree
[00:57:22] skip hunter: dormant (변경 없음 3연속, 2026-10-09)
[00:57:23] skip igame: dormant (변경 없음 3연속, 2026-10-09)
[00:57:24] skip insight.yeopjari.bid: dormant (변경 없음 3연속, 2026-10-10)
[00:57:25] skip irumx-www: 열린 PR 5건 (WIP 상한) — 새 개선 대신 PR 정리가 먼저다
[00:57:27] skip jasql: 열린 PR 5건 (WIP 상한) — 새 개선 대신 PR 정리가 먼저다
[00:57:27] skip jikim: dormant (변경 없음 3연속, 2026-10-10)
[00:57:26] skip jupiq: 성과 쿨다운 (31시간 남음)
[00:57:27] skip kanpic: dormant (변경 없음 3연속, 2026-10-09)
[00:57:29] skip law.irumx.app: dirty working tree
[00:57:30] skip madi: 성과 쿨다운 (4시간 남음)
[00:57:32] skip mmcp: 성과 쿨다운 (69시간 남음)
[00:57:34] skip moina: dormant (변경 없음 3연속, 2026-10-10)
[00:57:36] skip moyro: dormant (변경 없음 3연속, 2026-10-09)
[00:57:40] skip multica: dormant (변경 없음 3연속, 2026-10-10)
[00:57:41] skip muni: dormant (변경 없음 3연속, 2026-10-10)
[00:57:45] skip nexabuilder: 성과 쿨다운 (32시간 남음)
[00:57:46] skip ops.irumx.app: dormant (변경 없음 3연속, 2026-10-09)
[00:57:46] skip orbit: dormant (변경 없음 3연속, 2026-10-10)
[00:57:47] skip ox-arena: 열린 PR 5건 (WIP 상한) — 새 개선 대신 PR 정리가 먼저다
[00:57:50] skip pii-masker: dormant (변경 없음 3연속, 2026-10-09)
[00:57:50] skip playwright-player: dormant (변경 없음 3연속, 2026-10-05)
[00:57:52] skip postra: dormant (변경 없음 3연속, 2026-10-10)
[00:57:54] skip ptium: dormant (변경 없음 3연속, 2026-10-10)
[00:57:53] skip qurio: 성과 쿨다운 (66시간 남음)
[00:57:53] skip releasedock: dormant (변경 없음 3연속, 2026-10-09)
[00:57:55] skip relio: dormant (변경 없음 3연속, 2026-10-09)
[00:57:55] skip review.yeopjari.bid: dirty working tree
[00:57:56] skip seaton: dormant (변경 없음 3연속, 2026-10-09)
[00:57:58] skip sqlon: 성과 쿨다운 (39시간 남음)
[00:57:59] skip umm: dormant (변경 없음 3연속, 2026-10-09)
[00:58:01] skip vibe-code: dormant (변경 없음 3연속, 2026-10-09)
[00:58:03] skip vibe-coders: 성과 쿨다운 (39시간 남음)
[00:58:04] skip visitflow: dormant (변경 없음 3연속, 2026-10-09)
[00:58:06] skip weekly: dormant (변경 없음 3연속, 2026-10-09)
[00:58:07] skip workkit.irumx.app: dirty working tree
[00:58:08] skip yeopjari-your: dirty working tree
[00:58:10] skip yeopjari: 열린 PR 5건 (WIP 상한) — 새 개선 대신 PR 정리가 먼저다
[00:58:10] no candidates: 15개 전부 WIP 상한(열린 PR 5건↑) — PR 정리부터 하세요
[01:01:03] git-ctx: [ci] cancelled — 성공이 아닌 검사: Build, vet and unit tests=cancelled · 실패한 검사: ? 
[01:01:03] git-ctx: 승인 대기 유지 (https://github.com/hkjang/git-ctx/pull/47, CI cancelled) — 회차로 기록하지 않음
[01:02:35] yeopjari: waiting for CI on 6d4e3a4 (no-ci)
[01:06:46] yeopjari: [ci] no-ci — 이 커밋에 검사가 없음 (정책 allow_merge_without_ci 가 없으면 차단)
[01:06:46] yeopjari: 승인 대기 유지 (https://github.com/hkjang/yeopjari/pull/1, CI no-ci) — 회차로 기록하지 않음
[01:06:52] skip AgentHub: dormant (변경 없음 3연속, 2026-10-09)
[01:06:54] skip Clustara: dormant (변경 없음 3연속, 2026-10-09)
[01:06:55] skip DartFly: 성과 쿨다운 (68시간 남음)
[01:06:56] skip GoalForge: dormant (변경 없음 3연속, 2026-10-09)
[01:06:57] skip Invenqor: 성과 쿨다운 (47시간 남음)
[01:06:58] skip Kkiit: dormant (변경 없음 3연속, 2026-10-09)
[01:07:00] skip Momento: dormant (변경 없음 3연속, 2026-10-09)
[01:06:59] skip Quantoss: dirty working tree
[01:07:00] skip ReSSO: dormant (변경 없음 3연속, 2026-10-10)
[01:07:01] skip SecCheck: 성과 쿨다운 (38시간 남음)
[01:07:02] skip Vendra: dormant (변경 없음 3연속, 2026-10-10)
[01:07:03] skip agent.irumx.app: dirty working tree
[01:07:04] skip ai-admin: dormant (변경 없음 3연속, 2026-10-09)
[01:07:05] skip aicc.irumx.app: dirty working tree
[01:07:06] skip appstore: dormant (변경 없음 3연속, 2026-10-09)
[01:07:07] skip apt.irumx.app: dormant (변경 없음 3연속, 2026-10-10)
[01:07:09] skip artex-ko: dirty working tree
[01:07:10] skip bamcp: dormant (변경 없음 3연속, 2026-10-10)
[01:07:11] skip bbmcp: dormant (변경 없음 3연속, 2026-10-09)
[01:07:13] skip bitex: dormant (변경 없음 3연속, 2026-10-10)
[01:07:14] skip biz.irumx.app: dirty working tree
[01:07:15] skip client.irumx.app: dirty working tree
[01:07:16] skip confmcp: dormant (변경 없음 3연속, 2026-10-10)
[01:07:17] skip cosmetics.irumx.app: dirty working tree
[01:07:18] skip cutover: dormant (변경 없음 3연속, 2026-10-10)
[01:07:21] skip dataworks: dormant (변경 없음 3연속, 2026-10-09)
[01:07:22] skip edu.irumx.app: dirty working tree
[01:07:23] skip eval.irumx.app: dirty working tree
[01:07:24] skip git-ctx: 열린 PR 5건 (WIP 상한) — 새 개선 대신 PR 정리가 먼저다
[01:07:25] skip his.irumx.app: dirty working tree
[01:07:29] skip hunter: dormant (변경 없음 3연속, 2026-10-09)
[01:07:33] skip igame: dormant (변경 없음 3연속, 2026-10-09)
[01:07:34] skip insight.yeopjari.bid: dormant (변경 없음 3연속, 2026-10-10)
[01:07:35] skip irumx-www: 열린 PR 5건 (WIP 상한) — 새 개선 대신 PR 정리가 먼저다
[01:07:37] skip jasql: 열린 PR 5건 (WIP 상한) — 새 개선 대신 PR 정리가 먼저다
[01:07:38] skip jikim: dormant (변경 없음 3연속, 2026-10-10)
[01:07:39] skip jupiq: 성과 쿨다운 (31시간 남음)
[01:07:40] skip kanpic: dormant (변경 없음 3연속, 2026-10-09)
[01:07:42] skip law.irumx.app: dirty working tree
[01:07:43] skip madi: 성과 쿨다운 (4시간 남음)
[01:07:45] skip mmcp: 성과 쿨다운 (69시간 남음)
[01:07:46] skip moina: dormant (변경 없음 3연속, 2026-10-10)
[01:07:48] skip moyro: dormant (변경 없음 3연속, 2026-10-09)
[01:07:52] skip multica: dormant (변경 없음 3연속, 2026-10-10)
[01:07:53] skip muni: dormant (변경 없음 3연속, 2026-10-10)
[01:07:54] skip nexabuilder: 성과 쿨다운 (32시간 남음)
[01:07:55] skip ops.irumx.app: dormant (변경 없음 3연속, 2026-10-09)
[01:07:55] skip orbit: dormant (변경 없음 3연속, 2026-10-10)
[01:07:56] skip ox-arena: 열린 PR 5건 (WIP 상한) — 새 개선 대신 PR 정리가 먼저다
[01:07:58] skip pii-masker: dormant (변경 없음 3연속, 2026-10-09)
[01:07:59] skip playwright-player: dormant (변경 없음 3연속, 2026-10-05)
[01:08:00] skip postra: dormant (변경 없음 3연속, 2026-10-10)
[01:08:02] skip ptium: dormant (변경 없음 3연속, 2026-10-10)
[01:08:03] skip qurio: 성과 쿨다운 (66시간 남음)
[01:08:04] skip releasedock: dormant (변경 없음 3연속, 2026-10-09)
[01:08:05] skip relio: dormant (변경 없음 3연속, 2026-10-09)
[01:08:06] skip review.yeopjari.bid: dirty working tree
[01:08:07] skip seaton: dormant (변경 없음 3연속, 2026-10-09)
[01:08:08] skip sqlon: 성과 쿨다운 (38시간 남음)
[01:08:10] skip umm: dormant (변경 없음 3연속, 2026-10-09)
[01:08:11] skip vibe-code: dormant (변경 없음 3연속, 2026-10-09)
[01:08:14] skip vibe-coders: 성과 쿨다운 (38시간 남음)
[01:08:14] skip visitflow: dormant (변경 없음 3연속, 2026-10-09)
[01:08:16] skip weekly: dormant (변경 없음 3연속, 2026-10-09)
[01:08:17] skip workkit.irumx.app: dirty working tree
[01:08:18] skip yeopjari-your: dirty working tree
[01:08:19] skip yeopjari: 열린 PR 5건 (WIP 상한) — 새 개선 대신 PR 정리가 먼저다
[01:08:19] no candidates: 15개 전부 WIP 상한(열린 PR 5건↑) — PR 정리부터 하세요
[01:11:00] git-ctx: [ci] cancelled — 성공이 아닌 검사: Build, vet and unit tests=cancelled · 실패한 검사: ? 
[01:11:00] git-ctx: 승인 대기 유지 (https://github.com/hkjang/git-ctx/pull/47, CI cancelled) — 회차로 기록하지 않음
[01:12:30] yeopjari: waiting for CI on 6d4e3a4 (no-ci)
[01:16:36] yeopjari: [ci] no-ci — 이 커밋에 검사가 없음 (정책 allow_merge_without_ci 가 없으면 차단)
[01:16:36] yeopjari: 승인 대기 유지 (https://github.com/hkjang/yeopjari/pull/1, CI no-ci) — 회차로 기록하지 않음
[01:16:43] skip AgentHub: dormant (변경 없음 3연속, 2026-10-09)
[01:16:44] skip Clustara: dormant (변경 없음 3연속, 2026-10-09)
[01:16:45] skip DartFly: 성과 쿨다운 (68시간 남음)
[01:16:46] skip GoalForge: dormant (변경 없음 3연속, 2026-10-09)
[01:16:48] skip Invenqor: 성과 쿨다운 (47시간 남음)
[01:16:49] skip Kkiit: dormant (변경 없음 3연속, 2026-10-09)
[01:16:50] skip Momento: dormant (변경 없음 3연속, 2026-10-09)
[01:16:52] skip Quantoss: dirty working tree
[01:16:53] skip ReSSO: dormant (변경 없음 3연속, 2026-10-10)
[01:16:54] skip SecCheck: 성과 쿨다운 (38시간 남음)
[01:16:55] skip Vendra: dormant (변경 없음 3연속, 2026-10-10)
[01:16:56] skip agent.irumx.app: dirty working tree
[01:16:57] skip ai-admin: dormant (변경 없음 3연속, 2026-10-09)
[01:16:57] skip aicc.irumx.app: dirty working tree
[01:16:59] skip appstore: dormant (변경 없음 3연속, 2026-10-09)
[01:16:59] skip apt.irumx.app: dormant (변경 없음 3연속, 2026-10-10)
[01:16:59] skip artex-ko: dirty working tree
[01:17:00] skip bamcp: dormant (변경 없음 3연속, 2026-10-10)
[01:17:01] skip bbmcp: dormant (변경 없음 3연속, 2026-10-09)
[01:17:03] skip bitex: dormant (변경 없음 3연속, 2026-10-10)
[01:17:04] skip biz.irumx.app: dirty working tree
[01:17:05] skip client.irumx.app: dirty working tree
[01:17:06] skip confmcp: dormant (변경 없음 3연속, 2026-10-10)
[01:17:07] skip cosmetics.irumx.app: dirty working tree
[01:17:08] skip cutover: dormant (변경 없음 3연속, 2026-10-10)
[01:17:11] skip dataworks: dormant (변경 없음 3연속, 2026-10-09)
[01:17:12] skip edu.irumx.app: dirty working tree
[01:17:13] skip eval.irumx.app: dirty working tree
[01:17:14] skip git-ctx: 열린 PR 5건 (WIP 상한) — 새 개선 대신 PR 정리가 먼저다
[01:17:15] skip his.irumx.app: dirty working tree
[01:17:17] skip hunter: dormant (변경 없음 3연속, 2026-10-09)
[01:17:18] skip igame: dormant (변경 없음 3연속, 2026-10-09)
[01:17:19] skip insight.yeopjari.bid: dormant (변경 없음 3연속, 2026-10-10)
[01:17:20] skip irumx-www: 열린 PR 5건 (WIP 상한) — 새 개선 대신 PR 정리가 먼저다
[01:17:22] skip jasql: 열린 PR 5건 (WIP 상한) — 새 개선 대신 PR 정리가 먼저다
[01:17:23] skip jikim: dormant (변경 없음 3연속, 2026-10-10)
[01:17:24] skip jupiq: 성과 쿨다운 (30시간 남음)
[01:17:25] skip kanpic: dormant (변경 없음 3연속, 2026-10-09)
[01:17:26] skip law.irumx.app: dirty working tree
[01:17:25] skip madi: 성과 쿨다운 (4시간 남음)
[01:17:27] skip mmcp: 성과 쿨다운 (69시간 남음)
[01:17:29] skip moina: dormant (변경 없음 3연속, 2026-10-10)
[01:17:31] skip moyro: dormant (변경 없음 3연속, 2026-10-09)
[01:17:35] skip multica: dormant (변경 없음 3연속, 2026-10-10)
[01:17:36] skip muni: dormant (변경 없음 3연속, 2026-10-10)
[01:17:40] skip nexabuilder: 성과 쿨다운 (32시간 남음)
[01:17:41] skip ops.irumx.app: dormant (변경 없음 3연속, 2026-10-09)
[01:17:42] skip orbit: dormant (변경 없음 3연속, 2026-10-10)
[01:17:42] skip ox-arena: 열린 PR 5건 (WIP 상한) — 새 개선 대신 PR 정리가 먼저다
[01:17:44] skip pii-masker: dormant (변경 없음 3연속, 2026-10-09)
[01:17:45] skip playwright-player: dormant (변경 없음 3연속, 2026-10-05)
[01:17:47] skip postra: dormant (변경 없음 3연속, 2026-10-10)
[01:17:49] skip ptium: dormant (변경 없음 3연속, 2026-10-10)
[01:17:50] skip qurio: 성과 쿨다운 (66시간 남음)
[01:17:51] skip releasedock: dormant (변경 없음 3연속, 2026-10-09)
[01:17:52] skip relio: dormant (변경 없음 3연속, 2026-10-09)
[01:17:53] skip review.yeopjari.bid: dirty working tree
[01:17:54] skip seaton: dormant (변경 없음 3연속, 2026-10-09)
[01:17:57] skip sqlon: 성과 쿨다운 (38시간 남음)
[01:17:54] skip umm: dormant (변경 없음 3연속, 2026-10-09)
[01:17:56] skip vibe-code: dormant (변경 없음 3연속, 2026-10-09)
[01:17:58] skip vibe-coders: 성과 쿨다운 (38시간 남음)
[01:17:59] skip visitflow: dormant (변경 없음 3연속, 2026-10-09)
[01:18:01] skip weekly: dormant (변경 없음 3연속, 2026-10-09)
[01:18:02] skip workkit.irumx.app: dirty working tree
[01:18:03] skip yeopjari-your: dirty working tree
[01:18:05] skip yeopjari: 열린 PR 5건 (WIP 상한) — 새 개선 대신 PR 정리가 먼저다
[01:18:05] no candidates: 15개 전부 WIP 상한(열린 PR 5건↑) — PR 정리부터 하세요
[01:20:31] DartFly: [ci] failed — 성공이 아닌 검사: smoke=failure, livedb=failure, test=failure · 실패한 검사: ? 잡: test 
evidence: /mnt/c/Users/USER/projects/aidev/state/runs/2026-10-11-012026-DartFly-approve/evidence.json
reports: 40 day(s), 6 week(s), 2 month(s), 2379 run(s), 4894 usage row(s), 67 project page(s), 0 alert(s)
notify: no new alerts
