[00:58:40] shepherd: 후보 125건 (한 번에 최대 6건, 오늘 $0/$150)
[00:59:59] moina: [shepherd] PR #37 guard → needs-human — 수정·심사를 2번 시도했지만 통과하지 못함 — 사람이 봐야 한다 
https://github.com/hkjang/moina/pull/37#issuecomment-5893871639
[01:00:04] === shepherd nexabuilder PR #37 (원인 ci, run 2026-09-30-010003-nexabuilder-shepherd)
Preparing worktree (detached HEAD 0421f6d)
HEAD is now at 0421f6d fix(export): 전 컬럼이 숨겨진 목록의 내보내기가 숨긴 컬럼을 되살리지 않게 합니다
[01:08:11] nexabuilder: improve — 27 turns, 7m, $1.24, success
[01:08:11] nexabuilder: [shepherd] PR #37 ci → fix-failed — 수정 세션이 커밋을 만들지 않음: # 수리 요약 — PR #37 (커밋 없음)  - **고칠 결함이 없어 커밋하지 않았다.** CI 실패는 코
[01:08:15] === shepherd nexabuilder PR #38 (원인 ci, run 2026-09-30-010814-nexabuilder-shepherd)
Preparing worktree (detached HEAD f9d6436)
HEAD is now at f9d6436 test(data): SQL 기반 목록의 휴지통 판정을 어댑터·빌더 피드·정의에서 고정합니다
[01:09:50] nexabuilder: improve — 19 turns, 1m, $0.88, success
[01:09:51] nexabuilder: [shepherd] PR #38 ci → fix-failed — 수정 세션이 커밋을 만들지 않음: 이유 없음 
[01:09:57] === shepherd nexabuilder PR #39 (원인 ci, run 2026-09-30-010956-nexabuilder-shepherd)
Preparing worktree (detached HEAD 297a248)
HEAD is now at 297a248 fix(export): 긴 텍스트 값 때문에 XLSX 내보내기가 400 으로 죽지 않게 합니다
[01:13:22] nexabuilder: improve — 38 turns, 3m, $1.77, success
[01:13:22] nexabuilder: [shepherd] PR #39 ci → fix-failed — 수정 세션이 커밋을 만들지 않음: 이유 없음 
[01:13:23] shepherd: 처리 3건 — 승인 0 · 수정 푸시 0 · 사람 필요 1 (오늘 $3.882886/$150)
reports: 28 day(s), 5 week(s), 1 month(s), 1696 run(s), 3280 usage row(s), 47 project page(s), 8 alert(s)
notify: 1 new alert(s)
notify: commented on issue #1
notify: toast shown
