[21:34:40] skip DartFly: dirty working tree
[21:34:41] skip Kkiit: dirty working tree
[21:34:42] skip Momento: dirty working tree
[21:34:43] skip Quantoss: dirty working tree
[21:34:44] skip SecCheck: dirty working tree
[21:34:51] skip aiportal-java: STOP
[21:34:51] skip cutover: dirty working tree
[21:35:03] skip muni: dirty working tree
[21:35:06] skip postra: dirty working tree
[21:35:10] skip seaton: dirty working tree
[21:35:14] skip vibe-coders: dirty working tree
[21:35:14] skip visitflow: dirty working tree
[21:35:15] candidates(24): AgentHub Clustara Invenqor ReSSO Vendra ai-admin aiportal-front-admin aiportal-front aiportal-py appstore dataworks git-ctx igame jikim jupiq kanpic moina moyro pii-masker ptium releasedock relio umm weekly
[21:35:15] picked: 
[21:35:15] done
MANUAL RUN DONE 21:35:15
[21:35:36] skip DartFly: dirty working tree
[21:35:37] skip Kkiit: dirty working tree
[21:35:38] skip Momento: dirty working tree
[21:35:39] skip Quantoss: dirty working tree
[21:35:40] skip SecCheck: dirty working tree
[21:35:45] skip aiportal-java: STOP
[21:35:46] skip cutover: dirty working tree
[21:35:59] skip muni: dirty working tree
[21:36:02] skip postra: dirty working tree
[21:36:05] skip seaton: dirty working tree
[21:36:09] skip vibe-coders: dirty working tree
[21:36:09] skip visitflow: dirty working tree
[21:36:11] candidates(24): AgentHub Clustara Invenqor ReSSO Vendra ai-admin aiportal-front-admin aiportal-front aiportal-py appstore dataworks git-ctx igame jikim jupiq kanpic moina moyro pii-masker ptium releasedock relio umm weekly
[21:36:11] picked: 
[21:36:11] done
MANUAL RUN DONE 21:36:11
