ci-watch: 기본 브랜치 CI 가 1일 넘게 실패인 저장소·워크플로 1건
ci-watch: 기본 브랜치 CI 가 1일 넘게 실패인 저장소·워크플로 1건
ci-watch: 기본 브랜치 CI 가 1일 넘게 실패인 저장소·워크플로 1건
ci-watch: 기본 브랜치 CI 가 1일 넘게 실패인 저장소·워크플로 3건
  qurio [main] CI — 1일째 실패 (2026-09-29T02:23) · test/
    → 작업 큐에 배정
  qurio [main] GitHub Pages — 1일째 실패 (2026-09-29T02:23) · deploy/
  trace [main] Offline image release — 45일째 실패 (2026-08-16T00:18) · release/Build offline image archive
    (30일 넘게 커밋이 없는 저장소 — 큐에 넣지 않는다)
ci-watch: 기본 브랜치 CI 가 1일 넘게 실패인 저장소·워크플로 4건
  visitflow [main] CI — 1일째 실패 (2026-09-30T14:37) · test/Go tests and vet
    → 작업 큐에 배정
ci-watch: 기본 브랜치 CI 가 1일 넘게 실패인 저장소·워크플로 1건
ci-watch: 기본 브랜치 CI 가 1일 넘게 실패인 저장소·워크플로 1건
  trace [main] Offline image release — 48일째 실패 (2026-08-16T00:18) · release/Build offline image archive
    (30일 넘게 커밋이 없는 저장소 — 큐에 넣지 않는다)
ci-watch: 기본 브랜치 CI 가 1일 넘게 실패인 저장소·워크플로 1건
ci-watch: 기본 브랜치 CI 가 1일 넘게 실패인 저장소·워크플로 1건
ci-watch: 기본 브랜치 CI 가 1일 넘게 실패인 저장소·워크플로 2건
  dataworks [main] pages build and deployment — 1일째 실패 (2026-10-05T20:39) · /
    → 작업 큐에 배정
  trace [main] Offline image release — 52일째 실패 (2026-08-16T00:18) · release/Build offline image archive
    (30일 넘게 커밋이 없는 저장소 — 큐에 넣지 않는다)
ci-watch: 기본 브랜치 CI 가 1일 넘게 실패인 저장소·워크플로 2건
  Invenqor [main] pages build and deployment — 1일째 실패 (2026-10-06T21:00) · build/Build with Jekyll
    → 작업 큐에 배정
