pr-gc: 열림 133 · 10일 초과 7 · 닫음 0
닫음: https://github.com/hkjang/igame/pull/24 — PR 처리기가 3일 전에 더 진행할 수 없다고 판정했고(수정·심사를 2번 시도했지만 통과하지 못함) 그 뒤 사람 손이 닿지 않았습니다
라벨 복구: https://github.com/hkjang/appstore/pull/26 (승인 기록은 있는데 라벨이 없었다)
라벨 복구: https://github.com/hkjang/madi/pull/7 (승인 기록은 있는데 라벨이 없었다)
라벨 복구: https://github.com/hkjang/invenqor/pull/22 (승인 기록은 있는데 라벨이 없었다)
라벨 복구: https://github.com/hkjang/postra/pull/6 (승인 기록은 있는데 라벨이 없었다)
pr-gc: 열림 80 · 종결 판정 1 · 10일 초과 1 · 닫음 1 · 라벨 복구 4
라벨 복구: https://github.com/hkjang/madi/pull/12 (승인 기록은 있는데 라벨이 없었다)
라벨 복구: https://github.com/hkjang/madi/pull/11 (승인 기록은 있는데 라벨이 없었다)
닫음: https://github.com/hkjang/postra/pull/22 — PR 처리기가 3일 전에 더 진행할 수 없다고 판정했고(수정·심사를 2번 시도했지만 통과하지 못함) 그 뒤 사람 손이 닿지 않았습니다
닫음: https://github.com/hkjang/kanpic/pull/29 — PR 처리기가 3일 전에 더 진행할 수 없다고 판정했고(수정·심사를 2번 시도했지만 통과하지 못함) 그 뒤 사람 손이 닿지 않았습니다
닫음: https://github.com/hkjang/jasql/pull/3 — PR 처리기가 3일 전에 더 진행할 수 없다고 판정했고(수정·심사를 2번 시도했지만 통과하지 못함) 그 뒤 사람 손이 닿지 않았습니다
라벨 복구: https://github.com/hkjang/madi/pull/9 (승인 기록은 있는데 라벨이 없었다)
라벨 복구: https://github.com/hkjang/madi/pull/7 (승인 기록은 있는데 라벨이 없었다)
라벨 복구: https://github.com/hkjang/madi/pull/5 (승인 기록은 있는데 라벨이 없었다)
라벨 복구: https://github.com/hkjang/invenqor/pull/22 (승인 기록은 있는데 라벨이 없었다)
라벨 복구: https://github.com/hkjang/postra/pull/6 (승인 기록은 있는데 라벨이 없었다)
pr-gc: 열림 64 · 종결 판정 3 · 10일 초과 3 · 닫음 3 · 라벨 복구 7
라벨 복구: https://github.com/hkjang/madi/pull/12 (승인 기록은 있는데 라벨이 없었다)
라벨 복구: https://github.com/hkjang/madi/pull/11 (승인 기록은 있는데 라벨이 없었다)
닫음: https://github.com/hkjang/sqlon/pull/11 — PR 처리기가 3일 전에 더 진행할 수 없다고 판정했고(수정·심사를 2번 시도했지만 통과하지 못함) 그 뒤 사람 손이 닿지 않았습니다
닫음: https://github.com/hkjang/ptium/pull/29 — PR 처리기가 3일 전에 더 진행할 수 없다고 판정했고(수정·심사를 2번 시도했지만 통과하지 못함) 그 뒤 사람 손이 닿지 않았습니다
라벨 복구: https://github.com/hkjang/madi/pull/9 (승인 기록은 있는데 라벨이 없었다)
라벨 복구: https://github.com/hkjang/madi/pull/7 (승인 기록은 있는데 라벨이 없었다)
라벨 복구: https://github.com/hkjang/madi/pull/5 (승인 기록은 있는데 라벨이 없었다)
라벨 복구: https://github.com/hkjang/invenqor/pull/22 (승인 기록은 있는데 라벨이 없었다)
라벨 복구: https://github.com/hkjang/postra/pull/6 (승인 기록은 있는데 라벨이 없었다)
pr-gc: 열림 53 · 종결 판정 2 · 10일 초과 3 · 닫음 2 · 라벨 복구 7
라벨 복구: https://github.com/hkjang/madi/pull/12 (승인 기록은 있는데 라벨이 없었다)
라벨 복구: https://github.com/hkjang/madi/pull/11 (승인 기록은 있는데 라벨이 없었다)
라벨 복구: https://github.com/hkjang/madi/pull/9 (승인 기록은 있는데 라벨이 없었다)
라벨 복구: https://github.com/hkjang/madi/pull/5 (승인 기록은 있는데 라벨이 없었다)
라벨 복구: https://github.com/hkjang/invenqor/pull/22 (승인 기록은 있는데 라벨이 없었다)
라벨 복구: https://github.com/hkjang/postra/pull/6 (승인 기록은 있는데 라벨이 없었다)
pr-gc: 열림 49 · 종결 판정 0 · 10일 초과 3 · 닫음 0 · 라벨 복구 6
라벨 복구: https://github.com/hkjang/madi/pull/12 (승인 기록은 있는데 라벨이 없었다)
라벨 복구: https://github.com/hkjang/madi/pull/11 (승인 기록은 있는데 라벨이 없었다)
닫음: https://github.com/hkjang/madi/pull/10 — PR 처리기가 3일 전에 더 진행할 수 없다고 판정했고(수정·심사를 2번 시도했지만 통과하지 못함) 그 뒤 사람 손이 닿지 않았습니다
라벨 복구: https://github.com/hkjang/madi/pull/9 (승인 기록은 있는데 라벨이 없었다)
라벨 복구: https://github.com/hkjang/madi/pull/5 (승인 기록은 있는데 라벨이 없었다)
라벨 복구: https://github.com/hkjang/invenqor/pull/22 (승인 기록은 있는데 라벨이 없었다)
라벨 복구: https://github.com/hkjang/postra/pull/6 (승인 기록은 있는데 라벨이 없었다)
pr-gc: 열림 51 · 종결 판정 1 · 10일 초과 3 · 닫음 1 · 라벨 복구 6
라벨 복구: https://github.com/hkjang/madi/pull/12 (승인 기록은 있는데 라벨이 없었다)
라벨 복구: https://github.com/hkjang/madi/pull/11 (승인 기록은 있는데 라벨이 없었다)
라벨 복구: https://github.com/hkjang/madi/pull/9 (승인 기록은 있는데 라벨이 없었다)
라벨 복구: https://github.com/hkjang/madi/pull/5 (승인 기록은 있는데 라벨이 없었다)
라벨 복구: https://github.com/hkjang/invenqor/pull/22 (승인 기록은 있는데 라벨이 없었다)
라벨 복구: https://github.com/hkjang/postra/pull/6 (승인 기록은 있는데 라벨이 없었다)
pr-gc: 열림 53 · 종결 판정 0 · 10일 초과 5 · 닫음 0 · 라벨 복구 6
라벨 복구: https://github.com/hkjang/madi/pull/12 (승인 기록은 있는데 라벨이 없었다)
라벨 복구: https://github.com/hkjang/madi/pull/11 (승인 기록은 있는데 라벨이 없었다)
라벨 복구: https://github.com/hkjang/madi/pull/9 (승인 기록은 있는데 라벨이 없었다)
라벨 복구: https://github.com/hkjang/madi/pull/5 (승인 기록은 있는데 라벨이 없었다)
라벨 복구: https://github.com/hkjang/invenqor/pull/22 (승인 기록은 있는데 라벨이 없었다)
라벨 복구: https://github.com/hkjang/postra/pull/6 (승인 기록은 있는데 라벨이 없었다)
pr-gc: 열림 54 · 종결 판정 0 · 10일 초과 6 · 닫음 0 · 라벨 복구 6
라벨 복구: https://github.com/hkjang/madi/pull/12 (승인 기록은 있는데 라벨이 없었다)
라벨 복구: https://github.com/hkjang/madi/pull/11 (승인 기록은 있는데 라벨이 없었다)
라벨 복구: https://github.com/hkjang/madi/pull/9 (승인 기록은 있는데 라벨이 없었다)
라벨 복구: https://github.com/hkjang/madi/pull/5 (승인 기록은 있는데 라벨이 없었다)
라벨 복구: https://github.com/hkjang/invenqor/pull/22 (승인 기록은 있는데 라벨이 없었다)
라벨 복구: https://github.com/hkjang/postra/pull/6 (승인 기록은 있는데 라벨이 없었다)
pr-gc: 열림 54 · 종결 판정 0 · 10일 초과 10 · 닫음 0 · 라벨 복구 6
라벨 복구: https://github.com/hkjang/madi/pull/12 (승인 기록은 있는데 라벨이 없었다)
닫음: https://github.com/hkjang/SecCheck/pull/16 — PR 처리기가 3일 전에 더 진행할 수 없다고 판정했고(수정·심사를 2번 시도했지만 통과하지 못함) 그 뒤 사람 손이 닿지 않았습니다
라벨 복구: https://github.com/hkjang/madi/pull/11 (승인 기록은 있는데 라벨이 없었다)
라벨 복구: https://github.com/hkjang/madi/pull/9 (승인 기록은 있는데 라벨이 없었다)
라벨 복구: https://github.com/hkjang/madi/pull/5 (승인 기록은 있는데 라벨이 없었다)
라벨 복구: https://github.com/hkjang/invenqor/pull/22 (승인 기록은 있는데 라벨이 없었다)
라벨 복구: https://github.com/hkjang/postra/pull/6 (승인 기록은 있는데 라벨이 없었다)
pr-gc: 열림 55 · 종결 판정 1 · 10일 초과 10 · 닫음 1 · 라벨 복구 6
라벨 복구: https://github.com/hkjang/madi/pull/12 (승인 기록은 있는데 라벨이 없었다)
라벨 복구: https://github.com/hkjang/madi/pull/11 (승인 기록은 있는데 라벨이 없었다)
라벨 복구: https://github.com/hkjang/madi/pull/9 (승인 기록은 있는데 라벨이 없었다)
라벨 복구: https://github.com/hkjang/madi/pull/5 (승인 기록은 있는데 라벨이 없었다)
라벨 복구: https://github.com/hkjang/invenqor/pull/22 (승인 기록은 있는데 라벨이 없었다)
라벨 복구: https://github.com/hkjang/postra/pull/6 (승인 기록은 있는데 라벨이 없었다)
pr-gc: 열림 55 · 종결 판정 0 · 10일 초과 11 · 닫음 0 · 라벨 복구 6
라벨 복구: https://github.com/hkjang/madi/pull/12 (승인 기록은 있는데 라벨이 없었다)
라벨 복구: https://github.com/hkjang/madi/pull/11 (승인 기록은 있는데 라벨이 없었다)
라벨 복구: https://github.com/hkjang/madi/pull/9 (승인 기록은 있는데 라벨이 없었다)
라벨 복구: https://github.com/hkjang/madi/pull/5 (승인 기록은 있는데 라벨이 없었다)
라벨 복구: https://github.com/hkjang/invenqor/pull/22 (승인 기록은 있는데 라벨이 없었다)
라벨 복구: https://github.com/hkjang/postra/pull/6 (승인 기록은 있는데 라벨이 없었다)
pr-gc: 열림 55 · 종결 판정 0 · 10일 초과 13 · 닫음 0 · 라벨 복구 6
라벨 복구: https://github.com/hkjang/madi/pull/12 (승인 기록은 있는데 라벨이 없었다)
라벨 복구: https://github.com/hkjang/madi/pull/11 (승인 기록은 있는데 라벨이 없었다)
라벨 복구: https://github.com/hkjang/madi/pull/9 (승인 기록은 있는데 라벨이 없었다)
라벨 복구: https://github.com/hkjang/madi/pull/5 (승인 기록은 있는데 라벨이 없었다)
라벨 복구: https://github.com/hkjang/postra/pull/6 (승인 기록은 있는데 라벨이 없었다)
pr-gc: 열림 55 · 종결 판정 0 · 10일 초과 15 · 닫음 0 · 라벨 복구 5
라벨 복구: https://github.com/hkjang/madi/pull/12 (승인 기록은 있는데 라벨이 없었다)
라벨 복구: https://github.com/hkjang/madi/pull/11 (승인 기록은 있는데 라벨이 없었다)
라벨 복구: https://github.com/hkjang/madi/pull/9 (승인 기록은 있는데 라벨이 없었다)
라벨 복구: https://github.com/hkjang/madi/pull/5 (승인 기록은 있는데 라벨이 없었다)
라벨 복구: https://github.com/hkjang/postra/pull/6 (승인 기록은 있는데 라벨이 없었다)
pr-gc: 열림 55 · 종결 판정 0 · 10일 초과 16 · 닫음 0 · 라벨 복구 5
라벨 복구: https://github.com/hkjang/madi/pull/12 (승인 기록은 있는데 라벨이 없었다)
라벨 복구: https://github.com/hkjang/madi/pull/11 (승인 기록은 있는데 라벨이 없었다)
라벨 복구: https://github.com/hkjang/madi/pull/9 (승인 기록은 있는데 라벨이 없었다)
라벨 복구: https://github.com/hkjang/madi/pull/5 (승인 기록은 있는데 라벨이 없었다)
라벨 복구: https://github.com/hkjang/postra/pull/6 (승인 기록은 있는데 라벨이 없었다)
pr-gc: 열림 55 · 종결 판정 0 · 10일 초과 16 · 닫음 0 · 라벨 복구 5
라벨 복구: https://github.com/hkjang/madi/pull/12 (승인 기록은 있는데 라벨이 없었다)
라벨 복구: https://github.com/hkjang/madi/pull/11 (승인 기록은 있는데 라벨이 없었다)
라벨 복구: https://github.com/hkjang/madi/pull/9 (승인 기록은 있는데 라벨이 없었다)
라벨 복구: https://github.com/hkjang/madi/pull/5 (승인 기록은 있는데 라벨이 없었다)
라벨 복구: https://github.com/hkjang/postra/pull/6 (승인 기록은 있는데 라벨이 없었다)
pr-gc: 열림 58 · 종결 판정 0 · 10일 초과 17 · 닫음 0 · 라벨 복구 5
라벨 복구: https://github.com/hkjang/madi/pull/12 (승인 기록은 있는데 라벨이 없었다)
라벨 복구: https://github.com/hkjang/madi/pull/11 (승인 기록은 있는데 라벨이 없었다)
라벨 복구: https://github.com/hkjang/madi/pull/9 (승인 기록은 있는데 라벨이 없었다)
라벨 복구: https://github.com/hkjang/madi/pull/5 (승인 기록은 있는데 라벨이 없었다)
라벨 복구: https://github.com/hkjang/postra/pull/6 (승인 기록은 있는데 라벨이 없었다)
pr-gc: 열림 58 · 종결 판정 0 · 10일 초과 18 · 닫음 0 · 라벨 복구 5
닫음: https://github.com/hkjang/moina/pull/31 — PR 처리기가 3일 전에 더 진행할 수 없다고 판정했고(수정·심사를 2번 시도했지만 통과하지 못함) 그 뒤 사람 손이 닿지 않았습니다
라벨 복구: https://github.com/hkjang/madi/pull/12 (승인 기록은 있는데 라벨이 없었다)
라벨 복구: https://github.com/hkjang/madi/pull/11 (승인 기록은 있는데 라벨이 없었다)
라벨 복구: https://github.com/hkjang/madi/pull/9 (승인 기록은 있는데 라벨이 없었다)
라벨 복구: https://github.com/hkjang/madi/pull/5 (승인 기록은 있는데 라벨이 없었다)
라벨 복구: https://github.com/hkjang/postra/pull/6 (승인 기록은 있는데 라벨이 없었다)
pr-gc: 열림 58 · 종결 판정 1 · 10일 초과 18 · 닫음 1 · 라벨 복구 5
라벨 복구: https://github.com/hkjang/madi/pull/12 (승인 기록은 있는데 라벨이 없었다)
라벨 복구: https://github.com/hkjang/madi/pull/11 (승인 기록은 있는데 라벨이 없었다)
라벨 복구: https://github.com/hkjang/madi/pull/9 (승인 기록은 있는데 라벨이 없었다)
라벨 복구: https://github.com/hkjang/madi/pull/5 (승인 기록은 있는데 라벨이 없었다)
pr-gc: 열림 59 · 종결 판정 0 · 10일 초과 18 · 닫음 0 · 라벨 복구 4
라벨 복구: https://github.com/hkjang/madi/pull/12 (승인 기록은 있는데 라벨이 없었다)
라벨 복구: https://github.com/hkjang/madi/pull/11 (승인 기록은 있는데 라벨이 없었다)
라벨 복구: https://github.com/hkjang/madi/pull/9 (승인 기록은 있는데 라벨이 없었다)
라벨 복구: https://github.com/hkjang/madi/pull/5 (승인 기록은 있는데 라벨이 없었다)
pr-gc: 열림 64 · 종결 판정 0 · 10일 초과 18 · 닫음 0 · 라벨 복구 4
라벨 복구: https://github.com/hkjang/madi/pull/12 (승인 기록은 있는데 라벨이 없었다)
라벨 복구: https://github.com/hkjang/madi/pull/11 (승인 기록은 있는데 라벨이 없었다)
라벨 복구: https://github.com/hkjang/madi/pull/9 (승인 기록은 있는데 라벨이 없었다)
라벨 복구: https://github.com/hkjang/madi/pull/5 (승인 기록은 있는데 라벨이 없었다)
pr-gc: 열림 65 · 종결 판정 0 · 10일 초과 18 · 닫음 0 · 라벨 복구 4
라벨 복구: https://github.com/hkjang/madi/pull/12 (승인 기록은 있는데 라벨이 없었다)
라벨 복구: https://github.com/hkjang/madi/pull/11 (승인 기록은 있는데 라벨이 없었다)
라벨 복구: https://github.com/hkjang/madi/pull/9 (승인 기록은 있는데 라벨이 없었다)
라벨 복구: https://github.com/hkjang/madi/pull/5 (승인 기록은 있는데 라벨이 없었다)
pr-gc: 열림 70 · 종결 판정 0 · 10일 초과 19 · 닫음 0 · 라벨 복구 4
라벨 복구: https://github.com/hkjang/madi/pull/12 (승인 기록은 있는데 라벨이 없었다)
라벨 복구: https://github.com/hkjang/madi/pull/11 (승인 기록은 있는데 라벨이 없었다)
라벨 복구: https://github.com/hkjang/madi/pull/9 (승인 기록은 있는데 라벨이 없었다)
라벨 복구: https://github.com/hkjang/madi/pull/5 (승인 기록은 있는데 라벨이 없었다)
pr-gc: 열림 75 · 종결 판정 0 · 10일 초과 20 · 닫음 0 · 라벨 복구 4
라벨 복구: https://github.com/hkjang/nexabuilder/pull/51 (승인 기록은 있는데 라벨이 없었다)
라벨 복구: https://github.com/hkjang/madi/pull/12 (승인 기록은 있는데 라벨이 없었다)
라벨 복구: https://github.com/hkjang/madi/pull/11 (승인 기록은 있는데 라벨이 없었다)
라벨 복구: https://github.com/hkjang/madi/pull/9 (승인 기록은 있는데 라벨이 없었다)
라벨 복구: https://github.com/hkjang/madi/pull/5 (승인 기록은 있는데 라벨이 없었다)
pr-gc: 열림 79 · 종결 판정 0 · 10일 초과 22 · 닫음 0 · 라벨 복구 5
라벨 복구: https://github.com/hkjang/nexabuilder/pull/51 (승인 기록은 있는데 라벨이 없었다)
라벨 복구: https://github.com/hkjang/madi/pull/12 (승인 기록은 있는데 라벨이 없었다)
라벨 복구: https://github.com/hkjang/madi/pull/11 (승인 기록은 있는데 라벨이 없었다)
라벨 복구: https://github.com/hkjang/madi/pull/9 (승인 기록은 있는데 라벨이 없었다)
라벨 복구: https://github.com/hkjang/madi/pull/5 (승인 기록은 있는데 라벨이 없었다)
pr-gc: 열림 81 · 종결 판정 0 · 10일 초과 23 · 닫음 0 · 라벨 복구 5
라벨 복구: https://github.com/hkjang/DartFly/pull/19 (승인 기록은 있는데 라벨이 없었다)
라벨 복구: https://github.com/hkjang/nexabuilder/pull/51 (승인 기록은 있는데 라벨이 없었다)
라벨 복구: https://github.com/hkjang/madi/pull/12 (승인 기록은 있는데 라벨이 없었다)
라벨 복구: https://github.com/hkjang/madi/pull/11 (승인 기록은 있는데 라벨이 없었다)
라벨 복구: https://github.com/hkjang/madi/pull/9 (승인 기록은 있는데 라벨이 없었다)
라벨 복구: https://github.com/hkjang/madi/pull/5 (승인 기록은 있는데 라벨이 없었다)
pr-gc: 열림 87 · 종결 판정 0 · 10일 초과 26 · 닫음 0 · 라벨 복구 6
라벨 복구: https://github.com/hkjang/DartFly/pull/19 (승인 기록은 있는데 라벨이 없었다)
라벨 복구: https://github.com/hkjang/nexabuilder/pull/51 (승인 기록은 있는데 라벨이 없었다)
라벨 복구: https://github.com/hkjang/madi/pull/12 (승인 기록은 있는데 라벨이 없었다)
라벨 복구: https://github.com/hkjang/madi/pull/11 (승인 기록은 있는데 라벨이 없었다)
라벨 복구: https://github.com/hkjang/madi/pull/9 (승인 기록은 있는데 라벨이 없었다)
라벨 복구: https://github.com/hkjang/madi/pull/5 (승인 기록은 있는데 라벨이 없었다)
pr-gc: 열림 91 · 종결 판정 0 · 10일 초과 27 · 닫음 0 · 라벨 복구 6
라벨 복구: https://github.com/hkjang/DartFly/pull/19 (승인 기록은 있는데 라벨이 없었다)
라벨 복구: https://github.com/hkjang/nexabuilder/pull/51 (승인 기록은 있는데 라벨이 없었다)
닫음: https://github.com/hkjang/moina/pull/34 — PR 처리기가 3일 전에 더 진행할 수 없다고 판정했고(수정·심사를 2번 시도했지만 통과하지 못함) 그 뒤 사람 손이 닿지 않았습니다
라벨 복구: https://github.com/hkjang/madi/pull/12 (승인 기록은 있는데 라벨이 없었다)
라벨 복구: https://github.com/hkjang/madi/pull/11 (승인 기록은 있는데 라벨이 없었다)
라벨 복구: https://github.com/hkjang/madi/pull/9 (승인 기록은 있는데 라벨이 없었다)
라벨 복구: https://github.com/hkjang/madi/pull/5 (승인 기록은 있는데 라벨이 없었다)
pr-gc: 열림 91 · 종결 판정 1 · 10일 초과 28 · 닫음 1 · 라벨 복구 6
라벨 복구: https://github.com/hkjang/DartFly/pull/19 (승인 기록은 있는데 라벨이 없었다)
라벨 복구: https://github.com/hkjang/nexabuilder/pull/51 (승인 기록은 있는데 라벨이 없었다)
라벨 복구: https://github.com/hkjang/madi/pull/12 (승인 기록은 있는데 라벨이 없었다)
라벨 복구: https://github.com/hkjang/madi/pull/11 (승인 기록은 있는데 라벨이 없었다)
라벨 복구: https://github.com/hkjang/madi/pull/9 (승인 기록은 있는데 라벨이 없었다)
라벨 복구: https://github.com/hkjang/madi/pull/5 (승인 기록은 있는데 라벨이 없었다)
pr-gc: 열림 93 · 종결 판정 0 · 10일 초과 29 · 닫음 0 · 라벨 복구 6
라벨 복구: https://github.com/hkjang/DartFly/pull/19 (승인 기록은 있는데 라벨이 없었다)
라벨 복구: https://github.com/hkjang/nexabuilder/pull/51 (승인 기록은 있는데 라벨이 없었다)
라벨 복구: https://github.com/hkjang/madi/pull/12 (승인 기록은 있는데 라벨이 없었다)
라벨 복구: https://github.com/hkjang/madi/pull/11 (승인 기록은 있는데 라벨이 없었다)
라벨 복구: https://github.com/hkjang/madi/pull/9 (승인 기록은 있는데 라벨이 없었다)
라벨 복구: https://github.com/hkjang/madi/pull/5 (승인 기록은 있는데 라벨이 없었다)
pr-gc: 열림 93 · 종결 판정 0 · 10일 초과 30 · 닫음 0 · 라벨 복구 6
라벨 복구: https://github.com/hkjang/DartFly/pull/19 (승인 기록은 있는데 라벨이 없었다)
라벨 복구: https://github.com/hkjang/nexabuilder/pull/51 (승인 기록은 있는데 라벨이 없었다)
닫음: https://github.com/hkjang/moyro/pull/29 — PR 처리기가 3일 전에 더 진행할 수 없다고 판정했고(수정·심사를 2번 시도했지만 통과하지 못함) 그 뒤 사람 손이 닿지 않았습니다
닫음: https://github.com/hkjang/hunter/pull/15 — PR 처리기가 3일 전에 더 진행할 수 없다고 판정했고(수정·심사를 2번 시도했지만 통과하지 못함) 그 뒤 사람 손이 닿지 않았습니다
닫음: https://github.com/hkjang/cutover/pull/9 — PR 처리기가 3일 전에 더 진행할 수 없다고 판정했고(수정·심사를 2번 시도했지만 통과하지 못함) 그 뒤 사람 손이 닿지 않았습니다
라벨 복구: https://github.com/hkjang/madi/pull/12 (승인 기록은 있는데 라벨이 없었다)
라벨 복구: https://github.com/hkjang/madi/pull/11 (승인 기록은 있는데 라벨이 없었다)
라벨 복구: https://github.com/hkjang/madi/pull/9 (승인 기록은 있는데 라벨이 없었다)
라벨 복구: https://github.com/hkjang/madi/pull/5 (승인 기록은 있는데 라벨이 없었다)
pr-gc: 열림 94 · 종결 판정 3 · 10일 초과 31 · 닫음 3 · 라벨 복구 6
라벨 복구: https://github.com/hkjang/DartFly/pull/19 (승인 기록은 있는데 라벨이 없었다)
라벨 복구: https://github.com/hkjang/nexabuilder/pull/51 (승인 기록은 있는데 라벨이 없었다)
닫음: https://github.com/hkjang/visitflow/pull/28 — PR 처리기가 3일 전에 더 진행할 수 없다고 판정했고(수정·심사를 2번 시도했지만 통과하지 못함) 그 뒤 사람 손이 닿지 않았습니다
닫음: https://github.com/hkjang/vibe-code/pull/6 — PR 처리기가 3일 전에 더 진행할 수 없다고 판정했고(수정·심사를 2번 시도했지만 통과하지 못함) 그 뒤 사람 손이 닿지 않았습니다
라벨 복구: https://github.com/hkjang/madi/pull/12 (승인 기록은 있는데 라벨이 없었다)
라벨 복구: https://github.com/hkjang/madi/pull/11 (승인 기록은 있는데 라벨이 없었다)
라벨 복구: https://github.com/hkjang/madi/pull/9 (승인 기록은 있는데 라벨이 없었다)
라벨 복구: https://github.com/hkjang/madi/pull/5 (승인 기록은 있는데 라벨이 없었다)
pr-gc: 열림 90 · 종결 판정 2 · 10일 초과 31 · 닫음 2 · 라벨 복구 6
라벨 복구: https://github.com/hkjang/DartFly/pull/19 (승인 기록은 있는데 라벨이 없었다)
라벨 복구: https://github.com/hkjang/nexabuilder/pull/51 (승인 기록은 있는데 라벨이 없었다)
닫음: https://github.com/hkjang/nexabuilder/pull/39 — PR 처리기가 3일 전에 더 진행할 수 없다고 판정했고(수정·심사를 2번 시도했지만 통과하지 못함) 그 뒤 사람 손이 닿지 않았습니다
닫음: https://github.com/hkjang/nexabuilder/pull/38 — PR 처리기가 3일 전에 더 진행할 수 없다고 판정했고(수정·심사를 2번 시도했지만 통과하지 못함) 그 뒤 사람 손이 닿지 않았습니다
닫음: https://github.com/hkjang/nexabuilder/pull/37 — PR 처리기가 3일 전에 더 진행할 수 없다고 판정했고(수정·심사를 2번 시도했지만 통과하지 못함) 그 뒤 사람 손이 닿지 않았습니다
닫음: https://github.com/hkjang/moina/pull/37 — PR 처리기가 3일 전에 더 진행할 수 없다고 판정했고(수정·심사를 2번 시도했지만 통과하지 못함) 그 뒤 사람 손이 닿지 않았습니다
라벨 복구: https://github.com/hkjang/madi/pull/12 (승인 기록은 있는데 라벨이 없었다)
라벨 복구: https://github.com/hkjang/madi/pull/11 (승인 기록은 있는데 라벨이 없었다)
라벨 복구: https://github.com/hkjang/madi/pull/9 (승인 기록은 있는데 라벨이 없었다)
라벨 복구: https://github.com/hkjang/madi/pull/5 (승인 기록은 있는데 라벨이 없었다)
pr-gc: 열림 88 · 종결 판정 4 · 10일 초과 31 · 닫음 4 · 라벨 복구 6
라벨 복구: https://github.com/hkjang/DartFly/pull/19 (승인 기록은 있는데 라벨이 없었다)
라벨 복구: https://github.com/hkjang/nexabuilder/pull/51 (승인 기록은 있는데 라벨이 없었다)
닫음: https://github.com/hkjang/nexabuilder/pull/44 — PR 처리기가 3일 전에 더 진행할 수 없다고 판정했고(수정·심사를 2번 시도했지만 통과하지 못함) 그 뒤 사람 손이 닿지 않았습니다
닫음: https://github.com/hkjang/nexabuilder/pull/43 — PR 처리기가 3일 전에 더 진행할 수 없다고 판정했고(수정·심사를 2번 시도했지만 통과하지 못함) 그 뒤 사람 손이 닿지 않았습니다
닫음: https://github.com/hkjang/nexabuilder/pull/42 — PR 처리기가 3일 전에 더 진행할 수 없다고 판정했고(수정·심사를 2번 시도했지만 통과하지 못함) 그 뒤 사람 손이 닿지 않았습니다
닫음: https://github.com/hkjang/nexabuilder/pull/41 — PR 처리기가 3일 전에 더 진행할 수 없다고 판정했고(수정·심사를 2번 시도했지만 통과하지 못함) 그 뒤 사람 손이 닿지 않았습니다
닫음: https://github.com/hkjang/nexabuilder/pull/40 — PR 처리기가 3일 전에 더 진행할 수 없다고 판정했고(수정·심사를 2번 시도했지만 통과하지 못함) 그 뒤 사람 손이 닿지 않았습니다
라벨 복구: https://github.com/hkjang/madi/pull/12 (승인 기록은 있는데 라벨이 없었다)
라벨 복구: https://github.com/hkjang/madi/pull/11 (승인 기록은 있는데 라벨이 없었다)
라벨 복구: https://github.com/hkjang/madi/pull/9 (승인 기록은 있는데 라벨이 없었다)
라벨 복구: https://github.com/hkjang/madi/pull/5 (승인 기록은 있는데 라벨이 없었다)
pr-gc: 열림 86 · 종결 판정 5 · 10일 초과 31 · 닫음 5 · 라벨 복구 6
라벨 복구: https://github.com/hkjang/DartFly/pull/19 (승인 기록은 있는데 라벨이 없었다)
라벨 복구: https://github.com/hkjang/nexabuilder/pull/51 (승인 기록은 있는데 라벨이 없었다)
닫음: https://github.com/hkjang/nexabuilder/pull/49 — PR 처리기가 3일 전에 더 진행할 수 없다고 판정했고(수정·심사를 2번 시도했지만 통과하지 못함) 그 뒤 사람 손이 닿지 않았습니다
닫음: https://github.com/hkjang/nexabuilder/pull/48 — PR 처리기가 3일 전에 더 진행할 수 없다고 판정했고(수정·심사를 2번 시도했지만 통과하지 못함) 그 뒤 사람 손이 닿지 않았습니다
닫음: https://github.com/hkjang/nexabuilder/pull/47 — PR 처리기가 3일 전에 더 진행할 수 없다고 판정했고(수정·심사를 2번 시도했지만 통과하지 못함) 그 뒤 사람 손이 닿지 않았습니다
닫음: https://github.com/hkjang/nexabuilder/pull/46 — PR 처리기가 3일 전에 더 진행할 수 없다고 판정했고(수정·심사를 2번 시도했지만 통과하지 못함) 그 뒤 사람 손이 닿지 않았습니다
닫음: https://github.com/hkjang/nexabuilder/pull/45 — PR 처리기가 3일 전에 더 진행할 수 없다고 판정했고(수정·심사를 2번 시도했지만 통과하지 못함) 그 뒤 사람 손이 닿지 않았습니다
라벨 복구: https://github.com/hkjang/madi/pull/12 (승인 기록은 있는데 라벨이 없었다)
라벨 복구: https://github.com/hkjang/madi/pull/11 (승인 기록은 있는데 라벨이 없었다)
라벨 복구: https://github.com/hkjang/madi/pull/9 (승인 기록은 있는데 라벨이 없었다)
라벨 복구: https://github.com/hkjang/madi/pull/5 (승인 기록은 있는데 라벨이 없었다)
pr-gc: 열림 81 · 종결 판정 5 · 10일 초과 32 · 닫음 5 · 라벨 복구 6
라벨 복구: https://github.com/hkjang/DartFly/pull/19 (승인 기록은 있는데 라벨이 없었다)
닫음: https://github.com/hkjang/vibe-code/pull/7 — PR 처리기가 3일 전에 더 진행할 수 없다고 판정했고(수정·심사를 2번 시도했지만 통과하지 못함) 그 뒤 사람 손이 닿지 않았습니다
라벨 복구: https://github.com/hkjang/nexabuilder/pull/51 (승인 기록은 있는데 라벨이 없었다)
닫음: https://github.com/hkjang/nexabuilder/pull/50 — PR 처리기가 3일 전에 더 진행할 수 없다고 판정했고(수정·심사를 2번 시도했지만 통과하지 못함) 그 뒤 사람 손이 닿지 않았습니다
라벨 복구: https://github.com/hkjang/madi/pull/12 (승인 기록은 있는데 라벨이 없었다)
라벨 복구: https://github.com/hkjang/madi/pull/11 (승인 기록은 있는데 라벨이 없었다)
라벨 복구: https://github.com/hkjang/madi/pull/9 (승인 기록은 있는데 라벨이 없었다)
라벨 복구: https://github.com/hkjang/madi/pull/5 (승인 기록은 있는데 라벨이 없었다)
pr-gc: 열림 78 · 종결 판정 2 · 10일 초과 33 · 닫음 2 · 라벨 복구 6
라벨 복구: https://github.com/hkjang/DartFly/pull/19 (승인 기록은 있는데 라벨이 없었다)
닫음: https://github.com/hkjang/DartFly/pull/18 — PR 처리기가 3일 전에 더 진행할 수 없다고 판정했고(수정·심사를 2번 시도했지만 통과하지 못함) 그 뒤 사람 손이 닿지 않았습니다
닫음: https://github.com/hkjang/vibe-code/pull/10 — PR 처리기가 3일 전에 더 진행할 수 없다고 판정했고(수정·심사를 2번 시도했지만 통과하지 못함) 그 뒤 사람 손이 닿지 않았습니다
닫음: https://github.com/hkjang/vibe-code/pull/9 — PR 처리기가 3일 전에 더 진행할 수 없다고 판정했고(수정·심사를 2번 시도했지만 통과하지 못함) 그 뒤 사람 손이 닿지 않았습니다
닫음: https://github.com/hkjang/vibe-code/pull/8 — PR 처리기가 3일 전에 더 진행할 수 없다고 판정했고(수정·심사를 2번 시도했지만 통과하지 못함) 그 뒤 사람 손이 닿지 않았습니다
라벨 복구: https://github.com/hkjang/nexabuilder/pull/51 (승인 기록은 있는데 라벨이 없었다)
라벨 복구: https://github.com/hkjang/madi/pull/12 (승인 기록은 있는데 라벨이 없었다)
라벨 복구: https://github.com/hkjang/madi/pull/11 (승인 기록은 있는데 라벨이 없었다)
라벨 복구: https://github.com/hkjang/madi/pull/9 (승인 기록은 있는데 라벨이 없었다)
라벨 복구: https://github.com/hkjang/madi/pull/5 (승인 기록은 있는데 라벨이 없었다)
pr-gc: 열림 79 · 종결 판정 4 · 10일 초과 34 · 닫음 4 · 라벨 복구 6
닫음: https://github.com/hkjang/vibe-code/pull/13 — PR 처리기가 3일 전에 더 진행할 수 없다고 판정했고(수정·심사를 2번 시도했지만 통과하지 못함) 그 뒤 사람 손이 닿지 않았습니다
닫음: https://github.com/hkjang/vibe-code/pull/12 — PR 처리기가 3일 전에 더 진행할 수 없다고 판정했고(수정·심사를 2번 시도했지만 통과하지 못함) 그 뒤 사람 손이 닿지 않았습니다
닫음: https://github.com/hkjang/DartFly/pull/20 — PR 처리기가 3일 전에 더 진행할 수 없다고 판정했고(수정·심사를 2번 시도했지만 통과하지 못함) 그 뒤 사람 손이 닿지 않았습니다
닫음: https://github.com/hkjang/vibe-code/pull/11 — PR 처리기가 3일 전에 더 진행할 수 없다고 판정했고(수정·심사를 2번 시도했지만 통과하지 못함) 그 뒤 사람 손이 닿지 않았습니다
라벨 복구: https://github.com/hkjang/DartFly/pull/19 (승인 기록은 있는데 라벨이 없었다)
라벨 복구: https://github.com/hkjang/nexabuilder/pull/51 (승인 기록은 있는데 라벨이 없었다)
라벨 복구: https://github.com/hkjang/madi/pull/12 (승인 기록은 있는데 라벨이 없었다)
라벨 복구: https://github.com/hkjang/madi/pull/11 (승인 기록은 있는데 라벨이 없었다)
라벨 복구: https://github.com/hkjang/madi/pull/9 (승인 기록은 있는데 라벨이 없었다)
라벨 복구: https://github.com/hkjang/madi/pull/5 (승인 기록은 있는데 라벨이 없었다)
pr-gc: 열림 76 · 종결 판정 4 · 10일 초과 35 · 닫음 4 · 라벨 복구 6
닫음: https://github.com/hkjang/vibe-code/pull/15 — PR 처리기가 3일 전에 더 진행할 수 없다고 판정했고(수정·심사를 2번 시도했지만 통과하지 못함) 그 뒤 사람 손이 닿지 않았습니다
라벨 복구: https://github.com/hkjang/DartFly/pull/19 (승인 기록은 있는데 라벨이 없었다)
라벨 복구: https://github.com/hkjang/nexabuilder/pull/51 (승인 기록은 있는데 라벨이 없었다)
라벨 복구: https://github.com/hkjang/madi/pull/12 (승인 기록은 있는데 라벨이 없었다)
라벨 복구: https://github.com/hkjang/madi/pull/11 (승인 기록은 있는데 라벨이 없었다)
라벨 복구: https://github.com/hkjang/madi/pull/9 (승인 기록은 있는데 라벨이 없었다)
라벨 복구: https://github.com/hkjang/madi/pull/5 (승인 기록은 있는데 라벨이 없었다)
pr-gc: 열림 70 · 종결 판정 1 · 10일 초과 35 · 닫음 1 · 라벨 복구 6
라벨 복구: https://github.com/hkjang/DartFly/pull/19 (승인 기록은 있는데 라벨이 없었다)
라벨 복구: https://github.com/hkjang/nexabuilder/pull/51 (승인 기록은 있는데 라벨이 없었다)
라벨 복구: https://github.com/hkjang/madi/pull/12 (승인 기록은 있는데 라벨이 없었다)
라벨 복구: https://github.com/hkjang/madi/pull/11 (승인 기록은 있는데 라벨이 없었다)
라벨 복구: https://github.com/hkjang/madi/pull/9 (승인 기록은 있는데 라벨이 없었다)
라벨 복구: https://github.com/hkjang/madi/pull/5 (승인 기록은 있는데 라벨이 없었다)
pr-gc: 열림 71 · 종결 판정 0 · 10일 초과 35 · 닫음 0 · 라벨 복구 6
라벨 복구: https://github.com/hkjang/DartFly/pull/19 (승인 기록은 있는데 라벨이 없었다)
라벨 복구: https://github.com/hkjang/nexabuilder/pull/51 (승인 기록은 있는데 라벨이 없었다)
라벨 복구: https://github.com/hkjang/madi/pull/12 (승인 기록은 있는데 라벨이 없었다)
라벨 복구: https://github.com/hkjang/madi/pull/11 (승인 기록은 있는데 라벨이 없었다)
라벨 복구: https://github.com/hkjang/madi/pull/9 (승인 기록은 있는데 라벨이 없었다)
라벨 복구: https://github.com/hkjang/madi/pull/5 (승인 기록은 있는데 라벨이 없었다)
pr-gc: 열림 72 · 종결 판정 0 · 10일 초과 35 · 닫음 0 · 라벨 복구 6
