==> web dependencies
==> production UI build

> visitflow-web@2.8.15 build
> tsc -b && vite build

vite v7.3.6 building client environment for production...
transforming...
✓ 1027 modules transformed.
rendering chunks...
computing gzip size...
dist/index.html                                     0.82 kB │ gzip:   0.46 kB
dist/assets/ContentCopyRounded-K8uzaMY1.js          0.26 kB │ gzip:   0.21 kB
dist/assets/MeetingRoomRounded-BMeYOpKC.js          0.31 kB │ gzip:   0.20 kB
dist/assets/CheckCircleRounded-NysdD0ur.js          0.32 kB │ gzip:   0.23 kB
dist/assets/DeleteOutlineRounded-CQxN6Pne.js        0.37 kB │ gzip:   0.26 kB
dist/assets/SearchRounded-Cm93406p.js               0.38 kB │ gzip:   0.27 kB
dist/assets/PrintRounded-Dd9RIhUT.js                0.39 kB │ gzip:   0.25 kB
dist/assets/StopCircleOutlined-C3WMfB42.js          0.41 kB │ gzip:   0.28 kB
dist/assets/AutorenewRounded-CmkWt19Z.js            0.54 kB │ gzip:   0.34 kB
dist/assets/TranslateRounded-C-UN-08F.js            0.75 kB │ gzip:   0.45 kB
dist/assets/schedule-MNodVauH.js                    0.80 kB │ gzip:   0.53 kB
dist/assets/ResetPasswordPage-KwrB8i7Z.js           2.61 kB │ gzip:   1.23 kB
dist/assets/RosterPage-CFClXGeV.js                  3.80 kB │ gzip:   2.03 kB
dist/assets/MobilePassPage-JZ6WYPMe.js              4.35 kB │ gzip:   2.10 kB
dist/assets/KeysPage-RMW4wL3H.js                    5.35 kB │ gzip:   2.42 kB
dist/assets/SelfRegistrationPage-D3ntB7gY.js        5.44 kB │ gzip:   2.04 kB
dist/assets/KioskPage-CB7zxA69.js                   5.75 kB │ gzip:   2.81 kB
dist/assets/ScannerPage-ZCjogXQ0.js                 5.86 kB │ gzip:   2.83 kB
dist/assets/ApprovalsPage-B8PaMmVh.js               6.01 kB │ gzip:   2.46 kB
dist/assets/GuidePage-BWAR6K6B.js                   7.02 kB │ gzip:   2.97 kB
dist/assets/i18n-COpZ_NGU.js                        7.15 kB │ gzip:   3.60 kB
dist/assets/LobbyPage-BFY33KAs.js                   9.01 kB │ gzip:   4.27 kB
dist/assets/TemplatesPage-DtG1ZsCm.js              11.73 kB │ gzip:   4.00 kB
dist/assets/VisitsPage-wzrlmR-B.js                 15.05 kB │ gzip:   5.28 kB
dist/assets/VisitFormPage-w2O_VrSZ.js              16.97 kB │ gzip:   6.52 kB
dist/assets/NotificationSettingsPage-D7rrDSa9.js   17.32 kB │ gzip:   5.58 kB
dist/assets/SettingsPage-crrCwPh3.js               20.85 kB │ gzip:   8.32 kB
dist/assets/AdminPage-Duahon-u.js                  48.68 kB │ gzip:  13.90 kB
dist/assets/react-BbpKA4hf.js                      49.99 kB │ gzip:  17.77 kB
dist/assets/index-DQoW0hEs.js                     227.46 kB │ gzip:  73.53 kB
dist/assets/mui-DXnYUF2f.js                       368.61 kB │ gzip: 111.87 kB
✓ built in 2.60s
==> embedding the build into cmd/visitflow/webdist
==> server build
==> PostgreSQL
==> VisitFlow server
==> browser
using channel 'chrome' (no bundled browser installed)
==> npm run test:e2e against http://127.0.0.1:61315

> visitflow-web@2.8.15 test:e2e
> playwright test


Running 14 tests using 1 worker

  ✓   1 [chromium] › e2e/visit-flow.spec.ts:90:3 › visitor lifecycle › rejects a wrong password before signing in (1.3s)
  ✓   2 [chromium] › e2e/visit-flow.spec.ts:98:3 › visitor lifecycle › registers a visit and lists it (2.8s)
  ✓   3 [chromium] › e2e/visit-flow.spec.ts:112:3 › visitor lifecycle › reports what the server said about a notification resend (5.2s)
  ✓   4 [chromium] › e2e/visit-flow.spec.ts:153:3 › visitor lifecycle › shows the mobile pass and switches language (3.0s)
  ✓   5 [chromium] › e2e/visit-flow.spec.ts:165:3 › visitor lifecycle › keeps a cancelled approval pending and allows an empty approval memo (2.7s)
  ✓   6 [chromium] › e2e/visit-flow.spec.ts:199:3 › visitor lifecycle › preserves a confirmed approval memo in the request and visit detail (1.7s)
  ✓   7 [chromium] › e2e/visit-flow.spec.ts:217:3 › visitor lifecycle › requires a confirmed nonblank reason to reject a pending visit (1.9s)
  ✓   8 [chromium] › e2e/visit-flow.spec.ts:248:3 › visitor lifecycle › checks a visitor in from a keyboard-wedge scan (3.7s)
  ✓   9 [chromium] › e2e/visit-flow.spec.ts:266:3 › visitor lifecycle › enrols a kiosk tablet and checks a visitor in without a login (2.9s)
  ✓  10 [chromium] › e2e/visit-flow.spec.ts:293:3 › visitor lifecycle › registers a site, a lobby and an organization from the admin console (2.9s)
  ✓  11 [chromium] › e2e/visit-flow.spec.ts:332:3 › visitor lifecycle › creates and then edits a delivery rule (2.3s)
  ✓  12 [chromium] › e2e/visit-flow.spec.ts:350:3 › visitor lifecycle › prints the emergency roster with the current headcount (1.1s)
  ✓  13 [chromium] › e2e/visit-flow.spec.ts:359:3 › company policy blocks missing companies and permits registration on /visits/new (3.7s)
  ✓  14 [chromium] › e2e/visit-flow.spec.ts:359:3 › company policy blocks missing companies and permits registration on /lobby/walk-in (2.7s)

  14 passed (38.9s)
playwright: passed (base URL http://127.0.0.1:61315, channel 'chrome' (no bundled browser installed))
