==> web dependencies
==> production UI build

> visitflow-web@2.8.15 build
> tsc -b && vite build

vite v7.3.6 building client environment for production...
transforming...
✓ 1027 modules transformed.
rendering chunks...
computing gzip size...
dist/index.html                                     0.82 kB │ gzip:   0.46 kB
dist/assets/ContentCopyRounded-K8uzaMY1.js          0.26 kB │ gzip:   0.21 kB
dist/assets/MeetingRoomRounded-BMeYOpKC.js          0.31 kB │ gzip:   0.20 kB
dist/assets/CheckCircleRounded-NysdD0ur.js          0.32 kB │ gzip:   0.23 kB
dist/assets/DeleteOutlineRounded-CQxN6Pne.js        0.37 kB │ gzip:   0.26 kB
dist/assets/SearchRounded-Cm93406p.js               0.38 kB │ gzip:   0.27 kB
dist/assets/PrintRounded-Dd9RIhUT.js                0.39 kB │ gzip:   0.25 kB
dist/assets/StopCircleOutlined-C3WMfB42.js          0.41 kB │ gzip:   0.28 kB
dist/assets/AutorenewRounded-CmkWt19Z.js            0.54 kB │ gzip:   0.34 kB
dist/assets/TranslateRounded-C-UN-08F.js            0.75 kB │ gzip:   0.45 kB
dist/assets/schedule-MNodVauH.js                    0.80 kB │ gzip:   0.53 kB
dist/assets/ResetPasswordPage-D97OGMVw.js           2.61 kB │ gzip:   1.23 kB
dist/assets/RosterPage-Co05cOKw.js                  3.80 kB │ gzip:   2.03 kB
dist/assets/MobilePassPage-PL51N2eD.js              4.35 kB │ gzip:   2.10 kB
dist/assets/KeysPage-DzqruTW_.js                    5.35 kB │ gzip:   2.42 kB
dist/assets/SelfRegistrationPage-BmMi_uDn.js        5.44 kB │ gzip:   2.04 kB
dist/assets/KioskPage-LdtBG27p.js                   5.75 kB │ gzip:   2.81 kB
dist/assets/ScannerPage-Ctw1XLMo.js                 5.86 kB │ gzip:   2.84 kB
dist/assets/ApprovalsPage-Bexfcu88.js               6.00 kB │ gzip:   2.46 kB
dist/assets/GuidePage-D2X248Sb.js                   7.02 kB │ gzip:   2.97 kB
dist/assets/i18n-COpZ_NGU.js                        7.15 kB │ gzip:   3.60 kB
dist/assets/LobbyPage-B5VzMv43.js                   9.01 kB │ gzip:   4.27 kB
dist/assets/TemplatesPage-DxdgF_CL.js              11.73 kB │ gzip:   4.00 kB
dist/assets/VisitsPage-DXLFYlaW.js                 15.05 kB │ gzip:   5.28 kB
dist/assets/VisitFormPage-B145yM2p.js              16.97 kB │ gzip:   6.52 kB
dist/assets/NotificationSettingsPage-CV9zL_xP.js   17.32 kB │ gzip:   5.58 kB
dist/assets/SettingsPage-DADuLZyt.js               20.85 kB │ gzip:   8.33 kB
dist/assets/AdminPage-B22i4qQL.js                  48.68 kB │ gzip:  13.90 kB
dist/assets/react-BbpKA4hf.js                      49.99 kB │ gzip:  17.77 kB
dist/assets/index-CHqf9Fq-.js                     227.46 kB │ gzip:  73.52 kB
dist/assets/mui-DXnYUF2f.js                       368.61 kB │ gzip: 111.87 kB
✓ built in 565ms
==> embedding the build into cmd/visitflow/webdist
==> server build
==> PostgreSQL
==> VisitFlow server
==> browser
using channel 'chrome' (no bundled browser installed)
==> npm run test:e2e against http://127.0.0.1:49313

> visitflow-web@2.8.15 test:e2e
> playwright test


Running 14 tests using 1 worker

  ✓   1 [chromium] › e2e/visit-flow.spec.ts:90:3 › visitor lifecycle › rejects a wrong password before signing in (1.3s)
  ✓   2 [chromium] › e2e/visit-flow.spec.ts:98:3 › visitor lifecycle › registers a visit and lists it (2.7s)
  ✓   3 [chromium] › e2e/visit-flow.spec.ts:112:3 › visitor lifecycle › reports what the server said about a notification resend (5.1s)
  ✓   4 [chromium] › e2e/visit-flow.spec.ts:153:3 › visitor lifecycle › shows the mobile pass and switches language (2.9s)
  ✘   5 [chromium] › e2e/visit-flow.spec.ts:165:3 › visitor lifecycle › keeps a cancelled approval pending and allows an empty approval memo (11.9s)
  ✓   6 [chromium] › e2e/visit-flow.spec.ts:199:3 › visitor lifecycle › preserves a confirmed approval memo in the request and visit detail (1.8s)
  ✓   7 [chromium] › e2e/visit-flow.spec.ts:217:3 › visitor lifecycle › requires a confirmed nonblank reason to reject a pending visit (2.0s)
  ✓   8 [chromium] › e2e/visit-flow.spec.ts:248:3 › visitor lifecycle › checks a visitor in from a keyboard-wedge scan (3.8s)
  ✓   9 [chromium] › e2e/visit-flow.spec.ts:266:3 › visitor lifecycle › enrols a kiosk tablet and checks a visitor in without a login (2.8s)
  ✓  10 [chromium] › e2e/visit-flow.spec.ts:293:3 › visitor lifecycle › registers a site, a lobby and an organization from the admin console (2.9s)
  ✓  11 [chromium] › e2e/visit-flow.spec.ts:332:3 › visitor lifecycle › creates and then edits a delivery rule (2.2s)
  ✓  12 [chromium] › e2e/visit-flow.spec.ts:350:3 › visitor lifecycle › prints the emergency roster with the current headcount (1.1s)
  ✓  13 [chromium] › e2e/visit-flow.spec.ts:359:3 › company policy blocks missing companies and permits registration on /visits/new (3.5s)
  ✓  14 [chromium] › e2e/visit-flow.spec.ts:359:3 › company policy blocks missing companies and permits registration on /lobby/walk-in (2.5s)


  1) [chromium] › e2e/visit-flow.spec.ts:165:3 › visitor lifecycle › keeps a cancelled approval pending and allows an empty approval memo 

    Error: cancelling the memo must not POST an approval

    expect(received).toHaveLength(expected)

    Expected length: 0
    Received length: 1
    Received array:  [{"_guid": "request@a2cdaac7c7f72c737cc9063792e7c02f", "_type": "Request"}]

      177 |     await row.getByRole("button", { name: "승인", exact: true }).click();
      178 |     const detail = await readVisit(page, visit.id);
    > 179 |     expect.soft(requests, "cancelling the memo must not POST an approval").toHaveLength(0);
          |                                                                            ^
      180 |     expect.soft(detail.status).toBe("PENDING_APPROVAL");
      181 |
      182 |     // Re-enter to prove the server still offers this visit for approval.
        at /home/hkjang/.cache/auto-improve-wt/visitflow/web/e2e/visit-flow.spec.ts:179:76

    Error: expect(received).toBe(expected) // Object.is equality

    Expected: "PENDING_APPROVAL"
    Received: "SCHEDULED"

      178 |     const detail = await readVisit(page, visit.id);
      179 |     expect.soft(requests, "cancelling the memo must not POST an approval").toHaveLength(0);
    > 180 |     expect.soft(detail.status).toBe("PENDING_APPROVAL");
          |                                ^
      181 |
      182 |     // Re-enter to prove the server still offers this visit for approval.
      183 |     await page.goto("/visits");
        at /home/hkjang/.cache/auto-improve-wt/visitflow/web/e2e/visit-flow.spec.ts:180:32

    Error: expect(locator).toHaveCount(expected) failed

    Locator:  getByRole('row').filter({ hasText: 'E2E 승인 1791140822453-4n5lid' })
    Expected: 1
    Received: 0
    Timeout:  10000ms

    Call log:
      - Expect "toHaveCount" with timeout 10000ms
      - waiting for getByRole('row').filter({ hasText: 'E2E 승인 1791140822453-4n5lid' })
        24 × locator resolved to 0 elements
           - unexpected value "0"


      183 |     await page.goto("/visits");
      184 |     await page.goto("/approvals");
    > 185 |     await expect(row).toHaveCount(1);
          |                       ^
      186 |     expect((await readVisit(page, visit.id)).status).toBe("PENDING_APPROVAL");
      187 |     expect(requests).toHaveLength(0);
      188 |     await expect(row.getByRole("button", { name: "승인", exact: true })).toBeEnabled();
        at /home/hkjang/.cache/auto-improve-wt/visitflow/web/e2e/visit-flow.spec.ts:185:23

    attachment #1: screenshot (image/png) ──────────────────────────────────────────────────────────
    test-results/visit-flow-visitor-lifecyc-0fedf-lows-an-empty-approval-memo-chromium/test-failed-1.png
    ────────────────────────────────────────────────────────────────────────────────────────────────

    Error Context: test-results/visit-flow-visitor-lifecyc-0fedf-lows-an-empty-approval-memo-chromium/error-context.md

    attachment #3: trace (application/zip) ─────────────────────────────────────────────────────────
    test-results/visit-flow-visitor-lifecyc-0fedf-lows-an-empty-approval-memo-chromium/trace.zip
    Usage:

        npx playwright show-trace test-results/visit-flow-visitor-lifecyc-0fedf-lows-an-empty-approval-memo-chromium/trace.zip

    ────────────────────────────────────────────────────────────────────────────────────────────────

  1 failed
    [chromium] › e2e/visit-flow.spec.ts:165:3 › visitor lifecycle › keeps a cancelled approval pending and allows an empty approval memo 
  13 passed (49.0s)
playwright: failed with exit code 1 (base URL http://127.0.0.1:49313, channel 'chrome' (no bundled browser installed))
