
> visitflow-web@2.8.15 lint
> tsc -b --pretty false


> visitflow-web@2.8.15 test
> vitest run


 RUN  v3.2.7 /home/hkjang/.cache/auto-improve-wt/visitflow/web

 ✓ src/silentSso.test.ts (8 tests) 4ms
 ✓ src/schedule.test.ts (24 tests) 4ms
 ✓ src/visitors.test.ts (56 tests) 23ms

 Test Files  3 passed (3)
      Tests  88 passed (88)
   Start at  04:10:17
   Duration  289ms (transform 113ms, setup 0ms, collect 151ms, tests 32ms, environment 0ms, prepare 144ms)


> visitflow-web@2.8.15 build
> tsc -b && vite build

vite v7.3.6 building client environment for production...
transforming...
✓ 1027 modules transformed.
rendering chunks...
computing gzip size...
dist/index.html                                     0.82 kB │ gzip:   0.46 kB
dist/assets/ContentCopyRounded-K8uzaMY1.js          0.26 kB │ gzip:   0.21 kB
dist/assets/MeetingRoomRounded-BMeYOpKC.js          0.31 kB │ gzip:   0.20 kB
dist/assets/CheckCircleRounded-NysdD0ur.js          0.32 kB │ gzip:   0.23 kB
dist/assets/DeleteOutlineRounded-CQxN6Pne.js        0.37 kB │ gzip:   0.26 kB
dist/assets/SearchRounded-Cm93406p.js               0.38 kB │ gzip:   0.27 kB
dist/assets/PrintRounded-Dd9RIhUT.js                0.39 kB │ gzip:   0.25 kB
dist/assets/StopCircleOutlined-C3WMfB42.js          0.41 kB │ gzip:   0.28 kB
dist/assets/AutorenewRounded-CmkWt19Z.js            0.54 kB │ gzip:   0.34 kB
dist/assets/TranslateRounded-C-UN-08F.js            0.75 kB │ gzip:   0.45 kB
dist/assets/schedule-MNodVauH.js                    0.80 kB │ gzip:   0.53 kB
dist/assets/ResetPasswordPage-KwrB8i7Z.js           2.61 kB │ gzip:   1.23 kB
dist/assets/RosterPage-CFClXGeV.js                  3.80 kB │ gzip:   2.03 kB
dist/assets/MobilePassPage-JZ6WYPMe.js              4.35 kB │ gzip:   2.10 kB
dist/assets/KeysPage-RMW4wL3H.js                    5.35 kB │ gzip:   2.42 kB
dist/assets/SelfRegistrationPage-D3ntB7gY.js        5.44 kB │ gzip:   2.04 kB
dist/assets/KioskPage-CB7zxA69.js                   5.75 kB │ gzip:   2.81 kB
dist/assets/ScannerPage-ZCjogXQ0.js                 5.86 kB │ gzip:   2.83 kB
dist/assets/ApprovalsPage-B8PaMmVh.js               6.01 kB │ gzip:   2.46 kB
dist/assets/GuidePage-BWAR6K6B.js                   7.02 kB │ gzip:   2.97 kB
dist/assets/i18n-COpZ_NGU.js                        7.15 kB │ gzip:   3.60 kB
dist/assets/LobbyPage-BFY33KAs.js                   9.01 kB │ gzip:   4.27 kB
dist/assets/TemplatesPage-DtG1ZsCm.js              11.73 kB │ gzip:   4.00 kB
dist/assets/VisitsPage-wzrlmR-B.js                 15.05 kB │ gzip:   5.28 kB
dist/assets/VisitFormPage-w2O_VrSZ.js              16.97 kB │ gzip:   6.52 kB
dist/assets/NotificationSettingsPage-D7rrDSa9.js   17.32 kB │ gzip:   5.58 kB
dist/assets/SettingsPage-crrCwPh3.js               20.85 kB │ gzip:   8.32 kB
dist/assets/AdminPage-Duahon-u.js                  48.68 kB │ gzip:  13.90 kB
dist/assets/react-BbpKA4hf.js                      49.99 kB │ gzip:  17.77 kB
dist/assets/index-DQoW0hEs.js                     227.46 kB │ gzip:  73.53 kB
dist/assets/mui-DXnYUF2f.js                       368.61 kB │ gzip: 111.87 kB
✓ built in 2.39s
