=== RUN   TestChatRequestJSONContract
=== RUN   TestChatRequestJSONContract/without_default_provider
=== RUN   TestChatRequestJSONContract/without_default_provider/null
    chat_request_json_integration_test.go:149: status=503 want=400 body={"error":{"code":"provider_not_configured","message":"기본 AI 공급자가 설정되지 않았습니다."}}
    chat_request_json_integration_test.go:149: error code="provider_not_configured" want=invalid_json
=== RUN   TestChatRequestJSONContract/without_default_provider/null_with_json_whitespace
    chat_request_json_integration_test.go:149: status=503 want=400 body={"error":{"code":"provider_not_configured","message":"기본 AI 공급자가 설정되지 않았습니다."}}
    chat_request_json_integration_test.go:149: error code="provider_not_configured" want=invalid_json
=== RUN   TestChatRequestJSONContract/without_default_provider/array
=== RUN   TestChatRequestJSONContract/without_default_provider/string
=== RUN   TestChatRequestJSONContract/without_default_provider/number
=== RUN   TestChatRequestJSONContract/without_default_provider/boolean_true
=== RUN   TestChatRequestJSONContract/without_default_provider/boolean_false
=== RUN   TestChatRequestJSONContract/with_default_provider
=== RUN   TestChatRequestJSONContract/with_default_provider/null
    chat_request_json_integration_test.go:149: status=500 want=400 body={"error":{"code":"internal_error","message":"요청 처리 중 오류가 발생했습니다."}}
    chat_request_json_integration_test.go:149: error code="internal_error" want=invalid_json
=== RUN   TestChatRequestJSONContract/with_default_provider/null_with_json_whitespace
    chat_request_json_integration_test.go:149: status=500 want=400 body={"error":{"code":"internal_error","message":"요청 처리 중 오류가 발생했습니다."}}
    chat_request_json_integration_test.go:149: error code="internal_error" want=invalid_json
=== RUN   TestChatRequestJSONContract/with_default_provider/array
=== RUN   TestChatRequestJSONContract/with_default_provider/string
=== RUN   TestChatRequestJSONContract/with_default_provider/number
=== RUN   TestChatRequestJSONContract/with_default_provider/boolean_true
=== RUN   TestChatRequestJSONContract/with_default_provider/boolean_false
=== RUN   TestChatRequestJSONContract/single_object
=== RUN   TestChatRequestJSONContract/trailing_json_whitespace
=== RUN   TestChatRequestJSONContract/whitespace_at_4_mib_limit
=== RUN   TestChatRequestJSONContract/default_provider_and_model
=== RUN   TestChatRequestJSONContract/trailing_object
=== RUN   TestChatRequestJSONContract/trailing_null
=== RUN   TestChatRequestJSONContract/trailing_garbage
=== RUN   TestChatRequestJSONContract/whitespace_over_4_mib_limit
=== RUN   TestChatRequestJSONContract/reject_before_provider_selection
--- FAIL: TestChatRequestJSONContract (0.67s)
    --- FAIL: TestChatRequestJSONContract/without_default_provider (0.02s)
        --- FAIL: TestChatRequestJSONContract/without_default_provider/null (0.00s)
        --- FAIL: TestChatRequestJSONContract/without_default_provider/null_with_json_whitespace (0.00s)
        --- PASS: TestChatRequestJSONContract/without_default_provider/array (0.00s)
        --- PASS: TestChatRequestJSONContract/without_default_provider/string (0.00s)
        --- PASS: TestChatRequestJSONContract/without_default_provider/number (0.00s)
        --- PASS: TestChatRequestJSONContract/without_default_provider/boolean_true (0.00s)
        --- PASS: TestChatRequestJSONContract/without_default_provider/boolean_false (0.00s)
    --- FAIL: TestChatRequestJSONContract/with_default_provider (0.01s)
        --- FAIL: TestChatRequestJSONContract/with_default_provider/null (0.00s)
        --- FAIL: TestChatRequestJSONContract/with_default_provider/null_with_json_whitespace (0.00s)
        --- PASS: TestChatRequestJSONContract/with_default_provider/array (0.00s)
        --- PASS: TestChatRequestJSONContract/with_default_provider/string (0.00s)
        --- PASS: TestChatRequestJSONContract/with_default_provider/number (0.00s)
        --- PASS: TestChatRequestJSONContract/with_default_provider/boolean_true (0.00s)
        --- PASS: TestChatRequestJSONContract/with_default_provider/boolean_false (0.00s)
    --- PASS: TestChatRequestJSONContract/single_object (0.00s)
    --- PASS: TestChatRequestJSONContract/trailing_json_whitespace (0.00s)
    --- PASS: TestChatRequestJSONContract/whitespace_at_4_mib_limit (0.02s)
    --- PASS: TestChatRequestJSONContract/default_provider_and_model (0.00s)
    --- PASS: TestChatRequestJSONContract/trailing_object (0.00s)
    --- PASS: TestChatRequestJSONContract/trailing_null (0.00s)
    --- PASS: TestChatRequestJSONContract/trailing_garbage (0.00s)
    --- PASS: TestChatRequestJSONContract/whitespace_over_4_mib_limit (0.01s)
    --- PASS: TestChatRequestJSONContract/reject_before_provider_selection (0.00s)
FAIL
FAIL	github.com/hkjang/ai-admin/internal/server	0.681s
FAIL
