=== RUN   TestChatRequestJSONContract
=== RUN   TestChatRequestJSONContract/without_default_provider
=== RUN   TestChatRequestJSONContract/without_default_provider/null
=== RUN   TestChatRequestJSONContract/without_default_provider/null_with_json_whitespace
=== RUN   TestChatRequestJSONContract/without_default_provider/array
=== RUN   TestChatRequestJSONContract/without_default_provider/string
=== RUN   TestChatRequestJSONContract/without_default_provider/number
=== RUN   TestChatRequestJSONContract/without_default_provider/boolean_true
=== RUN   TestChatRequestJSONContract/without_default_provider/boolean_false
=== RUN   TestChatRequestJSONContract/with_default_provider
=== RUN   TestChatRequestJSONContract/with_default_provider/null
=== RUN   TestChatRequestJSONContract/with_default_provider/null_with_json_whitespace
=== RUN   TestChatRequestJSONContract/with_default_provider/array
=== RUN   TestChatRequestJSONContract/with_default_provider/string
=== RUN   TestChatRequestJSONContract/with_default_provider/number
=== RUN   TestChatRequestJSONContract/with_default_provider/boolean_true
=== RUN   TestChatRequestJSONContract/with_default_provider/boolean_false
=== RUN   TestChatRequestJSONContract/single_object
=== RUN   TestChatRequestJSONContract/trailing_json_whitespace
=== RUN   TestChatRequestJSONContract/whitespace_at_4_mib_limit
=== RUN   TestChatRequestJSONContract/default_provider_and_model
=== RUN   TestChatRequestJSONContract/trailing_object
=== RUN   TestChatRequestJSONContract/trailing_null
=== RUN   TestChatRequestJSONContract/trailing_garbage
=== RUN   TestChatRequestJSONContract/whitespace_over_4_mib_limit
=== RUN   TestChatRequestJSONContract/reject_before_provider_selection
--- PASS: TestChatRequestJSONContract (0.77s)
    --- PASS: TestChatRequestJSONContract/without_default_provider (0.02s)
        --- PASS: TestChatRequestJSONContract/without_default_provider/null (0.00s)
        --- PASS: TestChatRequestJSONContract/without_default_provider/null_with_json_whitespace (0.00s)
        --- PASS: TestChatRequestJSONContract/without_default_provider/array (0.00s)
        --- PASS: TestChatRequestJSONContract/without_default_provider/string (0.00s)
        --- PASS: TestChatRequestJSONContract/without_default_provider/number (0.00s)
        --- PASS: TestChatRequestJSONContract/without_default_provider/boolean_true (0.00s)
        --- PASS: TestChatRequestJSONContract/without_default_provider/boolean_false (0.00s)
    --- PASS: TestChatRequestJSONContract/with_default_provider (0.01s)
        --- PASS: TestChatRequestJSONContract/with_default_provider/null (0.00s)
        --- PASS: TestChatRequestJSONContract/with_default_provider/null_with_json_whitespace (0.00s)
        --- PASS: TestChatRequestJSONContract/with_default_provider/array (0.00s)
        --- PASS: TestChatRequestJSONContract/with_default_provider/string (0.00s)
        --- PASS: TestChatRequestJSONContract/with_default_provider/number (0.00s)
        --- PASS: TestChatRequestJSONContract/with_default_provider/boolean_true (0.00s)
        --- PASS: TestChatRequestJSONContract/with_default_provider/boolean_false (0.00s)
    --- PASS: TestChatRequestJSONContract/single_object (0.00s)
    --- PASS: TestChatRequestJSONContract/trailing_json_whitespace (0.00s)
    --- PASS: TestChatRequestJSONContract/whitespace_at_4_mib_limit (0.02s)
    --- PASS: TestChatRequestJSONContract/default_provider_and_model (0.00s)
    --- PASS: TestChatRequestJSONContract/trailing_object (0.00s)
    --- PASS: TestChatRequestJSONContract/trailing_null (0.00s)
    --- PASS: TestChatRequestJSONContract/trailing_garbage (0.00s)
    --- PASS: TestChatRequestJSONContract/whitespace_over_4_mib_limit (0.01s)
    --- PASS: TestChatRequestJSONContract/reject_before_provider_selection (0.00s)
PASS
ok  	github.com/hkjang/ai-admin/internal/server	0.780s
