=== RUN   TestImportedPageFurnitureIsStoredWithoutAContextNotice
=== RUN   TestImportedPageFurnitureIsStoredWithoutAContextNotice/201_runes
    import_name_length_live_test.go:157: stored header = "머머머머머머머머머머머머머머머머머머머머머머머머머머머머머머머머머머머머머머머머머머머머머머머머머머머머머머머머머머머머머머머머머머머머머머머머머머머머머머머머머머머머머머머머머머머머머머머머머머머머머머머머머머머머머머머머머머머머머머머머머머머머머머머머머머머머머머머머머머머머머머머머머머머머머머머머머머머머머머머머머머머머머머머머머머머머머머머머머머머머머머머머머머머머머머머머머머머머머머머머\n[…문서 컨텍스트가 길어 일부 생략됨…]", want "머머머머머머머머머머머머머머머머머머머머머머머머머머머머머머머머머머머머머머머머머머머머머머머머머머머머머머머머머머머머머머머머머머머머머머머머머머머머머머머머머머머머머머머머머머머머머머머머머머머머머머머머머머머머머머머머머머머머머머머머머머머머머머머머머머머머머머머머머머머머머머머머머머머머머머머머머머머머머머머머머머머머머머머머머머머머머머머머머머머머머머머머머머머머머머머머머머머머머머머머"
    import_name_length_live_test.go:157: stored header carries an AI context notice or line break: "머머머머머머머머머머머머머머머머머머머머머머머머머머머머머머머머머머머머머머머머머머머머머머머머머머머머머머머머머머머머머머머머머머머머머머머머머머머머머머머머머머머머머머머머머머머머머머머머머머머머머머머머머머머머머머머머머머머머머머머머머머머머머머머머머머머머머머머머머머머머머머머머머머머머머머머머머머머머머머머머머머머머머머머머머머머머머머머머머머머머머머머머머머머머머머머머머머머머머머머머\n[…문서 컨텍스트가 길어 일부 생략됨…]"
    import_name_length_live_test.go:158: stored footer = "꼬꼬꼬꼬꼬꼬꼬꼬꼬꼬꼬꼬꼬꼬꼬꼬꼬꼬꼬꼬꼬꼬꼬꼬꼬꼬꼬꼬꼬꼬꼬꼬꼬꼬꼬꼬꼬꼬꼬꼬꼬꼬꼬꼬꼬꼬꼬꼬꼬꼬꼬꼬꼬꼬꼬꼬꼬꼬꼬꼬꼬꼬꼬꼬꼬꼬꼬꼬꼬꼬꼬꼬꼬꼬꼬꼬꼬꼬꼬꼬꼬꼬꼬꼬꼬꼬꼬꼬꼬꼬꼬꼬꼬꼬꼬꼬꼬꼬꼬꼬꼬꼬꼬꼬꼬꼬꼬꼬꼬꼬꼬꼬꼬꼬꼬꼬꼬꼬꼬꼬꼬꼬꼬꼬꼬꼬꼬꼬꼬꼬꼬꼬꼬꼬꼬꼬꼬꼬꼬꼬꼬꼬꼬꼬꼬꼬꼬꼬꼬꼬꼬꼬꼬꼬꼬꼬꼬꼬꼬꼬꼬꼬꼬꼬꼬꼬꼬꼬꼬꼬꼬꼬꼬꼬꼬꼬꼬꼬꼬꼬꼬꼬꼬꼬꼬꼬꼬꼬꼬꼬꼬꼬꼬꼬꼬꼬꼬꼬꼬꼬\n[…문서 컨텍스트가 길어 일부 생략됨…]", want "꼬꼬꼬꼬꼬꼬꼬꼬꼬꼬꼬꼬꼬꼬꼬꼬꼬꼬꼬꼬꼬꼬꼬꼬꼬꼬꼬꼬꼬꼬꼬꼬꼬꼬꼬꼬꼬꼬꼬꼬꼬꼬꼬꼬꼬꼬꼬꼬꼬꼬꼬꼬꼬꼬꼬꼬꼬꼬꼬꼬꼬꼬꼬꼬꼬꼬꼬꼬꼬꼬꼬꼬꼬꼬꼬꼬꼬꼬꼬꼬꼬꼬꼬꼬꼬꼬꼬꼬꼬꼬꼬꼬꼬꼬꼬꼬꼬꼬꼬꼬꼬꼬꼬꼬꼬꼬꼬꼬꼬꼬꼬꼬꼬꼬꼬꼬꼬꼬꼬꼬꼬꼬꼬꼬꼬꼬꼬꼬꼬꼬꼬꼬꼬꼬꼬꼬꼬꼬꼬꼬꼬꼬꼬꼬꼬꼬꼬꼬꼬꼬꼬꼬꼬꼬꼬꼬꼬꼬꼬꼬꼬꼬꼬꼬꼬꼬꼬꼬꼬꼬꼬꼬꼬꼬꼬꼬꼬꼬꼬꼬꼬꼬꼬꼬꼬꼬꼬꼬꼬꼬꼬꼬꼬꼬꼬꼬꼬꼬꼬꼬"
    import_name_length_live_test.go:158: stored footer carries an AI context notice or line break: "꼬꼬꼬꼬꼬꼬꼬꼬꼬꼬꼬꼬꼬꼬꼬꼬꼬꼬꼬꼬꼬꼬꼬꼬꼬꼬꼬꼬꼬꼬꼬꼬꼬꼬꼬꼬꼬꼬꼬꼬꼬꼬꼬꼬꼬꼬꼬꼬꼬꼬꼬꼬꼬꼬꼬꼬꼬꼬꼬꼬꼬꼬꼬꼬꼬꼬꼬꼬꼬꼬꼬꼬꼬꼬꼬꼬꼬꼬꼬꼬꼬꼬꼬꼬꼬꼬꼬꼬꼬꼬꼬꼬꼬꼬꼬꼬꼬꼬꼬꼬꼬꼬꼬꼬꼬꼬꼬꼬꼬꼬꼬꼬꼬꼬꼬꼬꼬꼬꼬꼬꼬꼬꼬꼬꼬꼬꼬꼬꼬꼬꼬꼬꼬꼬꼬꼬꼬꼬꼬꼬꼬꼬꼬꼬꼬꼬꼬꼬꼬꼬꼬꼬꼬꼬꼬꼬꼬꼬꼬꼬꼬꼬꼬꼬꼬꼬꼬꼬꼬꼬꼬꼬꼬꼬꼬꼬꼬꼬꼬꼬꼬꼬꼬꼬꼬꼬꼬꼬꼬꼬꼬꼬꼬꼬꼬꼬꼬꼬꼬꼬\n[…문서 컨텍스트가 길어 일부 생략됨…]"
    import_name_length_live_test.go:159: response pageHeader = "머머머머머머머머머머머머머머머머머머머머머머머머머머머머머머머머머머머머머머머머머머머머머머머머머머머머머머머머머머머머머머머머머머머머머머머머머머머머머머머머머머머머머머머머머머머머머머머머머머머머머머머머머머머머머머머머머머머머머머머머머머머머머머머머머머머머머머머머머머머머머머머머머머머머머머머머머머머머머머머머머머머머머머머머머머머머머머머머머머머머머머머머머머머머머머머머머머머머머머머머\n[…문서 컨텍스트가 길어 일부 생략됨…]", want "머머머머머머머머머머머머머머머머머머머머머머머머머머머머머머머머머머머머머머머머머머머머머머머머머머머머머머머머머머머머머머머머머머머머머머머머머머머머머머머머머머머머머머머머머머머머머머머머머머머머머머머머머머머머머머머머머머머머머머머머머머머머머머머머머머머머머머머머머머머머머머머머머머머머머머머머머머머머머머머머머머머머머머머머머머머머머머머머머머머머머머머머머머머머머머머머머머머머머머머머"
    import_name_length_live_test.go:159: response pageHeader carries an AI context notice or line break: "머머머머머머머머머머머머머머머머머머머머머머머머머머머머머머머머머머머머머머머머머머머머머머머머머머머머머머머머머머머머머머머머머머머머머머머머머머머머머머머머머머머머머머머머머머머머머머머머머머머머머머머머머머머머머머머머머머머머머머머머머머머머머머머머머머머머머머머머머머머머머머머머머머머머머머머머머머머머머머머머머머머머머머머머머머머머머머머머머머머머머머머머머머머머머머머머머머머머머머머머\n[…문서 컨텍스트가 길어 일부 생략됨…]"
    import_name_length_live_test.go:160: response pageFooter = "꼬꼬꼬꼬꼬꼬꼬꼬꼬꼬꼬꼬꼬꼬꼬꼬꼬꼬꼬꼬꼬꼬꼬꼬꼬꼬꼬꼬꼬꼬꼬꼬꼬꼬꼬꼬꼬꼬꼬꼬꼬꼬꼬꼬꼬꼬꼬꼬꼬꼬꼬꼬꼬꼬꼬꼬꼬꼬꼬꼬꼬꼬꼬꼬꼬꼬꼬꼬꼬꼬꼬꼬꼬꼬꼬꼬꼬꼬꼬꼬꼬꼬꼬꼬꼬꼬꼬꼬꼬꼬꼬꼬꼬꼬꼬꼬꼬꼬꼬꼬꼬꼬꼬꼬꼬꼬꼬꼬꼬꼬꼬꼬꼬꼬꼬꼬꼬꼬꼬꼬꼬꼬꼬꼬꼬꼬꼬꼬꼬꼬꼬꼬꼬꼬꼬꼬꼬꼬꼬꼬꼬꼬꼬꼬꼬꼬꼬꼬꼬꼬꼬꼬꼬꼬꼬꼬꼬꼬꼬꼬꼬꼬꼬꼬꼬꼬꼬꼬꼬꼬꼬꼬꼬꼬꼬꼬꼬꼬꼬꼬꼬꼬꼬꼬꼬꼬꼬꼬꼬꼬꼬꼬꼬꼬꼬꼬꼬꼬꼬꼬\n[…문서 컨텍스트가 길어 일부 생략됨…]", want "꼬꼬꼬꼬꼬꼬꼬꼬꼬꼬꼬꼬꼬꼬꼬꼬꼬꼬꼬꼬꼬꼬꼬꼬꼬꼬꼬꼬꼬꼬꼬꼬꼬꼬꼬꼬꼬꼬꼬꼬꼬꼬꼬꼬꼬꼬꼬꼬꼬꼬꼬꼬꼬꼬꼬꼬꼬꼬꼬꼬꼬꼬꼬꼬꼬꼬꼬꼬꼬꼬꼬꼬꼬꼬꼬꼬꼬꼬꼬꼬꼬꼬꼬꼬꼬꼬꼬꼬꼬꼬꼬꼬꼬꼬꼬꼬꼬꼬꼬꼬꼬꼬꼬꼬꼬꼬꼬꼬꼬꼬꼬꼬꼬꼬꼬꼬꼬꼬꼬꼬꼬꼬꼬꼬꼬꼬꼬꼬꼬꼬꼬꼬꼬꼬꼬꼬꼬꼬꼬꼬꼬꼬꼬꼬꼬꼬꼬꼬꼬꼬꼬꼬꼬꼬꼬꼬꼬꼬꼬꼬꼬꼬꼬꼬꼬꼬꼬꼬꼬꼬꼬꼬꼬꼬꼬꼬꼬꼬꼬꼬꼬꼬꼬꼬꼬꼬꼬꼬꼬꼬꼬꼬꼬꼬꼬꼬꼬꼬꼬꼬"
    import_name_length_live_test.go:160: response pageFooter carries an AI context notice or line break: "꼬꼬꼬꼬꼬꼬꼬꼬꼬꼬꼬꼬꼬꼬꼬꼬꼬꼬꼬꼬꼬꼬꼬꼬꼬꼬꼬꼬꼬꼬꼬꼬꼬꼬꼬꼬꼬꼬꼬꼬꼬꼬꼬꼬꼬꼬꼬꼬꼬꼬꼬꼬꼬꼬꼬꼬꼬꼬꼬꼬꼬꼬꼬꼬꼬꼬꼬꼬꼬꼬꼬꼬꼬꼬꼬꼬꼬꼬꼬꼬꼬꼬꼬꼬꼬꼬꼬꼬꼬꼬꼬꼬꼬꼬꼬꼬꼬꼬꼬꼬꼬꼬꼬꼬꼬꼬꼬꼬꼬꼬꼬꼬꼬꼬꼬꼬꼬꼬꼬꼬꼬꼬꼬꼬꼬꼬꼬꼬꼬꼬꼬꼬꼬꼬꼬꼬꼬꼬꼬꼬꼬꼬꼬꼬꼬꼬꼬꼬꼬꼬꼬꼬꼬꼬꼬꼬꼬꼬꼬꼬꼬꼬꼬꼬꼬꼬꼬꼬꼬꼬꼬꼬꼬꼬꼬꼬꼬꼬꼬꼬꼬꼬꼬꼬꼬꼬꼬꼬꼬꼬꼬꼬꼬꼬꼬꼬꼬꼬꼬꼬\n[…문서 컨텍스트가 길어 일부 생략됨…]"
=== RUN   TestImportedPageFurnitureIsStoredWithoutAContextNotice/empty
=== RUN   TestImportedPageFurnitureIsStoredWithoutAContextNotice/short
=== RUN   TestImportedPageFurnitureIsStoredWithoutAContextNotice/exactly_200_runes
=== RUN   TestImportedPageFurnitureIsStoredWithoutAContextNotice/space_at_the_cut
    import_name_length_live_test.go:157: stored header = "머머머머머머머머머머머머머머머머머머머머머머머머머머머머머머머머머머머머머머머머머머머머머머머머머머머머머머머머머머머머머머머머머머머머머머머머머머머머머머머머머머머머머머머머머머머머머머머머머머머머머머머머머머머머머머머머머머머머머머머머머머머머머머머머머머머머머머머머머머머머머머머머머머머머머머머머머머머머머머머머머머머머머머머머머머머머머머머머머머머머머머머머머머머머머머머머머머머머머머머 \n[…문서 컨텍스트가 길어 일부 생략됨…]", want "머머머머머머머머머머머머머머머머머머머머머머머머머머머머머머머머머머머머머머머머머머머머머머머머머머머머머머머머머머머머머머머머머머머머머머머머머머머머머머머머머머머머머머머머머머머머머머머머머머머머머머머머머머머머머머머머머머머머머머머머머머머머머머머머머머머머머머머머머머머머머머머머머머머머머머머머머머머머머머머머머머머머머머머머머머머머머머머머머머머머머머머머머머머머머머머머머머머머머머머"
    import_name_length_live_test.go:157: stored header carries an AI context notice or line break: "머머머머머머머머머머머머머머머머머머머머머머머머머머머머머머머머머머머머머머머머머머머머머머머머머머머머머머머머머머머머머머머머머머머머머머머머머머머머머머머머머머머머머머머머머머머머머머머머머머머머머머머머머머머머머머머머머머머머머머머머머머머머머머머머머머머머머머머머머머머머머머머머머머머머머머머머머머머머머머머머머머머머머머머머머머머머머머머머머머머머머머머머머머머머머머머머머머머머머머머 \n[…문서 컨텍스트가 길어 일부 생략됨…]"
    import_name_length_live_test.go:158: stored footer = "꼬꼬꼬꼬꼬꼬꼬꼬꼬꼬꼬꼬꼬꼬꼬꼬꼬꼬꼬꼬꼬꼬꼬꼬꼬꼬꼬꼬꼬꼬꼬꼬꼬꼬꼬꼬꼬꼬꼬꼬꼬꼬꼬꼬꼬꼬꼬꼬꼬꼬꼬꼬꼬꼬꼬꼬꼬꼬꼬꼬꼬꼬꼬꼬꼬꼬꼬꼬꼬꼬꼬꼬꼬꼬꼬꼬꼬꼬꼬꼬꼬꼬꼬꼬꼬꼬꼬꼬꼬꼬꼬꼬꼬꼬꼬꼬꼬꼬꼬꼬꼬꼬꼬꼬꼬꼬꼬꼬꼬꼬꼬꼬꼬꼬꼬꼬꼬꼬꼬꼬꼬꼬꼬꼬꼬꼬꼬꼬꼬꼬꼬꼬꼬꼬꼬꼬꼬꼬꼬꼬꼬꼬꼬꼬꼬꼬꼬꼬꼬꼬꼬꼬꼬꼬꼬꼬꼬꼬꼬꼬꼬꼬꼬꼬꼬꼬꼬꼬꼬꼬꼬꼬꼬꼬꼬꼬꼬꼬꼬꼬꼬꼬꼬꼬꼬꼬꼬꼬꼬꼬꼬꼬꼬꼬꼬꼬꼬꼬꼬 \n[…문서 컨텍스트가 길어 일부 생략됨…]", want "꼬꼬꼬꼬꼬꼬꼬꼬꼬꼬꼬꼬꼬꼬꼬꼬꼬꼬꼬꼬꼬꼬꼬꼬꼬꼬꼬꼬꼬꼬꼬꼬꼬꼬꼬꼬꼬꼬꼬꼬꼬꼬꼬꼬꼬꼬꼬꼬꼬꼬꼬꼬꼬꼬꼬꼬꼬꼬꼬꼬꼬꼬꼬꼬꼬꼬꼬꼬꼬꼬꼬꼬꼬꼬꼬꼬꼬꼬꼬꼬꼬꼬꼬꼬꼬꼬꼬꼬꼬꼬꼬꼬꼬꼬꼬꼬꼬꼬꼬꼬꼬꼬꼬꼬꼬꼬꼬꼬꼬꼬꼬꼬꼬꼬꼬꼬꼬꼬꼬꼬꼬꼬꼬꼬꼬꼬꼬꼬꼬꼬꼬꼬꼬꼬꼬꼬꼬꼬꼬꼬꼬꼬꼬꼬꼬꼬꼬꼬꼬꼬꼬꼬꼬꼬꼬꼬꼬꼬꼬꼬꼬꼬꼬꼬꼬꼬꼬꼬꼬꼬꼬꼬꼬꼬꼬꼬꼬꼬꼬꼬꼬꼬꼬꼬꼬꼬꼬꼬꼬꼬꼬꼬꼬꼬꼬꼬꼬꼬꼬"
    import_name_length_live_test.go:158: stored footer carries an AI context notice or line break: "꼬꼬꼬꼬꼬꼬꼬꼬꼬꼬꼬꼬꼬꼬꼬꼬꼬꼬꼬꼬꼬꼬꼬꼬꼬꼬꼬꼬꼬꼬꼬꼬꼬꼬꼬꼬꼬꼬꼬꼬꼬꼬꼬꼬꼬꼬꼬꼬꼬꼬꼬꼬꼬꼬꼬꼬꼬꼬꼬꼬꼬꼬꼬꼬꼬꼬꼬꼬꼬꼬꼬꼬꼬꼬꼬꼬꼬꼬꼬꼬꼬꼬꼬꼬꼬꼬꼬꼬꼬꼬꼬꼬꼬꼬꼬꼬꼬꼬꼬꼬꼬꼬꼬꼬꼬꼬꼬꼬꼬꼬꼬꼬꼬꼬꼬꼬꼬꼬꼬꼬꼬꼬꼬꼬꼬꼬꼬꼬꼬꼬꼬꼬꼬꼬꼬꼬꼬꼬꼬꼬꼬꼬꼬꼬꼬꼬꼬꼬꼬꼬꼬꼬꼬꼬꼬꼬꼬꼬꼬꼬꼬꼬꼬꼬꼬꼬꼬꼬꼬꼬꼬꼬꼬꼬꼬꼬꼬꼬꼬꼬꼬꼬꼬꼬꼬꼬꼬꼬꼬꼬꼬꼬꼬꼬꼬꼬꼬꼬꼬 \n[…문서 컨텍스트가 길어 일부 생략됨…]"
    import_name_length_live_test.go:159: response pageHeader = "머머머머머머머머머머머머머머머머머머머머머머머머머머머머머머머머머머머머머머머머머머머머머머머머머머머머머머머머머머머머머머머머머머머머머머머머머머머머머머머머머머머머머머머머머머머머머머머머머머머머머머머머머머머머머머머머머머머머머머머머머머머머머머머머머머머머머머머머머머머머머머머머머머머머머머머머머머머머머머머머머머머머머머머머머머머머머머머머머머머머머머머머머머머머머머머머머머머머머머머 \n[…문서 컨텍스트가 길어 일부 생략됨…]", want "머머머머머머머머머머머머머머머머머머머머머머머머머머머머머머머머머머머머머머머머머머머머머머머머머머머머머머머머머머머머머머머머머머머머머머머머머머머머머머머머머머머머머머머머머머머머머머머머머머머머머머머머머머머머머머머머머머머머머머머머머머머머머머머머머머머머머머머머머머머머머머머머머머머머머머머머머머머머머머머머머머머머머머머머머머머머머머머머머머머머머머머머머머머머머머머머머머머머머머머"
    import_name_length_live_test.go:159: response pageHeader carries an AI context notice or line break: "머머머머머머머머머머머머머머머머머머머머머머머머머머머머머머머머머머머머머머머머머머머머머머머머머머머머머머머머머머머머머머머머머머머머머머머머머머머머머머머머머머머머머머머머머머머머머머머머머머머머머머머머머머머머머머머머머머머머머머머머머머머머머머머머머머머머머머머머머머머머머머머머머머머머머머머머머머머머머머머머머머머머머머머머머머머머머머머머머머머머머머머머머머머머머머머머머머머머머머머 \n[…문서 컨텍스트가 길어 일부 생략됨…]"
    import_name_length_live_test.go:160: response pageFooter = "꼬꼬꼬꼬꼬꼬꼬꼬꼬꼬꼬꼬꼬꼬꼬꼬꼬꼬꼬꼬꼬꼬꼬꼬꼬꼬꼬꼬꼬꼬꼬꼬꼬꼬꼬꼬꼬꼬꼬꼬꼬꼬꼬꼬꼬꼬꼬꼬꼬꼬꼬꼬꼬꼬꼬꼬꼬꼬꼬꼬꼬꼬꼬꼬꼬꼬꼬꼬꼬꼬꼬꼬꼬꼬꼬꼬꼬꼬꼬꼬꼬꼬꼬꼬꼬꼬꼬꼬꼬꼬꼬꼬꼬꼬꼬꼬꼬꼬꼬꼬꼬꼬꼬꼬꼬꼬꼬꼬꼬꼬꼬꼬꼬꼬꼬꼬꼬꼬꼬꼬꼬꼬꼬꼬꼬꼬꼬꼬꼬꼬꼬꼬꼬꼬꼬꼬꼬꼬꼬꼬꼬꼬꼬꼬꼬꼬꼬꼬꼬꼬꼬꼬꼬꼬꼬꼬꼬꼬꼬꼬꼬꼬꼬꼬꼬꼬꼬꼬꼬꼬꼬꼬꼬꼬꼬꼬꼬꼬꼬꼬꼬꼬꼬꼬꼬꼬꼬꼬꼬꼬꼬꼬꼬꼬꼬꼬꼬꼬꼬 \n[…문서 컨텍스트가 길어 일부 생략됨…]", want "꼬꼬꼬꼬꼬꼬꼬꼬꼬꼬꼬꼬꼬꼬꼬꼬꼬꼬꼬꼬꼬꼬꼬꼬꼬꼬꼬꼬꼬꼬꼬꼬꼬꼬꼬꼬꼬꼬꼬꼬꼬꼬꼬꼬꼬꼬꼬꼬꼬꼬꼬꼬꼬꼬꼬꼬꼬꼬꼬꼬꼬꼬꼬꼬꼬꼬꼬꼬꼬꼬꼬꼬꼬꼬꼬꼬꼬꼬꼬꼬꼬꼬꼬꼬꼬꼬꼬꼬꼬꼬꼬꼬꼬꼬꼬꼬꼬꼬꼬꼬꼬꼬꼬꼬꼬꼬꼬꼬꼬꼬꼬꼬꼬꼬꼬꼬꼬꼬꼬꼬꼬꼬꼬꼬꼬꼬꼬꼬꼬꼬꼬꼬꼬꼬꼬꼬꼬꼬꼬꼬꼬꼬꼬꼬꼬꼬꼬꼬꼬꼬꼬꼬꼬꼬꼬꼬꼬꼬꼬꼬꼬꼬꼬꼬꼬꼬꼬꼬꼬꼬꼬꼬꼬꼬꼬꼬꼬꼬꼬꼬꼬꼬꼬꼬꼬꼬꼬꼬꼬꼬꼬꼬꼬꼬꼬꼬꼬꼬꼬"
    import_name_length_live_test.go:160: response pageFooter carries an AI context notice or line break: "꼬꼬꼬꼬꼬꼬꼬꼬꼬꼬꼬꼬꼬꼬꼬꼬꼬꼬꼬꼬꼬꼬꼬꼬꼬꼬꼬꼬꼬꼬꼬꼬꼬꼬꼬꼬꼬꼬꼬꼬꼬꼬꼬꼬꼬꼬꼬꼬꼬꼬꼬꼬꼬꼬꼬꼬꼬꼬꼬꼬꼬꼬꼬꼬꼬꼬꼬꼬꼬꼬꼬꼬꼬꼬꼬꼬꼬꼬꼬꼬꼬꼬꼬꼬꼬꼬꼬꼬꼬꼬꼬꼬꼬꼬꼬꼬꼬꼬꼬꼬꼬꼬꼬꼬꼬꼬꼬꼬꼬꼬꼬꼬꼬꼬꼬꼬꼬꼬꼬꼬꼬꼬꼬꼬꼬꼬꼬꼬꼬꼬꼬꼬꼬꼬꼬꼬꼬꼬꼬꼬꼬꼬꼬꼬꼬꼬꼬꼬꼬꼬꼬꼬꼬꼬꼬꼬꼬꼬꼬꼬꼬꼬꼬꼬꼬꼬꼬꼬꼬꼬꼬꼬꼬꼬꼬꼬꼬꼬꼬꼬꼬꼬꼬꼬꼬꼬꼬꼬꼬꼬꼬꼬꼬꼬꼬꼬꼬꼬꼬 \n[…문서 컨텍스트가 길어 일부 생략됨…]"
--- FAIL: TestImportedPageFurnitureIsStoredWithoutAContextNotice (0.65s)
    --- FAIL: TestImportedPageFurnitureIsStoredWithoutAContextNotice/201_runes (0.02s)
    --- PASS: TestImportedPageFurnitureIsStoredWithoutAContextNotice/empty (0.01s)
    --- PASS: TestImportedPageFurnitureIsStoredWithoutAContextNotice/short (0.01s)
    --- PASS: TestImportedPageFurnitureIsStoredWithoutAContextNotice/exactly_200_runes (0.01s)
    --- FAIL: TestImportedPageFurnitureIsStoredWithoutAContextNotice/space_at_the_cut (0.01s)
=== RUN   TestInsertedPageFurnitureIsReturnedWithoutAContextNotice
=== RUN   TestInsertedPageFurnitureIsReturnedWithoutAContextNotice/201_runes
    import_name_length_live_test.go:205: response header = "머머머머머머머머머머머머머머머머머머머머머머머머머머머머머머머머머머머머머머머머머머머머머머머머머머머머머머머머머머머머머머머머머머머머머머머머머머머머머머머머머머머머머머머머머머머머머머머머머머머머머머머머머머머머머머머머머머머머머머머머머머머머머머머머머머머머머머머머머머머머머머머머머머머머머머머머머머머머머머머머머머머머머머머머머머머머머머머머머머머머머머머머머머머머머머머머머머머머머머머머\n[…문서 컨텍스트가 길어 일부 생략됨…]", want "머머머머머머머머머머머머머머머머머머머머머머머머머머머머머머머머머머머머머머머머머머머머머머머머머머머머머머머머머머머머머머머머머머머머머머머머머머머머머머머머머머머머머머머머머머머머머머머머머머머머머머머머머머머머머머머머머머머머머머머머머머머머머머머머머머머머머머머머머머머머머머머머머머머머머머머머머머머머머머머머머머머머머머머머머머머머머머머머머머머머머머머머머머머머머머머머머머머머머머머머"
    import_name_length_live_test.go:205: response header carries an AI context notice or line break: "머머머머머머머머머머머머머머머머머머머머머머머머머머머머머머머머머머머머머머머머머머머머머머머머머머머머머머머머머머머머머머머머머머머머머머머머머머머머머머머머머머머머머머머머머머머머머머머머머머머머머머머머머머머머머머머머머머머머머머머머머머머머머머머머머머머머머머머머머머머머머머머머머머머머머머머머머머머머머머머머머머머머머머머머머머머머머머머머머머머머머머머머머머머머머머머머머머머머머머머머\n[…문서 컨텍스트가 길어 일부 생략됨…]"
    import_name_length_live_test.go:206: response footer = "꼬꼬꼬꼬꼬꼬꼬꼬꼬꼬꼬꼬꼬꼬꼬꼬꼬꼬꼬꼬꼬꼬꼬꼬꼬꼬꼬꼬꼬꼬꼬꼬꼬꼬꼬꼬꼬꼬꼬꼬꼬꼬꼬꼬꼬꼬꼬꼬꼬꼬꼬꼬꼬꼬꼬꼬꼬꼬꼬꼬꼬꼬꼬꼬꼬꼬꼬꼬꼬꼬꼬꼬꼬꼬꼬꼬꼬꼬꼬꼬꼬꼬꼬꼬꼬꼬꼬꼬꼬꼬꼬꼬꼬꼬꼬꼬꼬꼬꼬꼬꼬꼬꼬꼬꼬꼬꼬꼬꼬꼬꼬꼬꼬꼬꼬꼬꼬꼬꼬꼬꼬꼬꼬꼬꼬꼬꼬꼬꼬꼬꼬꼬꼬꼬꼬꼬꼬꼬꼬꼬꼬꼬꼬꼬꼬꼬꼬꼬꼬꼬꼬꼬꼬꼬꼬꼬꼬꼬꼬꼬꼬꼬꼬꼬꼬꼬꼬꼬꼬꼬꼬꼬꼬꼬꼬꼬꼬꼬꼬꼬꼬꼬꼬꼬꼬꼬꼬꼬꼬꼬꼬꼬꼬꼬꼬꼬꼬꼬꼬꼬\n[…문서 컨텍스트가 길어 일부 생략됨…]", want "꼬꼬꼬꼬꼬꼬꼬꼬꼬꼬꼬꼬꼬꼬꼬꼬꼬꼬꼬꼬꼬꼬꼬꼬꼬꼬꼬꼬꼬꼬꼬꼬꼬꼬꼬꼬꼬꼬꼬꼬꼬꼬꼬꼬꼬꼬꼬꼬꼬꼬꼬꼬꼬꼬꼬꼬꼬꼬꼬꼬꼬꼬꼬꼬꼬꼬꼬꼬꼬꼬꼬꼬꼬꼬꼬꼬꼬꼬꼬꼬꼬꼬꼬꼬꼬꼬꼬꼬꼬꼬꼬꼬꼬꼬꼬꼬꼬꼬꼬꼬꼬꼬꼬꼬꼬꼬꼬꼬꼬꼬꼬꼬꼬꼬꼬꼬꼬꼬꼬꼬꼬꼬꼬꼬꼬꼬꼬꼬꼬꼬꼬꼬꼬꼬꼬꼬꼬꼬꼬꼬꼬꼬꼬꼬꼬꼬꼬꼬꼬꼬꼬꼬꼬꼬꼬꼬꼬꼬꼬꼬꼬꼬꼬꼬꼬꼬꼬꼬꼬꼬꼬꼬꼬꼬꼬꼬꼬꼬꼬꼬꼬꼬꼬꼬꼬꼬꼬꼬꼬꼬꼬꼬꼬꼬꼬꼬꼬꼬꼬꼬"
    import_name_length_live_test.go:206: response footer carries an AI context notice or line break: "꼬꼬꼬꼬꼬꼬꼬꼬꼬꼬꼬꼬꼬꼬꼬꼬꼬꼬꼬꼬꼬꼬꼬꼬꼬꼬꼬꼬꼬꼬꼬꼬꼬꼬꼬꼬꼬꼬꼬꼬꼬꼬꼬꼬꼬꼬꼬꼬꼬꼬꼬꼬꼬꼬꼬꼬꼬꼬꼬꼬꼬꼬꼬꼬꼬꼬꼬꼬꼬꼬꼬꼬꼬꼬꼬꼬꼬꼬꼬꼬꼬꼬꼬꼬꼬꼬꼬꼬꼬꼬꼬꼬꼬꼬꼬꼬꼬꼬꼬꼬꼬꼬꼬꼬꼬꼬꼬꼬꼬꼬꼬꼬꼬꼬꼬꼬꼬꼬꼬꼬꼬꼬꼬꼬꼬꼬꼬꼬꼬꼬꼬꼬꼬꼬꼬꼬꼬꼬꼬꼬꼬꼬꼬꼬꼬꼬꼬꼬꼬꼬꼬꼬꼬꼬꼬꼬꼬꼬꼬꼬꼬꼬꼬꼬꼬꼬꼬꼬꼬꼬꼬꼬꼬꼬꼬꼬꼬꼬꼬꼬꼬꼬꼬꼬꼬꼬꼬꼬꼬꼬꼬꼬꼬꼬꼬꼬꼬꼬꼬꼬\n[…문서 컨텍스트가 길어 일부 생략됨…]"
=== RUN   TestInsertedPageFurnitureIsReturnedWithoutAContextNotice/empty
=== RUN   TestInsertedPageFurnitureIsReturnedWithoutAContextNotice/short
=== RUN   TestInsertedPageFurnitureIsReturnedWithoutAContextNotice/exactly_200_runes
=== RUN   TestInsertedPageFurnitureIsReturnedWithoutAContextNotice/space_at_the_cut
    import_name_length_live_test.go:205: response header = "머머머머머머머머머머머머머머머머머머머머머머머머머머머머머머머머머머머머머머머머머머머머머머머머머머머머머머머머머머머머머머머머머머머머머머머머머머머머머머머머머머머머머머머머머머머머머머머머머머머머머머머머머머머머머머머머머머머머머머머머머머머머머머머머머머머머머머머머머머머머머머머머머머머머머머머머머머머머머머머머머머머머머머머머머머머머머머머머머머머머머머머머머머머머머머머머머머머머머머머 \n[…문서 컨텍스트가 길어 일부 생략됨…]", want "머머머머머머머머머머머머머머머머머머머머머머머머머머머머머머머머머머머머머머머머머머머머머머머머머머머머머머머머머머머머머머머머머머머머머머머머머머머머머머머머머머머머머머머머머머머머머머머머머머머머머머머머머머머머머머머머머머머머머머머머머머머머머머머머머머머머머머머머머머머머머머머머머머머머머머머머머머머머머머머머머머머머머머머머머머머머머머머머머머머머머머머머머머머머머머머머머머머머머머머"
    import_name_length_live_test.go:205: response header carries an AI context notice or line break: "머머머머머머머머머머머머머머머머머머머머머머머머머머머머머머머머머머머머머머머머머머머머머머머머머머머머머머머머머머머머머머머머머머머머머머머머머머머머머머머머머머머머머머머머머머머머머머머머머머머머머머머머머머머머머머머머머머머머머머머머머머머머머머머머머머머머머머머머머머머머머머머머머머머머머머머머머머머머머머머머머머머머머머머머머머머머머머머머머머머머머머머머머머머머머머머머머머머머머머머 \n[…문서 컨텍스트가 길어 일부 생략됨…]"
    import_name_length_live_test.go:206: response footer = "꼬꼬꼬꼬꼬꼬꼬꼬꼬꼬꼬꼬꼬꼬꼬꼬꼬꼬꼬꼬꼬꼬꼬꼬꼬꼬꼬꼬꼬꼬꼬꼬꼬꼬꼬꼬꼬꼬꼬꼬꼬꼬꼬꼬꼬꼬꼬꼬꼬꼬꼬꼬꼬꼬꼬꼬꼬꼬꼬꼬꼬꼬꼬꼬꼬꼬꼬꼬꼬꼬꼬꼬꼬꼬꼬꼬꼬꼬꼬꼬꼬꼬꼬꼬꼬꼬꼬꼬꼬꼬꼬꼬꼬꼬꼬꼬꼬꼬꼬꼬꼬꼬꼬꼬꼬꼬꼬꼬꼬꼬꼬꼬꼬꼬꼬꼬꼬꼬꼬꼬꼬꼬꼬꼬꼬꼬꼬꼬꼬꼬꼬꼬꼬꼬꼬꼬꼬꼬꼬꼬꼬꼬꼬꼬꼬꼬꼬꼬꼬꼬꼬꼬꼬꼬꼬꼬꼬꼬꼬꼬꼬꼬꼬꼬꼬꼬꼬꼬꼬꼬꼬꼬꼬꼬꼬꼬꼬꼬꼬꼬꼬꼬꼬꼬꼬꼬꼬꼬꼬꼬꼬꼬꼬꼬꼬꼬꼬꼬꼬 \n[…문서 컨텍스트가 길어 일부 생략됨…]", want "꼬꼬꼬꼬꼬꼬꼬꼬꼬꼬꼬꼬꼬꼬꼬꼬꼬꼬꼬꼬꼬꼬꼬꼬꼬꼬꼬꼬꼬꼬꼬꼬꼬꼬꼬꼬꼬꼬꼬꼬꼬꼬꼬꼬꼬꼬꼬꼬꼬꼬꼬꼬꼬꼬꼬꼬꼬꼬꼬꼬꼬꼬꼬꼬꼬꼬꼬꼬꼬꼬꼬꼬꼬꼬꼬꼬꼬꼬꼬꼬꼬꼬꼬꼬꼬꼬꼬꼬꼬꼬꼬꼬꼬꼬꼬꼬꼬꼬꼬꼬꼬꼬꼬꼬꼬꼬꼬꼬꼬꼬꼬꼬꼬꼬꼬꼬꼬꼬꼬꼬꼬꼬꼬꼬꼬꼬꼬꼬꼬꼬꼬꼬꼬꼬꼬꼬꼬꼬꼬꼬꼬꼬꼬꼬꼬꼬꼬꼬꼬꼬꼬꼬꼬꼬꼬꼬꼬꼬꼬꼬꼬꼬꼬꼬꼬꼬꼬꼬꼬꼬꼬꼬꼬꼬꼬꼬꼬꼬꼬꼬꼬꼬꼬꼬꼬꼬꼬꼬꼬꼬꼬꼬꼬꼬꼬꼬꼬꼬꼬"
    import_name_length_live_test.go:206: response footer carries an AI context notice or line break: "꼬꼬꼬꼬꼬꼬꼬꼬꼬꼬꼬꼬꼬꼬꼬꼬꼬꼬꼬꼬꼬꼬꼬꼬꼬꼬꼬꼬꼬꼬꼬꼬꼬꼬꼬꼬꼬꼬꼬꼬꼬꼬꼬꼬꼬꼬꼬꼬꼬꼬꼬꼬꼬꼬꼬꼬꼬꼬꼬꼬꼬꼬꼬꼬꼬꼬꼬꼬꼬꼬꼬꼬꼬꼬꼬꼬꼬꼬꼬꼬꼬꼬꼬꼬꼬꼬꼬꼬꼬꼬꼬꼬꼬꼬꼬꼬꼬꼬꼬꼬꼬꼬꼬꼬꼬꼬꼬꼬꼬꼬꼬꼬꼬꼬꼬꼬꼬꼬꼬꼬꼬꼬꼬꼬꼬꼬꼬꼬꼬꼬꼬꼬꼬꼬꼬꼬꼬꼬꼬꼬꼬꼬꼬꼬꼬꼬꼬꼬꼬꼬꼬꼬꼬꼬꼬꼬꼬꼬꼬꼬꼬꼬꼬꼬꼬꼬꼬꼬꼬꼬꼬꼬꼬꼬꼬꼬꼬꼬꼬꼬꼬꼬꼬꼬꼬꼬꼬꼬꼬꼬꼬꼬꼬꼬꼬꼬꼬꼬꼬 \n[…문서 컨텍스트가 길어 일부 생략됨…]"
--- FAIL: TestInsertedPageFurnitureIsReturnedWithoutAContextNotice (0.13s)
    --- FAIL: TestInsertedPageFurnitureIsReturnedWithoutAContextNotice/201_runes (0.01s)
    --- PASS: TestInsertedPageFurnitureIsReturnedWithoutAContextNotice/empty (0.00s)
    --- PASS: TestInsertedPageFurnitureIsReturnedWithoutAContextNotice/short (0.00s)
    --- PASS: TestInsertedPageFurnitureIsReturnedWithoutAContextNotice/exactly_200_runes (0.00s)
    --- FAIL: TestInsertedPageFurnitureIsReturnedWithoutAContextNotice/space_at_the_cut (0.01s)
FAIL
FAIL	github.com/hkjang/muni/internal/httpapi	0.811s
FAIL
