=== RUN   TestImportedPageFurnitureIsStoredWithoutAContextNotice
=== RUN   TestImportedPageFurnitureIsStoredWithoutAContextNotice/201_runes
=== RUN   TestImportedPageFurnitureIsStoredWithoutAContextNotice/empty
=== RUN   TestImportedPageFurnitureIsStoredWithoutAContextNotice/short
=== RUN   TestImportedPageFurnitureIsStoredWithoutAContextNotice/exactly_200_runes
=== RUN   TestImportedPageFurnitureIsStoredWithoutAContextNotice/space_at_the_cut
--- PASS: TestImportedPageFurnitureIsStoredWithoutAContextNotice (0.17s)
    --- PASS: TestImportedPageFurnitureIsStoredWithoutAContextNotice/201_runes (0.02s)
    --- PASS: TestImportedPageFurnitureIsStoredWithoutAContextNotice/empty (0.01s)
    --- PASS: TestImportedPageFurnitureIsStoredWithoutAContextNotice/short (0.01s)
    --- PASS: TestImportedPageFurnitureIsStoredWithoutAContextNotice/exactly_200_runes (0.01s)
    --- PASS: TestImportedPageFurnitureIsStoredWithoutAContextNotice/space_at_the_cut (0.01s)
=== RUN   TestInsertedPageFurnitureIsReturnedWithoutAContextNotice
=== RUN   TestInsertedPageFurnitureIsReturnedWithoutAContextNotice/201_runes
=== RUN   TestInsertedPageFurnitureIsReturnedWithoutAContextNotice/empty
=== RUN   TestInsertedPageFurnitureIsReturnedWithoutAContextNotice/short
=== RUN   TestInsertedPageFurnitureIsReturnedWithoutAContextNotice/exactly_200_runes
=== RUN   TestInsertedPageFurnitureIsReturnedWithoutAContextNotice/space_at_the_cut
--- PASS: TestInsertedPageFurnitureIsReturnedWithoutAContextNotice (0.13s)
    --- PASS: TestInsertedPageFurnitureIsReturnedWithoutAContextNotice/201_runes (0.01s)
    --- PASS: TestInsertedPageFurnitureIsReturnedWithoutAContextNotice/empty (0.01s)
    --- PASS: TestInsertedPageFurnitureIsReturnedWithoutAContextNotice/short (0.00s)
    --- PASS: TestInsertedPageFurnitureIsReturnedWithoutAContextNotice/exactly_200_runes (0.01s)
    --- PASS: TestInsertedPageFurnitureIsReturnedWithoutAContextNotice/space_at_the_cut (0.01s)
PASS
ok  	github.com/hkjang/muni/internal/httpapi	0.315s
