release contract valid: image=qurio:v1.4.9; archive=qurio-v1.4.9.tar.gz; application config env=4
#0 building with "default" instance using docker driver

#1 [internal] load build definition from Dockerfile
#1 transferring dockerfile: 1.57kB done
#1 DONE 0.0s

#2 resolve image config for docker-image://docker.io/docker/dockerfile:1.8
#2 DONE 1.1s

#3 docker-image://docker.io/docker/dockerfile:1.8@sha256:e87caa74dcb7d46cd820352bfea12591f3dba3ddc4285e19c7dcd13359f7cefd
#3 resolve docker.io/docker/dockerfile:1.8@sha256:e87caa74dcb7d46cd820352bfea12591f3dba3ddc4285e19c7dcd13359f7cefd 0.0s done
#3 CACHED

#4 [internal] load metadata for docker.io/library/golang:1.27.1-alpine@sha256:cf6fca6641884b8433441b2b0652976f975e1d0fdd26d177eaaf8596087f3125
#4 ...

#5 [internal] load metadata for docker.io/library/alpine:3.24@sha256:28bd5fe8b56d1bd048e5babf5b10710ebe0bae67db86916198a6eec434943f8b
#5 DONE 1.1s

#6 [internal] load metadata for docker.io/library/node:26-alpine@sha256:2d984a15c9b54fd0aeb608b8e0d0d83529eb34d2966db27a1fb4f1edc3d298a3
#6 ...

#4 [internal] load metadata for docker.io/library/golang:1.27.1-alpine@sha256:cf6fca6641884b8433441b2b0652976f975e1d0fdd26d177eaaf8596087f3125
#4 DONE 2.0s

#6 [internal] load metadata for docker.io/library/node:26-alpine@sha256:2d984a15c9b54fd0aeb608b8e0d0d83529eb34d2966db27a1fb4f1edc3d298a3
#6 DONE 2.0s

#7 [internal] load .dockerignore
#7 transferring context: 185B done
#7 DONE 0.0s

#8 [stage-2 1/4] FROM docker.io/library/alpine:3.24@sha256:28bd5fe8b56d1bd048e5babf5b10710ebe0bae67db86916198a6eec434943f8b
#8 resolve docker.io/library/alpine:3.24@sha256:28bd5fe8b56d1bd048e5babf5b10710ebe0bae67db86916198a6eec434943f8b 0.0s done
#8 CACHED

#9 [web-build 1/6] FROM docker.io/library/node:26-alpine@sha256:2d984a15c9b54fd0aeb608b8e0d0d83529eb34d2966db27a1fb4f1edc3d298a3
#9 resolve docker.io/library/node:26-alpine@sha256:2d984a15c9b54fd0aeb608b8e0d0d83529eb34d2966db27a1fb4f1edc3d298a3 0.0s done
#9 DONE 0.0s

#10 [go-build 1/8] FROM docker.io/library/golang:1.27.1-alpine@sha256:cf6fca6641884b8433441b2b0652976f975e1d0fdd26d177eaaf8596087f3125
#10 resolve docker.io/library/golang:1.27.1-alpine@sha256:cf6fca6641884b8433441b2b0652976f975e1d0fdd26d177eaaf8596087f3125 0.0s done
#10 ...

#11 [internal] load build context
#11 transferring context: 23.26MB 0.1s done
#11 DONE 0.1s

#10 [go-build 1/8] FROM docker.io/library/golang:1.27.1-alpine@sha256:cf6fca6641884b8433441b2b0652976f975e1d0fdd26d177eaaf8596087f3125
#10 sha256:e4488ab00a85e5a17f0636bbc60cc704c29bc934f9b48ab76cd17fc6424a2252 0B / 127B 0.2s
#10 sha256:e4488ab00a85e5a17f0636bbc60cc704c29bc934f9b48ab76cd17fc6424a2252 127B / 127B 0.2s done
#10 sha256:a12b2df95d81e0646230784c610be014bf67567dfdbf5b3365c9ec022b95ff28 0B / 245.07kB 0.3s
#10 sha256:a12b2df95d81e0646230784c610be014bf67567dfdbf5b3365c9ec022b95ff28 245.07kB / 245.07kB 0.4s done
#10 extracting sha256:a12b2df95d81e0646230784c610be014bf67567dfdbf5b3365c9ec022b95ff28 0.1s done
#10 DONE 0.7s

#9 [web-build 1/6] FROM docker.io/library/node:26-alpine@sha256:2d984a15c9b54fd0aeb608b8e0d0d83529eb34d2966db27a1fb4f1edc3d298a3
#9 sha256:80d39da31aaab43d6b63da0ed87ad747290062bd97f8901fe45eefb469cfeb0c 451B / 451B 0.2s done
#9 sha256:9098cc82c400bbe83569e25f937227d53aad39a688142b5dbb979dab5cfc5414 0B / 59.76MB 0.5s
#9 sha256:9098cc82c400bbe83569e25f937227d53aad39a688142b5dbb979dab5cfc5414 3.15MB / 59.76MB 0.8s
#9 sha256:9098cc82c400bbe83569e25f937227d53aad39a688142b5dbb979dab5cfc5414 6.29MB / 59.76MB 1.1s
#9 sha256:9098cc82c400bbe83569e25f937227d53aad39a688142b5dbb979dab5cfc5414 10.49MB / 59.76MB 1.4s
#9 sha256:9098cc82c400bbe83569e25f937227d53aad39a688142b5dbb979dab5cfc5414 13.63MB / 59.76MB 1.7s
#9 sha256:9098cc82c400bbe83569e25f937227d53aad39a688142b5dbb979dab5cfc5414 16.78MB / 59.76MB 2.0s
#9 sha256:9098cc82c400bbe83569e25f937227d53aad39a688142b5dbb979dab5cfc5414 20.97MB / 59.76MB 2.3s
#9 sha256:9098cc82c400bbe83569e25f937227d53aad39a688142b5dbb979dab5cfc5414 24.12MB / 59.76MB 2.6s
#9 sha256:9098cc82c400bbe83569e25f937227d53aad39a688142b5dbb979dab5cfc5414 28.31MB / 59.76MB 2.9s
#9 sha256:9098cc82c400bbe83569e25f937227d53aad39a688142b5dbb979dab5cfc5414 31.46MB / 59.76MB 3.2s
#9 sha256:9098cc82c400bbe83569e25f937227d53aad39a688142b5dbb979dab5cfc5414 34.60MB / 59.76MB 3.5s
#9 sha256:9098cc82c400bbe83569e25f937227d53aad39a688142b5dbb979dab5cfc5414 38.80MB / 59.76MB 3.8s
#9 sha256:9098cc82c400bbe83569e25f937227d53aad39a688142b5dbb979dab5cfc5414 41.94MB / 59.76MB 4.1s
#9 sha256:9098cc82c400bbe83569e25f937227d53aad39a688142b5dbb979dab5cfc5414 45.09MB / 59.76MB 4.4s
#9 sha256:9098cc82c400bbe83569e25f937227d53aad39a688142b5dbb979dab5cfc5414 49.28MB / 59.76MB 4.7s
#9 sha256:9098cc82c400bbe83569e25f937227d53aad39a688142b5dbb979dab5cfc5414 52.43MB / 59.76MB 5.0s
#9 ...

#10 [go-build 1/8] FROM docker.io/library/golang:1.27.1-alpine@sha256:cf6fca6641884b8433441b2b0652976f975e1d0fdd26d177eaaf8596087f3125
#10 extracting sha256:ef1dbfdbb5d59bdeac07b1398a9f0808b453513bf6a76eb3ffd509a284483095 4.6s done
#10 DONE 5.3s

#12 [stage-2 2/4] RUN apk add --no-cache ca-certificates git openssh-client postgresql-client tzdata     && addgroup -S qurio     && adduser -S -G qurio -h /var/lib/qurio qurio     && install -d -o qurio -g qurio /var/lib/qurio/backups     && install -d -o qurio -g qurio /data/sql-runner/downloads
#12 ...

#10 [go-build 1/8] FROM docker.io/library/golang:1.27.1-alpine@sha256:cf6fca6641884b8433441b2b0652976f975e1d0fdd26d177eaaf8596087f3125
#10 extracting sha256:e4488ab00a85e5a17f0636bbc60cc704c29bc934f9b48ab76cd17fc6424a2252 0.0s done
#10 extracting sha256:4f4fb700ef54461cfa02571ae0db9a0dc1e0cdb5577484a6d75e68dc38e8acc1 0.0s done
#10 DONE 5.3s

#9 [web-build 1/6] FROM docker.io/library/node:26-alpine@sha256:2d984a15c9b54fd0aeb608b8e0d0d83529eb34d2966db27a1fb4f1edc3d298a3
#9 sha256:9098cc82c400bbe83569e25f937227d53aad39a688142b5dbb979dab5cfc5414 55.57MB / 59.76MB 5.3s
#9 ...

#13 [go-build 2/8] WORKDIR /src
#13 DONE 0.4s

#9 [web-build 1/6] FROM docker.io/library/node:26-alpine@sha256:2d984a15c9b54fd0aeb608b8e0d0d83529eb34d2966db27a1fb4f1edc3d298a3
#9 sha256:9098cc82c400bbe83569e25f937227d53aad39a688142b5dbb979dab5cfc5414 59.76MB / 59.76MB 5.5s done
#9 extracting sha256:9098cc82c400bbe83569e25f937227d53aad39a688142b5dbb979dab5cfc5414
#9 extracting sha256:9098cc82c400bbe83569e25f937227d53aad39a688142b5dbb979dab5cfc5414 1.4s done
#9 DONE 7.0s

#14 [go-build 3/8] RUN apk add --no-cache ca-certificates git
#14 1.034 ( 1/12) Installing brotli-libs (1.2.0-r1)
#14 1.076 ( 2/12) Installing c-ares (1.34.8-r0)
#14 1.093 ( 3/12) Installing libunistring (1.4.2-r0)
#14 1.161 ( 4/12) Installing libidn2 (2.3.8-r0)
#14 1.177 ( 5/12) Installing nghttp2-libs (1.69.0-r0)
#14 1.188 ( 6/12) Installing libpsl (0.21.5-r3)
#14 1.197 ( 7/12) Installing zstd-libs (1.5.7-r2)
#14 1.236 ( 8/12) Installing libcurl (8.22.0-r0)
#14 1.272 ( 9/12) Installing libexpat (2.8.5-r0)
#14 1.283 (10/12) Installing pcre2 (10.48-r0)
#14 1.316 (11/12) Installing git (2.54.0-r0)
#14 ...

#9 [web-build 1/6] FROM docker.io/library/node:26-alpine@sha256:2d984a15c9b54fd0aeb608b8e0d0d83529eb34d2966db27a1fb4f1edc3d298a3
#9 extracting sha256:80d39da31aaab43d6b63da0ed87ad747290062bd97f8901fe45eefb469cfeb0c 0.0s done
#9 DONE 7.0s

#15 [web-build 2/6] WORKDIR /src/web
#15 DONE 0.1s

#16 [web-build 3/6] COPY web/package.json web/package-lock.json ./
#16 DONE 0.0s

#14 [go-build 3/8] RUN apk add --no-cache ca-certificates git
#14 1.636 (12/12) Installing git-init-template (2.54.0-r0)
#14 1.643 Executing busybox-1.37.0-r31.trigger
#14 1.651 OK: 20.6 MiB in 29 packages
#14 DONE 1.7s

#17 [web-build 4/6] RUN npm ci --ignore-scripts
#17 ...

#18 [go-build 4/8] COPY go.mod go.sum* ./
#18 DONE 0.0s

#19 [go-build 5/8] RUN go mod download
#19 DONE 7.3s

#17 [web-build 4/6] RUN npm ci --ignore-scripts
#17 ...

#20 [go-build 6/8] COPY . .
#20 DONE 0.2s

#12 [stage-2 2/4] RUN apk add --no-cache ca-certificates git openssh-client postgresql-client tzdata     && addgroup -S qurio     && adduser -S -G qurio -h /var/lib/qurio qurio     && install -d -o qurio -g qurio /var/lib/qurio/backups     && install -d -o qurio -g qurio /data/sql-runner/downloads
#12 ...

#17 [web-build 4/6] RUN npm ci --ignore-scripts
#17 16.95 
#17 16.95 added 163 packages, and audited 164 packages in 17s
#17 16.95 
#17 16.95 33 packages are looking for funding
#17 16.95   run `npm fund` for details
#17 16.95 
#17 16.95 1 moderate severity vulnerability
#17 16.95 
#17 16.95 To address all issues, run:
#17 16.95   npm audit fix
#17 16.95 
#17 16.95 Run `npm audit` for details.
#17 16.95 npm notice
#17 16.95 npm notice New major version of npm available! 11.19.0 -> 12.1.0
#17 16.95 npm notice Changelog: https://github.com/npm/cli/releases/tag/v12.1.0
#17 16.95 npm notice To update run: npm install -g npm@12.1.0
#17 16.95 npm notice
#17 DONE 17.3s

#12 [stage-2 2/4] RUN apk add --no-cache ca-certificates git openssh-client postgresql-client tzdata     && addgroup -S qurio     && adduser -S -G qurio -h /var/lib/qurio qurio     && install -d -o qurio -g qurio /var/lib/qurio/backups     && install -d -o qurio -g qurio /data/sql-runner/downloads
#12 ...

#21 [web-build 5/6] COPY web/ ./
#21 DONE 0.2s

#12 [stage-2 2/4] RUN apk add --no-cache ca-certificates git openssh-client postgresql-client tzdata     && addgroup -S qurio     && adduser -S -G qurio -h /var/lib/qurio qurio     && install -d -o qurio -g qurio /var/lib/qurio/backups     && install -d -o qurio -g qurio /data/sql-runner/downloads
#12 ...

#22 [web-build 6/6] RUN npm run build
#22 0.302 
#22 0.302 > qurio-web@1.4.9 build
#22 0.302 > tsc -b && vite build
#22 0.302 
#22 5.836 vite v8.2.2 building client environment for production...
#22 5.981 transforming...
#22 6.305 ✓ 7124 modules transformed.
#22 6.532 rendering chunks...
#22 6.658 computing gzip size...
#22 6.674 dist/index.html                                     0.98 kB │ gzip:   0.55 kB
#22 6.674 dist/assets/index-DIk44RKZ.css                    251.60 kB │ gzip:  38.48 kB
#22 6.674 dist/assets/IconPlayerPlay-CYZOeDRB.js              0.14 kB │ gzip:   0.14 kB
#22 6.674 dist/assets/IconX-7Lb-4Oeb.js                       0.15 kB │ gzip:   0.14 kB
#22 6.674 dist/assets/IconUpload-CXiDiLEp.js                  0.23 kB │ gzip:   0.18 kB
#22 6.674 dist/assets/IconDownload-YnHrA2Lv.js                0.24 kB │ gzip:   0.18 kB
#22 6.674 dist/assets/IconEdit-B-eNiBjQ.js                    0.30 kB │ gzip:   0.21 kB
#22 6.674 dist/assets/IconMessageCircle-CWVJmjcV.js           0.30 kB │ gzip:   0.24 kB
#22 6.674 dist/assets/IconRocket-CVJ2lfkL.js                  0.33 kB │ gzip:   0.21 kB
#22 6.674 dist/assets/IconSend-BlBIENSS.js                    0.63 kB │ gzip:   0.27 kB
#22 6.674 dist/assets/IconThumbUp-C7Nu0lDK.js                 0.93 kB │ gzip:   0.38 kB
#22 6.674 dist/assets/FileInput-BDtsfORZ.js                   2.33 kB │ gzip:   1.12 kB
#22 6.674 dist/assets/Progress-lWHwADnq.js                    2.42 kB │ gzip:   1.04 kB
#22 6.674 dist/assets/TopologyIndexesPage-CNyGiF_V.js         2.52 kB │ gzip:   1.23 kB
#22 6.674 dist/assets/Textarea-CDR3FKkR.js                    3.46 kB │ gzip:   1.56 kB
#22 6.674 dist/assets/AuthPages-BOhA-90N.js                   3.91 kB │ gzip:   1.90 kB
#22 6.674 dist/assets/IconDeviceFloppy-BVC_9ECy.js            4.30 kB │ gzip:   1.67 kB
#22 6.674 dist/assets/IconChevronLeft-B2GHM1hP.js             4.92 kB │ gzip:   1.90 kB
#22 6.674 dist/assets/IconChevronRight-vbeRyAKu.js            5.00 kB │ gzip:   2.15 kB
#22 6.674 dist/assets/AnalyticsDetailPage-kU6mF6x9.js         6.85 kB │ gzip:   2.88 kB
#22 6.674 dist/assets/Pagination-DkVY5Vd9.js                  7.99 kB │ gzip:   3.00 kB
#22 6.674 dist/assets/EvaluationCancelAction-CFD-4iCM.js      9.03 kB │ gzip:   3.85 kB
#22 6.674 dist/assets/PageScaffold-CUxf7MXm.js                9.72 kB │ gzip:   3.61 kB
#22 6.674 dist/assets/IconTrash-DFgK5S95.js                   9.84 kB │ gzip:   3.40 kB
#22 6.674 dist/assets/MetadataCatalogPage-BctlekBW.js        10.71 kB │ gzip:   4.01 kB
#22 6.674 dist/assets/InputBase-CGsmStQO.js                  11.92 kB │ gzip:   3.68 kB
#22 6.674 dist/assets/TopologyIntelligencePage-hdD2sCLu.js   13.82 kB │ gzip:   4.84 kB
#22 6.674 dist/assets/IconCopy-DDkHIutR.js                   14.51 kB │ gzip:   5.42 kB
#22 6.674 dist/assets/Select-BpBDPXbL.js                     23.56 kB │ gzip:   7.57 kB
#22 6.674 dist/assets/notifications.store-C4ilaxwK.js        23.96 kB │ gzip:   8.53 kB
#22 6.674 dist/assets/NumberInput-Cc-KhGpk.js                24.55 kB │ gzip:   9.14 kB
#22 6.674 dist/assets/ResourcePage-BHfIjck9.js               30.90 kB │ gzip:  11.45 kB
#22 6.674 dist/assets/CodeStudioPage-CTjPUvyI.js             42.80 kB │ gzip:  11.92 kB
#22 6.674 dist/assets/SqlWorkbenchPage-DrMHkfai.js           55.83 kB │ gzip:  16.94 kB
#22 6.674 dist/assets/ThemeIcon-BWnv8JtS.js                  63.88 kB │ gzip:  21.58 kB
#22 6.674 dist/assets/api-Cb6EzCPR.js                        72.07 kB │ gzip:  22.76 kB
#22 6.674 dist/assets/WorkspacePages-DanHFwEu.js             75.19 kB │ gzip:  21.97 kB
#22 6.674 dist/assets/AdminPages-Dm0Gbpou.js                196.23 kB │ gzip:  51.18 kB
#22 6.674 dist/assets/index-DQdHzVqM.js                     408.01 kB │ gzip: 125.70 kB
#22 6.674 
#22 6.674 ✓ built in 838ms
#22 DONE 6.8s

#12 [stage-2 2/4] RUN apk add --no-cache ca-certificates git openssh-client postgresql-client tzdata     && addgroup -S qurio     && adduser -S -G qurio -h /var/lib/qurio qurio     && install -d -o qurio -g qurio /var/lib/qurio/backups     && install -d -o qurio -g qurio /data/sql-runner/downloads
#12 ...

#23 [go-build 7/8] COPY --from=web-build /src/web/dist/ ./internal/webui/dist/
#23 DONE 0.1s

#24 [go-build 8/8] RUN CGO_ENABLED=0 GOOS=linux GOARCH=amd64 go build     -trimpath     -ldflags "-s -w -X github.com/hkjang/qurio/internal/version.Version=1.4.9"     -o /out/qurio ./cmd/qurio
#24 DONE 8.3s

#12 [stage-2 2/4] RUN apk add --no-cache ca-certificates git openssh-client postgresql-client tzdata     && addgroup -S qurio     && adduser -S -G qurio -h /var/lib/qurio qurio     && install -d -o qurio -g qurio /var/lib/qurio/backups     && install -d -o qurio -g qurio /data/sql-runner/downloads
#12 50.45 ( 1/25) Installing ca-certificates (20260909-r0)
#12 50.49 ( 2/25) Installing brotli-libs (1.2.0-r1)
#12 50.53 ( 3/25) Installing c-ares (1.34.8-r0)
#12 50.54 ( 4/25) Installing libunistring (1.4.2-r0)
#12 50.61 ( 5/25) Installing libidn2 (2.3.8-r0)
#12 50.63 ( 6/25) Installing nghttp2-libs (1.69.0-r0)
#12 50.64 ( 7/25) Installing libpsl (0.21.5-r3)
#12 50.65 ( 8/25) Installing zstd-libs (1.5.7-r2)
#12 50.69 ( 9/25) Installing libcurl (8.22.0-r0)
#12 50.72 (10/25) Installing libexpat (2.8.5-r0)
#12 50.73 (11/25) Installing pcre2 (10.48-r0)
#12 50.76 (12/25) Installing git (2.54.0-r0)
#12 51.08 (13/25) Installing git-init-template (2.54.0-r0)
#12 51.09 (14/25) Installing openssh-keygen (10.3_p1-r1)
#12 51.11 (15/25) Installing ncurses-terminfo-base (6.6_p20260516-r0)
#12 51.12 (16/25) Installing libncursesw (6.6_p20260516-r0)
#12 51.15 (17/25) Installing libedit (20260508.3.1-r1)
#12 51.16 (18/25) Installing openssh-client-common (10.3_p1-r1)
#12 51.22 (19/25) Installing openssh-client-default (10.3_p1-r1)
#12 51.26 (20/25) Installing postgresql-common (1.3-r0)
#12 51.26   Executing postgresql-common-1.3-r0.pre-install
#12 51.28 (21/25) Installing lz4-libs (1.10.0-r1)
#12 51.30 (22/25) Installing libpq (18.6-r0)
#12 51.32 (23/25) Installing readline (8.3.3-r1)
#12 51.33 (24/25) Installing postgresql18-client (18.6-r0)
#12 51.46 (25/25) Installing tzdata (2026d-r0)
#12 51.53 Executing busybox-1.37.0-r31.trigger
#12 51.54 Executing ca-certificates-20260909-r0.trigger
#12 51.60 Executing postgresql-common-1.3-r0.trigger
#12 51.60 * Setting postgresql18 as the default version
#12 51.67 * find: /usr/share/man: No such file or directory
#12 51.68 * WARNING: opening from cache https://dl-cdn.alpinelinux.org/alpine/v3.24/main/x86_64/APKINDEX.tar.gz: No such file or directory
#12 51.68 * WARNING: opening from cache https://dl-cdn.alpinelinux.org/alpine/v3.24/community/x86_64/APKINDEX.tar.gz: No such file or directory
#12 51.68 OK: 28.9 MiB in 41 packages
#12 DONE 51.8s

#25 [stage-2 3/4] COPY --from=go-build /out/qurio /usr/local/bin/qurio
#25 DONE 0.1s

#26 [stage-2 4/4] WORKDIR /var/lib/qurio
#26 DONE 0.0s

#27 exporting to image
#27 exporting layers
#27 exporting layers 1.0s done
#27 exporting manifest sha256:3749711b2623a1c63c1ba2f7daa4cc708efbb3e9ec70eaa5ce19087c57042e26 0.0s done
#27 exporting config sha256:75367c313d19c1fe4af6a7d21e92c0bfb2d66270e314565e5a5cb7e59a12d363 0.0s done
#27 exporting attestation manifest sha256:9186151e53cdca0ea41f4125aed4c6f9508185f95a68c225dabdde9d5199e138 0.0s done
#27 exporting manifest list sha256:6f2430bc8d7981cc4b2c30210c55288b5ec095ac0e3caebe99110eb5840db997 0.0s done
#27 naming to docker.io/library/qurio:v1.4.9 done
#27 unpacking to docker.io/library/qurio:v1.4.9
#27 unpacking to docker.io/library/qurio:v1.4.9 0.5s done
#27 DONE 1.5s
Qurio v1.4.9 (commit unknown, built unknown, go1.27.1)
Loaded image: qurio:v1.4.9
Unable to find image 'postgres:17-alpine@sha256:7456ef82e5f5bc43d997f4781bbd7c0d6389bff397564649a356e206ba473aee' locally
docker.io/library/postgres@sha256:7456ef82e5f5bc43d997f4781bbd7c0d6389bff397564649a356e206ba473aee: Pulling from library/postgres
Digest: sha256:7456ef82e5f5bc43d997f4781bbd7c0d6389bff397564649a356e206ba473aee
Status: Downloaded newer image for postgres@sha256:7456ef82e5f5bc43d997f4781bbd7c0d6389bff397564649a356e206ba473aee
offline archive verified: /home/hkjang/.cache/auto-improve-wt/qurio-release/release/qurio-v1.4.9.tar.gz; image=qurio:v1.4.9; platform=linux/amd64; fresh-db=ok; migrations=43; restart=ok; bootstrap-login=ok; egress=blocked
Created /home/hkjang/.cache/auto-improve-wt/qurio-release/release/qurio-v1.4.9.tar.gz
