go vet ./...
npm --prefix web run lint

> qurio-web@1.4.9 lint
> tsc -b --pretty false

npm --prefix web run typecheck

> qurio-web@1.4.9 typecheck
> tsc -b --pretty false

ok  	github.com/hkjang/qurio/cmd/qurio	0.007s
ok  	github.com/hkjang/qurio/internal/agentapi	0.039s
ok  	github.com/hkjang/qurio/internal/authn	(cached)
ok  	github.com/hkjang/qurio/internal/authzread	(cached)
ok  	github.com/hkjang/qurio/internal/backup	0.017s
ok  	github.com/hkjang/qurio/internal/config	(cached)
ok  	github.com/hkjang/qurio/internal/cryptox	(cached)
ok  	github.com/hkjang/qurio/internal/domain/ai	(cached)
ok  	github.com/hkjang/qurio/internal/domain/approval	(cached)
ok  	github.com/hkjang/qurio/internal/domain/dbexec	0.010s
ok  	github.com/hkjang/qurio/internal/domain/importsheet	(cached)
ok  	github.com/hkjang/qurio/internal/domain/legacy	(cached)
ok  	github.com/hkjang/qurio/internal/domain/legacycrypt	(cached)
ok  	github.com/hkjang/qurio/internal/domain/mcpclient	(cached)
ok  	github.com/hkjang/qurio/internal/domain/mcpserver	0.046s
ok  	github.com/hkjang/qurio/internal/domain/permission	(cached)
ok  	github.com/hkjang/qurio/internal/domain/promptvar	(cached)
ok  	github.com/hkjang/qurio/internal/domain/sqlsafe	0.049s
ok  	github.com/hkjang/qurio/internal/domain/tokenbudget	(cached)
ok  	github.com/hkjang/qurio/internal/httpapi	(cached)
?   	github.com/hkjang/qurio/internal/integrations	[no test files]
ok  	github.com/hkjang/qurio/internal/intelligenceapi	(cached)
?   	github.com/hkjang/qurio/internal/jobs	[no test files]
ok  	github.com/hkjang/qurio/internal/legacyapi	0.181s
ok  	github.com/hkjang/qurio/internal/mcpoauth	(cached)
?   	github.com/hkjang/qurio/internal/mcpoauth/mcpoauthtest	[no test files]
ok  	github.com/hkjang/qurio/internal/oidcauth	(cached)
ok  	github.com/hkjang/qurio/internal/platformapi	0.008s
ok  	github.com/hkjang/qurio/internal/runtimeapi	0.094s
ok  	github.com/hkjang/qurio/internal/runtimeenv	(cached)
ok  	github.com/hkjang/qurio/internal/store	(cached)
?   	github.com/hkjang/qurio/internal/version	[no test files]
?   	github.com/hkjang/qurio/internal/webui	[no test files]
?   	github.com/hkjang/qurio/migrations	[no test files]
?   	github.com/hkjang/qurio/scripts	[no test files]
=== Symbol Results ===

No vulnerabilities found.

Your code is affected by 0 vulnerabilities.
This scan also found 0 vulnerabilities in packages you import and 25
vulnerabilities in modules you require, but your code doesn't appear to call
these vulnerabilities.
Use '-show verbose' for more details.
