release contract valid: image=qurio:v1.4.9; archive=qurio-v1.4.9.tar.gz; application config env=4

> qurio-web@1.4.9 test
> vitest run --run


 RUN  v4.1.11 /home/hkjang/.cache/auto-improve-wt/qurio-release/web


 Test Files  27 passed (27)
      Tests  134 passed (134)
   Start at  11:18:00
   Duration  170.37s (transform 1.11s, setup 1.73s, import 8.75s, tests 150.27s, environment 7.56s)

found 0 vulnerabilities

> qurio-web@1.4.9 test:e2e
> playwright test

[WebServer] (node:2511054) Warning: The 'NO_COLOR' env is ignored due to the 'FORCE_COLOR' env being set.
[WebServer] (Use `node --trace-warnings ...` to show where the warning was created)

Running 14 tests using 14 workers

(node:2511157) Warning: The 'NO_COLOR' env is ignored due to the 'FORCE_COLOR' env being set.
(Use `node --trace-warnings ...` to show where the warning was created)
(node:2511144) Warning: The 'NO_COLOR' env is ignored due to the 'FORCE_COLOR' env being set.
(Use `node --trace-warnings ...` to show where the warning was created)
(node:2511143) Warning: The 'NO_COLOR' env is ignored due to the 'FORCE_COLOR' env being set.
(Use `node --trace-warnings ...` to show where the warning was created)
(node:2511193) Warning: The 'NO_COLOR' env is ignored due to the 'FORCE_COLOR' env being set.
(Use `node --trace-warnings ...` to show where the warning was created)
(node:2511166) Warning: The 'NO_COLOR' env is ignored due to the 'FORCE_COLOR' env being set.
(Use `node --trace-warnings ...` to show where the warning was created)
(node:2511159) Warning: The 'NO_COLOR' env is ignored due to the 'FORCE_COLOR' env being set.
(Use `node --trace-warnings ...` to show where the warning was created)
(node:2511173) Warning: The 'NO_COLOR' env is ignored due to the 'FORCE_COLOR' env being set.
(Use `node --trace-warnings ...` to show where the warning was created)
(node:2511150) Warning: The 'NO_COLOR' env is ignored due to the 'FORCE_COLOR' env being set.
(Use `node --trace-warnings ...` to show where the warning was created)
(node:2511183) Warning: The 'NO_COLOR' env is ignored due to the 'FORCE_COLOR' env being set.
(Use `node --trace-warnings ...` to show where the warning was created)
(node:2511205) Warning: The 'NO_COLOR' env is ignored due to the 'FORCE_COLOR' env being set.
(Use `node --trace-warnings ...` to show where the warning was created)
(node:2511190) Warning: The 'NO_COLOR' env is ignored due to the 'FORCE_COLOR' env being set.
(Use `node --trace-warnings ...` to show where the warning was created)
(node:2511222) Warning: The 'NO_COLOR' env is ignored due to the 'FORCE_COLOR' env being set.
(Use `node --trace-warnings ...` to show where the warning was created)
(node:2511223) Warning: The 'NO_COLOR' env is ignored due to the 'FORCE_COLOR' env being set.
(Use `node --trace-warnings ...` to show where the warning was created)
(node:2511229) Warning: The 'NO_COLOR' env is ignored due to the 'FORCE_COLOR' env being set.
(Use `node --trace-warnings ...` to show where the warning was created)
  ✓   8 [chromium] › e2e/docs.spec.ts:22:1 › GitHub Pages promotion is responsive, interactive, and AEO-ready (611ms)
  ✓  12 [mobile] › e2e/docs.spec.ts:22:1 › GitHub Pages promotion is responsive, interactive, and AEO-ready (929ms)
  ✓   1 [chromium] › e2e/docs.spec.ts:51:1 › complete gallery publishes every verified screen with responsive filters and SEO (929ms)
  ✓   6 [mobile] › e2e/docs.spec.ts:51:1 › complete gallery publishes every verified screen with responsive filters and SEO (1.1s)
  ✓  14 [chromium] › e2e/application.spec.ts:258:1 › mandatory bootstrap password renewal survives server session hydration (4.8s)
  ✓   5 [mobile] › e2e/application.spec.ts:258:1 › mandatory bootstrap password renewal survives server session hydration (5.0s)
  ✓  11 [chromium] › e2e/application.spec.ts:268:1 › administrator edits an API key permission set through the server contract (5.8s)
  ✓   9 [mobile] › e2e/application.spec.ts:268:1 › administrator edits an API key permission set through the server contract (6.3s)
  ✓  13 [chromium] › e2e/application.spec.ts:245:1 › administrator setting controls whether the review queue appears (6.7s)
  ✓   4 [mobile] › e2e/application.spec.ts:245:1 › administrator setting controls whether the review queue appears (6.8s)
  ✓   2 [chromium] › e2e/application.spec.ts:225:1 › Korean-first session supports direct URL refresh and version discovery (7.9s)
  ✓   7 [mobile] › e2e/application.spec.ts:225:1 › Korean-first session supports direct URL refresh and version discovery (8.0s)
  ✓  10 [mobile] › e2e/application.spec.ts:281:1 › every workspace and administration route survives a direct reload (2.1m)
  ✓   3 [chromium] › e2e/application.spec.ts:281:1 › every workspace and administration route survives a direct reload (2.1m)

  14 passed (2.1m)
