npm --prefix web ci

added 163 packages, and audited 164 packages in 14s

33 packages are looking for funding
  run `npm fund` for details

1 moderate severity vulnerability

To address all issues, run:
  npm audit fix

Run `npm audit` for details.
npm --prefix web run build

> qurio-web@1.4.9 build
> tsc -b && vite build

vite v8.2.2 building client environment for production...
transforming...
✓ 7124 modules transformed.
rendering chunks...
computing gzip size...
dist/index.html                                     0.98 kB │ gzip:   0.55 kB
dist/assets/index-DIk44RKZ.css                    251.60 kB │ gzip:  38.48 kB
dist/assets/IconPlayerPlay-CYZOeDRB.js              0.14 kB │ gzip:   0.14 kB
dist/assets/IconX-7Lb-4Oeb.js                       0.15 kB │ gzip:   0.14 kB
dist/assets/IconUpload-CXiDiLEp.js                  0.23 kB │ gzip:   0.18 kB
dist/assets/IconDownload-YnHrA2Lv.js                0.24 kB │ gzip:   0.18 kB
dist/assets/IconEdit-B-eNiBjQ.js                    0.30 kB │ gzip:   0.21 kB
dist/assets/IconMessageCircle-CWVJmjcV.js           0.30 kB │ gzip:   0.24 kB
dist/assets/IconRocket-CVJ2lfkL.js                  0.33 kB │ gzip:   0.21 kB
dist/assets/IconSend-BlBIENSS.js                    0.63 kB │ gzip:   0.27 kB
dist/assets/IconThumbUp-C7Nu0lDK.js                 0.93 kB │ gzip:   0.38 kB
dist/assets/FileInput-BDtsfORZ.js                   2.33 kB │ gzip:   1.12 kB
dist/assets/Progress-lWHwADnq.js                    2.42 kB │ gzip:   1.04 kB
dist/assets/TopologyIndexesPage-CNyGiF_V.js         2.52 kB │ gzip:   1.23 kB
dist/assets/Textarea-CDR3FKkR.js                    3.46 kB │ gzip:   1.56 kB
dist/assets/AuthPages-BOhA-90N.js                   3.91 kB │ gzip:   1.90 kB
dist/assets/IconDeviceFloppy-BVC_9ECy.js            4.30 kB │ gzip:   1.67 kB
dist/assets/IconChevronLeft-B2GHM1hP.js             4.92 kB │ gzip:   1.90 kB
dist/assets/IconChevronRight-vbeRyAKu.js            5.00 kB │ gzip:   2.15 kB
dist/assets/AnalyticsDetailPage-kU6mF6x9.js         6.85 kB │ gzip:   2.88 kB
dist/assets/Pagination-DkVY5Vd9.js                  7.99 kB │ gzip:   3.00 kB
dist/assets/EvaluationCancelAction-CFD-4iCM.js      9.03 kB │ gzip:   3.85 kB
dist/assets/PageScaffold-CUxf7MXm.js                9.72 kB │ gzip:   3.61 kB
dist/assets/IconTrash-DFgK5S95.js                   9.84 kB │ gzip:   3.40 kB
dist/assets/MetadataCatalogPage-BctlekBW.js        10.71 kB │ gzip:   4.01 kB
dist/assets/InputBase-CGsmStQO.js                  11.92 kB │ gzip:   3.68 kB
dist/assets/TopologyIntelligencePage-hdD2sCLu.js   13.82 kB │ gzip:   4.84 kB
dist/assets/IconCopy-DDkHIutR.js                   14.51 kB │ gzip:   5.42 kB
dist/assets/Select-BpBDPXbL.js                     23.56 kB │ gzip:   7.57 kB
dist/assets/notifications.store-C4ilaxwK.js        23.96 kB │ gzip:   8.53 kB
dist/assets/NumberInput-Cc-KhGpk.js                24.55 kB │ gzip:   9.14 kB
dist/assets/ResourcePage-BHfIjck9.js               30.90 kB │ gzip:  11.45 kB
dist/assets/CodeStudioPage-CTjPUvyI.js             42.80 kB │ gzip:  11.92 kB
dist/assets/SqlWorkbenchPage-DrMHkfai.js           55.83 kB │ gzip:  16.94 kB
dist/assets/ThemeIcon-BWnv8JtS.js                  63.88 kB │ gzip:  21.58 kB
dist/assets/api-Cb6EzCPR.js                        72.07 kB │ gzip:  22.76 kB
dist/assets/WorkspacePages-DanHFwEu.js             75.19 kB │ gzip:  21.97 kB
dist/assets/AdminPages-Dm0Gbpou.js                196.23 kB │ gzip:  51.18 kB
dist/assets/index-DQdHzVqM.js                     408.01 kB │ gzip: 125.70 kB

✓ built in 697ms
rm -rf internal/webui/dist
mkdir -p internal/webui/dist
cp -R web/dist/. internal/webui/dist/
CGO_ENABLED=0 go build -trimpath -ldflags "-s -w -X github.com/hkjang/qurio/internal/version.Version=1.4.9" -o dist/qurio ./cmd/qurio
