ok  	github.com/hkjang/qurio/cmd/qurio	1.085s
ok  	github.com/hkjang/qurio/cmd/qurio	0.600s
ok  	github.com/hkjang/qurio/cmd/qurio	3.036s
ok  	github.com/hkjang/qurio/internal/agentapi	1.484s
ok  	github.com/hkjang/qurio/internal/authn	1.500s
ok  	github.com/hkjang/qurio/internal/authzread	1.120s
--- FAIL: TestCreateBackupMaintainsLegacyHistoryPostgres (0.06s)
    service_integration_test.go:157: backup result=<nil> error=backup failed [d0e59d2125a5]: PostgreSQL DSN has no password
--- FAIL: TestCreateBackupRevokedDuringPGDumpCannotPublishPostgres (5.11s)
    service_integration_test.go:283: backup did not reach pg_dump
FAIL
FAIL	github.com/hkjang/qurio/internal/backup	5.216s
ok  	github.com/hkjang/qurio/internal/config	1.018s
ok  	github.com/hkjang/qurio/internal/cryptox	1.012s
ok  	github.com/hkjang/qurio/internal/domain/ai	1.420s
ok  	github.com/hkjang/qurio/internal/domain/approval	1.017s
--- FAIL: TestPostgresReadOnlyPagingAndCancellation (0.00s)
    manager_integration_test.go:25: Qurio integration PostgreSQL setup failed: invalid database connection
--- FAIL: TestPostgresOrdinalityAliasValidationAndPaging (0.00s)
    manager_integration_test.go:65: Qurio integration PostgreSQL setup failed: invalid database connection
--- FAIL: TestPostgresLiveValidationAndSchemaExploration (0.00s)
    manager_integration_test.go:102: Qurio integration PostgreSQL setup failed: invalid database connection
--- FAIL: TestPostgresTargetedSchemaExplorationFindsPostPrefixPKAndFK (0.02s)
    manager_integration_test.go:183: invalid database connection
--- FAIL: TestPostgresRejectsImplicitUserCodeDispatch (0.04s)
    manager_integration_test.go:275: invalid database connection
--- FAIL: TestPostgresRejectsNonInitdbCatalogOverridesAndBuiltinCasts (0.00s)
    manager_integration_test.go:331: invalid database connection
--- FAIL: TestPostgresRelationGraphDeduplicatesAndStopsAtLimit (0.04s)
    manager_integration_test.go:410: invalid database connection
FAIL
FAIL	github.com/hkjang/qurio/internal/domain/dbexec	0.141s
ok  	github.com/hkjang/qurio/internal/domain/importsheet	1.066s
ok  	github.com/hkjang/qurio/internal/domain/legacy	1.361s
ok  	github.com/hkjang/qurio/internal/domain/legacycrypt	1.011s
ok  	github.com/hkjang/qurio/internal/domain/mcpclient	1.029s
ok  	github.com/hkjang/qurio/internal/domain/mcpserver	1.085s
ok  	github.com/hkjang/qurio/internal/domain/permission	1.012s
ok  	github.com/hkjang/qurio/internal/domain/promptvar	1.012s
ok  	github.com/hkjang/qurio/internal/domain/sqlsafe	1.178s
ok  	github.com/hkjang/qurio/internal/domain/tokenbudget	1.010s
ok  	github.com/hkjang/qurio/internal/httpapi	13.690s
--- FAIL: TestModernDatabaseProfileReconcilesAndExecutesPostgres (0.04s)
    coordinator_integration_test.go:68: secret value must contain 1 byte to 64 KiB
FAIL
FAIL	github.com/hkjang/qurio/internal/integrations	0.267s
ok  	github.com/hkjang/qurio/internal/intelligenceapi	1.545s
ok  	github.com/hkjang/qurio/internal/jobs	1.120s
ok  	github.com/hkjang/qurio/internal/legacyapi	9.690s
ok  	github.com/hkjang/qurio/internal/mcpoauth	2.327s
?   	github.com/hkjang/qurio/internal/mcpoauth/mcpoauthtest	[no test files]
ok  	github.com/hkjang/qurio/internal/oidcauth	1.079s
ok  	github.com/hkjang/qurio/internal/platformapi	24.600s
--- FAIL: TestDatabaseDraftHTTPUsesEphemeralCredentialsWithoutDisclosure (0.00s)
    database_drafts_integration_test.go:70: draft connection status=400 body={"message":"데이터베이스 연결 설정을 확인해 주세요.","code":"invalid_database_connection"}
FAIL
FAIL	github.com/hkjang/qurio/internal/runtimeapi	2.094s
ok  	github.com/hkjang/qurio/internal/runtimeenv	1.011s
ok  	github.com/hkjang/qurio/internal/store	10.733s
?   	github.com/hkjang/qurio/internal/version	[no test files]
?   	github.com/hkjang/qurio/internal/webui	[no test files]
?   	github.com/hkjang/qurio/migrations	[no test files]
?   	github.com/hkjang/qurio/scripts	[no test files]
FAIL
