ok  	github.com/hkjang/qurio/cmd/qurio	2.662s
ok  	github.com/hkjang/qurio/internal/agentapi	1.502s
ok  	github.com/hkjang/qurio/internal/authn	1.536s
ok  	github.com/hkjang/qurio/internal/authzread	1.134s
ok  	github.com/hkjang/qurio/internal/backup	1.256s
ok  	github.com/hkjang/qurio/internal/config	1.011s
ok  	github.com/hkjang/qurio/internal/cryptox	1.011s
ok  	github.com/hkjang/qurio/internal/domain/ai	1.352s
ok  	github.com/hkjang/qurio/internal/domain/approval	1.011s
ok  	github.com/hkjang/qurio/internal/domain/dbexec	2.969s
ok  	github.com/hkjang/qurio/internal/domain/importsheet	1.061s
ok  	github.com/hkjang/qurio/internal/domain/legacy	1.327s
ok  	github.com/hkjang/qurio/internal/domain/legacycrypt	1.011s
ok  	github.com/hkjang/qurio/internal/domain/mcpclient	1.027s
ok  	github.com/hkjang/qurio/internal/domain/mcpserver	1.081s
ok  	github.com/hkjang/qurio/internal/domain/permission	1.010s
ok  	github.com/hkjang/qurio/internal/domain/promptvar	1.011s
ok  	github.com/hkjang/qurio/internal/domain/sqlsafe	1.168s
ok  	github.com/hkjang/qurio/internal/domain/tokenbudget	1.011s
ok  	github.com/hkjang/qurio/internal/httpapi	13.395s
ok  	github.com/hkjang/qurio/internal/integrations	1.378s
ok  	github.com/hkjang/qurio/internal/intelligenceapi	2.137s
ok  	github.com/hkjang/qurio/internal/jobs	1.161s
ok  	github.com/hkjang/qurio/internal/legacyapi	11.432s
ok  	github.com/hkjang/qurio/internal/mcpoauth	2.634s
?   	github.com/hkjang/qurio/internal/mcpoauth/mcpoauthtest	[no test files]
ok  	github.com/hkjang/qurio/internal/oidcauth	1.047s
ok  	github.com/hkjang/qurio/internal/platformapi	25.059s
ok  	github.com/hkjang/qurio/internal/runtimeapi	3.215s
ok  	github.com/hkjang/qurio/internal/runtimeenv	1.011s
ok  	github.com/hkjang/qurio/internal/store	10.993s
?   	github.com/hkjang/qurio/internal/version	[no test files]
?   	github.com/hkjang/qurio/internal/webui	[no test files]
?   	github.com/hkjang/qurio/migrations	[no test files]
?   	github.com/hkjang/qurio/scripts	[no test files]
