
> appstore-web@2.11.3 test
> vitest run


 RUN  v3.2.7 /home/hkjang/.cache/auto-improve-wt/appstore/web

 ✓ src/features/home/hero-copy.test.ts (3 tests) 2ms
 ✓ src/lib/utils.test.ts (5 tests) 3ms
 ✓ src/features/auth/silent-sso.test.ts (7 tests) 8ms
 ✓ src/lib/api.test.ts (6 tests) 9ms
 ✓ src/app/providers.test.tsx (1 test) 77ms
 ✓ src/components/app-shell.test.tsx (4 tests) 40ms
 ✓ src/features/apps/app-card.test.tsx (3 tests) 112ms
 ✓ src/components/ui.test.tsx (3 tests) 200ms
 ✓ src/features/apps/guide-documents.test.tsx (6 tests) 215ms
 ✓ src/pages/public-pages.test.tsx (3 tests) 179ms
 ✓ src/pages/personal-pages.test.tsx (4 tests) 180ms
 ✓ src/pages/admin-pages.test.tsx (3 tests) 178ms
 ✓ src/pages/auth-pages.test.tsx (9 tests) 290ms
 ✓ src/pages/review-pages.test.tsx (4 tests) 403ms
 ✓ src/features/security-check/security-check.test.tsx (4 tests) 467ms

 Test Files  15 passed (15)
      Tests  65 passed (65)
   Start at  11:58:09
   Duration  1.40s (transform 892ms, setup 1.46s, collect 3.60s, tests 2.36s, environment 4.30s, prepare 1.00s)

