
> appstore-web@2.11.3 test
> vitest run src/pages/auth-pages.test.tsx


 RUN  v3.2.7 /home/hkjang/.cache/auto-improve-wt/appstore/web

 ❯ src/pages/auth-pages.test.tsx (9 tests | 1 failed) 1167ms
   ✓ Login methods > offers only SSO when no bootstrap account is available 58ms
   ✓ Login methods > opens bootstrap directly when SSO is unavailable: {"oidcEnabled":false,"oidcConfigured":false} 19ms
   ✓ Login methods > opens bootstrap directly when SSO is unavailable: {"oidcEnabled":false,"oidcConfigured":true} 15ms
   ✓ Login methods > opens bootstrap directly when SSO is unavailable: {"oidcEnabled":true,"oidcConfigured":false} 12ms
   × Login methods > keeps bootstrap behind a reversible recovery toggle when SSO is available 1019ms
     → Unable to find role="button" and name "관리자 계정으로 로그인"

Ignored nodes: comments, script, style
[36m<body>[39m
  [36m<div>[39m
    [36m<main[39m
      [33mclass[39m=[32m"login-page"[39m
    [36m>[39m
      [36m<section[39m
        [33maria-labelledby[39m=[32m"login-hero-title"[39m
        [33mclass[39m=[32m"login-visual"[39m
      [36m>[39m
        [36m<div[39m
          [33mclass[39m=[32m"login-copy"[39m
        [36m>[39m
          [36m<span[39m
            [33mclass[39m=[32m"badge badge-primary"[39m
          [36m>[39m
            [36m<svg[39m
              [33maria-hidden[39m=[32m"true"[39m
              [33mclass[39m=[32m"lucide lucide-sparkles"[39m
              [33mfill[39m=[32m"none"[39m
              [33mheight[39m=[32m"15"[39m
              [33mstroke[39m=[32m"currentColor"[39m
              [33mstroke-linecap[39m=[32m"round"[39m
              [33mstroke-linejoin[39m=[32m"round"[39m
              [33mstroke-width[39m=[32m"2"[39m
              [33mviewBox[39m=[32m"0 0 24 24"[39m
              [33mwidth[39m=[32m"15"[39m
              [33mxmlns[39m=[32m"http://www.w3.org/2000/svg"[39m
            [36m>[39m
              [36m<path[39m
                [33md[39m=[32m"M11.017 2.814a1 1 0 0 1 1.966 0l1.051 5.558a2 2 0 0 0 1.594 1.594l5.558 1.051a1 1 0 0 1 0 1.966l-5.558 1.051a2 2 0 0 0-1.594 1.594l-1.051 5.558a1 1 0 0 1-1.966 0l-1.051-5.558a2 2 0 0 0-1.594-1.594l-5.558-1.051a1 1 0 0 1 0-1.966l5.558-1.051a2 2 0 0 0 1.594-1.594z"[39m
              [36m/>[39m
              [36m<path[39m
                [33md[39m=[32m"M20 2v4"[39m
              [36m/>[39m
              [36m<path[39m
                [33md[39m=[32m"M22 4h-4"[39m
              [36m/>[39m
              [36m<circle[39m
                [33mcx[39m=[32m"4"[39m
                [33mcy[39m=[32m"20"[39m
                [33mr[39m=[32m"2"[39m
              [36m/>[39m
            [36m</svg>[39m
            [0m 사내 앱 스토어[0m
          [36m</span>[39m
          [36m<h1[39m
            [33mid[39m=[32m"login-hero-title"[39m
          [36m>[39m
            [0m발견하고,[0m
            [36m<br />[39m
            [0m안전하게 관리하세요.[0m
          [36m</h1>[39m
          [36m<p>[39m
            [0m일반 탐색은 로그인 없이 자유롭게. 등록과 개인 키, 운영 설정은 명확한 권한 아래에서 관리합니다.[0m
          [36m</p>[39m
        [36m</div>[39m
      [36m</section>[39m
      [36m<section[39m
        [33maria-labelledby[39m=[32m"login-title"[39m
        [33mclass[39m=[32m"login-panel"[39m
      [36m>[39m
        [36m<div[39m
          [33mclass[39m=[32m"card login-card"[39m
        [36m>[39m
          [36m<span[39m
            [33maria-hidden[39m=[32m"true"[39m
            [33mclass[39m=[32m"brand-mark mb-5"[39m
          [36m>[39m
            [0mA[0m
          [36m</span>[39m
          [36m<p[39m
            [33mclass[39m=[32m"eyebrow"[39m
          [36m>[39m
            [0mSecure access[0m
          [36m</p>[39m
          [36m<h2[39m
            [33mclass[39m=[32m"section-title"[39m
            [33mid[39m=[32m"login-title"[39m
          [36m>[39m
            [0mAppStore[0m
            [0m 로그인[0m
          [36m</h2>[39m
          [36m<p[39m
            [33mclass[39m=[32m"page-description mb-7"[39m
          [36m>[39m
            [0m인증 후 원래 화면으로 안전하게 돌아갑니다.[0m
          [36m</p>[39m
          [36m<a[39m
            [33mclass[39m=[32m"button button-primary w-full"[39m
            [33mhref[39m=[32m"/api/v1/auth/oidc/login?returnTo=%2F"[39m
          [36m>[39m
            [36m<svg[39m
              [33maria-hidden[39m=[32m"true"[39m
              [33mclass[39m=[32m"lucide lucide-shield-check"[39m
              [33mfill[39m=[32m"none"[39m
              [33mheight[39m=[32m"19"[39m
              [33mstroke[39m=[32m"currentColor"[39m
              [33mstroke-linecap[39m=[32m"round"[39m
              [33mstroke-linejoin[39m=[32m"round"[39m
              [33mstroke-width[39m=[32m"2"[39m
              [33mviewBox[39m=[32m"0 0 24 24"[39m
              [33mwidth[39m=[32m"19"[39m
              [33mxmlns[39m=[32m"http://www.w3.org/2000/svg"[39m
            [36m>[39m
              [36m<path[39m
                [33md[39m=[32m"M20 13c0 5-3.5 7.5-7.66 8.95a1 1 0 0 1-.67-.01C7.5 20.5 4 18 4 13V6a1 1 0 0 1 1-1c2 0 4.5-1.2 6.24-2.72a1.17 1.17 0 0 1 1.52 0C14.51 3.81 17 5 19 5a1 1 0 0 1 1 1z"[39m
              [36m/>[39m
              [36m<path[39m
                [33md[39m=[32m"m9 12 2 2 4-4"[39m
              [36m/>[39m
            [36m</svg>[39m
            [0m 회사 계정으로 SSO 로그인[0m
          [36m</a>[39m
          [36m<form[39m
            [33mclass[39m=[32m"mt-5"[39m
            [33mid[39m=[32m"local-login-form"[39m
          [36m>[39m
            [36m<div[39m
              [33mclass[39m=[32m"notice mb-5"[39m
            [36m>[39m
              [36m<svg[39m
                [33maria-hidden[39m=[32m"true"[39m
                [33mclass[39m=[32m"lucide lucide-lock-keyhole"[39m
                [33mfill[39m=[32m"none"[39m
                [33mheight[39m=[32m"20"[39m
                [33mstroke[39m=[32m"currentColor"[39m
                [33mstroke-linecap[39m=[32m"round"[39m
                [33mstroke-linejoin[39m=[32m"round"[39m
                [33mstroke-width[39m=[32m"2"[39m
                [33mviewBox[39m=[32m"0 0 24 24"[39m
                [33mwidth[39m=[32m"20"[39m
                [33mxmlns[39m=[32m"http://www.w3.org/2000/svg"[39m
              [36m>[39m
                [36m<circle[39m
                  [33mcx[39m=[32m"12"[39m
                  [33mcy[39m=[32m"16"[39m
                  [33mr[39m=[32m"1"[39m
                [36m/>[39m
                [36m<rect[39m
                  [33mheight[39m=[32m"12"[39m
                  [33mrx[39m=[32m"2"[39m
                  [33mwidth[39m=[32m"18"[39m
                  [33mx[39m=[32m"3"[39m
                  [33my[39m=[32m"10"[39m
                [36m/>[39m
                [36m<path[39m
                  [33md[39m=[32m"M7 10V7a5 5 0 0 1 10 0v3"[39m
                [36m/>[39m
              [36m</svg>[39m
              [36m<span>[39m
                [0mSSO를 사용할 수 없을 때를 위한 복구용 관리자 계정입니다. 평소에는 회사 계정으로 로그인하세요.[0m
              [36m</span>[39m
            [36m</div>[39m
            [36m<div[39m
              [33mclass[39m=[32m"field"[39m
            [36m>[39m
              [36m<label[39m
                [33mfor[39m=[32m"bootstrap-user"[39m
              [36m>[39m
                [0mBootstrap 관리자[0m
              [36m</label>[39m
              [36m<input[39m
                [33mautocomplete[39m=[32m"username"[39m
                [33mclass[39m=[32m"input"[39m
                [33mid[39m=[32m"bootstrap-user"[39m
                [33mrequired[39m=[32m""[39m
                [33mvalue[39m=[32m""[39m
              [36m/>[39m
            [36m</div>[39m
            [36m<div[39m
              [33mclass[39m=[32m"field"[39m
            [36m>[39m
              [36m<label[39m
                [33mfor[39m=[32m"bootstrap-password"[39m
              [36m>[39m
                [0m비밀번호[0m
              [36m</label>[39m
              [36m<input[39m
                [33mautocomplete[39m=[32m"current-password"[39m
                [33mclass[39m=[32m"input"[39m
                [33mid[39m=[32m"bootstrap-password"[39m
                [33mrequired[39m=[32m""[39m
                [33mtype[39m=[32m"password"[39m
                [33mvalue[39m=[32m""[39m
              [36m/>[39m
            [36m</div>[39m
            [36m<button[39m
              [33mclass[39m=[32m"button button-primary w-full"[39m
              [33mtype[39m=[32m"submit"[39m
            [36m>[39m
              [36m<svg[39m
                [33maria-hidden[39m=[32m"true"[39m
                [33mclass[39m=[32m"lucide lucide-log-in"[39m
                [33mfill[39m=[32m"none"[39m
                [33mheight[39m=[32m"18"[39m
                [33mstroke[39m=[32m"currentColor"[39m
                [33mstroke-linecap[39m=[32m"round"[39m
                [33mstroke-linejoin[39m=[32m"round"[39m
                [33mstroke-width[39m=[32m"2"[39m
                [33mviewBox[39m=[32m"0 0 24 24"[39m
                [33mwidth[39m=[32m"18"[39m
                [33mxmlns[39m=[32m"http://www.w3.org/2000/svg"[39m
              [36m>[39m
                [36m<path[39m
                  [33md[39m=[32m"m10 17 5-5-5-5"[39m
                [36m/>[39m
                [36m<path[39m
                  [33md[39m=[32m"M15 12H3"[39m
                [36m/>[39m
                [36m<path[39m
                  [33md[39m=[32m"M15 3h4a2 2 0 0 1 2 2v14a2 2 0 0 1-2 2h-4"[39m
                [36m/>[39m
              [36m</svg>[39m
              [0m [0m
              [0m관리자 로그인[0m
            [36m</button>[39m
          [36m</form>[39m
          [36m<div[39m
            [33mclass[39m=[32m"login-version"[39m
          [36m>[39m
            [36m<svg[39m
              [33maria-hidden[39m=[32m"true"[39m
              [33mclass[39m=[32m"lucide lucide-boxes inline mr-1"[39m
              [33mfill[39m=[32m"none"[39m
              [33mheight[39m=[32m"15"[39m
              [33mstroke[39m=[32m"currentColor"[39m
              [33mstroke-linecap[39m=[32m"round"[39m
              [33mstroke-linejoin[39m=[32m"round"[39m
              [33mstroke-width[39m=[32m"2"[39m
              [33mviewBox[39m=[32m"0 0 24 24"[39m
              [33mwidth[39m=[32m"15"[39m
              [33mxmlns[39m=[32m"http://www.w3.org/2000/svg"[39m
            [36m>[39m
              [36m<path[39m
                [33md[39m=[32m"M2.97 12.92A2 2 0 0 0 2 14.63v3.24a2 2 0 0 0 .97 1.71l3 1.8a2 2 0 0 0 2.06 0L12 19v-5.5l-5-3-4.03 2.42Z"[39m
              [36m/>[39m
              [36m<path[39m
                [33md[39m=[32m"m7 16.5-4.74-2.85"[39m
              [36m/>[39m
              [36m<path[39m
                [33md[39m=[32m"m7 16.5 5-3"[39m
              [36m/>[39m
              [36m<path[39m
                [33md[39m=[32m"M7 16.5v5.17"[39m
              [36m/>[39m
              [36m<path[39m
                [33md[39m=[32m"M12 13.5V19l3.97 2.38a2 2 0 0 0 2.06 0l3-1.8a2 2 0 0 0 .97-1.71v-3.24a2 2 0 0 0-.97-1.71L17 10.5l-5 3Z"[39m
              [36m/>[39m
              [36m<path[39m
                [33md[39m=[32m"m17 16.5-5-3"[39m
              [36m/>[39m
              [36m<path[39m
                [33md[39m=[32m"m17 16.5 4.74-2.85"[39m
              [36m/>[39m
              [36m<path[39m
                [33md[39m=[32m"M17 16.5v5.17"[39m
              [36m/>[39m
              [36m<path[39m
                [33md[39m=[32m"M7.97 4.42A2 2 0 0 0 7 6.13v4.37l5 3 5-3V6.13a2 2 0 0 0-.97-1.71l-3-1.8a2 2 0 0 0-2.06 0l-3 1.8Z"[39m
              [36m/>[39m
              [36m<path[39m
                [33md[39m=[32m"M12 8 7.26 5.15"[39m
              [36m/>[39m
              [36m<path[39m
                [33md[39m=[32m"m12 8 4.74-2.85"[39m
              [36m/>[39m
              [36m<path[39m
                [33md[39m=[32m"M12 13.5V8"[39m
              [36m/>[39m
            [36m</svg>[39m
            [0m AppStore[0m
            [0m [0m
            [0mtest[0m
          [36m</div>[39m
        [36m</div>[39m
      [36m</section>[39m
    [36m</main>[39m
  [36m</div>[39m
[36m</body>[39m

Ignored nodes: comments, script, style
[36m<body>[39m
  [36m<div>[39m
    [36m<main[39m
      [33mclass[39m=[32m"login-page"[39m
    [36m>[39m
      [36m<section[39m
        [33maria-labelledby[39m=[32m"login-hero-title"[39m
        [33mclass[39m=[32m"login-visual"[39m
      [36m>[39m
        [36m<div[39m
          [33mclass[39m=[32m"login-copy"[39m
        [36m>[39m
          [36m<span[39m
            [33mclass[39m=[32m"badge badge-primary"[39m
          [36m>[39m
            [36m<svg[39m
              [33maria-hidden[39m=[32m"true"[39m
              [33mclass[39m=[32m"lucide lucide-sparkles"[39m
              [33mfill[39m=[32m"none"[39m
              [33mheight[39m=[32m"15"[39m
              [33mstroke[39m=[32m"currentColor"[39m
              [33mstroke-linecap[39m=[32m"round"[39m
              [33mstroke-linejoin[39m=[32m"round"[39m
              [33mstroke-width[39m=[32m"2"[39m
              [33mviewBox[39m=[32m"0 0 24 24"[39m
              [33mwidth[39m=[32m"15"[39m
              [33mxmlns[39m=[32m"http://www.w3.org/2000/svg"[39m
            [36m>[39m
              [36m<path[39m
                [33md[39m=[32m"M11.017 2.814a1 1 0 0 1 1.966 0l1.051 5.558a2 2 0 0 0 1.594 1.594l5.558 1.051a1 1 0 0 1 0 1.966l-5.558 1.051a2 2 0 0 0-1.594 1.594l-1.051 5.558a1 1 0 0 1-1.966 0l-1.051-5.558a2 2 0 0 0-1.594-1.594l-5.558-1.051a1 1 0 0 1 0-1.966l5.558-1.051a2 2 0 0 0 1.594-1.594z"[39m
              [36m/>[39m
              [36m<path[39m
                [33md[39m=[32m"M20 2v4"[39m
              [36m/>[39m
              [36m<path[39m
                [33md[39m=[32m"M22 4h-4"[39m
              [36m/>[39m
              [36m<circle[39m
                [33mcx[39m=[32m"4"[39m
                [33mcy[39m=[32m"20"[39m
                [33mr[39m=[32m"2"[39m
              [36m/>[39m
            [36m</svg>[39m
            [0m 사내 앱 스토어[0m
          [36m</span>[39m
          [36m<h1[39m
            [33mid[39m=[32m"login-hero-title"[39m
          [36m>[39m
            [0m발견하고,[0m
            [36m<br />[39m
            [0m안전하게 관리하세요.[0m
          [36m</h1>[39m
          [36m<p>[39m
            [0m일반 탐색은 로그인 없이 자유롭게. 등록과 개인 키, 운영 설정은 명확한 권한 아래에서 관리합니다.[0m
          [36m</p>[39m
        [36m</div>[39m
      [36m</section>[39m
      [36m<section[39m
        [33maria-labelledby[39m=[32m"login-title"[39m
        [33mclass[39m=[32m"login-panel"[39m
      [36m>[39m
        [36m<div[39m
          [33mclass[39m=[32m"card login-card"[39m
        [36m>[39m
          [36m<span[39m
            [33maria-hidden[39m=[32m"true"[39m
            [33mclass[39m=[32m"brand-mark mb-5"[39m
          [36m>[39m
            [0mA[0m
          [36m</span>[39m
          [36m<p[39m
            [33mclass[39m=[32m"eyebrow"[39m
          [36m>[39m
            [0mSecure access[0m
          [36m</p>[39m
          [36m<h2[39m
            [33mclass[39m=[32m"section-title"[39m
            [33mid[39m=[32m"login-title"[39m
          [36m>[39m
            [0mAppStore[0m
            [0m 로그인[0m
          [36m</h2>[39m
          [36m<p[39m
            [33mclass[39m=[32m"page-description mb-7"[39m
          [36m>[39m
            [0m인증 후 원래 화면으로 안전하게 돌아갑니다.[0m
          [36m</p>[39m
          [36m<a[39m
            [33mclass[39m=[32m"button button-primary w-full"[39m
            [33mhref[39m=[32m"/api/v1/auth/oidc/login?returnTo=%2F"[39m
          [36m>[39m
            [36m<svg[39m
              [33maria-hidden[39m=[32m"true"[39m
              [33mclass[39m=[32m"lucide lucide-shield-check"[39m
              [33mfill[39m=[32m"none"[39m
              [33mheight[39m=[32m"19"[39m
              [33mstroke[39m=[32m"currentColor"[39m
              [33mstroke-linecap[39m=[32m"round"[39m
              [33mstroke-linejoin[39m=[32m"round"[39m
              [33mstroke-width[39m=[32m"2"[39m
              [33mviewBox[39m=[32m"0 0 24 24"[39m
              [33mwidth[39m=[32m"19"[39m
              [33mxmlns[39m=[32m"http://www.w3.org/2000/svg"[39m
            [36m>[39m
              [36m<path[39m
                [33md[39m=[32m"M20 13c0 5-3.5 7.5-7.66 8.95a1 1 0 0 1-.67-.01C7.5 20.5 4 18 4 13V6a1 1 0 0 1 1-1c2 0 4.5-1.2 6.24-2.72a1.17 1.17 0 0 1 1.52 0C14.51 3.81 17 5 19 5a1 1 0 0 1 1 1z"[39m
              [36m/>[39m
              [36m<path[39m
                [33md[39m=[32m"m9 12 2 2 4-4"[39m
              [36m/>[39m
            [36m</svg>[39m
            [0m 회사 계정으로 SSO 로그인[0m
          [36m</a>[39m
          [36m<form[39m
            [33mclass[39m=[32m"mt-5"[39m
            [33mid[39m=[32m"local-login-form"[39m
          [36m>[39m
            [36m<div[39m
              [33mclass[39m=[32m"notice mb-5"[39m
            [36m>[39m
              [36m<svg[39m
                [33maria-hidden[39m=[32m"true"[39m
                [33mclass[39m=[32m"lucide lucide-lock-keyhole"[39m
                [33mfill[39m=[32m"none"[39m
                [33mheight[39m=[32m"20"[39m
                [33mstroke[39m=[32m"currentColor"[39m
                [33mstroke-linecap[39m=[32m"round"[39m
                [33mstroke-linejoin[39m=[32m"round"[39m
                [33mstroke-width[39m=[32m"2"[39m
                [33mviewBox[39m=[32m"0 0 24 24"[39m
                [33mwidth[39m=[32m"20"[39m
                [33mxmlns[39m=[32m"http://www.w3.org/2000/svg"[39m
              [36m>[39m
                [36m<circle[39m
                  [33mcx[39m=[32m"12"[39m
                  [33mcy[39m=[32m"16"[39m
                  [33mr[39m=[32m"1"[39m
                [36m/>[39m
                [36m<rect[39m
                  [33mheight[39m=[32m"12"[39m
                  [33mrx[39m=[32m"2"[39m
                  [33mwidth[39m=[32m"18"[39m
                  [33mx[39m=[32m"3"[39m
                  [33my[39m=[32m"10"[39m
                [36m/>[39m
                [36m<path[39m
                  [33md[39m=[32m"M7 10V7a5 5 0 0 1 10 0v3"[39m
                [36m/>[39m
              [36m</svg>[39m
              [36m<span>[39m
                [0mSSO를 사용할 수 없을 때를 위한 복구용 관리자 계정입니다. 평소에는 회사 계정으로 로그인하세요.[0m
              [36m</span>[39m
            [36m</div>[39m
            [36m<div[39m
              [33mclass[39m=[32m"field"[39m
            [36m>[39m
              [36m<label[39m
                [33mfor[39m=[32m"bootstrap-user"[39m
              [36m>[39m
                [0mBootstrap 관리자[0m
              [36m</label>[39m
              [36m<input[39m
                [33mautocomplete[39m=[32m"username"[39m
                [33mclass[39m=[32m"input"[39m
                [33mid[39m=[32m"bootstrap-user"[39m
                [33mrequired[39m=[32m""[39m
                [33mvalue[39m=[32m""[39m
              [36m/>[39m
            [36m</div>[39m
            [36m<div[39m
              [33mclass[39m=[32m"field"[39m
            [36m>[39m
              [36m<label[39m
                [33mfor[39m=[32m"bootstrap-password"[39m
              [36m>[39m
                [0m비밀번호[0m
              [36m</label>[39m
              [36m<input[39m
                [33mautocomplete[39m=[32m"current-password"[39m
                [33mclass[39m=[32m"input"[39m
                [33mid[39m=[32m"bootstrap-password"[39m
                [33mrequired[39m=[32m""[39m
                [33mtype[39m=[32m"password"[39m
                [33mvalue[39m=[32m""[39m
              [36m/>[39m
            [36m</div>[39m
            [36m<button[39m
              [33mclass[39m=[32m"button button-primary w-full"[39m
              [33mtype[39m=[32m"submit"[39m
            [36m>[39m
              [36m<svg[39m
                [33maria-hidden[39m=[32m"true"[39m
                [33mclass[39m=[32m"lucide lucide-log-in"[39m
                [33mfill[39m=[32m"none"[39m
                [33mheight[39m=[32m"18"[39m
                [33mstroke[39m=[32m"currentColor"[39m
                [33mstroke-linecap[39m=[32m"round"[39m
                [33mstroke-linejoin[39m=[32m"round"[39m
                [33mstroke-width[39m=[32m"2"[39m
                [33mviewBox[39m=[32m"0 0 24 24"[39m
                [33mwidth[39m=[32m"18"[39m
                [33mxmlns[39m=[32m"http://www.w3.org/2000/svg"[39m
              [36m>[39m
                [36m<path[39m
                  [33md[39m=[32m"m10 17 5-5-5-5"[39m
                [36m/>[39m
                [36m<path[39m
                  [33md[39m=[32m"M15 12H3"[39m
                [36m/>[39m
                [36m<path[39m
                  [33md[39m=[32m"M15 3h4a2 2 0 0 1 2 2v14a2 2 0 0 1-2 2h-4"[39m
                [36m/>[39m
              [36m</svg>[39m
              [0m [0m
              [0m관리자 로그인[0m
            [36m</button>[39m
          [36m</form>[39m
          [36m<div[39m
            [33mclass[39m=[32m"login-version"[39m
          [36m>[39m
            [36m<svg[39m
              [33maria-hidden[39m=[32m"true"[39m
              [33mclass[39m=[32m"lucide lucide-boxes inline mr-1"[39m
              [33mfill[39m=[32m"none"[39m
              [33mheight[39m=[32m"15"[39m
              [33mstroke[39m=[32m"currentColor"[39m
              [33mstroke-linecap[39m=[32m"round"[39m
              [33mstroke-linejoin[39m=[32m"round"[39m
              [33mstroke-width[39m=[32m"2"[39m
              [33mviewBox[39m=[32m"0 0 24 24"[39m
              [33mwidth[39m=[32m"15"[39m
              [33mxmlns[39m=[32m"http://www.w3.org/2000/svg"[39m
            [36m>[39m
              [36m<path[39m
                [33md[39m=[32m"M2.97 12.92A2 2 0 0 0 2 14.63v3.24a2 2 0 0 0 .97 1.71l3 1.8a2 2 0 0 0 2.06 0L12 19v-5.5l-5-3-4.03 2.42Z"[39m
              [36m/>[39m
              [36m<path[39m
                [33md[39m=[32m"m7 16.5-4.74-2.85"[39m
              [36m/>[39m
              [36m<path[39m
                [33md[39m=[32m"m7 16.5 5-3"[39m
              [36m/>[39m
              [36m<path[39m
                [33md[39m=[32m"M7 16.5v5.17"[39m
              [36m/>[39m
              [36m<path[39m
                [33md[39m=[32m"M12 13.5V19l3.97 2.38a2 2 0 0 0 2.06 0l3-1.8a2 2 0 0 0 .97-1.71v-3.24a2 2 0 0 0-.97-1.71L17 10.5l-5 3Z"[39m
              [36m/>[39m
              [36m<path[39m
                [33md[39m=[32m"m17 16.5-5-3"[39m
              [36m/>[39m
              [36m<path[39m
                [33md[39m=[32m"m17 16.5 4.74-2.85"[39m
              [36m/>[39m
              [36m<path[39m
                [33md[39m=[32m"M17 16.5v5.17"[39m
              [36m/>[39m
              [36m<path[39m
                [33md[39m=[32m"M7.97 4.42A2 2 0 0 0 7 6.13v4.37l5 3 5-3V6.13a2 2 0 0 0-.97-1.71l-3-1.8a2 2 0 0 0-2.06 0l-3 1.8Z"[39m
              [36m/>[39m
              [36m<path[39m
                [33md[39m=[32m"M12 8 7.26 5.15"[39m
              [36m/>[39m
              [36m<path[39m
                [33md[39m=[32m"m12 8 4.74-2.85"[39m
              [36m/>[39m
              [36m<path[39m
                [33md[39m=[32m"M12 13.5V8"[39m
              [36m/>[39m
            [36m</svg>[39m
            [0m AppStore[0m
            [0m [0m
            [0mtest[0m
          [36m</div>[39m
        [36m</div>[39m
      [36m</section>[39m
    [36m</main>[39m
  [36m</div>[39m
[36m</body>[39m
   ✓ Login page after a refused silent SSO > explains why the visitor was not signed in automatically 13ms
   ✓ Login page after a refused silent SSO > stays quiet when the address carries no sso=none marker 10ms
   ✓ Login page after a refused silent SSO > keeps the SSO link carrying only returnTo 11ms
   ✓ Login page after a refused silent SSO > drops the notice once SSO is switched off, even from an old address 9ms

⎯⎯⎯⎯⎯⎯⎯ Failed Tests 1 ⎯⎯⎯⎯⎯⎯⎯

 FAIL  src/pages/auth-pages.test.tsx > Login methods > keeps bootstrap behind a reversible recovery toggle when SSO is available
TestingLibraryElementError: Unable to find role="button" and name "관리자 계정으로 로그인"

Ignored nodes: comments, script, style
[36m<body>[39m
  [36m<div>[39m
    [36m<main[39m
      [33mclass[39m=[32m"login-page"[39m
    [36m>[39m
      [36m<section[39m
        [33maria-labelledby[39m=[32m"login-hero-title"[39m
        [33mclass[39m=[32m"login-visual"[39m
      [36m>[39m
        [36m<div[39m
          [33mclass[39m=[32m"login-copy"[39m
        [36m>[39m
          [36m<span[39m
            [33mclass[39m=[32m"badge badge-primary"[39m
          [36m>[39m
            [36m<svg[39m
              [33maria-hidden[39m=[32m"true"[39m
              [33mclass[39m=[32m"lucide lucide-sparkles"[39m
              [33mfill[39m=[32m"none"[39m
              [33mheight[39m=[32m"15"[39m
              [33mstroke[39m=[32m"currentColor"[39m
              [33mstroke-linecap[39m=[32m"round"[39m
              [33mstroke-linejoin[39m=[32m"round"[39m
              [33mstroke-width[39m=[32m"2"[39m
              [33mviewBox[39m=[32m"0 0 24 24"[39m
              [33mwidth[39m=[32m"15"[39m
              [33mxmlns[39m=[32m"http://www.w3.org/2000/svg"[39m
            [36m>[39m
              [36m<path[39m
                [33md[39m=[32m"M11.017 2.814a1 1 0 0 1 1.966 0l1.051 5.558a2 2 0 0 0 1.594 1.594l5.558 1.051a1 1 0 0 1 0 1.966l-5.558 1.051a2 2 0 0 0-1.594 1.594l-1.051 5.558a1 1 0 0 1-1.966 0l-1.051-5.558a2 2 0 0 0-1.594-1.594l-5.558-1.051a1 1 0 0 1 0-1.966l5.558-1.051a2 2 0 0 0 1.594-1.594z"[39m
              [36m/>[39m
              [36m<path[39m
                [33md[39m=[32m"M20 2v4"[39m
              [36m/>[39m
              [36m<path[39m
                [33md[39m=[32m"M22 4h-4"[39m
              [36m/>[39m
              [36m<circle[39m
                [33mcx[39m=[32m"4"[39m
                [33mcy[39m=[32m"20"[39m
                [33mr[39m=[32m"2"[39m
              [36m/>[39m
            [36m</svg>[39m
            [0m 사내 앱 스토어[0m
          [36m</span>[39m
          [36m<h1[39m
            [33mid[39m=[32m"login-hero-title"[39m
          [36m>[39m
            [0m발견하고,[0m
            [36m<br />[39m
            [0m안전하게 관리하세요.[0m
          [36m</h1>[39m
          [36m<p>[39m
            [0m일반 탐색은 로그인 없이 자유롭게. 등록과 개인 키, 운영 설정은 명확한 권한 아래에서 관리합니다.[0m
          [36m</p>[39m
        [36m</div>[39m
      [36m</section>[39m
      [36m<section[39m
        [33maria-labelledby[39m=[32m"login-title"[39m
        [33mclass[39m=[32m"login-panel"[39m
      [36m>[39m
        [36m<div[39m
          [33mclass[39m=[32m"card login-card"[39m
        [36m>[39m
          [36m<span[39m
            [33maria-hidden[39m=[32m"true"[39m
            [33mclass[39m=[32m"brand-mark mb-5"[39m
          [36m>[39m
            [0mA[0m
          [36m</span>[39m
          [36m<p[39m
            [33mclass[39m=[32m"eyebrow"[39m
          [36m>[39m
            [0mSecure access[0m
          [36m</p>[39m
          [36m<h2[39m
            [33mclass[39m=[32m"section-title"[39m
            [33mid[39m=[32m"login-title"[39m
          [36m>[39m
            [0mAppStore[0m
            [0m 로그인[0m
          [36m</h2>[39m
          [36m<p[39m
            [33mclass[39m=[32m"page-description mb-7"[39m
          [36m>[39m
            [0m인증 후 원래 화면으로 안전하게 돌아갑니다.[0m
          [36m</p>[39m
          [36m<a[39m
            [33mclass[39m=[32m"button button-primary w-full"[39m
            [33mhref[39m=[32m"/api/v1/auth/oidc/login?returnTo=%2F"[39m
          [36m>[39m
            [36m<svg[39m
              [33maria-hidden[39m=[32m"true"[39m
              [33mclass[39m=[32m"lucide lucide-shield-check"[39m
              [33mfill[39m=[32m"none"[39m
              [33mheight[39m=[32m"19"[39m
              [33mstroke[39m=[32m"currentColor"[39m
              [33mstroke-linecap[39m=[32m"round"[39m
              [33mstroke-linejoin[39m=[32m"round"[39m
              [33mstroke-width[39m=[32m"2"[39m
              [33mviewBox[39m=[32m"0 0 24 24"[39m
              [33mwidth[39m=[32m"19"[39m
              [33mxmlns[39m=[32m"http://www.w3.org/2000/svg"[39m
            [36m>[39m
              [36m<path[39m
                [33md[39m=[32m"M20 13c0 5-3.5 7.5-7.66 8.95a1 1 0 0 1-.67-.01C7.5 20.5 4 18 4 13V6a1 1 0 0 1 1-1c2 0 4.5-1.2 6.24-2.72a1.17 1.17 0 0 1 1.52 0C14.51 3.81 17 5 19 5a1 1 0 0 1 1 1z"[39m
              [36m/>[39m
              [36m<path[39m
                [33md[39m=[32m"m9 12 2 2 4-4"[39m
              [36m/>[39m
            [36m</svg>[39m
            [0m 회사 계정으로 SSO 로그인[0m
          [36m</a>[39m
          [36m<form[39m
            [33mclass[39m=[32m"mt-5"[39m
            [33mid[39m=[32m"local-login-form"[39m
          [36m>[39m
            [36m<div[39m
              [33mclass[39m=[32m"notice mb-5"[39m
            [36m>[39m
              [36m<svg[39m
                [33maria-hidden[39m=[32m"true"[39m
                [33mclass[39m=[32m"lucide lucide-lock-keyhole"[39m
                [33mfill[39m=[32m"none"[39m
                [33mheight[39m=[32m"20"[39m
                [33mstroke[39m=[32m"currentColor"[39m
                [33mstroke-linecap[39m=[32m"round"[39m
                [33mstroke-linejoin[39m=[32m"round"[39m
                [33mstroke-width[39m=[32m"2"[39m
                [33mviewBox[39m=[32m"0 0 24 24"[39m
                [33mwidth[39m=[32m"20"[39m
                [33mxmlns[39m=[32m"http://www.w3.org/2000/svg"[39m
              [36m>[39m
                [36m<circle[39m
                  [33mcx[39m=[32m"12"[39m
                  [33mcy[39m=[32m"16"[39m
                  [33mr[39m=[32m"1"[39m
                [36m/>[39m
                [36m<rect[39m
                  [33mheight[39m=[32m"12"[39m
                  [33mrx[39m=[32m"2"[39m
                  [33mwidth[39m=[32m"18"[39m
                  [33mx[39m=[32m"3"[39m
                  [33my[39m=[32m"10"[39m
                [36m/>[39m
                [36m<path[39m
                  [33md[39m=[32m"M7 10V7a5 5 0 0 1 10 0v3"[39m
                [36m/>[39m
              [36m</svg>[39m
              [36m<span>[39m
                [0mSSO를 사용할 수 없을 때를 위한 복구용 관리자 계정입니다. 평소에는 회사 계정으로 로그인하세요.[0m
              [36m</span>[39m
            [36m</div>[39m
            [36m<div[39m
              [33mclass[39m=[32m"field"[39m
            [36m>[39m
              [36m<label[39m
                [33mfor[39m=[32m"bootstrap-user"[39m
              [36m>[39m
                [0mBootstrap 관리자[0m
              [36m</label>[39m
              [36m<input[39m
                [33mautocomplete[39m=[32m"username"[39m
                [33mclass[39m=[32m"input"[39m
                [33mid[39m=[32m"bootstrap-user"[39m
                [33mrequired[39m=[32m""[39m
                [33mvalue[39m=[32m""[39m
              [36m/>[39m
            [36m</div>[39m
            [36m<div[39m
              [33mclass[39m=[32m"field"[39m
            [36m>[39m
              [36m<label[39m
                [33mfor[39m=[32m"bootstrap-password"[39m
              [36m>[39m
                [0m비밀번호[0m
              [36m</label>[39m
              [36m<input[39m
                [33mautocomplete[39m=[32m"current-password"[39m
                [33mclass[39m=[32m"input"[39m
                [33mid[39m=[32m"bootstrap-password"[39m
                [33mrequired[39m=[32m""[39m
                [33mtype[39m=[32m"password"[39m
                [33mvalue[39m=[32m""[39m
              [36m/>[39m
            [36m</div>[39m
            [36m<button[39m
              [33mclass[39m=[32m"button button-primary w-full"[39m
              [33mtype[39m=[32m"submit"[39m
            [36m>[39m
              [36m<svg[39m
                [33maria-hidden[39m=[32m"true"[39m
                [33mclass[39m=[32m"lucide lucide-log-in"[39m
                [33mfill[39m=[32m"none"[39m
                [33mheight[39m=[32m"18"[39m
                [33mstroke[39m=[32m"currentColor"[39m
                [33mstroke-linecap[39m=[32m"round"[39m
                [33mstroke-linejoin[39m=[32m"round"[39m
                [33mstroke-width[39m=[32m"2"[39m
                [33mviewBox[39m=[32m"0 0 24 24"[39m
                [33mwidth[39m=[32m"18"[39m
                [33mxmlns[39m=[32m"http://www.w3.org/2000/svg"[39m
              [36m>[39m
                [36m<path[39m
                  [33md[39m=[32m"m10 17 5-5-5-5"[39m
                [36m/>[39m
                [36m<path[39m
                  [33md[39m=[32m"M15 12H3"[39m
                [36m/>[39m
                [36m<path[39m
                  [33md[39m=[32m"M15 3h4a2 2 0 0 1 2 2v14a2 2 0 0 1-2 2h-4"[39m
                [36m/>[39m
              [36m</svg>[39m
              [0m [0m
              [0m관리자 로그인[0m
            [36m</button>[39m
          [36m</form>[39m
          [36m<div[39m
            [33mclass[39m=[32m"login-version"[39m
          [36m>[39m
            [36m<svg[39m
              [33maria-hidden[39m=[32m"true"[39m
              [33mclass[39m=[32m"lucide lucide-boxes inline mr-1"[39m
              [33mfill[39m=[32m"none"[39m
              [33mheight[39m=[32m"15"[39m
              [33mstroke[39m=[32m"currentColor"[39m
              [33mstroke-linecap[39m=[32m"round"[39m
              [33mstroke-linejoin[39m=[32m"round"[39m
              [33mstroke-width[39m=[32m"2"[39m
              [33mviewBox[39m=[32m"0 0 24 24"[39m
              [33mwidth[39m=[32m"15"[39m
              [33mxmlns[39m=[32m"http://www.w3.org/2000/svg"[39m
            [36m>[39m
              [36m<path[39m
                [33md[39m=[32m"M2.97 12.92A2 2 0 0 0 2 14.63v3.24a2 2 0 0 0 .97 1.71l3 1.8a2 2 0 0 0 2.06 0L12 19v-5.5l-5-3-4.03 2.42Z"[39m
              [36m/>[39m
              [36m<path[39m
                [33md[39m=[32m"m7 16.5-4.74-2.85"[39m
              [36m/>[39m
              [36m<path[39m
                [33md[39m=[32m"m7 16.5 5-3"[39m
              [36m/>[39m
              [36m<path[39m
                [33md[39m=[32m"M7 16.5v5.17"[39m
              [36m/>[39m
              [36m<path[39m
                [33md[39m=[32m"M12 13.5V19l3.97 2.38a2 2 0 0 0 2.06 0l3-1.8a2 2 0 0 0 .97-1.71v-3.24a2 2 0 0 0-.97-1.71L17 10.5l-5 3Z"[39m
              [36m/>[39m
              [36m<path[39m
                [33md[39m=[32m"m17 16.5-5-3"[39m
              [36m/>[39m
              [36m<path[39m
                [33md[39m=[32m"m17 16.5 4.74-2.85"[39m
              [36m/>[39m
              [36m<path[39m
                [33md[39m=[32m"M17 16.5v5.17"[39m
              [36m/>[39m
              [36m<path[39m
                [33md[39m=[32m"M7.97 4.42A2 2 0 0 0 7 6.13v4.37l5 3 5-3V6.13a2 2 0 0 0-.97-1.71l-3-1.8a2 2 0 0 0-2.06 0l-3 1.8Z"[39m
              [36m/>[39m
              [36m<path[39m
                [33md[39m=[32m"M12 8 7.26 5.15"[39m
              [36m/>[39m
              [36m<path[39m
                [33md[39m=[32m"m12 8 4.74-2.85"[39m
              [36m/>[39m
              [36m<path[39m
                [33md[39m=[32m"M12 13.5V8"[39m
              [36m/>[39m
            [36m</svg>[39m
            [0m AppStore[0m
            [0m [0m
            [0mtest[0m
          [36m</div>[39m
        [36m</div>[39m
      [36m</section>[39m
    [36m</main>[39m
  [36m</div>[39m
[36m</body>[39m

Ignored nodes: comments, script, style
[36m<body>[39m
  [36m<div>[39m
    [36m<main[39m
      [33mclass[39m=[32m"login-page"[39m
    [36m>[39m
      [36m<section[39m
        [33maria-labelledby[39m=[32m"login-hero-title"[39m
        [33mclass[39m=[32m"login-visual"[39m
      [36m>[39m
        [36m<div[39m
          [33mclass[39m=[32m"login-copy"[39m
        [36m>[39m
          [36m<span[39m
            [33mclass[39m=[32m"badge badge-primary"[39m
          [36m>[39m
            [36m<svg[39m
              [33maria-hidden[39m=[32m"true"[39m
              [33mclass[39m=[32m"lucide lucide-sparkles"[39m
              [33mfill[39m=[32m"none"[39m
              [33mheight[39m=[32m"15"[39m
              [33mstroke[39m=[32m"currentColor"[39m
              [33mstroke-linecap[39m=[32m"round"[39m
              [33mstroke-linejoin[39m=[32m"round"[39m
              [33mstroke-width[39m=[32m"2"[39m
              [33mviewBox[39m=[32m"0 0 24 24"[39m
              [33mwidth[39m=[32m"15"[39m
              [33mxmlns[39m=[32m"http://www.w3.org/2000/svg"[39m
            [36m>[39m
              [36m<path[39m
                [33md[39m=[32m"M11.017 2.814a1 1 0 0 1 1.966 0l1.051 5.558a2 2 0 0 0 1.594 1.594l5.558 1.051a1 1 0 0 1 0 1.966l-5.558 1.051a2 2 0 0 0-1.594 1.594l-1.051 5.558a1 1 0 0 1-1.966 0l-1.051-5.558a2 2 0 0 0-1.594-1.594l-5.558-1.051a1 1 0 0 1 0-1.966l5.558-1.051a2 2 0 0 0 1.594-1.594z"[39m
              [36m/>[39m
              [36m<path[39m
                [33md[39m=[32m"M20 2v4"[39m
              [36m/>[39m
              [36m<path[39m
                [33md[39m=[32m"M22 4h-4"[39m
              [36m/>[39m
              [36m<circle[39m
                [33mcx[39m=[32m"4"[39m
                [33mcy[39m=[32m"20"[39m
                [33mr[39m=[32m"2"[39m
              [36m/>[39m
            [36m</svg>[39m
            [0m 사내 앱 스토어[0m
          [36m</span>[39m
          [36m<h1[39m
            [33mid[39m=[32m"login-hero-title"[39m
          [36m>[39m
            [0m발견하고,[0m
            [36m<br />[39m
            [0m안전하게 관리하세요.[0m
          [36m</h1>[39m
          [36m<p>[39m
            [0m일반 탐색은 로그인 없이 자유롭게. 등록과 개인 키, 운영 설정은 명확한 권한 아래에서 관리합니다.[0m
          [36m</p>[39m
        [36m</div>[39m
      [36m</section>[39m
      [36m<section[39m
        [33maria-labelledby[39m=[32m"login-title"[39m
        [33mclass[39m=[32m"login-panel"[39m
      [36m>[39m
        [36m<div[39m
          [33mclass[39m=[32m"card login-card"[39m
        [36m>[39m
          [36m<span[39m
            [33maria-hidden[39m=[32m"true"[39m
            [33mclass[39m=[32m"brand-mark mb-5"[39m
          [36m>[39m
            [0mA[0m
          [36m</span>[39m
          [36m<p[39m
            [33mclass[39m=[32m"eyebrow"[39m
          [36m>[39m
            [0mSecure access[0m
          [36m</p>[39m
          [36m<h2[39m
            [33mclass[39m=[32m"section-title"[39m
            [33mid[39m=[32m"login-title"[39m
          [36m>[39m
            [0mAppStore[0m
            [0m 로그인[0m
          [36m</h2>[39m
          [36m<p[39m
            [33mclass[39m=[32m"page-description mb-7"[39m
          [36m>[39m
            [0m인증 후 원래 화면으로 안전하게 돌아갑니다.[0m
          [36m</p>[39m
          [36m<a[39m
            [33mclass[39m=[32m"button button-primary w-full"[39m
            [33mhref[39m=[32m"/api/v1/auth/oidc/login?returnTo=%2F"[39m
          [36m>[39m
            [36m<svg[39m
              [33maria-hidden[39m=[32m"true"[39m
              [33mclass[39m=[32m"lucide lucide-shield-check"[39m
              [33mfill[39m=[32m"none"[39m
              [33mheight[39m=[32m"19"[39m
              [33mstroke[39m=[32m"currentColor"[39m
              [33mstroke-linecap[39m=[32m"round"[39m
              [33mstroke-linejoin[39m=[32m"round"[39m
              [33mstroke-width[39m=[32m"2"[39m
              [33mviewBox[39m=[32m"0 0 24 24"[39m
              [33mwidth[39m=[32m"19"[39m
              [33mxmlns[39m=[32m"http://www.w3.org/2000/svg"[39m
            [36m>[39m
              [36m<path[39m
                [33md[39m=[32m"M20 13c0 5-3.5 7.5-7.66 8.95a1 1 0 0 1-.67-.01C7.5 20.5 4 18 4 13V6a1 1 0 0 1 1-1c2 0 4.5-1.2 6.24-2.72a1.17 1.17 0 0 1 1.52 0C14.51 3.81 17 5 19 5a1 1 0 0 1 1 1z"[39m
              [36m/>[39m
              [36m<path[39m
                [33md[39m=[32m"m9 12 2 2 4-4"[39m
              [36m/>[39m
            [36m</svg>[39m
            [0m 회사 계정으로 SSO 로그인[0m
          [36m</a>[39m
          [36m<form[39m
            [33mclass[39m=[32m"mt-5"[39m
            [33mid[39m=[32m"local-login-form"[39m
          [36m>[39m
            [36m<div[39m
              [33mclass[39m=[32m"notice mb-5"[39m
            [36m>[39m
              [36m<svg[39m
                [33maria-hidden[39m=[32m"true"[39m
                [33mclass[39m=[32m"lucide lucide-lock-keyhole"[39m
                [33mfill[39m=[32m"none"[39m
                [33mheight[39m=[32m"20"[39m
                [33mstroke[39m=[32m"currentColor"[39m
                [33mstroke-linecap[39m=[32m"round"[39m
                [33mstroke-linejoin[39m=[32m"round"[39m
                [33mstroke-width[39m=[32m"2"[39m
                [33mviewBox[39m=[32m"0 0 24 24"[39m
                [33mwidth[39m=[32m"20"[39m
                [33mxmlns[39m=[32m"http://www.w3.org/2000/svg"[39m
              [36m>[39m
                [36m<circle[39m
                  [33mcx[39m=[32m"12"[39m
                  [33mcy[39m=[32m"16"[39m
                  [33mr[39m=[32m"1"[39m
                [36m/>[39m
                [36m<rect[39m
                  [33mheight[39m=[32m"12"[39m
                  [33mrx[39m=[32m"2"[39m
                  [33mwidth[39m=[32m"18"[39m
                  [33mx[39m=[32m"3"[39m
                  [33my[39m=[32m"10"[39m
                [36m/>[39m
                [36m<path[39m
                  [33md[39m=[32m"M7 10V7a5 5 0 0 1 10 0v3"[39m
                [36m/>[39m
              [36m</svg>[39m
              [36m<span>[39m
                [0mSSO를 사용할 수 없을 때를 위한 복구용 관리자 계정입니다. 평소에는 회사 계정으로 로그인하세요.[0m
              [36m</span>[39m
            [36m</div>[39m
            [36m<div[39m
              [33mclass[39m=[32m"field"[39m
            [36m>[39m
              [36m<label[39m
                [33mfor[39m=[32m"bootstrap-user"[39m
              [36m>[39m
                [0mBootstrap 관리자[0m
              [36m</label>[39m
              [36m<input[39m
                [33mautocomplete[39m=[32m"username"[39m
                [33mclass[39m=[32m"input"[39m
                [33mid[39m=[32m"bootstrap-user"[39m
                [33mrequired[39m=[32m""[39m
                [33mvalue[39m=[32m""[39m
              [36m/>[39m
            [36m</div>[39m
            [36m<div[39m
              [33mclass[39m=[32m"field"[39m
            [36m>[39m
              [36m<label[39m
                [33mfor[39m=[32m"bootstrap-password"[39m
              [36m>[39m
                [0m비밀번호[0m
              [36m</label>[39m
              [36m<input[39m
                [33mautocomplete[39m=[32m"current-password"[39m
                [33mclass[39m=[32m"input"[39m
                [33mid[39m=[32m"bootstrap-password"[39m
                [33mrequired[39m=[32m""[39m
                [33mtype[39m=[32m"password"[39m
                [33mvalue[39m=[32m""[39m
              [36m/>[39m
            [36m</div>[39m
            [36m<button[39m
              [33mclass[39m=[32m"button button-primary w-full"[39m
              [33mtype[39m=[32m"submit"[39m
            [36m>[39m
              [36m<svg[39m
                [33maria-hidden[39m=[32m"true"[39m
                [33mclass[39m=[32m"lucide lucide-log-in"[39m
                [33mfill[39m=[32m"none"[39m
                [33mheight[39m=[32m"18"[39m
                [33mstroke[39m=[32m"currentColor"[39m
                [33mstroke-linecap[39m=[32m"round"[39m
                [33mstroke-linejoin[39m=[32m"round"[39m
                [33mstroke-width[39m=[32m"2"[39m
                [33mviewBox[39m=[32m"0 0 24 24"[39m
                [33mwidth[39m=[32m"18"[39m
                [33mxmlns[39m=[32m"http://www.w3.org/2000/svg"[39m
              [36m>[39m
                [36m<path[39m
                  [33md[39m=[32m"m10 17 5-5-5-5"[39m
                [36m/>[39m
                [36m<path[39m
                  [33md[39m=[32m"M15 12H3"[39m
                [36m/>[39m
                [36m<path[39m
                  [33md[39m=[32m"M15 3h4a2 2 0 0 1 2 2v14a2 2 0 0 1-2 2h-4"[39m
                [36m/>[39m
              [36m</svg>[39m
              [0m [0m
              [0m관리자 로그인[0m
            [36m</button>[39m
          [36m</form>[39m
          [36m<div[39m
            [33mclass[39m=[32m"login-version"[39m
          [36m>[39m
            [36m<svg[39m
              [33maria-hidden[39m=[32m"true"[39m
              [33mclass[39m=[32m"lucide lucide-boxes inline mr-1"[39m
              [33mfill[39m=[32m"none"[39m
              [33mheight[39m=[32m"15"[39m
              [33mstroke[39m=[32m"currentColor"[39m
              [33mstroke-linecap[39m=[32m"round"[39m
              [33mstroke-linejoin[39m=[32m"round"[39m
              [33mstroke-width[39m=[32m"2"[39m
              [33mviewBox[39m=[32m"0 0 24 24"[39m
              [33mwidth[39m=[32m"15"[39m
              [33mxmlns[39m=[32m"http://www.w3.org/2000/svg"[39m
            [36m>[39m
              [36m<path[39m
                [33md[39m=[32m"M2.97 12.92A2 2 0 0 0 2 14.63v3.24a2 2 0 0 0 .97 1.71l3 1.8a2 2 0 0 0 2.06 0L12 19v-5.5l-5-3-4.03 2.42Z"[39m
              [36m/>[39m
              [36m<path[39m
                [33md[39m=[32m"m7 16.5-4.74-2.85"[39m
              [36m/>[39m
              [36m<path[39m
                [33md[39m=[32m"m7 16.5 5-3"[39m
              [36m/>[39m
              [36m<path[39m
                [33md[39m=[32m"M7 16.5v5.17"[39m
              [36m/>[39m
              [36m<path[39m
                [33md[39m=[32m"M12 13.5V19l3.97 2.38a2 2 0 0 0 2.06 0l3-1.8a2 2 0 0 0 .97-1.71v-3.24a2 2 0 0 0-.97-1.71L17 10.5l-5 3Z"[39m
              [36m/>[39m
              [36m<path[39m
                [33md[39m=[32m"m17 16.5-5-3"[39m
              [36m/>[39m
              [36m<path[39m
                [33md[39m=[32m"m17 16.5 4.74-2.85"[39m
              [36m/>[39m
              [36m<path[39m
                [33md[39m=[32m"M17 16.5v5.17"[39m
              [36m/>[39m
              [36m<path[39m
                [33md[39m=[32m"M7.97 4.42A2 2 0 0 0 7 6.13v4.37l5 3 5-3V6.13a2 2 0 0 0-.97-1.71l-3-1.8a2 2 0 0 0-2.06 0l-3 1.8Z"[39m
              [36m/>[39m
              [36m<path[39m
                [33md[39m=[32m"M12 8 7.26 5.15"[39m
              [36m/>[39m
              [36m<path[39m
                [33md[39m=[32m"m12 8 4.74-2.85"[39m
              [36m/>[39m
              [36m<path[39m
                [33md[39m=[32m"M12 13.5V8"[39m
              [36m/>[39m
            [36m</svg>[39m
            [0m AppStore[0m
            [0m [0m
            [0mtest[0m
          [36m</div>[39m
        [36m</div>[39m
      [36m</section>[39m
    [36m</main>[39m
  [36m</div>[39m
[36m</body>[39m
 ❯ waitForWrapper node_modules/@testing-library/dom/dist/wait-for.js:163:27
 ❯ node_modules/@testing-library/dom/dist/query-helpers.js:86:33
 ❯ src/pages/auth-pages.test.tsx:99:33
     97| 
     98|     expect(await findSsoLink()).toBeVisible();
     99|     const toggle = await screen.findByRole("button", {
       |                                 ^
    100|       name: "관리자 계정으로 로그인",
    101|     });

⎯⎯⎯⎯⎯⎯⎯⎯⎯⎯⎯⎯⎯⎯⎯⎯⎯⎯⎯⎯⎯⎯⎯⎯[1/1]⎯


 Test Files  1 failed (1)
      Tests  1 failed | 8 passed (9)
   Start at  11:56:59
   Duration  1.82s (transform 80ms, setup 65ms, collect 156ms, tests 1.17s, environment 185ms, prepare 38ms)

