
> appstore-web@2.11.4 lint
> eslint . --max-warnings 0


> appstore-web@2.11.4 format:check
> prettier --check .

Checking formatting...
All matched files use Prettier code style!

> appstore-web@2.11.4 test
> vitest run


 RUN  v3.2.7 /home/hkjang/.cache/auto-improve-wt/appstore-release/web

 ✓ src/lib/utils.test.ts (5 tests) 3ms
 ✓ src/features/auth/silent-sso.test.ts (7 tests) 5ms
 ✓ src/features/home/hero-copy.test.ts (3 tests) 2ms
 ✓ src/lib/api.test.ts (6 tests) 8ms
 ✓ src/app/providers.test.tsx (1 test) 75ms
 ✓ src/components/app-shell.test.tsx (4 tests) 45ms
 ✓ src/components/ui.test.tsx (3 tests) 180ms
 ✓ src/features/apps/guide-documents.test.tsx (6 tests) 184ms
 ✓ src/features/apps/app-card.test.tsx (3 tests) 88ms
 ✓ src/pages/personal-pages.test.tsx (4 tests) 143ms
 ✓ src/pages/public-pages.test.tsx (3 tests) 157ms
 ✓ src/pages/admin-pages.test.tsx (3 tests) 153ms
 ✓ src/pages/auth-pages.test.tsx (9 tests) 243ms
 ✓ src/features/security-check/security-check.test.tsx (4 tests) 413ms
 ✓ src/pages/review-pages.test.tsx (4 tests) 346ms

 Test Files  15 passed (15)
      Tests  65 passed (65)
   Start at  12:12:10
   Duration  1.38s (transform 878ms, setup 1.62s, collect 3.30s, tests 2.04s, environment 5.25s, prepare 1.08s)


> appstore-web@2.11.4 build
> tsc -b && vite build

vite v7.3.6 building client environment for production...
transforming...
✓ 1757 modules transformed.
rendering chunks...
computing gzip size...
dist/index.html                                   0.58 kB │ gzip:   0.39 kB
dist/assets/Pretendard-Regular-DduNsf_8.woff2   630.02 kB
dist/assets/Pretendard-Medium-CcMLxVMi.woff2    640.52 kB
dist/assets/Pretendard-SemiBold-D66dyVQg.woff2  649.23 kB
dist/assets/Pretendard-Bold-CRkDENDk.woff2      655.32 kB
dist/assets/index-CPVwgOwd.css                   37.10 kB │ gzip:   8.61 kB
dist/assets/index-0r-Dfbls.js                   482.20 kB │ gzip: 145.13 kB
✓ built in 1.78s
Offline frontend asset check passed
Environment contract verified: exactly four application settings
