
> kcb-dashboard@0.1.0 test:e2e
> playwright test e2e/admin-save-failure.spec.ts

[WebServer] (node:2030093) Warning: The 'NO_COLOR' env is ignored due to the 'FORCE_COLOR' env being set.
[WebServer] (Use `node --trace-warnings ...` to show where the warning was created)
[WebServer] (node:2030106) Warning: The 'NO_COLOR' env is ignored due to the 'FORCE_COLOR' env being set.
[WebServer] (Use `node --trace-warnings ...` to show where the warning was created)
[WebServer] (node:2030154) Warning: The 'NO_COLOR' env is ignored due to the 'FORCE_COLOR' env being set.
[WebServer] (Use `node --trace-warnings ...` to show where the warning was created)

Running 12 tests using 1 worker

(node:2030204) Warning: The 'NO_COLOR' env is ignored due to the 'FORCE_COLOR' env being set.
(Use `node --trace-warnings ...` to show where the warning was created)
  ✓   1 e2e/admin-save-failure.spec.ts:77:5 › 활동 상태 변경 PUT 이 실패하면 관리 화면에 실패 메시지가 보이고, 성공하면 사라진다 (1.0s)
  ✓   2 e2e/admin-save-failure.spec.ts:96:5 › 활동 변경이 401 이면 다시 로그인 화면으로 돌아간다 (1.0s)
  ✓   3 e2e/admin-save-failure.spec.ts:121:5 › 삭제 확인창은 한 번만 뜨고 실제로 지우는 항목의 제목을 보여 준다 (791ms)
  ✓   4 e2e/admin-save-failure.spec.ts:142:5 › 인라인 편집 저장이 실패하면 입력이 닫히지 않고 입력한 값이 남는다 (942ms)
  ✓   5 e2e/admin-save-failure.spec.ts:165:5 › 상황판 제목 저장이 실패하면 편집이 닫히지 않고 실패 메시지가 보인다 (1.0s)
  ✓   6 e2e/admin-save-failure.spec.ts:202:5 › 행 제목·시간의 실제 검증 실패는 모든 상세를 보여 주고 올바른 값으로 재시도할 수 있다 (976ms)
  ✓   7 e2e/admin-save-failure.spec.ts:249:5 › 상황판 제목의 실제 검증 실패는 제한 원인을 보여 주고 재저장하면 상세와 편집을 닫는다 (1.1s)
  ✓   8 e2e/admin-save-failure.spec.ts:278:7 › 잘못된 details(null)는 무시하고 다음 실패의 일반 오류만 표시한다 (958ms)
  ✓   9 e2e/admin-save-failure.spec.ts:278:7 › 잘못된 details(문자열)는 무시하고 다음 실패의 일반 오류만 표시한다 (928ms)
  ✓  10 e2e/admin-save-failure.spec.ts:278:7 › 잘못된 details(객체)는 무시하고 다음 실패의 일반 오류만 표시한다 (925ms)
  ✓  11 e2e/admin-save-failure.spec.ts:278:7 › 잘못된 details(잘못된 항목)는 무시하고 다음 실패의 일반 오류만 표시한다 (943ms)
  ✓  12 e2e/admin-save-failure.spec.ts:297:5 › 비JSON 실패 응답은 이전 상세 대신 HTTP 상태 fallback을 표시한다 (926ms)

  12 passed (13.2s)
