
> kcb-dashboard@0.1.0 test:e2e
> playwright test e2e/admin-save-failure.spec.ts

[WebServer] (node:2028089) Warning: The 'NO_COLOR' env is ignored due to the 'FORCE_COLOR' env being set.
[WebServer] (Use `node --trace-warnings ...` to show where the warning was created)
[WebServer] (node:2028101) Warning: The 'NO_COLOR' env is ignored due to the 'FORCE_COLOR' env being set.
[WebServer] (Use `node --trace-warnings ...` to show where the warning was created)

Running 12 tests using 1 worker

(node:2028164) Warning: The 'NO_COLOR' env is ignored due to the 'FORCE_COLOR' env being set.
(Use `node --trace-warnings ...` to show where the warning was created)
[WebServer] (node:2028323) Warning: The 'NO_COLOR' env is ignored due to the 'FORCE_COLOR' env being set.
[WebServer] (Use `node --trace-warnings ...` to show where the warning was created)
  ✓   1 e2e/admin-save-failure.spec.ts:77:5 › 활동 상태 변경 PUT 이 실패하면 관리 화면에 실패 메시지가 보이고, 성공하면 사라진다 (3.0s)
  ✓   2 e2e/admin-save-failure.spec.ts:96:5 › 활동 변경이 401 이면 다시 로그인 화면으로 돌아간다 (1.0s)
  ✓   3 e2e/admin-save-failure.spec.ts:121:5 › 삭제 확인창은 한 번만 뜨고 실제로 지우는 항목의 제목을 보여 준다 (844ms)
  ✓   4 e2e/admin-save-failure.spec.ts:142:5 › 인라인 편집 저장이 실패하면 입력이 닫히지 않고 입력한 값이 남는다 (1.1s)
  ✓   5 e2e/admin-save-failure.spec.ts:165:5 › 상황판 제목 저장이 실패하면 편집이 닫히지 않고 실패 메시지가 보인다 (1.0s)
  ✘   6 e2e/admin-save-failure.spec.ts:202:5 › 행 제목·시간의 실제 검증 실패는 모든 상세를 보여 주고 올바른 값으로 재시도할 수 있다 (11.3s)
(node:2028998) Warning: The 'NO_COLOR' env is ignored due to the 'FORCE_COLOR' env being set.
(Use `node --trace-warnings ...` to show where the warning was created)
  ✘   7 e2e/admin-save-failure.spec.ts:249:5 › 상황판 제목의 실제 검증 실패는 제한 원인을 보여 주고 재저장하면 상세와 편집을 닫는다 (6.2s)
(node:2029232) Warning: The 'NO_COLOR' env is ignored due to the 'FORCE_COLOR' env being set.
(Use `node --trace-warnings ...` to show where the warning was created)
  ✓   8 e2e/admin-save-failure.spec.ts:278:7 › 잘못된 details(null)는 무시하고 다음 실패의 일반 오류만 표시한다 (977ms)
  ✓   9 e2e/admin-save-failure.spec.ts:278:7 › 잘못된 details(문자열)는 무시하고 다음 실패의 일반 오류만 표시한다 (906ms)
  ✓  10 e2e/admin-save-failure.spec.ts:278:7 › 잘못된 details(객체)는 무시하고 다음 실패의 일반 오류만 표시한다 (892ms)
  ✓  11 e2e/admin-save-failure.spec.ts:278:7 › 잘못된 details(잘못된 항목)는 무시하고 다음 실패의 일반 오류만 표시한다 (975ms)
  ✓  12 e2e/admin-save-failure.spec.ts:297:5 › 비JSON 실패 응답은 이전 상세 대신 HTTP 상태 fallback을 표시한다 (961ms)


  1) e2e/admin-save-failure.spec.ts:202:5 › 행 제목·시간의 실제 검증 실패는 모든 상세를 보여 주고 올바른 값으로 재시도할 수 있다 ──────

    Error: expect(locator).toContainText(expected) failed

    Locator: getByTestId('admin-save-error')
    Expected substring: "title은 300자 이하여야 합니다."
    Received string:    "activity.json 데이터 형식이 올바르지 않습니다."
    Timeout: 5000ms

    Call log:
      - Expect "soft toContainText" with timeout 5000ms
      - waiting for getByTestId('admin-save-error')
        14 × locator resolved to <div role="alert" data-testid="admin-save-error" class="mb-6 flex items-start gap-2 rounded-2xl border border-red-200 bg-red-50 p-4 font-medium text-red-800">…</div>
           - unexpected value "activity.json 데이터 형식이 올바르지 않습니다."


      231 |   const banner = page.getByTestId('admin-save-error');
      232 |   await expect(banner).toContainText(validationSummary);
    > 233 |   await expect.soft(banner).toContainText('title은 300자 이하여야 합니다.');
          |                             ^
      234 |   await expect.soft(banner).toContainText('time은 100자 이하여야 합니다.');
      235 |
      236 |   await titleInput.fill('[E2E] 검증 후 수정본');
        at /home/hkjang/.cache/auto-improve-wt/cutover/e2e/admin-save-failure.spec.ts:233:29

    Error: expect(locator).toContainText(expected) failed

    Locator: getByTestId('admin-save-error')
    Expected substring: "time은 100자 이하여야 합니다."
    Received string:    "activity.json 데이터 형식이 올바르지 않습니다."
    Timeout: 5000ms

    Call log:
      - Expect "soft toContainText" with timeout 5000ms
      - waiting for getByTestId('admin-save-error')
        14 × locator resolved to <div role="alert" data-testid="admin-save-error" class="mb-6 flex items-start gap-2 rounded-2xl border border-red-200 bg-red-50 p-4 font-medium text-red-800">…</div>
           - unexpected value "activity.json 데이터 형식이 올바르지 않습니다."


      232 |   await expect(banner).toContainText(validationSummary);
      233 |   await expect.soft(banner).toContainText('title은 300자 이하여야 합니다.');
    > 234 |   await expect.soft(banner).toContainText('time은 100자 이하여야 합니다.');
          |                             ^
      235 |
      236 |   await titleInput.fill('[E2E] 검증 후 수정본');
      237 |   await timeInput.fill('10:00 ~ 11:00');
        at /home/hkjang/.cache/auto-improve-wt/cutover/e2e/admin-save-failure.spec.ts:234:29

    attachment #1: screenshot (image/png) ──────────────────────────────────────────────────────────
    test-results/admin-save-failure-행-제목·시간-79c9a-상세를-보여-주고-올바른-값으로-재시도할-수-있다/test-failed-1.png
    ────────────────────────────────────────────────────────────────────────────────────────────────

    Error Context: test-results/admin-save-failure-행-제목·시간-79c9a-상세를-보여-주고-올바른-값으로-재시도할-수-있다/error-context.md

    attachment #3: trace (application/zip) ─────────────────────────────────────────────────────────
    test-results/admin-save-failure-행-제목·시간-79c9a-상세를-보여-주고-올바른-값으로-재시도할-수-있다/trace.zip
    Usage:

        npx playwright show-trace test-results/admin-save-failure-행-제목·시간-79c9a-상세를-보여-주고-올바른-값으로-재시도할-수-있다/trace.zip

    ────────────────────────────────────────────────────────────────────────────────────────────────

  2) e2e/admin-save-failure.spec.ts:249:5 › 상황판 제목의 실제 검증 실패는 제한 원인을 보여 주고 재저장하면 상세와 편집을 닫는다 ───────

    Error: expect(locator).toContainText(expected) failed

    Locator: getByTestId('admin-save-error')
    Expected substring: "dashboardTitle은 100자 이하여야 합니다."
    Received string:    "activity.json 데이터 형식이 올바르지 않습니다."
    Timeout: 5000ms

    Call log:
      - Expect "soft toContainText" with timeout 5000ms
      - waiting for getByTestId('admin-save-error')
        14 × locator resolved to <div role="alert" data-testid="admin-save-error" class="mb-6 flex items-start gap-2 rounded-2xl border border-red-200 bg-red-50 p-4 font-medium text-red-800">…</div>
           - unexpected value "activity.json 데이터 형식이 올바르지 않습니다."


      257 |   await expect(titleInput).toHaveValue('가'.repeat(101));
      258 |   const banner = page.getByTestId('admin-save-error');
    > 259 |   await expect.soft(banner).toContainText('dashboardTitle은 100자 이하여야 합니다.');
          |                             ^
      260 |
      261 |   await titleInput.fill('[E2E] 검증 후 상황판');
      262 |   const accepted = waitForPut(page);
        at /home/hkjang/.cache/auto-improve-wt/cutover/e2e/admin-save-failure.spec.ts:259:29

    attachment #1: screenshot (image/png) ──────────────────────────────────────────────────────────
    test-results/admin-save-failure-상황판-제목의-70f2e-원인을-보여-주고-재저장하면-상세와-편집을-닫는다/test-failed-1.png
    ────────────────────────────────────────────────────────────────────────────────────────────────

    Error Context: test-results/admin-save-failure-상황판-제목의-70f2e-원인을-보여-주고-재저장하면-상세와-편집을-닫는다/error-context.md

    attachment #3: trace (application/zip) ─────────────────────────────────────────────────────────
    test-results/admin-save-failure-상황판-제목의-70f2e-원인을-보여-주고-재저장하면-상세와-편집을-닫는다/trace.zip
    Usage:

        npx playwright show-trace test-results/admin-save-failure-상황판-제목의-70f2e-원인을-보여-주고-재저장하면-상세와-편집을-닫는다/trace.zip

    ────────────────────────────────────────────────────────────────────────────────────────────────

  2 failed
    e2e/admin-save-failure.spec.ts:202:5 › 행 제목·시간의 실제 검증 실패는 모든 상세를 보여 주고 올바른 값으로 재시도할 수 있다 ───────
    e2e/admin-save-failure.spec.ts:249:5 › 상황판 제목의 실제 검증 실패는 제한 원인을 보여 주고 재저장하면 상세와 편집을 닫는다 ────────
  10 passed (33.1s)
