ok  	github.com/hkjang/AgentHub/cmd/agenthub	1.046s
ok  	github.com/hkjang/AgentHub/cmd/agenthub-offline	(cached)
?   	github.com/hkjang/AgentHub/cmd/operator	[no test files]
ok  	github.com/hkjang/AgentHub/cmd/runtime-proxy	(cached)
?   	github.com/hkjang/AgentHub/cmd/worker	[no test files]
ok  	github.com/hkjang/AgentHub/internal/acp	(cached)
ok  	github.com/hkjang/AgentHub/internal/agentserver	(cached)
ok  	github.com/hkjang/AgentHub/internal/api	6.495s
ok  	github.com/hkjang/AgentHub/internal/buildinfo	17.949s
ok  	github.com/hkjang/AgentHub/internal/config	(cached)
ok  	github.com/hkjang/AgentHub/internal/cryptox	(cached)
ok  	github.com/hkjang/AgentHub/internal/dlp	(cached)
ok  	github.com/hkjang/AgentHub/internal/execution	1.477s
ok  	github.com/hkjang/AgentHub/internal/guard	1.020s
ok  	github.com/hkjang/AgentHub/internal/imagecatalog	1.277s
ok  	github.com/hkjang/AgentHub/internal/korean	2.081s
ok  	github.com/hkjang/AgentHub/internal/logging	(cached)
ok  	github.com/hkjang/AgentHub/internal/mail	(cached)
ok  	github.com/hkjang/AgentHub/internal/modelprobe	(cached)
ok  	github.com/hkjang/AgentHub/internal/offlinebundle	1.061s
ok  	github.com/hkjang/AgentHub/internal/operator	1.145s
ok  	github.com/hkjang/AgentHub/internal/policy	(cached)
ok  	github.com/hkjang/AgentHub/internal/quota	1.022s
ok  	github.com/hkjang/AgentHub/internal/runtime	1.056s
ok  	github.com/hkjang/AgentHub/internal/runtimecfg	(cached)
ok  	github.com/hkjang/AgentHub/internal/runtimeenv	(cached)
ok  	github.com/hkjang/AgentHub/internal/runtimespec	(cached)
ok  	github.com/hkjang/AgentHub/internal/runtimetype	(cached)
ok  	github.com/hkjang/AgentHub/internal/store	1.322s
ok  	github.com/hkjang/AgentHub/internal/telemetry	(cached)
ok  	github.com/hkjang/AgentHub/internal/tracking	(cached)
ok  	github.com/hkjang/AgentHub/internal/workflow	1.165s
