#0 building with "default" instance using docker driver

#1 [internal] load build definition from Dockerfile
#1 transferring dockerfile: 1.49kB done
#1 DONE 0.0s

#2 resolve image config for docker-image://docker.io/docker/dockerfile:1.7
#2 DONE 0.7s

#3 docker-image://docker.io/docker/dockerfile:1.7@sha256:a57df69d0ea827fb7266491f2813635de6f17269be881f696fbfdf2d83dda33e
#3 resolve docker.io/docker/dockerfile:1.7@sha256:a57df69d0ea827fb7266491f2813635de6f17269be881f696fbfdf2d83dda33e 0.0s done
#3 CACHED

#4 [internal] load metadata for docker.io/library/golang:1.24-bookworm
#4 ...

#5 [internal] load metadata for docker.io/library/node:24-alpine
#5 DONE 0.7s

#4 [internal] load metadata for docker.io/library/golang:1.24-bookworm
#4 DONE 0.7s

#6 [internal] load metadata for docker.io/library/debian:bookworm-slim
#6 DONE 0.7s

#7 [internal] load .dockerignore
#7 transferring context: 99B done
#7 DONE 0.0s

#8 [stage-2 1/3] FROM docker.io/library/debian:bookworm-slim@sha256:3783cc01769c7b2b1b83a5c5ad96c815348e28ed7da68e2e3687004faa906251
#8 resolve docker.io/library/debian:bookworm-slim@sha256:3783cc01769c7b2b1b83a5c5ad96c815348e28ed7da68e2e3687004faa906251 0.0s done
#8 DONE 0.0s

#9 [web 1/6] FROM docker.io/library/node:24-alpine@sha256:ebfe2f90462722a7a4de65e91990e97fe0d401c70e0e762c5b53302f905ec1c1
#9 resolve docker.io/library/node:24-alpine@sha256:ebfe2f90462722a7a4de65e91990e97fe0d401c70e0e762c5b53302f905ec1c1 0.0s done
#9 DONE 0.0s

#10 [backend 1/9] FROM docker.io/library/golang:1.24-bookworm@sha256:1a6d4452c65dea36aac2e2d606b01b4a029ec90cc1ae53890540ce6173ea77ac
#10 resolve docker.io/library/golang:1.24-bookworm@sha256:1a6d4452c65dea36aac2e2d606b01b4a029ec90cc1ae53890540ce6173ea77ac 0.0s done
#10 DONE 0.0s

#11 [internal] load build context
#11 transferring context: 67.24kB done
#11 DONE 0.0s

#12 [web 2/6] WORKDIR /src/web
#12 CACHED

#13 [web 3/6] COPY web/package.json web/package-lock.json ./
#13 CACHED

#14 [web 4/6] RUN npm ci --ignore-scripts && node node_modules/esbuild/install.js
#14 CACHED

#15 [web 5/6] COPY web/ ./
#15 DONE 0.1s

#16 [web 6/6] RUN npm run build
#16 0.283 
#16 0.283 > seaton-web@1.0.0 build
#16 0.283 > tsc -b && vite build
#16 0.283 
#16 4.215 vite v7.3.6 building client environment for production...
#16 4.271 transforming...
#16 6.414 ✓ 1018 modules transformed.
#16 6.679 rendering chunks...
#16 6.688 computing gzip size...
#16 6.702 dist/index.html                  0.57 kB │ gzip:   0.38 kB
#16 6.702 dist/assets/index-BBMOi6VO.js  736.84 kB │ gzip: 230.65 kB
#16 6.702 ✓ built in 2.47s
#16 DONE 6.8s

#17 [backend 2/9] WORKDIR /src
#17 CACHED

#18 [backend 3/9] COPY go.mod go.sum ./
#18 CACHED

#19 [backend 4/9] RUN go mod download
#19 CACHED

#20 [backend 5/9] COPY cmd/ cmd/
#20 CACHED

#21 [backend 6/9] COPY internal/ internal/
#21 CACHED

#22 [backend 7/9] RUN rm -rf cmd/seaton/webdist && mkdir -p cmd/seaton/webdist
#22 CACHED

#23 [backend 8/9] COPY --from=web /src/web/dist/ cmd/seaton/webdist/
#23 DONE 0.0s

#24 [backend 9/9] RUN CGO_ENABLED=0 GOOS=linux go build -trimpath     -ldflags="-s -w -X main.version=e2e -X main.commit=unknown -X main.builtAt=unknown"     -o /out/seaton ./cmd/seaton
#24 DONE 6.0s

#25 [stage-2 2/3] RUN apt-get update && apt-get install -y --no-install-recommends ca-certificates tzdata poppler-utils     && rm -rf /var/lib/apt/lists/*     && groupadd --system --gid 10001 seaton     && useradd --system --uid 10001 --gid seaton --home-dir /var/lib/seaton seaton     && install -d -o seaton -g seaton -m 0700 /var/lib/seaton
#25 CACHED

#26 [stage-2 3/3] COPY --from=backend --chown=seaton:seaton /out/seaton /usr/local/bin/seaton
#26 DONE 0.0s

#27 exporting to image
#27 exporting layers
#27 exporting layers 0.4s done
#27 exporting manifest sha256:924e266ba13c1eaa11a78dc6ba7cfb6bbe0bf872461ccc289451c789afa41d14 done
#27 exporting config sha256:096bce5d6a6be928f12007f30e391977a7b579c4ea637d23f21536b5bc0afcfd done
#27 exporting attestation manifest sha256:e7ff6f413b7f9ab47b29d13879fa8285b9935433930d585df4a95b6ea4b2f9f3 0.0s done
#27 exporting manifest list sha256:42bdca360d2aa924424955a9e61b4275c2bfb6b00a2277f03e693d533409f624 done
#27 naming to docker.io/library/seaton:e2e-url-20260929 done
#27 unpacking to docker.io/library/seaton:e2e-url-20260929 0.1s done
#27 DONE 0.5s
