#0 building with "default" instance using docker driver

#1 [internal] load build definition from Dockerfile
#1 transferring dockerfile: 1.49kB 0.0s done
#1 DONE 0.1s

#2 resolve image config for docker-image://docker.io/docker/dockerfile:1.7
#2 DONE 1.2s

#3 docker-image://docker.io/docker/dockerfile:1.7@sha256:a57df69d0ea827fb7266491f2813635de6f17269be881f696fbfdf2d83dda33e
#3 resolve docker.io/docker/dockerfile:1.7@sha256:a57df69d0ea827fb7266491f2813635de6f17269be881f696fbfdf2d83dda33e 0.0s done
#3 CACHED

#4 [internal] load metadata for docker.io/library/debian:bookworm-slim
#4 ...

#5 [internal] load metadata for docker.io/library/golang:1.24-bookworm
#5 DONE 1.1s

#4 [internal] load metadata for docker.io/library/debian:bookworm-slim
#4 DONE 1.1s

#6 [internal] load metadata for docker.io/library/node:24-alpine
#6 DONE 1.1s

#7 [internal] load .dockerignore
#7 transferring context: 99B 0.0s done
#7 DONE 0.1s

#8 [stage-2 1/3] FROM docker.io/library/debian:bookworm-slim@sha256:3783cc01769c7b2b1b83a5c5ad96c815348e28ed7da68e2e3687004faa906251
#8 resolve docker.io/library/debian:bookworm-slim@sha256:3783cc01769c7b2b1b83a5c5ad96c815348e28ed7da68e2e3687004faa906251 0.0s done
#8 DONE 0.0s

#9 [backend 1/9] FROM docker.io/library/golang:1.24-bookworm@sha256:1a6d4452c65dea36aac2e2d606b01b4a029ec90cc1ae53890540ce6173ea77ac
#9 resolve docker.io/library/golang:1.24-bookworm@sha256:1a6d4452c65dea36aac2e2d606b01b4a029ec90cc1ae53890540ce6173ea77ac 0.0s done
#9 DONE 0.0s

#10 [web 1/6] FROM docker.io/library/node:24-alpine@sha256:ebfe2f90462722a7a4de65e91990e97fe0d401c70e0e762c5b53302f905ec1c1
#10 resolve docker.io/library/node:24-alpine@sha256:ebfe2f90462722a7a4de65e91990e97fe0d401c70e0e762c5b53302f905ec1c1 0.0s done
#10 DONE 0.0s

#11 [internal] load build context
#11 transferring context: 1.13MB 0.4s done
#11 DONE 0.4s

#12 [web 2/6] WORKDIR /src/web
#12 CACHED

#13 [backend 2/9] WORKDIR /src
#13 CACHED

#14 [web 3/6] COPY web/package.json web/package-lock.json ./
#14 DONE 0.0s

#15 [backend 3/9] COPY go.mod go.sum ./
#15 DONE 0.0s

#16 [backend 4/9] RUN go mod download
#16 DONE 5.1s

#17 [web 4/6] RUN npm ci --ignore-scripts && node node_modules/esbuild/install.js
#17 ...

#18 [backend 5/9] COPY cmd/ cmd/
#18 DONE 0.1s

#19 [backend 6/9] COPY internal/ internal/
#19 DONE 0.0s

#20 [backend 7/9] RUN rm -rf cmd/seaton/webdist && mkdir -p cmd/seaton/webdist
#20 DONE 0.2s

#17 [web 4/6] RUN npm ci --ignore-scripts && node node_modules/esbuild/install.js
#17 15.64 
#17 15.64 added 174 packages, and audited 175 packages in 15s
#17 15.64 
#17 15.64 35 packages are looking for funding
#17 15.64   run `npm fund` for details
#17 15.64 
#17 15.64 2 moderate severity vulnerabilities
#17 15.64 
#17 15.64 To address all issues (including breaking changes), run:
#17 15.64   npm audit fix --force
#17 15.64 
#17 15.64 Run `npm audit` for details.
#17 15.64 npm notice
#17 15.64 npm notice New major version of npm available! 11.19.0 -> 12.1.0
#17 15.64 npm notice Changelog: https://github.com/npm/cli/releases/tag/v12.1.0
#17 15.64 npm notice To update run: npm install -g npm@12.1.0
#17 15.64 npm notice
#17 DONE 15.8s

#21 [web 5/6] COPY web/ ./
#21 DONE 0.5s

#22 [web 6/6] RUN npm run build
#22 0.290 
#22 0.290 > seaton-web@1.0.0 build
#22 0.290 > tsc -b && vite build
#22 0.290 
#22 4.663 vite v7.3.6 building client environment for production...
#22 4.711 transforming...
#22 6.678 ✓ 1018 modules transformed.
#22 6.918 rendering chunks...
#22 6.925 computing gzip size...
#22 6.939 dist/index.html                  0.57 kB │ gzip:   0.37 kB
#22 6.939 dist/assets/index--vBdrTmr.js  736.34 kB │ gzip: 230.46 kB
#22 6.939 ✓ built in 2.26s
#22 DONE 7.0s

#23 [backend 8/9] COPY --from=web /src/web/dist/ cmd/seaton/webdist/
#23 DONE 0.0s

#24 [backend 9/9] RUN CGO_ENABLED=0 GOOS=linux go build -trimpath     -ldflags="-s -w -X main.version=e2e-before -X main.commit=6ae2417 -X main.builtAt=unknown"     -o /out/seaton ./cmd/seaton
#24 DONE 5.8s

#25 [stage-2 2/3] RUN apt-get update && apt-get install -y --no-install-recommends ca-certificates tzdata poppler-utils     && rm -rf /var/lib/apt/lists/*     && groupadd --system --gid 10001 seaton     && useradd --system --uid 10001 --gid seaton --home-dir /var/lib/seaton seaton     && install -d -o seaton -g seaton -m 0700 /var/lib/seaton
#25 CACHED

#26 [stage-2 3/3] COPY --from=backend --chown=seaton:seaton /out/seaton /usr/local/bin/seaton
#26 DONE 0.1s

#27 exporting to image
#27 exporting layers
#27 exporting layers 0.4s done
#27 exporting manifest sha256:b01804bda44773db18de89d0b45ca501278ee19b1569f8d3d9570fa5e1e2ee39 0.0s done
#27 exporting config sha256:b43e21e16b52dc90463547531c456ee7b750cb9d38635f504866d648a70d4906 0.0s done
#27 exporting attestation manifest sha256:5e69636505daad646c8de90af258a660ff6faca04265ec2ea1f206f26fa80691 0.0s done
#27 exporting manifest list sha256:a3f78c89fe0ab145e9b607763757fc1d0645e626cab9bf93f23e742bc427e9cd 0.0s done
#27 naming to docker.io/library/seaton:e2e-before-20260929 done
#27 unpacking to docker.io/library/seaton:e2e-before-20260929 0.1s done
#27 DONE 0.5s
