[e2e] 시드 {"seeded":false,"repaired":false}

Running 19 tests using 1 worker

(node:2581939) Warning: The 'NO_COLOR' env is ignored due to the 'FORCE_COLOR' env being set.
(Use `node --trace-warnings ...` to show where the warning was created)
  ✓   1 e2e/employee-export.spec.ts:17:3 › 직원 CSV 내보내기 › 표에 보이는 목록이 그대로 직원목록 파일로 내려온다 (1.2s)
  ✓   2 e2e/employee-export.spec.ts:47:3 › 직원 CSV 내보내기 › 걸러진 목록이 비면 내보내기를 누를 수 없다 (1.0s)
  ✓   3 e2e/employee-filter.spec.ts:32:3 › 직원 조직 필터 › 조직을 고르면 그 조직의 직원만 표에 남는다 (1.0s)
  ✓   4 e2e/employee-filter.spec.ts:47:3 › 직원 조직 필터 › 조직 필터는 검색어를 지우지 않는다 (1.1s)
  ✓   5 e2e/employee-filter.spec.ts:65:3 › 직원 조직 필터 › 걸러진 목록만 CSV 로 내려온다 (1.3s)
  ✓   6 e2e/employee-filter.spec.ts:105:3 › 직원 필터 URL › 직접 진입과 새로고침이 네 필터·실제 조회·CSV를 복원한다 (975ms)
  ✓   7 e2e/employee-filter.spec.ts:158:3 › 직원 필터 URL › 제출·Select는 replace로 조건을 보존하고 빈 값은 지우며 같은 검색도 다시 조회한다 (5.7s)
  ✓   8 e2e/employee-filter.spec.ts:222:3 › 직원 필터 URL › 뒤로·앞으로 이동도 주소의 조건과 목록을 다시 읽는다 (708ms)
  ✓   9 e2e/employee-filter.spec.ts:242:3 › 직원 필터 URL › 가져오기 두 경로도 확정 필터로 재조회하고 미제출 입력은 적용하지 않는다 (744ms)
  ✓  10 e2e/employee-filter.spec.ts:272:3 › 직원 필터 URL › 조직 응답이 늦거나 실패해도 URL의 조직 조건을 보존한다 (980ms)
  ✓  11 e2e/login.spec.ts:5:3 › 로그인 화면 › 서버에 닿지 못하면 설정 문제로 안내하지 않고 다시 시도를 준다 (361ms)
  ✓  12 e2e/login.spec.ts:23:3 › 로그인 화면 › 로그인 방식이 모두 꺼져 있으면 설정을 안내한다 (293ms)
  ✓  13 e2e/login.spec.ts:43:3 › 깊은 링크(returnTo) › 로그아웃 상태로 보호 경로를 열면 로그인 뒤 그 자리로 돌아간다 (552ms)
  ✓  14 e2e/login.spec.ts:61:3 › 깊은 링크(returnTo) › 기본 경로에서 밀려난 로그인은 주소가 그대로 /login 이고 로그인 뒤 '/' 로 간다 (520ms)
  ✓  15 e2e/login.spec.ts:72:3 › 깊은 링크(returnTo) › SSO 단추도 깊은 링크를 들고 간다 (407ms)
  ✓  16 e2e/login.spec.ts:131:3 › 조용한 SSO(prompt=none) › 세션이 없으면 한 번만 시도하고 거절 뒤에는 새로고침해도 다시 가지 않는다 (619ms)
  ✓  17 e2e/login.spec.ts:157:3 › 조용한 SSO(prompt=none) › 새 탭(새 세션 저장소)에서는 다시 한 번 시도한다 (242ms)
  ✓  18 e2e/login.spec.ts:168:3 › 조용한 SSO(prompt=none) › auto_login 이 꺼져 있으면 아무것도 달라지지 않는다 (301ms)
  ✓  19 e2e/login.spec.ts:177:3 › 조용한 SSO(prompt=none) › 로그인 화면 자체에서는 시도하지 않는다 (292ms)

  19 passed (19.4s)
