npm warn deprecated whatwg-encoding@3.1.1: Use @exodus/bytes instead for a more spec-conformant and faster implementation

added 153 packages, and audited 154 packages in 4s

34 packages are looking for funding
  run `npm fund` for details

2 moderate severity vulnerabilities

To address all issues (including breaking changes), run:
  npm audit fix --force

Run `npm audit` for details.

> ptium-web@0.1.0 typecheck
> tsc -b


> ptium-web@0.1.0 build
> tsc -b && vite build

vite v8.2.0 building client environment for production...
[2Ktransforming...✓ 1858 modules transformed.
rendering chunks...
computing gzip size...
dist/index.html                   0.76 kB │ gzip:   0.47 kB
dist/assets/index-CxmjkKL4.css  162.38 kB │ gzip:  29.93 kB
dist/assets/index-jy4S1tKF.js   723.54 kB │ gzip: 210.03 kB

✓ built in 379ms
[plugin builtin:vite-reporter] 
(!) Some chunks are larger than 500 kB after minification. Consider:
- Using dynamic import() to code-split the application
- Use build.rolldownOptions.output.codeSplitting to improve chunking: https://rolldown.rs/reference/OutputOptions.codeSplitting
- Adjust chunk size limit for this warning via build.chunkSizeWarningLimit.

> ptium-web@0.1.0 test
> vitest run

 DEPRECATED  "environmentMatchGlobs" is deprecated. Use `test.projects` to define different configurations instead.

 RUN  v3.2.7 /home/hkjang/.cache/auto-improve-wt/ptium-release/web

 ✓ src/pages/mcpsso.test.ts (3 tests) 3ms
 ✓ src/pages/queuehealth.test.ts (9 tests) 4ms
 ✓ src/auth/silentSso.test.ts (10 tests) 5ms
 ✓ src/pages/handoff.test.ts (6 tests) 6ms
 ✓ src/pages/handoffpeers.test.ts (3 tests) 6ms
 ✓ src/branding/designs.test.ts (7 tests) 6ms
 ✓ src/api/errors.test.ts (13 tests) 6ms
 ✓ src/pages/editor/pasteimage.test.ts (10 tests) 7ms
 ✓ src/pages/IncidentBuild.test.ts (5 tests) 3ms
 ✓ src/api/codecover.test.ts (2 tests) 2ms
 ✓ src/branding/choices.test.ts (4 tests) 4ms
 ✓ src/pages/editor/model/coverage.test.ts (2 tests) 5ms
 ✓ src/pages/editor/model/warncover.test.ts (2 tests) 4ms
 ✓ src/pages/editor/model/findings.test.ts (18 tests) 14ms
 ✓ src/pages/tracking.test.ts (8 tests) 15ms
 ✓ src/korean.test.ts (4 tests) 13ms
 ✓ src/pages/mail.test.ts (4 tests) 7ms
 ✓ src/branding/accent.test.ts (3 tests) 7ms
 ✓ src/pages/editor/model/markup.test.ts (7 tests) 5ms
 ✓ src/api/deckstatus.test.ts (4 tests) 5ms
 ✓ src/auth/oidc.test.ts (8 tests) 23ms
 ✓ src/pages/editor/model/notes.test.ts (5 tests) 24ms
 ✓ src/pages/editor/model/search.test.ts (9 tests) 29ms
 ✓ src/pages/editor/model/slides.test.ts (27 tests) 24ms
 ✓ src/pages/editor/sharelife.test.ts (4 tests) 58ms
 ✓ src/pages/editor/model/version.test.ts (3 tests) 3ms
 ✓ src/pages/editor/model/changes.test.ts (3 tests) 3ms
 ✓ src/pages/editor/model/stage.test.ts (3 tests) 5ms
 ✓ src/pages/sharedjump.test.ts (4 tests) 3ms
 ✓ src/pages/SettingChanges.test.ts (4 tests) 3ms
 ✓ src/pages/AdminUsage.test.ts (3 tests) 3ms
 ✓ src/pages/ApiKeysLife.test.ts (5 tests) 7ms
 ✓ src/pages/IncidentsHere.test.ts (4 tests) 18ms
 ✓ src/pages/AdminTemplates.test.ts (2 tests) 16ms
 ✓ src/pages/AdminTidy.test.ts (2 tests) 3ms
 ✓ src/pages/AdminShares.test.ts (2 tests) 21ms
 ✓ src/auth/silentSsoStorage.test.tsx (2 tests) 14ms
 ✓ src/pages/editor/hooks/useAutosave.test.tsx (6 tests) 40ms
 ✓ src/pages/editor/CommandDialog.test.tsx (5 tests) 161ms
 ✓ src/components/PresenterPacing.test.tsx (14 tests) 27ms
 ✓ src/pages/editor/RewriteDialog.test.tsx (4 tests) 145ms
 ✓ src/pages/editor/CommentsDialog.test.tsx (3 tests) 251ms
 ✓ src/pages/editor/QualityDialog.test.tsx (6 tests) 265ms
 ✓ src/pages/editor/HistoryDialog.test.tsx (6 tests) 236ms
 ✓ src/pages/editor/ExportDialog.test.tsx (3 tests) 95ms
 ✓ src/pages/ApiKeysScopes.test.tsx (3 tests) 99ms
 ✓ src/pages/editor/ShareDialog.test.tsx (3 tests) 232ms
 ✓ src/pages/LoginPage.test.tsx (4 tests) 220ms

 Test Files  48 passed (48)
      Tests  271 passed (271)
   Start at  01:17:12
   Duration  2.36s (transform 5.59s, setup 2.67s, collect 16.97s, tests 2.16s, environment 7.01s, prepare 6.45s)

# npm audit report

@vitest/mocker  2.1.0 - 4.1.10
Severity: moderate
Vitest: Path Traversal / Arbitrary File Read via @vitest/mocker Redirect Mock - https://github.com/advisories/GHSA-82fw-gwwq-j7x9
fix available via `npm audit fix --force`
Will install vitest@5.0.3, which is a breaking change
node_modules/vitest/node_modules/@vitest/mocker
  vitest  2.1.0-beta.1 - 4.1.10
  Depends on vulnerable versions of @vitest/mocker
  node_modules/vitest


2 moderate severity vulnerabilities

To address all issues (including breaking changes), run:
  npm audit fix --force
