
> ptium-web@0.1.0 typecheck
> tsc -b


> ptium-web@0.1.0 build
> tsc -b && vite build

vite v8.2.0 building client environment for production...
[2Ktransforming...✓ 1858 modules transformed.
rendering chunks...
computing gzip size...
dist/index.html                   0.76 kB │ gzip:   0.47 kB
dist/assets/index-CxmjkKL4.css  162.38 kB │ gzip:  29.93 kB
dist/assets/index-jy4S1tKF.js   723.54 kB │ gzip: 210.03 kB

✓ built in 645ms
[plugin builtin:vite-reporter] 
(!) Some chunks are larger than 500 kB after minification. Consider:
- Using dynamic import() to code-split the application
- Use build.rolldownOptions.output.codeSplitting to improve chunking: https://rolldown.rs/reference/OutputOptions.codeSplitting
- Adjust chunk size limit for this warning via build.chunkSizeWarningLimit.

> ptium-web@0.1.0 test
> vitest run

 DEPRECATED  "environmentMatchGlobs" is deprecated. Use `test.projects` to define different configurations instead.

 RUN  v3.2.7 /home/hkjang/.cache/auto-improve-wt/ptium/web

 ✓ src/auth/silentSso.test.ts (10 tests) 6ms
 ✓ src/pages/handoff.test.ts (6 tests) 6ms
 ✓ src/pages/editor/model/stage.test.ts (3 tests) 7ms
 ✓ src/api/errors.test.ts (13 tests) 8ms
 ✓ src/korean.test.ts (4 tests) 40ms
 ✓ src/pages/editor/model/warncover.test.ts (2 tests) 6ms
 ✓ src/pages/editor/model/coverage.test.ts (2 tests) 8ms
 ✓ src/pages/tracking.test.ts (8 tests) 68ms
 ✓ src/pages/editor/model/findings.test.ts (18 tests) 28ms
 ✓ src/pages/editor/sharelife.test.ts (4 tests) 21ms
 ✓ src/auth/oidc.test.ts (8 tests) 16ms
 ✓ src/pages/editor/model/notes.test.ts (5 tests) 17ms
 ✓ src/pages/editor/model/search.test.ts (9 tests) 64ms
 ✓ src/pages/editor/model/slides.test.ts (27 tests) 41ms
 ✓ src/pages/sharedjump.test.ts (4 tests) 8ms
 ✓ src/pages/editor/pasteimage.test.ts (10 tests) 14ms
 ✓ src/pages/handoffpeers.test.ts (3 tests) 12ms
 ✓ src/branding/designs.test.ts (7 tests) 5ms
 ✓ src/auth/silentSsoStorage.test.tsx (2 tests) 24ms
 ✓ src/pages/mail.test.ts (4 tests) 8ms
 ✓ src/pages/queuehealth.test.ts (9 tests) 5ms
 ✓ src/pages/IncidentBuild.test.ts (5 tests) 5ms
 ✓ src/branding/accent.test.ts (3 tests) 4ms
 ✓ src/pages/editor/model/changes.test.ts (3 tests) 3ms
 ✓ src/pages/editor/model/markup.test.ts (7 tests) 6ms
 ✓ src/pages/editor/hooks/useAutosave.test.tsx (6 tests) 39ms
 ✓ src/pages/editor/model/version.test.ts (3 tests) 4ms
 ✓ src/branding/choices.test.ts (4 tests) 10ms
 ✓ src/pages/mcpsso.test.ts (3 tests) 5ms
 ✓ src/pages/editor/RewriteDialog.test.tsx (4 tests) 145ms
 ✓ src/api/codecover.test.ts (2 tests) 4ms
 ✓ src/api/deckstatus.test.ts (4 tests) 3ms
 ✓ src/pages/editor/CommandDialog.test.tsx (5 tests) 164ms
 ✓ src/pages/editor/ExportDialog.test.tsx (3 tests) 86ms
 ✓ src/pages/AdminUsage.test.ts (3 tests) 3ms
 ✓ src/pages/ApiKeysLife.test.ts (5 tests) 4ms
 ✓ src/pages/AdminTidy.test.ts (2 tests) 3ms
 ✓ src/pages/AdminShares.test.ts (2 tests) 16ms
 ✓ src/pages/IncidentsHere.test.ts (4 tests) 16ms
 ✓ src/pages/AdminTemplates.test.ts (2 tests) 14ms
 ✓ src/components/PresenterPacing.test.tsx (14 tests) 20ms
 ✓ src/pages/editor/ShareDialog.test.tsx (3 tests) 198ms
 ✓ src/pages/editor/CommentsDialog.test.tsx (3 tests) 191ms
 ✓ src/pages/SettingChanges.test.ts (4 tests) 3ms
 ✓ src/pages/editor/QualityDialog.test.tsx (6 tests) 230ms
 ✓ src/pages/editor/HistoryDialog.test.tsx (6 tests) 182ms
 ✓ src/pages/ApiKeysScopes.test.tsx (3 tests) 86ms
 ✓ src/pages/LoginPage.test.tsx (4 tests) 171ms

 Test Files  48 passed (48)
      Tests  271 passed (271)
   Start at  01:06:06
   Duration  2.56s (transform 12.20s, setup 5.17s, collect 31.01s, tests 2.03s, environment 11.22s, prepare 7.50s)

