=== RUN   TestReadToolRequiresUserPermissionNotServiceAccount
--- PASS: TestReadToolRequiresUserPermissionNotServiceAccount (0.15s)
=== RUN   TestProjectListingIsFilteredToTheRequester
--- PASS: TestProjectListingIsFilteredToTheRequester (0.15s)
=== RUN   TestPolicyDenyOverridesBitbucketPermission
--- PASS: TestPolicyDenyOverridesBitbucketPermission (0.15s)
=== RUN   TestRiskCapBlocksWriteToolOnReadOnlyProject
--- PASS: TestRiskCapBlocksWriteToolOnReadOnlyProject (0.15s)
=== RUN   TestWriteToolRequiresApprovalBoundToArguments
--- PASS: TestWriteToolRequiresApprovalBoundToArguments (0.17s)
=== RUN   TestApprovalRecordRedactsSensitiveArgumentNames
--- PASS: TestApprovalRecordRedactsSensitiveArgumentNames (0.14s)
=== RUN   TestApprovalGoesStaleWhenArgumentsChange
--- PASS: TestApprovalGoesStaleWhenArgumentsChange (0.15s)
=== RUN   TestMergeApprovalGoesStaleWhenPullRequestAdvances
--- PASS: TestMergeApprovalGoesStaleWhenPullRequestAdvances (0.19s)
=== RUN   TestCommentApprovalDeniedWhenPullRequestVersionUnknown
--- PASS: TestCommentApprovalDeniedWhenPullRequestVersionUnknown (0.31s)
=== RUN   TestApprovalIsConsumedOnceUnderConcurrency
--- PASS: TestApprovalIsConsumedOnceUnderConcurrency (0.28s)
=== RUN   TestMergeTargetLookupFailureDoesNotCreateApproval
=== RUN   TestMergeTargetLookupFailureDoesNotCreateApproval/unavailable
    integration_test.go:650: expected PERMISSION_UNKNOWN, got APPROVAL_REQUIRED
    integration_test.go:657: approval count = 1, want 0
=== RUN   TestMergeTargetLookupFailureDoesNotCreateApproval/empty_ref
    integration_test.go:650: expected PERMISSION_UNKNOWN, got APPROVAL_REQUIRED
    integration_test.go:657: approval count = 1, want 0
=== RUN   TestMergeTargetLookupFailureDoesNotCreateApproval/empty_normalized_ref
    integration_test.go:650: expected PERMISSION_UNKNOWN, got APPROVAL_REQUIRED
    integration_test.go:657: approval count = 1, want 0
--- FAIL: TestMergeTargetLookupFailureDoesNotCreateApproval (0.71s)
    --- FAIL: TestMergeTargetLookupFailureDoesNotCreateApproval/unavailable (0.26s)
    --- FAIL: TestMergeTargetLookupFailureDoesNotCreateApproval/empty_ref (0.24s)
    --- FAIL: TestMergeTargetLookupFailureDoesNotCreateApproval/empty_normalized_ref (0.21s)
=== RUN   TestMergeTargetLookupFailurePreservesApprovalUntilRecovery
=== RUN   TestMergeTargetLookupFailurePreservesApprovalUntilRecovery/unavailable
    integration_test.go:714: expected PERMISSION_UNKNOWN, got APPROVAL_STALE (APPROVAL_STALE: APPROVAL_STALE: 현재 PR 버전을 확인할 수 없습니다)
=== RUN   TestMergeTargetLookupFailurePreservesApprovalUntilRecovery/empty_ref
    integration_test.go:713: expected a tools.Error, got <nil>
=== RUN   TestMergeTargetLookupFailurePreservesApprovalUntilRecovery/empty_normalized_ref
    integration_test.go:713: expected a tools.Error, got <nil>
--- FAIL: TestMergeTargetLookupFailurePreservesApprovalUntilRecovery (0.66s)
    --- FAIL: TestMergeTargetLookupFailurePreservesApprovalUntilRecovery/unavailable (0.23s)
    --- FAIL: TestMergeTargetLookupFailurePreservesApprovalUntilRecovery/empty_ref (0.23s)
    --- FAIL: TestMergeTargetLookupFailurePreservesApprovalUntilRecovery/empty_normalized_ref (0.20s)
=== RUN   TestMergeBlockedByBranchRestriction
--- PASS: TestMergeBlockedByBranchRestriction (0.17s)
=== RUN   TestDisabledToolIsRefused
--- PASS: TestDisabledToolIsRefused (0.14s)
=== RUN   TestRoleAndScopeGating
--- PASS: TestRoleAndScopeGating (0.15s)
=== RUN   TestUnmappedIdentityCannotCallPermissionedTools
--- PASS: TestUnmappedIdentityCannotCallPermissionedTools (0.13s)
=== RUN   TestIdentityMappingBindsExactUsernameAndIsStable
--- PASS: TestIdentityMappingBindsExactUsernameAndIsStable (0.14s)
=== RUN   TestAuditTrailRecordsRequesterAndServiceAccount
--- PASS: TestAuditTrailRecordsRequesterAndServiceAccount (0.18s)
FAIL
FAIL	github.com/hkjang/bbmcp/internal/tools	4.113s
FAIL
