=== RUN   TestReadToolRequiresUserPermissionNotServiceAccount
--- PASS: TestReadToolRequiresUserPermissionNotServiceAccount (0.15s)
=== RUN   TestProjectListingIsFilteredToTheRequester
--- PASS: TestProjectListingIsFilteredToTheRequester (0.14s)
=== RUN   TestPolicyDenyOverridesBitbucketPermission
--- PASS: TestPolicyDenyOverridesBitbucketPermission (0.14s)
=== RUN   TestRiskCapBlocksWriteToolOnReadOnlyProject
--- PASS: TestRiskCapBlocksWriteToolOnReadOnlyProject (0.14s)
=== RUN   TestWriteToolRequiresApprovalBoundToArguments
--- PASS: TestWriteToolRequiresApprovalBoundToArguments (0.16s)
=== RUN   TestApprovalRecordRedactsSensitiveArgumentNames
--- PASS: TestApprovalRecordRedactsSensitiveArgumentNames (0.14s)
=== RUN   TestApprovalGoesStaleWhenArgumentsChange
--- PASS: TestApprovalGoesStaleWhenArgumentsChange (0.14s)
=== RUN   TestMergeApprovalGoesStaleWhenPullRequestAdvances
--- PASS: TestMergeApprovalGoesStaleWhenPullRequestAdvances (0.15s)
=== RUN   TestMergeApprovalDeniedWhenPullRequestVersionUnknown
--- PASS: TestMergeApprovalDeniedWhenPullRequestVersionUnknown (0.15s)
=== RUN   TestApprovalIsConsumedOnceUnderConcurrency
--- PASS: TestApprovalIsConsumedOnceUnderConcurrency (0.15s)
=== RUN   TestMergeTargetLookupFailureDoesNotCreateApproval
    integration_test.go:641: expected PERMISSION_UNKNOWN, got APPROVAL_REQUIRED
    integration_test.go:648: approval count = 1, want 0
--- FAIL: TestMergeTargetLookupFailureDoesNotCreateApproval (0.14s)
=== RUN   TestMergeBlockedByBranchRestriction
--- PASS: TestMergeBlockedByBranchRestriction (0.14s)
=== RUN   TestDisabledToolIsRefused
--- PASS: TestDisabledToolIsRefused (0.13s)
=== RUN   TestRoleAndScopeGating
--- PASS: TestRoleAndScopeGating (0.13s)
=== RUN   TestUnmappedIdentityCannotCallPermissionedTools
--- PASS: TestUnmappedIdentityCannotCallPermissionedTools (0.13s)
=== RUN   TestIdentityMappingBindsExactUsernameAndIsStable
--- PASS: TestIdentityMappingBindsExactUsernameAndIsStable (0.14s)
=== RUN   TestAuditTrailRecordsRequesterAndServiceAccount
--- PASS: TestAuditTrailRecordsRequesterAndServiceAccount (0.13s)
FAIL
FAIL	github.com/hkjang/bbmcp/internal/tools	2.408s
FAIL
