=== RUN   TestMergeTargetLookupFailureDoesNotCreateApproval
=== RUN   TestMergeTargetLookupFailureDoesNotCreateApproval/unavailable
    integration_test.go:650: expected PERMISSION_UNKNOWN, got APPROVAL_REQUIRED
    integration_test.go:657: approval count = 1, want 0
=== RUN   TestMergeTargetLookupFailureDoesNotCreateApproval/empty_ref
    integration_test.go:650: expected PERMISSION_UNKNOWN, got APPROVAL_REQUIRED
    integration_test.go:657: approval count = 1, want 0
=== RUN   TestMergeTargetLookupFailureDoesNotCreateApproval/empty_normalized_ref
    integration_test.go:650: expected PERMISSION_UNKNOWN, got APPROVAL_REQUIRED
    integration_test.go:657: approval count = 1, want 0
--- FAIL: TestMergeTargetLookupFailureDoesNotCreateApproval (0.44s)
    --- FAIL: TestMergeTargetLookupFailureDoesNotCreateApproval/unavailable (0.15s)
    --- FAIL: TestMergeTargetLookupFailureDoesNotCreateApproval/empty_ref (0.15s)
    --- FAIL: TestMergeTargetLookupFailureDoesNotCreateApproval/empty_normalized_ref (0.15s)
=== RUN   TestMergeTargetLookupFailurePreservesApprovalUntilRecovery
=== RUN   TestMergeTargetLookupFailurePreservesApprovalUntilRecovery/unavailable
    integration_test.go:714: expected PERMISSION_UNKNOWN, got APPROVAL_STALE (APPROVAL_STALE: APPROVAL_STALE: 현재 PR 버전을 확인할 수 없습니다)
=== RUN   TestMergeTargetLookupFailurePreservesApprovalUntilRecovery/empty_ref
    integration_test.go:713: expected a tools.Error, got <nil>
=== RUN   TestMergeTargetLookupFailurePreservesApprovalUntilRecovery/empty_normalized_ref
    integration_test.go:713: expected a tools.Error, got <nil>
--- FAIL: TestMergeTargetLookupFailurePreservesApprovalUntilRecovery (0.44s)
    --- FAIL: TestMergeTargetLookupFailurePreservesApprovalUntilRecovery/unavailable (0.15s)
    --- FAIL: TestMergeTargetLookupFailurePreservesApprovalUntilRecovery/empty_ref (0.15s)
    --- FAIL: TestMergeTargetLookupFailurePreservesApprovalUntilRecovery/empty_normalized_ref (0.14s)
FAIL
FAIL	github.com/hkjang/bbmcp/internal/tools	0.883s
FAIL
