=== RUN   TestReadToolRequiresUserPermissionNotServiceAccount
--- PASS: TestReadToolRequiresUserPermissionNotServiceAccount (0.15s)
=== RUN   TestProjectListingIsFilteredToTheRequester
--- PASS: TestProjectListingIsFilteredToTheRequester (0.13s)
=== RUN   TestPolicyDenyOverridesBitbucketPermission
--- PASS: TestPolicyDenyOverridesBitbucketPermission (0.14s)
=== RUN   TestRiskCapBlocksWriteToolOnReadOnlyProject
--- PASS: TestRiskCapBlocksWriteToolOnReadOnlyProject (0.14s)
=== RUN   TestWriteToolRequiresApprovalBoundToArguments
--- PASS: TestWriteToolRequiresApprovalBoundToArguments (0.15s)
=== RUN   TestApprovalRecordRedactsSensitiveArgumentNames
--- PASS: TestApprovalRecordRedactsSensitiveArgumentNames (0.14s)
=== RUN   TestApprovalGoesStaleWhenArgumentsChange
--- PASS: TestApprovalGoesStaleWhenArgumentsChange (0.14s)
=== RUN   TestMergeApprovalGoesStaleWhenPullRequestAdvances
--- PASS: TestMergeApprovalGoesStaleWhenPullRequestAdvances (0.15s)
=== RUN   TestCommentApprovalDeniedWhenPullRequestVersionUnknown
--- PASS: TestCommentApprovalDeniedWhenPullRequestVersionUnknown (0.14s)
=== RUN   TestApprovalIsConsumedOnceUnderConcurrency
--- PASS: TestApprovalIsConsumedOnceUnderConcurrency (0.14s)
=== RUN   TestMergeTargetLookupFailureDoesNotCreateApproval
=== RUN   TestMergeTargetLookupFailureDoesNotCreateApproval/unavailable
=== RUN   TestMergeTargetLookupFailureDoesNotCreateApproval/empty_ref
=== RUN   TestMergeTargetLookupFailureDoesNotCreateApproval/empty_normalized_ref
--- PASS: TestMergeTargetLookupFailureDoesNotCreateApproval (0.40s)
    --- PASS: TestMergeTargetLookupFailureDoesNotCreateApproval/unavailable (0.14s)
    --- PASS: TestMergeTargetLookupFailureDoesNotCreateApproval/empty_ref (0.13s)
    --- PASS: TestMergeTargetLookupFailureDoesNotCreateApproval/empty_normalized_ref (0.13s)
=== RUN   TestMergeTargetLookupFailurePreservesApprovalUntilRecovery
=== RUN   TestMergeTargetLookupFailurePreservesApprovalUntilRecovery/unavailable
=== RUN   TestMergeTargetLookupFailurePreservesApprovalUntilRecovery/empty_ref
=== RUN   TestMergeTargetLookupFailurePreservesApprovalUntilRecovery/empty_normalized_ref
--- PASS: TestMergeTargetLookupFailurePreservesApprovalUntilRecovery (0.47s)
    --- PASS: TestMergeTargetLookupFailurePreservesApprovalUntilRecovery/unavailable (0.15s)
    --- PASS: TestMergeTargetLookupFailurePreservesApprovalUntilRecovery/empty_ref (0.16s)
    --- PASS: TestMergeTargetLookupFailurePreservesApprovalUntilRecovery/empty_normalized_ref (0.16s)
=== RUN   TestMergeBlockedByBranchRestriction
--- PASS: TestMergeBlockedByBranchRestriction (0.14s)
=== RUN   TestDisabledToolIsRefused
--- PASS: TestDisabledToolIsRefused (0.14s)
=== RUN   TestRoleAndScopeGating
--- PASS: TestRoleAndScopeGating (0.13s)
=== RUN   TestUnmappedIdentityCannotCallPermissionedTools
--- PASS: TestUnmappedIdentityCannotCallPermissionedTools (0.13s)
=== RUN   TestIdentityMappingBindsExactUsernameAndIsStable
--- PASS: TestIdentityMappingBindsExactUsernameAndIsStable (0.14s)
=== RUN   TestAuditTrailRecordsRequesterAndServiceAccount
--- PASS: TestAuditTrailRecordsRequesterAndServiceAccount (0.13s)
PASS
ok  	github.com/hkjang/bbmcp/internal/tools	3.099s
