
added 214 packages, and audited 215 packages in 13s

57 packages are looking for funding
  run `npm fund` for details

1 high severity vulnerability

To address all issues, run:
  npm audit fix

Run `npm audit` for details.
npm notice
npm notice New major version of npm available! 11.16.0 -> 12.2.0
npm notice Changelog: https://github.com/npm/cli/releases/tag/v12.2.0
npm notice To update run: npm install -g npm@12.2.0
npm notice

> kkiit-web@0.4.14 lint
> eslint . --max-warnings=0


> kkiit-web@0.4.14 test
> node --test "src/**/*.test.ts"

▶ shouldAttemptSilentSso
  ✔ tries once on an ordinary page (1.017314ms)
  ✔ never starts from the login screen, the callback, or a non-page path (0.15473ms)
  ✔ does not retry when the address carries a refusal marker (0.17619ms)
  ✔ does not retry within the same tab session (0.339554ms)
  ✔ does not sign a person back in after they signed out, until a session exists again (0.990802ms)
  ✔ fails closed when storage cannot be read (0.37576ms)
✔ shouldAttemptSilentSso (3.887788ms)
▶ beginSilentSso
  ✔ navigates at the top level with prompt=none and the deep link (0.616202ms)
  ✔ refuses to carry an off-site return_to (0.197942ms)
✔ beginSilentSso (1.063231ms)
▶ safeReturnTo
  ✔ accepts only same-origin paths (0.203364ms)
✔ safeReturnTo (0.308812ms)
▶ autoLoginProvider
  ✔ picks only a provider the administrator turned auto_login on for (0.107119ms)
✔ autoLoginProvider (0.148639ms)
ℹ tests 10
ℹ suites 4
ℹ pass 10
ℹ fail 0
ℹ cancelled 0
ℹ skipped 0
ℹ todo 0
ℹ duration_ms 73.139645

> kkiit-web@0.4.14 build
> tsc -b && vite build

vite v8.2.1 building client environment for production...
[2Ktransforming...✓ 1002 modules transformed.
rendering chunks...
computing gzip size...
../internal/ui/dist/index.html                                 1.40 kB │ gzip:   0.79 kB
../internal/ui/dist/assets/index-PGJBh3nL.css                  0.75 kB │ gzip:   0.43 kB
../internal/ui/dist/assets/rolldown-runtime-CbXtAM7H.js        0.58 kB │ gzip:   0.36 kB
../internal/ui/dist/assets/NotificationSettings-8p6zP-wR.js   11.34 kB │ gzip:   4.10 kB
../internal/ui/dist/assets/OrderWorkspacePage-u9NTqJ7z.js     12.84 kB │ gzip:   4.77 kB
../internal/ui/dist/assets/index-DI12F1r4.js                  54.82 kB │ gzip:  16.12 kB
../internal/ui/dist/assets/ProfilePage-CygoPM0J.js            64.73 kB │ gzip:  15.32 kB
../internal/ui/dist/assets/AdminPage-G4s9R7LY.js             126.52 kB │ gzip:  30.04 kB
../internal/ui/dist/assets/react-BpAwSB6l.js                 217.70 kB │ gzip:  69.89 kB
../internal/ui/dist/assets/mui-DcfJFnN5.js                   377.45 kB │ gzip: 115.34 kB

✓ built in 321ms
