cd web && npm ci

added 312 packages, and audited 313 packages in 16s

78 packages are looking for funding
  run `npm fund` for details

5 vulnerabilities (2 moderate, 3 high)

To address issues that do not require attention, run:
  npm audit fix

To address all issues, run:
  npm audit fix --force

Run `npm audit` for details.
PATH="$(go env GOPATH)/bin:$PATH" golangci-lint run ./cmd/... ./internal/... ./webui/...
0 issues.
PATH="$(go env GOPATH)/bin:$PATH" GOTOOLCHAIN=auto govulncheck ./cmd/... ./internal/... ./webui/...
govulncheck: Loading packages failed, possibly due to a mismatch between the Go version
used to build govulncheck and the Go version on PATH. Consider rebuilding
govulncheck with the current Go version.


There are errors with the provided package patterns:

/home/hkjang/.cache/auto-improve-wt/ReSSO/internal/config/config.go:3:1: package requires newer Go version go1.26 (application built with go1.25)
-: This application uses version go1.25 of the source-processing packages but runs version go1.26 of 'go list'. It may fail to process source files that rely on newer language features. If so, rebuild the application using a newer version of Go.
/home/hkjang/.cache/auto-improve-wt/ReSSO/internal/cryptoutil/random.go:1:1: package requires newer Go version go1.26 (application built with go1.25)
-: This application uses version go1.25 of the source-processing packages but runs version go1.26 of 'go list'. It may fail to process source files that rely on newer language features. If so, rebuild the application using a newer version of Go.
/home/hkjang/.cache/auto-improve-wt/ReSSO/internal/domain/models.go:3:1: package requires newer Go version go1.26 (application built with go1.25)
-: This application uses version go1.25 of the source-processing packages but runs version go1.26 of 'go list'. It may fail to process source files that rely on newer language features. If so, rebuild the application using a newer version of Go.
/home/hkjang/sdk/go1.26.7/src/vendor/golang.org/x/crypto/chacha20poly1305/fips140only_go1.26.go:7:9: file requires newer Go version go1.26 (application built with go1.25)
-: This application uses version go1.25 of the source-processing packages but runs version go1.26 of 'go list'. It may fail to process source files that rely on newer language features. If so, rebuild the application using a newer version of Go.
/home/hkjang/.cache/auto-improve-wt/ReSSO/internal/federation/ldap.go:3:1: package requires newer Go version go1.26 (application built with go1.25)
-: This application uses version go1.25 of the source-processing packages but runs version go1.26 of 'go list'. It may fail to process source files that rely on newer language features. If so, rebuild the application using a newer version of Go.
/home/hkjang/.cache/auto-improve-wt/ReSSO/internal/mail/config.go:1:1: package requires newer Go version go1.26 (application built with go1.25)
-: This application uses version go1.25 of the source-processing packages but runs version go1.26 of 'go list'. It may fail to process source files that rely on newer language features. If so, rebuild the application using a newer version of Go.
/home/hkjang/.cache/auto-improve-wt/ReSSO/internal/password/password.go:4:1: package requires newer Go version go1.26 (application built with go1.25)
-: This application uses version go1.25 of the source-processing packages but runs version go1.26 of 'go list'. It may fail to process source files that rely on newer language features. If so, rebuild the application using a newer version of Go.
/home/hkjang/.cache/auto-improve-wt/ReSSO/internal/tracking/tracking.go:9:1: package requires newer Go version go1.26 (application built with go1.25)
-: This application uses version go1.25 of the source-processing packages but runs version go1.26 of 'go list'. It may fail to process source files that rely on newer language features. If so, rebuild the application using a newer version of Go.
/home/hkjang/.cache/auto-improve-wt/ReSSO/internal/store/api_keys.go:1:1: package requires newer Go version go1.26 (application built with go1.25)
-: This application uses version go1.25 of the source-processing packages but runs version go1.26 of 'go list'. It may fail to process source files that rely on newer language features. If so, rebuild the application using a newer version of Go.
/home/hkjang/.cache/auto-improve-wt/ReSSO/internal/observability/handler.go:3:1: package requires newer Go version go1.26 (application built with go1.25)
-: This application uses version go1.25 of the source-processing packages but runs version go1.26 of 'go list'. It may fail to process source files that rely on newer language features. If so, rebuild the application using a newer version of Go.
/home/hkjang/.cache/auto-improve-wt/ReSSO/internal/oidc/pkce.go:1:1: package requires newer Go version go1.26 (application built with go1.25)
-: This application uses version go1.25 of the source-processing packages but runs version go1.26 of 'go list'. It may fail to process source files that rely on newer language features. If so, rebuild the application using a newer version of Go.
/home/hkjang/.cache/auto-improve-wt/ReSSO/internal/backchannel/notifier.go:9:1: package requires newer Go version go1.26 (application built with go1.25)
-: This application uses version go1.25 of the source-processing packages but runs version go1.26 of 'go list'. It may fail to process source files that rely on newer language features. If so, rebuild the application using a newer version of Go.
/home/hkjang/.cache/auto-improve-wt/ReSSO/internal/ratelimit/failure.go:11:1: package requires newer Go version go1.26 (application built with go1.25)
-: This application uses version go1.25 of the source-processing packages but runs version go1.26 of 'go list'. It may fail to process source files that rely on newer language features. If so, rebuild the application using a newer version of Go.
/home/hkjang/.cache/auto-improve-wt/ReSSO/internal/version/version.go:2:1: package requires newer Go version go1.26 (application built with go1.25)
-: This application uses version go1.25 of the source-processing packages but runs version go1.26 of 'go list'. It may fail to process source files that rely on newer language features. If so, rebuild the application using a newer version of Go.
/home/hkjang/.cache/auto-improve-wt/ReSSO/webui/embed.go:3:1: package requires newer Go version go1.26 (application built with go1.25)
-: This application uses version go1.25 of the source-processing packages but runs version go1.26 of 'go list'. It may fail to process source files that rely on newer language features. If so, rebuild the application using a newer version of Go.
/home/hkjang/.cache/auto-improve-wt/ReSSO/internal/httpserver/admin.go:1:1: package requires newer Go version go1.26 (application built with go1.25)
-: This application uses version go1.25 of the source-processing packages but runs version go1.26 of 'go list'. It may fail to process source files that rely on newer language features. If so, rebuild the application using a newer version of Go.
/home/hkjang/.cache/auto-improve-wt/ReSSO/cmd/resso/main.go:1:1: package requires newer Go version go1.26 (application built with go1.25)
-: This application uses version go1.25 of the source-processing packages but runs version go1.26 of 'go list'. It may fail to process source files that rely on newer language features. If so, rebuild the application using a newer version of Go.

For details on package patterns, see https://pkg.go.dev/cmd/go#hdr-Package_lists_and_patterns.

make: *** [Makefile:50: lint] Error 1
