=== RUN   TestScheduleNextTraversesCalendarDates
=== RUN   TestScheduleNextTraversesCalendarDates/Apia_missing_day
panic: test timed out after 10s
	running tests:
		TestScheduleNextTraversesCalendarDates (10s)
		TestScheduleNextTraversesCalendarDates/Apia_missing_day (10s)

goroutine 66 [running]:
testing.(*M).startAlarm.func1()
	/home/hkjang/sdk/go1.26.7/src/testing/testing.go:2802 +0x354
created by time.goFunc
	/home/hkjang/sdk/go1.26.7/src/time/sleep.go:215 +0x2d

goroutine 1 [chan receive]:
testing.(*T).Run(0x16dd60e0e008, {0x72063d?, 0x0?}, 0x739ae8)
	/home/hkjang/sdk/go1.26.7/src/testing/testing.go:2109 +0x4e5
testing.runTests.func1(0x16dd60e0e008)
	/home/hkjang/sdk/go1.26.7/src/testing/testing.go:2585 +0x3e
testing.tRunner(0x16dd60e0e008, 0x16dd60e45c58)
	/home/hkjang/sdk/go1.26.7/src/testing/testing.go:2036 +0xea
testing.runTests({0x70a371, 0x6}, {0x718462, 0x1a}, 0x16dd60c4f7a0, {0xa164a0, 0x10, 0x10}, {0xc2a9e96ccf4b7e60, 0x2548b41b4, ...})
	/home/hkjang/sdk/go1.26.7/src/testing/testing.go:2583 +0x505
testing.(*M).Run(0x16dd60da0140)
	/home/hkjang/sdk/go1.26.7/src/testing/testing.go:2443 +0x6ac
main.main()
	_testmain.go:76 +0x9b

goroutine 27 [chan receive]:
testing.(*T).Run(0x16dd60e0e248, {0x7110ac?, 0x50a61d?}, 0x16dd60c52ea0)
	/home/hkjang/sdk/go1.26.7/src/testing/testing.go:2109 +0x4e5
kanpic/internal/automation.TestScheduleNextTraversesCalendarDates(0x16dd60e0e248)
	/home/hkjang/.cache/auto-improve-wt/kanpic/internal/automation/schedule_test.go:250 +0x2de
testing.tRunner(0x16dd60e0e248, 0x739ae8)
	/home/hkjang/sdk/go1.26.7/src/testing/testing.go:2036 +0xea
created by testing.(*T).Run in goroutine 1
	/home/hkjang/sdk/go1.26.7/src/testing/testing.go:2101 +0x4c5

goroutine 28 [runnable]:
time.Time.Month({0x0?, 0xec68e3120?, 0x16dd61077650?})
	/home/hkjang/sdk/go1.26.7/src/time/time.go:824 +0xb8
kanpic/internal/automation.(*Schedule).Next(0x16dd60f171e0, {0x19?, 0x7140bc?, 0x0?})
	/home/hkjang/.cache/auto-improve-wt/kanpic/internal/automation/schedule.go:111 +0x2a5
kanpic/internal/automation.TestScheduleNextTraversesCalendarDates.func1(0x16dd60e0e488)
	/home/hkjang/.cache/auto-improve-wt/kanpic/internal/automation/schedule_test.go:260 +0x1ac
testing.tRunner(0x16dd60e0e488, 0x16dd60c52ea0)
	/home/hkjang/sdk/go1.26.7/src/testing/testing.go:2036 +0xea
created by testing.(*T).Run in goroutine 27
	/home/hkjang/sdk/go1.26.7/src/testing/testing.go:2101 +0x4c5
FAIL	kanpic/internal/automation	10.033s
FAIL
