Local GitHub metadata stub; verifies rendering only, not hosted API metadata or runner allocation.
[33mConfiguration file: none[0m
To use retry middleware with Faraday v2.0+, install `faraday-retry` gem
[33m   GitHub Metadata: Failed to open TCP connection to 127.0.0.1:42145 (Connection refused - connect(2) for "127.0.0.1" port 42145)[0m
[33m   GitHub Metadata: Failed to open TCP connection to 127.0.0.1:42145 (Connection refused - connect(2) for "127.0.0.1" port 42145)[0m
  Logging at level: debug
      GitHub Pages: github-pages v232
      GitHub Pages: jekyll v3.10.0
             Theme: jekyll-theme-primer
      Theme source: /usr/local/bundle/gems/jekyll-theme-primer-0.6.0
         Requiring: jekyll-github-metadata
         Requiring: jekyll-seo-tag
         Requiring: jekyll-coffeescript
         Requiring: jekyll-commonmark-ghpages
         Requiring: jekyll-gist
         Requiring: jekyll-github-metadata
         Requiring: jekyll-paginate
         Requiring: jekyll-relative-links
         Requiring: jekyll-optional-front-matter
         Requiring: jekyll-readme-index
         Requiring: jekyll-default-layout
         Requiring: jekyll-titles-from-headings
   GitHub Metadata: Initializing...
            Source: /github/workspace/docs
       Destination: /github/workspace/./_site
 Incremental build: disabled. Enable with --incremental
      Generating... 
        Generating: JekyllOptionalFrontMatter::Generator finished in 0.001215641 seconds.
        Generating: JekyllReadmeIndex::Generator finished in 4.5618e-05 seconds.
        Generating: Jekyll::Paginate::Pagination finished in 2.772e-06 seconds.
   GitHub Metadata: Generating for hkjang/dataworks
   GitHub Metadata: Calling @client.pages("hkjang/dataworks", {})
        Generating: JekyllRelativeLinks::Generator finished in 0.061208059 seconds.
        Generating: JekyllDefaultLayout::Generator finished in 0.000223393 seconds.
         Requiring: kramdown-parser-gfm
        Generating: JekyllTitlesFromHeadings::Generator finished in 0.007679659 seconds.
         Rendering: assets/css/style.scss
  Pre-Render Hooks: assets/css/style.scss
  Rendering Markup: assets/css/style.scss
         Rendering: ADMIN_GUIDE.md
  Pre-Render Hooks: ADMIN_GUIDE.md
  Rendering Markup: ADMIN_GUIDE.md
  Rendering Layout: ADMIN_GUIDE.md
     Layout source: theme
   GitHub Metadata: Calling @client.repository("hkjang/dataworks", {:accept=>"application/vnd.github.drax-preview+json"})
         Rendering: ARCHITECTURE_MODULES.md
  Pre-Render Hooks: ARCHITECTURE_MODULES.md
  Rendering Markup: ARCHITECTURE_MODULES.md
  Rendering Layout: ARCHITECTURE_MODULES.md
     Layout source: theme
         Rendering: Clustara_Detailed_Manual.md
  Pre-Render Hooks: Clustara_Detailed_Manual.md
  Rendering Markup: Clustara_Detailed_Manual.md
  Rendering Layout: Clustara_Detailed_Manual.md
     Layout source: theme
         Rendering: K8S_AGENT.md
  Pre-Render Hooks: K8S_AGENT.md
  Rendering Markup: K8S_AGENT.md
  Rendering Layout: K8S_AGENT.md
     Layout source: theme
         Rendering: K8S_OPERATIONS_HUB.md
  Pre-Render Hooks: K8S_OPERATIONS_HUB.md
  Rendering Markup: K8S_OPERATIONS_HUB.md
  Rendering Layout: K8S_OPERATIONS_HUB.md
     Layout source: theme
         Rendering: K8S_PHASE2_PLAN.md
  Pre-Render Hooks: K8S_PHASE2_PLAN.md
  Rendering Markup: K8S_PHASE2_PLAN.md
  Rendering Layout: K8S_PHASE2_PLAN.md
     Layout source: theme
         Rendering: OPERATIONS.md
  Pre-Render Hooks: OPERATIONS.md
  Rendering Markup: OPERATIONS.md
  Rendering Layout: OPERATIONS.md
     Layout source: theme
         Rendering: POSTGRES_GUIDE.md
  Pre-Render Hooks: POSTGRES_GUIDE.md
  Rendering Markup: POSTGRES_GUIDE.md
  Rendering Layout: POSTGRES_GUIDE.md
     Layout source: theme
         Rendering: RELEASE_GUIDE.md
  Pre-Render Hooks: RELEASE_GUIDE.md
  Rendering Markup: RELEASE_GUIDE.md
  Rendering Layout: RELEASE_GUIDE.md
     Layout source: theme
         Rendering: SAFETY_GUIDE.md
  Pre-Render Hooks: SAFETY_GUIDE.md
  Rendering Markup: SAFETY_GUIDE.md
  Rendering Layout: SAFETY_GUIDE.md
     Layout source: theme
         Rendering: USER_GUIDE.md
  Pre-Render Hooks: USER_GUIDE.md
  Rendering Markup: USER_GUIDE.md
  Rendering Layout: USER_GUIDE.md
     Layout source: theme
           Writing: /github/workspace/_site/assets/css/style.css
           Writing: /github/workspace/_site/ADMIN_GUIDE.html
           Writing: /github/workspace/_site/ARCHITECTURE_MODULES.html
           Writing: /github/workspace/_site/Clustara_Detailed_Manual.html
           Writing: /github/workspace/_site/K8S_AGENT.html
           Writing: /github/workspace/_site/K8S_OPERATIONS_HUB.html
           Writing: /github/workspace/_site/K8S_PHASE2_PLAN.html
           Writing: /github/workspace/_site/OPERATIONS.html
           Writing: /github/workspace/_site/POSTGRES_GUIDE.html
           Writing: /github/workspace/_site/RELEASE_GUIDE.html
           Writing: /github/workspace/_site/SAFETY_GUIDE.html
           Writing: /github/workspace/_site/USER_GUIDE.html
                    done in 0.865 seconds.
 Auto-regeneration: disabled. Use --watch to enable.
