[1/3] docker build dataworks:v0.9.69 (platform=linux/amd64)
#0 building with "default" instance using docker driver

#1 [internal] load build definition from Dockerfile
#1 transferring dockerfile: 1.98kB done
#1 DONE 0.1s

#2 resolve image config for docker-image://docker.io/docker/dockerfile:1.7
#2 DONE 1.3s

#3 docker-image://docker.io/docker/dockerfile:1.7@sha256:a57df69d0ea827fb7266491f2813635de6f17269be881f696fbfdf2d83dda33e
#3 resolve docker.io/docker/dockerfile:1.7@sha256:a57df69d0ea827fb7266491f2813635de6f17269be881f696fbfdf2d83dda33e 0.0s done
#3 CACHED

#4 [internal] load metadata for docker.io/library/node:24-alpine
#4 ...

#5 [internal] load metadata for gcr.io/distroless/static:nonroot
#5 DONE 0.6s

#6 [internal] load metadata for docker.io/library/golang:1.25-alpine
#6 ...

#4 [internal] load metadata for docker.io/library/node:24-alpine
#4 DONE -1.5s

#6 [internal] load metadata for docker.io/library/golang:1.25-alpine
#6 DONE -1.5s

#7 [internal] load .dockerignore
#7 transferring context: 263B done
#7 DONE 0.0s

#8 [internal] load build context
#8 DONE 0.0s

#9 [build 1/7] FROM docker.io/library/golang:1.25-alpine@sha256:1ae0735f00daffa3aaf1363a5184c0d2dc55c78e3db4ec70241cdac97bf84b59
#9 resolve docker.io/library/golang:1.25-alpine@sha256:1ae0735f00daffa3aaf1363a5184c0d2dc55c78e3db4ec70241cdac97bf84b59
#9 resolve docker.io/library/golang:1.25-alpine@sha256:1ae0735f00daffa3aaf1363a5184c0d2dc55c78e3db4ec70241cdac97bf84b59 0.0s done
#9 DONE 0.0s

#10 [web-build 1/6] FROM docker.io/library/node:24-alpine@sha256:ebfe2f90462722a7a4de65e91990e97fe0d401c70e0e762c5b53302f905ec1c1
#10 resolve docker.io/library/node:24-alpine@sha256:ebfe2f90462722a7a4de65e91990e97fe0d401c70e0e762c5b53302f905ec1c1 0.0s done
#10 DONE 0.0s

#11 [runtime 1/4] FROM gcr.io/distroless/static:nonroot@sha256:e2e927ec666bae08560abb3c55d0659eceabb657f56b6782ab500a9fc7f555e3
#11 resolve gcr.io/distroless/static:nonroot@sha256:e2e927ec666bae08560abb3c55d0659eceabb657f56b6782ab500a9fc7f555e3 0.0s done
#11 DONE 0.0s

#8 [internal] load build context
#8 transferring context: 25.20MB 0.2s done
#8 DONE 0.2s

#12 [build 2/7] WORKDIR /src
#12 CACHED

#13 [build 3/7] COPY go.mod go.sum ./
#13 CACHED

#14 [web-build 2/6] WORKDIR /src/web
#14 CACHED

#15 [build 4/7] RUN go mod download
#15 CACHED

#16 [web-build 3/6] COPY web/package.json web/package-lock.json ./
#16 DONE 0.1s

#17 [build 5/7] COPY . .
#17 DONE 0.2s

#18 [web-build 4/6] RUN npm ci
#18 13.35 
#18 13.35 added 319 packages, and audited 320 packages in 13s
#18 13.35 
#18 13.35 73 packages are looking for funding
#18 13.35   run `npm fund` for details
#18 13.36 
#18 13.36 3 high severity vulnerabilities
#18 13.36 
#18 13.36 To address all issues, run:
#18 13.36   npm audit fix
#18 13.36 
#18 13.36 Run `npm audit` for details.
#18 13.36 npm notice
#18 13.36 npm notice New major version of npm available! 11.19.0 -> 12.2.0
#18 13.36 npm notice Changelog: https://github.com/npm/cli/releases/tag/v12.2.0
#18 13.36 npm notice To update run: npm install -g npm@12.2.0
#18 13.36 npm notice
#18 DONE 13.6s

#19 [web-build 5/6] COPY web/ ./
#19 DONE 0.2s

#20 [web-build 6/6] RUN npm run build
#20 0.528 
#20 0.528 > dataworks-web@0.1.0 build
#20 0.528 > tsc -b && vite build
#20 0.528 
#20 5.899 vite v8.2.2 building client environment for production...
#20 5.914 transforming...
#20 6.349 ✓ 2769 modules transformed.
#20 6.581 rendering chunks...
#20 6.735 computing gzip size...
#20 6.780 dist/index.html                                   0.55 kB │ gzip:   0.33 kB
#20 6.780 dist/assets/secondary-pages-DLioOiRN.css         15.41 kB │ gzip:   2.56 kB
#20 6.780 dist/assets/index-FdIsn6Vy.css                   53.96 kB │ gzip:  11.33 kB
#20 6.780 dist/assets/check-C5uMx8-V.js                     0.11 kB │ gzip:   0.13 kB
#20 6.780 dist/assets/circle-check-CK7vjl-q.js              0.16 kB │ gzip:   0.16 kB
#20 6.780 dist/assets/code-xml-C61sbl2n.js                  0.19 kB │ gzip:   0.16 kB
#20 6.780 dist/assets/circle-dollar-sign-Crz-A9ma.js        0.23 kB │ gzip:   0.19 kB
#20 6.780 dist/assets/funnel-BXFV3jp3.js                    0.24 kB │ gzip:   0.20 kB
#20 6.780 dist/assets/pencil-BQWspZG3.js                    0.26 kB │ gzip:   0.21 kB
#20 6.780 dist/assets/trash-2-XGA0AObb.js                   0.31 kB │ gzip:   0.20 kB
#20 6.780 dist/assets/shield-alert-isB5Ft99.js              0.34 kB │ gzip:   0.25 kB
#20 6.780 dist/assets/users-DBc94_o4.js                     0.47 kB │ gzip:   0.30 kB
#20 6.780 dist/assets/save-ClYOKMQb.js                      0.51 kB │ gzip:   0.32 kB
#20 6.780 dist/assets/page-header-BWxVUlEq.js               0.71 kB │ gzip:   0.41 kB
#20 6.780 dist/assets/badge-BGNVdi_b.js                     1.16 kB │ gzip:   0.59 kB
#20 6.780 dist/assets/with-selector-BX36P4T-.js             1.62 kB │ gzip:   0.71 kB
#20 6.780 dist/assets/platform-CCTLp6EO.js                  1.89 kB │ gzip:   0.69 kB
#20 6.780 dist/assets/useMutation-Cl5k_iO7.js               2.31 kB │ gzip:   0.95 kB
#20 6.780 dist/assets/dialog-KTURw8zX.js                    3.18 kB │ gzip:   1.45 kB
#20 6.780 dist/assets/sparkles-CeG8BiUC.js                  3.88 kB │ gzip:   1.68 kB
#20 6.780 dist/assets/products-page-fpNs8Nfe.js            10.85 kB │ gzip:   4.00 kB
#20 6.780 dist/assets/personal-page-5x5QoMPL.js            18.76 kB │ gzip:   5.93 kB
#20 6.780 dist/assets/home-page-DaqZIfWX.js                32.62 kB │ gzip:  10.35 kB
#20 6.780 dist/assets/product-workspace-page-DqJqYhng.js   40.91 kB │ gzip:  11.67 kB
#20 6.780 dist/assets/assets-page-g9VwL7j1.js              42.90 kB │ gzip:  13.78 kB
#20 6.780 dist/assets/settings-page-CpKdKdQi.js            44.62 kB │ gzip:  12.36 kB
#20 6.780 dist/assets/secondary-pages-BKwf9llX.js         217.08 kB │ gzip:  68.28 kB
#20 6.780 dist/assets/CartesianChart-oWnu3g-l.js          335.92 kB │ gzip:  98.55 kB
#20 6.780 dist/assets/index-B64GSuXw.js                   496.46 kB │ gzip: 156.48 kB
#20 6.780 
#20 6.781 ✓ built in 880ms
#20 DONE 6.9s

#21 [build 6/7] COPY --from=web-build /src/web/dist ./web/dist
#21 DONE 0.1s

#22 [build 7/7] RUN GOOS=linux GOARCH=amd64     go build -trimpath -ldflags "-s -w       -X dataworks/internal/buildinfo.Version=v0.9.69       -X dataworks/internal/buildinfo.Commit=unknown       -X dataworks/internal/buildinfo.BuildTime=unknown"     -o /out/dataworks ./cmd/dataworks &&     mkdir -p /out/data
#22 DONE 12.0s

#23 [runtime 2/4] WORKDIR /app
#23 CACHED

#24 [runtime 3/4] COPY --chown=nonroot:nonroot --from=build /out/dataworks /app/dataworks
#24 DONE 0.1s

#25 [runtime 4/4] COPY --chown=nonroot:nonroot --from=build /out/data /data
#25 DONE 0.1s

#26 exporting to image
#26 exporting layers
#26 exporting layers 1.2s done
#26 exporting manifest sha256:5e3781ee59ffa9cb8cf696ab338036619f406ebb325002be3fc69b645a4c072a 0.0s done
#26 exporting config sha256:da3ab8b6efa786f998bf23e9ed3ef3de53d625457b31e6ea4e71961a3ebc2950 0.0s done
#26 exporting attestation manifest sha256:215a18229547f1ea4f4b10b8a322f5f9ae8790f343bb14a0403f26e336137fcb 0.0s done
#26 exporting manifest list sha256:9f9a62c7a028c517d3e1fb7627d53fd5e6dfe890e28ddd6a20c4516322c71b1e 0.0s done
#26 naming to docker.io/library/dataworks:v0.9.69 done
#26 unpacking to docker.io/library/dataworks:v0.9.69
#26 unpacking to docker.io/library/dataworks:v0.9.69 0.2s done
#26 DONE 1.5s
[2/3] docker save -> /home/hkjang/.cache/auto-improve-wt/dataworks-release/release/dataworks-v0.9.69.tar
[3/3] gzip 압축 -> /home/hkjang/.cache/auto-improve-wt/dataworks-release/release/dataworks-v0.9.69.tar.gz

릴리즈 완료
  이미지   : dataworks:v0.9.69
  플랫폼   : linux/amd64
  배포 파일: /home/hkjang/.cache/auto-improve-wt/dataworks-release/release/dataworks-v0.9.69.tar.gz
  서비스 포트: 8080
