
> umm-web@0.76.8 pree2e
> node scripts/require-installed.mjs @playwright/test


> umm-web@0.76.8 e2e
> playwright test --list

Listing tests:
  [chromium] › admin-audit.spec.ts:22:3 › 감사 로그 › narrows to one action, offering the ones the log holds
  [chromium] › admin-audit.spec.ts:46:3 › 감사 로그 › says an empty result means no such record
  [chromium] › admin-audit.spec.ts:61:3 › 감사 로그 › clearing the filters brings everything back
  [chromium] › admin-band-preview.spec.ts:16:3 › 밴드 미리보기 › measures the typed bands against the thoughts already here, and saves nothing
  [chromium] › admin-embedding-gateway.spec.ts:17:3 › admin embedding gateway › discovery fills the embedding address and leaves the chat one alone
  [chromium] › admin-embedding-gateway.spec.ts:49:3 › admin embedding gateway › offers a separate key for the embedding server
  [chromium] › admin-spaces.spec.ts:16:3 › 공간과 참여자 › shows what a departed person still owns, and hands it on
  [chromium] › admin-unsaved.spec.ts:43:3 › unsaved admin settings › moving between sections keeps the edit and does not interrupt
  [chromium] › admin-unsaved.spec.ts:54:3 › unsaved admin settings › asks before leaving the page, and staying keeps the work
  [chromium] › admin-unsaved.spec.ts:71:3 › unsaved admin settings › leaving on purpose still leaves
  [chromium] › admin-unsaved.spec.ts:82:3 › unsaved admin settings › the quick navigator asks too
  [chromium] › admin-unsaved.spec.ts:99:3 › unsaved admin settings › says nothing when there is nothing to lose
  [chromium] › admin-unsaved.spec.ts:107:3 › unsaved admin settings › stops asking once the work is saved
  [chromium] › admin-webhooks.spec.ts:15:3 › 웹훅 상태 › names the failing webhook, and stops it without revealing its address
  [chromium] › ai-usage.spec.ts:13:1 › shows what your own thoughts were sent to an AI model for
  [chromium] › ai-usage.spec.ts:47:1 › refuses to hand the record to an API key
  [chromium] › api-key-lifecycle.spec.ts:33:3 › API key › is revoked first and only then can leave the list
  [chromium] › api-key-lifecycle.spec.ts:66:3 › API key › will not drop its last permission without saying why
  [chromium] › api-keys.spec.ts:46:3 › 개인 API 키 › says when a key stops working, in the reader’s language
  [chromium] › api-keys.spec.ts:79:3 › 개인 API 키 › does not say there are no keys when it could not look
  [chromium] › app-shell.spec.ts:14:1 › moving between pages does not black out the application
  [chromium] › appearance.spec.ts:7:3 › language and theme › switches to English and keeps it across a reload
  [chromium] › appearance.spec.ts:17:3 › language and theme › switches to the dark theme and keeps it across a reload
  [chromium] › approvals.spec.ts:50:3 › 검토 · 승인 › names the action, the state and what is being reviewed
  [chromium] › approvals.spec.ts:70:3 › 검토 · 승인 › says so when the thing being reviewed no longer has a name
  [chromium] › approvals.spec.ts:86:3 › 검토 · 승인 › does not offer a team lead the approval of their own request
  [chromium] › approvals.spec.ts:122:3 › 검토 · 승인 › does not say nothing is waiting when it could not look
  [chromium] › arrange.spec.ts:27:3 › arranging thoughts › separates only the overlapping thoughts, and undo puts them back
  [chromium] › arrange.spec.ts:109:3 › arranging thoughts › says so rather than moving anything when nothing overlaps
  [chromium] › attachments.spec.ts:21:1 › puts a picture on a thought and serves it as a picture
  [chromium] › attachments.spec.ts:83:1 › refuses a file that is not a picture, whatever it is called
  [chromium] › auth.spec.ts:5:3 › sign in › rejects a wrong password without revealing which field was wrong
  [chromium] › auth.spec.ts:14:3 › sign in › signs in and lands on today’s review
  [chromium] › auth.spec.ts:20:3 › sign in › lists this browser among the active sessions
  [chromium] › canvas-chrome.spec.ts:49:5 › canvas chrome › nothing sits on the capture bar at a wide desktop
  [chromium] › canvas-chrome.spec.ts:49:5 › canvas chrome › nothing sits on the capture bar at a laptop
  [chromium] › canvas-chrome.spec.ts:49:5 › canvas chrome › nothing sits on the capture bar at a narrow window
  [chromium] › canvas-chrome.spec.ts:49:5 › canvas chrome › nothing sits on the capture bar at a phone
  [chromium] › canvas-chrome.spec.ts:69:3 › canvas chrome › the space name is readable rather than clipped
  [chromium] › canvas-chrome.spec.ts:85:3 › canvas chrome › the actions stay reachable once the bar collapses
  [chromium] › canvas-opening.spec.ts:19:1 › opens a wide space without building the notes it will not show
  [chromium] › canvas-opening.spec.ts:83:1 › zooming in still returns the notes themselves
  [chromium] › canvas-place.spec.ts:39:1 › coming back to a space comes back to where you were looking
  [chromium] › canvas-place.spec.ts:74:1 › thoughts are only caught by the grid once it is turned on
  [chromium] › canvas-place.spec.ts:113:1 › a space nobody has opened still opens on its thoughts
  [chromium] › canvas-place.spec.ts:154:1 › the grid only moves thoughts onto it when it is on
  [chromium] › canvas.spec.ts:10:3 › canvas › captures a thought and shows it on the canvas
  [chromium] › canvas.spec.ts:21:3 › canvas › imports Markdown as one thought per section
  [chromium] › canvas.spec.ts:34:3 › canvas › keeps only failed import sections in the draft for retry
  [chromium] › canvas.spec.ts:73:3 › canvas › queues a thought while offline and syncs it on reconnect
  [chromium] › canvas.spec.ts:90:3 › canvas › opens a thought for editing from the keyboard
  [chromium] › canvas.spec.ts:102:3 › canvas › records what a drawn connection means
  [chromium] › canvas.spec.ts:119:3 › canvas › captures a thought from anywhere without choosing a space
  [chromium] › canvas.spec.ts:147:3 › canvas › summarises the canvas when zoomed out past reading distance
  [chromium] › canvas.spec.ts:225:3 › canvas › reaches lines of thinking from the first thought on a canvas
  [chromium] › canvas.spec.ts:264:3 › canvas › records why a line was set aside and shows it in the decision record
  [chromium] › canvas.spec.ts:310:3 › canvas › marks a set-aside line and fades everything outside the one in focus
  [chromium] › canvas.spec.ts:380:3 › canvas › does not invite you to start when the space failed to load
  [chromium] › canvas.spec.ts:404:3 › canvas › records why a connection was drawn, after it was drawn
  [chromium] › decisions.spec.ts:46:3 › 결정 기록 › dates follow the language chosen in umm, not the browser
  [chromium] › dreams.spec.ts:41:3 › Dreams › counts the queue, not the page it happens to have loaded
  [chromium] › dreams.spec.ts:60:3 › Dreams › the number does not move when more of the list is loaded
  [chromium] › dreams.spec.ts:88:3 › Dreams › dates the first dream of each day and not the ones after it
  [chromium] › dreams.spec.ts:121:3 › Dreams › does not say there are no Dreams when it could not look
  [chromium] › export-outline.spec.ts:14:1 › exports the space as a document in the order it was drawn
  [chromium] › export-pdf.spec.ts:20:1 › exports the canvas as a PDF a reader could open
  [chromium] › export-pdf.spec.ts:85:1 › exports the canvas as a PNG a viewer could open
  [chromium] › export-round-trip.spec.ts:18:3 › exporting a space and importing it back › restores the thoughts, where they sat, and what joined them
  [chromium] › home.spec.ts:76:3 › 오늘의 리뷰 › says how many it is holding back, and only when it is
  [chromium] › home.spec.ts:96:3 › 오늘의 리뷰 › stays quiet when every list is complete
  [chromium] › home.spec.ts:111:3 › 오늘의 리뷰 › leads with the guide until it is finished
  [chromium] › keyboard.spec.ts:17:3 › keyboard › the first tab stop skips the chrome and lands on the content
  [chromium] › keyboard.spec.ts:40:3 › keyboard › it stays out of the way until it is reached
  [chromium] › keyboard.spec.ts:51:3 › keyboard › every page offers it, not just the first one
  [chromium] › keyboard.spec.ts:75:3 › keyboard › each page has exactly one main landmark
  [chromium] › morning-brief-layout.spec.ts:13:1 › the brief summarises in a row and details underneath
  [chromium] › note-card.spec.ts:66:3 › note card › says how much of a thought it is not showing
  [chromium] › note-card.spec.ts:83:3 › note card › a thought that fits says nothing
  [chromium] › note-card.spec.ts:89:3 › note card › grows the card until the whole thought fits, and keeps it
  [chromium] › note-card.spec.ts:121:3 › note card › shows the marks a person put on a thought
  [chromium] › note-card.spec.ts:137:3 › note card › marking a thought as a question shows on the card straight away
  [chromium] › note-card.spec.ts:162:3 › note card › fits every mark inside the smallest note, in English too
  [chromium] › note-card.spec.ts:235:1 › shows the name an imported document gave a thought
  [chromium] › note-card.spec.ts:264:1 › a thought with no name shows no field for one
  [chromium] › note-card.spec.ts:305:1 › never draws a chip over the thought
  [chromium] › note-card.spec.ts:328:1 › does not hide a thought on the canvas when it changes
  [chromium] › note-card.spec.ts:358:1 › names a thought and keeps the name
  [chromium] › note-card.spec.ts:390:1 › takes a name back off
  [chromium] › note-card.spec.ts:406:1 › counts the hidden lines with the name taking its room
  [chromium] › note-card.spec.ts:433:1 › offers the addresses a thought refers to
  [chromium] › note-card.spec.ts:462:1 › a thought that refers to nothing offers no links
  [chromium] › note-conflict.spec.ts:21:1 › two screens editing one thought keep both versions
  [chromium] › offline-session.spec.ts:27:3 › offline session › a reload with no network keeps you in the app
  [chromium] › offline-session.spec.ts:48:3 › offline session › a server that says you are signed out still signs you out
  [chromium] › presentation.spec.ts:13:1 › previews a space as a talk without making anything
  [chromium] › presentation.spec.ts:86:1 › explains why a deck cannot be made
  [chromium] › presentation.spec.ts:131:1 › groups thoughts placed together, and can be told not to
  [chromium] › presentation.spec.ts:193:1 › fits a talk into a chosen length and says what did not fit
  [chromium] › read-only-space.spec.ts:82:3 › read-only space › says so instead of offering an editor that cannot save
  [chromium] › read-only-space.spec.ts:109:3 › read-only space › leaves a space you can write to alone
  [chromium] › read-only-space.spec.ts:131:3 › read-only space › the note menu drops what a reader cannot do
  [chromium] › read-only-space.spec.ts:144:3 › read-only space › the owner keeps the whole menu
  [chromium] › read-only-space.spec.ts:163:3 › read-only space › does not offer to add connections to a space it cannot write to
  [chromium] › read-only-space.spec.ts:169:3 › read-only space › still offers it where connections can be added
  [chromium] › read-only-space.spec.ts:181:3 › read-only space › the comment menu drops what a reader cannot do
  [chromium] › read-only-space.spec.ts:225:3 › read-only space › a member who may edit can still resolve a discussion
  [chromium] › read-only-space.spec.ts:254:3 › read-only space › the lines panel shows the lines without offering to change them
  [chromium] › read-only-space.spec.ts:293:3 › read-only space › does not offer to rearrange a space it cannot write to
  [chromium] › read-only-space.spec.ts:303:3 › read-only space › still offers the arrangements where the layout can be saved
  [chromium] › read-only-space.spec.ts:316:3 › read-only space › pressing Delete does not offer to delete a thought a reader cannot delete
  [chromium] › read-only-space.spec.ts:357:3 › read-only space › browsing a read-only space sends no writes at all
  [chromium] › scrolling.spec.ts:26:5 › page scrolling › reaches the end of 오늘의 리뷰
  [chromium] › scrolling.spec.ts:26:5 › page scrolling › reaches the end of 결정 기록
  [chromium] › scrolling.spec.ts:26:5 › page scrolling › reaches the end of Dreams
  [chromium] › scrolling.spec.ts:26:5 › page scrolling › reaches the end of 개인 설정
  [chromium] › scrolling.spec.ts:50:3 › page scrolling › the canvas fills its space without scrolling
  [chromium] › scrolling.spec.ts:87:3 › page scrolling › the end of a long page clears the mobile tab bar
  [chromium] › security.spec.ts:5:3 › hardening › serves a per-response nonce and a strict policy
  [chromium] › security.spec.ts:25:3 › hardening › rejects a cross-site write
  [chromium] › security.spec.ts:35:3 › hardening › exposes readiness without authentication
  [chromium] › sessions.spec.ts:16:3 › logged-in devices › ending another login signs that browser out
  [chromium] › sessions.spec.ts:64:3 › logged-in devices › says it could not look rather than that nobody is there
  [chromium] › space-memory.spec.ts:31:1 › the canvas link comes back to the space you were in
  [chromium] › space-memory.spec.ts:50:1 › reloading stays in the same space
  [chromium] › space-memory.spec.ts:70:1 › says so when the space in the address cannot be opened
  [chromium] › space-rewind.spec.ts:13:1 › shows the space as it was, and refuses to let it be changed
  [chromium] › space-rewind.spec.ts:75:1 › drops the rewind when the switcher opens another space
  [chromium] › touch-targets.spec.ts:27:3 › touch targets › the header controls are big enough to hit on a phone
  [chromium] › touch-targets.spec.ts:60:3 › touch targets › the header still fits the phone
Total: 129 tests in 38 files
