
> umm-web@0.76.8 prepreview
> node scripts/require-installed.mjs vite


> umm-web@0.76.8 preview
> vite preview --host 0.0.0.0 --help

vite/8.2.1

Usage:
  $ vite preview [root]

Options:
  --host [host]            [string] specify hostname 
  --port <port>            [number] specify port 
  --strictPort             [boolean] exit if specified port is already in use 
  --open [path]            [boolean | string] open browser on startup 
  --outDir <dir>           [string] output directory (default: dist) 
  -c, --config <file>      [string] use specified config file 
  --base <path>            [string] public base path (default: /) 
  -l, --logLevel <level>   [string] info | warn | error | silent 
  --clearScreen            [boolean] allow/disable clear screen when logging 
  --configLoader <loader>  [string] use 'bundle' to bundle the config with Rolldown, or 'runner' (experimental) to process it on the fly, or 'native' (experimental) to load using the native runtime (default: bundle) 
  -d, --debug [feat]       [string | boolean] show debug logs 
  -f, --filter <filter>    [string] filter debug logs 
  -m, --mode <mode>        [string] set env mode 
  -h, --help               Display this message 
