=== RUN   TestStreamAIPersonLookup
=== RUN   TestStreamAIPersonLookup/missing_person
=== RUN   TestStreamAIPersonLookup/other_users_person
=== RUN   TestStreamAIPersonLookup/missing_relationship
=== RUN   TestStreamAIPersonLookup/own_person_without_memories
=== RUN   TestStreamAIPersonLookup/empty_person_id
=== RUN   TestStreamAIPersonLookup/malformed_uuid
=== RUN   TestStreamAIPersonLookup/disabled_ai
=== RUN   TestStreamAIPersonLookup/missing_memory_key
2026/09/29 10:10:34 ERROR request failed method=POST path=/api/v1/ai/stream error="no rows in result set"
=== RUN   TestStreamAIPersonLookup/missing_setting
2026/09/29 10:10:34 ERROR request failed method=POST path=/api/v1/ai/stream error="no rows in result set"
--- PASS: TestStreamAIPersonLookup (0.12s)
    --- PASS: TestStreamAIPersonLookup/missing_person (0.01s)
    --- PASS: TestStreamAIPersonLookup/other_users_person (0.00s)
    --- PASS: TestStreamAIPersonLookup/missing_relationship (0.00s)
    --- PASS: TestStreamAIPersonLookup/own_person_without_memories (0.02s)
    --- PASS: TestStreamAIPersonLookup/empty_person_id (0.01s)
    --- PASS: TestStreamAIPersonLookup/malformed_uuid (0.00s)
    --- PASS: TestStreamAIPersonLookup/disabled_ai (0.00s)
    --- PASS: TestStreamAIPersonLookup/missing_memory_key (0.01s)
    --- PASS: TestStreamAIPersonLookup/missing_setting (0.00s)
=== RUN   TestStreamAIRejectsMalformedPersonIDBeforeDB
=== RUN   TestStreamAIRejectsMalformedPersonIDBeforeDB/uuid가_아닌_문자열
=== RUN   TestStreamAIRejectsMalformedPersonIDBeforeDB/하이픈_없는_16진수
=== RUN   TestStreamAIRejectsMalformedPersonIDBeforeDB/중괄호로_감싼_형태
=== RUN   TestStreamAIRejectsMalformedPersonIDBeforeDB/따옴표가_섞인_값
--- PASS: TestStreamAIRejectsMalformedPersonIDBeforeDB (0.00s)
    --- PASS: TestStreamAIRejectsMalformedPersonIDBeforeDB/uuid가_아닌_문자열 (0.00s)
    --- PASS: TestStreamAIRejectsMalformedPersonIDBeforeDB/하이픈_없는_16진수 (0.00s)
    --- PASS: TestStreamAIRejectsMalformedPersonIDBeforeDB/중괄호로_감싼_형태 (0.00s)
    --- PASS: TestStreamAIRejectsMalformedPersonIDBeforeDB/따옴표가_섞인_값 (0.00s)
=== RUN   TestStreamAILetsWellFormedPersonIDReachDB
=== RUN   TestStreamAILetsWellFormedPersonIDReachDB/소문자_uuid
=== RUN   TestStreamAILetsWellFormedPersonIDReachDB/대문자_uuid
=== RUN   TestStreamAILetsWellFormedPersonIDReachDB/person_id_없음
--- PASS: TestStreamAILetsWellFormedPersonIDReachDB (0.00s)
    --- PASS: TestStreamAILetsWellFormedPersonIDReachDB/소문자_uuid (0.00s)
    --- PASS: TestStreamAILetsWellFormedPersonIDReachDB/대문자_uuid (0.00s)
    --- PASS: TestStreamAILetsWellFormedPersonIDReachDB/person_id_없음 (0.00s)
=== RUN   TestExtractDelta
=== RUN   TestExtractDelta/responses
=== RUN   TestExtractDelta/chat-compatible
--- PASS: TestExtractDelta (0.00s)
    --- PASS: TestExtractDelta/responses (0.00s)
    --- PASS: TestExtractDelta/chat-compatible (0.00s)
PASS
ok  	github.com/hkjang/orbit/internal/server	0.141s
