=== RUN   TestStreamAIPersonLookup
=== RUN   TestStreamAIPersonLookup/missing_person
2026/09/29 10:09:30 ERROR request failed method=POST path=/api/v1/ai/stream error="no rows in result set"
    ai_db_test.go:120: status = 500, want 404; body = {"error":{"code":"internal_error","message":"요청을 처리하지 못했습니다."}}
=== RUN   TestStreamAIPersonLookup/other_users_person
2026/09/29 10:09:30 ERROR request failed method=POST path=/api/v1/ai/stream error="no rows in result set"
    ai_db_test.go:120: status = 500, want 404; body = {"error":{"code":"internal_error","message":"요청을 처리하지 못했습니다."}}
=== RUN   TestStreamAIPersonLookup/missing_relationship
2026/09/29 10:09:30 ERROR request failed method=POST path=/api/v1/ai/stream error="no rows in result set"
    ai_db_test.go:120: status = 500, want 404; body = {"error":{"code":"internal_error","message":"요청을 처리하지 못했습니다."}}
=== RUN   TestStreamAIPersonLookup/own_person_without_memories
=== RUN   TestStreamAIPersonLookup/empty_person_id
=== RUN   TestStreamAIPersonLookup/malformed_uuid
=== RUN   TestStreamAIPersonLookup/disabled_ai
=== RUN   TestStreamAIPersonLookup/missing_memory_key
2026/09/29 10:09:30 ERROR request failed method=POST path=/api/v1/ai/stream error="no rows in result set"
=== RUN   TestStreamAIPersonLookup/missing_setting
2026/09/29 10:09:30 ERROR request failed method=POST path=/api/v1/ai/stream error="no rows in result set"
--- FAIL: TestStreamAIPersonLookup (0.22s)
    --- FAIL: TestStreamAIPersonLookup/missing_person (0.00s)
    --- FAIL: TestStreamAIPersonLookup/other_users_person (0.00s)
    --- FAIL: TestStreamAIPersonLookup/missing_relationship (0.00s)
    --- PASS: TestStreamAIPersonLookup/own_person_without_memories (0.01s)
    --- PASS: TestStreamAIPersonLookup/empty_person_id (0.00s)
    --- PASS: TestStreamAIPersonLookup/malformed_uuid (0.00s)
    --- PASS: TestStreamAIPersonLookup/disabled_ai (0.00s)
    --- PASS: TestStreamAIPersonLookup/missing_memory_key (0.01s)
    --- PASS: TestStreamAIPersonLookup/missing_setting (0.00s)
=== RUN   TestOrbitRangeMatchesLegacyJoin
=== RUN   TestOrbitRangeMatchesLegacyJoin/사람이_없으면_nil
=== RUN   TestOrbitRangeMatchesLegacyJoin/사람만_있으면_created_at
=== RUN   TestOrbitRangeMatchesLegacyJoin/더_앞선_교류가_있으면_occurred_at
=== RUN   TestOrbitRangeMatchesLegacyJoin/다른_사용자_것은_보지_않는다
--- PASS: TestOrbitRangeMatchesLegacyJoin (0.05s)
    --- PASS: TestOrbitRangeMatchesLegacyJoin/사람이_없으면_nil (0.01s)
    --- PASS: TestOrbitRangeMatchesLegacyJoin/사람만_있으면_created_at (0.01s)
    --- PASS: TestOrbitRangeMatchesLegacyJoin/더_앞선_교류가_있으면_occurred_at (0.01s)
    --- PASS: TestOrbitRangeMatchesLegacyJoin/다른_사용자_것은_보지_않는다 (0.01s)
=== RUN   TestOrbitAtLinksStayWithinNodes
=== RUN   TestOrbitAtLinksStayWithinNodes/과거_응답의_링크는_모두_그_응답의_nodes_안에서_닫힌다
=== RUN   TestOrbitAtLinksStayWithinNodes/현재_응답은_오늘의_링크를_전부_담는다
=== RUN   TestOrbitAtLinksStayWithinNodes/링크가_하나도_안_남아도_배열로_나간다
--- PASS: TestOrbitAtLinksStayWithinNodes (0.05s)
    --- PASS: TestOrbitAtLinksStayWithinNodes/과거_응답의_링크는_모두_그_응답의_nodes_안에서_닫힌다 (0.01s)
    --- PASS: TestOrbitAtLinksStayWithinNodes/현재_응답은_오늘의_링크를_전부_담는다 (0.00s)
    --- PASS: TestOrbitAtLinksStayWithinNodes/링크가_하나도_안_남아도_배열로_나간다 (0.00s)
=== RUN   TestOrbitAtResponseCarriesEarliestAt
=== RUN   TestOrbitAtResponseCarriesEarliestAt/기록이_있으면_두_경로의_earliest_at_이_같다
=== RUN   TestOrbitAtResponseCarriesEarliestAt/기록이_없으면_두_경로_모두_null
=== RUN   TestOrbitAtResponseCarriesEarliestAt/기존_키는_하나도_사라지지_않는다
--- PASS: TestOrbitAtResponseCarriesEarliestAt (0.05s)
    --- PASS: TestOrbitAtResponseCarriesEarliestAt/기록이_있으면_두_경로의_earliest_at_이_같다 (0.02s)
    --- PASS: TestOrbitAtResponseCarriesEarliestAt/기록이_없으면_두_경로_모두_null (0.01s)
    --- PASS: TestOrbitAtResponseCarriesEarliestAt/기존_키는_하나도_사라지지_않는다 (0.01s)
FAIL
FAIL	github.com/hkjang/orbit/internal/server	0.380s
FAIL
