=== RUN   TestStreamAIPersonLookup
=== RUN   TestStreamAIPersonLookup/missing_person
2026/09/29 10:10:21 ERROR request failed method=POST path=/api/v1/ai/stream error="no rows in result set"
    ai_db_test.go:120: status = 500, want 404; body = {"error":{"code":"internal_error","message":"요청을 처리하지 못했습니다."}}
=== RUN   TestStreamAIPersonLookup/other_users_person
2026/09/29 10:10:21 ERROR request failed method=POST path=/api/v1/ai/stream error="no rows in result set"
    ai_db_test.go:120: status = 500, want 404; body = {"error":{"code":"internal_error","message":"요청을 처리하지 못했습니다."}}
=== RUN   TestStreamAIPersonLookup/missing_relationship
2026/09/29 10:10:21 ERROR request failed method=POST path=/api/v1/ai/stream error="no rows in result set"
    ai_db_test.go:120: status = 500, want 404; body = {"error":{"code":"internal_error","message":"요청을 처리하지 못했습니다."}}
=== RUN   TestStreamAIPersonLookup/own_person_without_memories
=== RUN   TestStreamAIPersonLookup/empty_person_id
=== RUN   TestStreamAIPersonLookup/malformed_uuid
=== RUN   TestStreamAIPersonLookup/disabled_ai
=== RUN   TestStreamAIPersonLookup/missing_memory_key
2026/09/29 10:10:21 ERROR request failed method=POST path=/api/v1/ai/stream error="no rows in result set"
=== RUN   TestStreamAIPersonLookup/missing_setting
2026/09/29 10:10:21 ERROR request failed method=POST path=/api/v1/ai/stream error="no rows in result set"
--- FAIL: TestStreamAIPersonLookup (0.09s)
    --- FAIL: TestStreamAIPersonLookup/missing_person (0.00s)
    --- FAIL: TestStreamAIPersonLookup/other_users_person (0.00s)
    --- FAIL: TestStreamAIPersonLookup/missing_relationship (0.00s)
    --- PASS: TestStreamAIPersonLookup/own_person_without_memories (0.01s)
    --- PASS: TestStreamAIPersonLookup/empty_person_id (0.01s)
    --- PASS: TestStreamAIPersonLookup/malformed_uuid (0.00s)
    --- PASS: TestStreamAIPersonLookup/disabled_ai (0.00s)
    --- PASS: TestStreamAIPersonLookup/missing_memory_key (0.01s)
    --- PASS: TestStreamAIPersonLookup/missing_setting (0.00s)
FAIL
FAIL	github.com/hkjang/orbit/internal/server	0.107s
FAIL
