
> orbit-web@0.1.0 build
> tsc -b && vite build

vite v8.2.1 building client environment for production...
[2Ktransforming...✓ 974 modules transformed.
rendering chunks...
computing gzip size...
dist/index.html                                  1.06 kB │ gzip:  0.53 kB
dist/assets/AddRounded-D9yx2b52.js               0.24 kB │ gzip:  0.19 kB
dist/assets/dividerClasses-CpgAT1g6.js           0.27 kB │ gzip:  0.21 kB
dist/assets/categoryStyle-BiNgmblJ.js            0.36 kB │ gzip:  0.28 kB
dist/assets/CloseRounded-DRL7MXgy.js             0.36 kB │ gzip:  0.24 kB
dist/assets/PageHeader-DFHqHU28.js               0.42 kB │ gzip:  0.29 kB
dist/assets/rolldown-runtime-CbXtAM7H.js         0.58 kB │ gzip:  0.36 kB
dist/assets/forecast-CHYpwk_D.js                 0.84 kB │ gzip:  0.46 kB
dist/assets/StateViews-ClxC0t9z.js               1.06 kB │ gzip:  0.62 kB
dist/assets/orbitGrammar-BwFVMXNg.js             1.50 kB │ gzip:  0.90 kB
dist/assets/CardActionArea-BSRSbZZR.js           1.63 kB │ gzip:  0.81 kB
dist/assets/SearchRounded-Cd_-Ic1z.js            2.09 kB │ gzip:  1.14 kB
dist/assets/PersonFormDialog-DTgWwDxg.js         4.07 kB │ gzip:  1.99 kB
dist/assets/AIPage-Chl3VGol.js                   4.84 kB │ gzip:  2.52 kB
dist/assets/LoginPage-CdWjhCj-.js                4.88 kB │ gzip:  2.52 kB
dist/assets/ApprovalsPage-DB6dded0.js            4.90 kB │ gzip:  2.30 kB
dist/assets/CardContent-D7Io0VgV.js              5.64 kB │ gzip:  2.21 kB
dist/assets/PeoplePage-D_QOMTJJ.js               6.02 kB │ gzip:  2.98 kB
dist/assets/DialogTitle-t10OdRjP.js              6.79 kB │ gzip:  2.32 kB
dist/assets/MemoriesPage-BLh_Qxd0.js             6.86 kB │ gzip:  3.00 kB
dist/assets/Chip-BD6oDDzF.js                     8.01 kB │ gzip:  2.66 kB
dist/assets/ThemeProviderWithVars-Vn-2ZbFt.js   10.60 kB │ gzip:  3.94 kB
dist/assets/PersonalPage-CALHTWi_.js            12.75 kB │ gzip:  4.84 kB
dist/assets/PersonPage-hKto4nRi.js              16.56 kB │ gzip:  6.52 kB
dist/assets/Slider-BP58n0fM.js                  19.73 kB │ gzip:  6.72 kB
dist/assets/Tabs-Ou8D2pP-.js                    22.44 kB │ gzip:  7.55 kB
dist/assets/OrbitPage-sM2HPK_h.js               23.11 kB │ gzip:  9.44 kB
dist/assets/AdminPage-BY2iujBF.js               24.01 kB │ gzip:  7.89 kB
dist/assets/Menu-oNvSEJuI.js                    38.33 kB │ gzip: 13.21 kB
dist/assets/TextField-Ck7bMhEd.js               45.70 kB │ gzip: 13.35 kB
dist/assets/api-ZtZzsCU7.js                    127.62 kB │ gzip: 42.78 kB
dist/assets/index-BJ5HucJG.js                  296.04 kB │ gzip: 96.01 kB

✓ built in 856ms
