
> qurio-web@1.4.14 build
> tsc -b && vite build --outDir /mnt/c/Users/USER/projects/aidev/state/runs/2026-10-08-160834-qurio-improve/web-dist

vite v8.2.2 building client environment for production...
transforming...
✓ 7124 modules transformed.

(!) outDir /mnt/c/Users/USER/projects/aidev/state/runs/2026-10-08-160834-qurio-improve/web-dist is not inside project root and will not be emptied.
Use --emptyOutDir to override.

rendering chunks...
computing gzip size...
../../../../../../mnt/c/Users/USER/projects/aidev/state/runs/2026-10-08-160834-qurio-improve/web-dist/index.html                                     0.98 kB │ gzip:   0.55 kB
../../../../../../mnt/c/Users/USER/projects/aidev/state/runs/2026-10-08-160834-qurio-improve/web-dist/assets/index-DIk44RKZ.css                    251.60 kB │ gzip:  38.48 kB
../../../../../../mnt/c/Users/USER/projects/aidev/state/runs/2026-10-08-160834-qurio-improve/web-dist/assets/IconPlayerPlay-C-0ZX4k4.js              0.14 kB │ gzip:   0.14 kB
../../../../../../mnt/c/Users/USER/projects/aidev/state/runs/2026-10-08-160834-qurio-improve/web-dist/assets/IconX-COaRXHZz.js                       0.15 kB │ gzip:   0.14 kB
../../../../../../mnt/c/Users/USER/projects/aidev/state/runs/2026-10-08-160834-qurio-improve/web-dist/assets/IconUpload-C8itLpsn.js                  0.23 kB │ gzip:   0.17 kB
../../../../../../mnt/c/Users/USER/projects/aidev/state/runs/2026-10-08-160834-qurio-improve/web-dist/assets/IconDownload-CM85slGY.js                0.24 kB │ gzip:   0.18 kB
../../../../../../mnt/c/Users/USER/projects/aidev/state/runs/2026-10-08-160834-qurio-improve/web-dist/assets/IconEdit-t0zFQxOL.js                    0.30 kB │ gzip:   0.21 kB
../../../../../../mnt/c/Users/USER/projects/aidev/state/runs/2026-10-08-160834-qurio-improve/web-dist/assets/IconMessageCircle-FvYeDcxo.js           0.30 kB │ gzip:   0.24 kB
../../../../../../mnt/c/Users/USER/projects/aidev/state/runs/2026-10-08-160834-qurio-improve/web-dist/assets/IconRocket-Dts9Wnua.js                  0.33 kB │ gzip:   0.21 kB
../../../../../../mnt/c/Users/USER/projects/aidev/state/runs/2026-10-08-160834-qurio-improve/web-dist/assets/IconSend-Cue71mju.js                    0.63 kB │ gzip:   0.27 kB
../../../../../../mnt/c/Users/USER/projects/aidev/state/runs/2026-10-08-160834-qurio-improve/web-dist/assets/IconThumbUp-DegZp9MK.js                 0.93 kB │ gzip:   0.38 kB
../../../../../../mnt/c/Users/USER/projects/aidev/state/runs/2026-10-08-160834-qurio-improve/web-dist/assets/FileInput-BM7XsWBv.js                   2.33 kB │ gzip:   1.12 kB
../../../../../../mnt/c/Users/USER/projects/aidev/state/runs/2026-10-08-160834-qurio-improve/web-dist/assets/Progress-4yWkVxI1.js                    2.42 kB │ gzip:   1.04 kB
../../../../../../mnt/c/Users/USER/projects/aidev/state/runs/2026-10-08-160834-qurio-improve/web-dist/assets/TopologyIndexesPage-o0qNP5jP.js         2.52 kB │ gzip:   1.23 kB
../../../../../../mnt/c/Users/USER/projects/aidev/state/runs/2026-10-08-160834-qurio-improve/web-dist/assets/Textarea-BjAbJvzS.js                    3.46 kB │ gzip:   1.55 kB
../../../../../../mnt/c/Users/USER/projects/aidev/state/runs/2026-10-08-160834-qurio-improve/web-dist/assets/AuthPages-CS0Y7R-o.js                   3.91 kB │ gzip:   1.90 kB
../../../../../../mnt/c/Users/USER/projects/aidev/state/runs/2026-10-08-160834-qurio-improve/web-dist/assets/IconDeviceFloppy-V3vpXkLT.js            4.30 kB │ gzip:   1.67 kB
../../../../../../mnt/c/Users/USER/projects/aidev/state/runs/2026-10-08-160834-qurio-improve/web-dist/assets/IconChevronLeft-B9SmNHEF.js             4.92 kB │ gzip:   1.89 kB
../../../../../../mnt/c/Users/USER/projects/aidev/state/runs/2026-10-08-160834-qurio-improve/web-dist/assets/IconChevronRight-DDsecve5.js            5.00 kB │ gzip:   2.15 kB
../../../../../../mnt/c/Users/USER/projects/aidev/state/runs/2026-10-08-160834-qurio-improve/web-dist/assets/AnalyticsDetailPage-CN50ghVv.js         6.85 kB │ gzip:   2.88 kB
../../../../../../mnt/c/Users/USER/projects/aidev/state/runs/2026-10-08-160834-qurio-improve/web-dist/assets/Pagination-B7Mgb4Fr.js                  7.99 kB │ gzip:   3.00 kB
../../../../../../mnt/c/Users/USER/projects/aidev/state/runs/2026-10-08-160834-qurio-improve/web-dist/assets/EvaluationCancelAction-CzI3snAd.js      9.03 kB │ gzip:   3.85 kB
../../../../../../mnt/c/Users/USER/projects/aidev/state/runs/2026-10-08-160834-qurio-improve/web-dist/assets/PageScaffold-DP6h-Yyp.js                9.72 kB │ gzip:   3.61 kB
../../../../../../mnt/c/Users/USER/projects/aidev/state/runs/2026-10-08-160834-qurio-improve/web-dist/assets/IconTrash-B7h1DzXE.js                   9.84 kB │ gzip:   3.40 kB
../../../../../../mnt/c/Users/USER/projects/aidev/state/runs/2026-10-08-160834-qurio-improve/web-dist/assets/MetadataCatalogPage-Df-7ynOT.js        10.71 kB │ gzip:   4.01 kB
../../../../../../mnt/c/Users/USER/projects/aidev/state/runs/2026-10-08-160834-qurio-improve/web-dist/assets/InputBase-D5FI-Nel.js                  11.92 kB │ gzip:   3.68 kB
../../../../../../mnt/c/Users/USER/projects/aidev/state/runs/2026-10-08-160834-qurio-improve/web-dist/assets/TopologyIntelligencePage-exnWSwSS.js   13.82 kB │ gzip:   4.84 kB
../../../../../../mnt/c/Users/USER/projects/aidev/state/runs/2026-10-08-160834-qurio-improve/web-dist/assets/IconCopy-D4E1Kzz8.js                   14.51 kB │ gzip:   5.42 kB
../../../../../../mnt/c/Users/USER/projects/aidev/state/runs/2026-10-08-160834-qurio-improve/web-dist/assets/Select-Ch2HryTM.js                     23.56 kB │ gzip:   7.57 kB
../../../../../../mnt/c/Users/USER/projects/aidev/state/runs/2026-10-08-160834-qurio-improve/web-dist/assets/notifications.store-BVYMqFiG.js        23.96 kB │ gzip:   8.53 kB
../../../../../../mnt/c/Users/USER/projects/aidev/state/runs/2026-10-08-160834-qurio-improve/web-dist/assets/NumberInput-DFbRv7hO.js                24.55 kB │ gzip:   9.14 kB
../../../../../../mnt/c/Users/USER/projects/aidev/state/runs/2026-10-08-160834-qurio-improve/web-dist/assets/ResourcePage-Bq_Aye-k.js               30.90 kB │ gzip:  11.45 kB
../../../../../../mnt/c/Users/USER/projects/aidev/state/runs/2026-10-08-160834-qurio-improve/web-dist/assets/CodeStudioPage-DvJt0QmK.js             42.80 kB │ gzip:  11.92 kB
../../../../../../mnt/c/Users/USER/projects/aidev/state/runs/2026-10-08-160834-qurio-improve/web-dist/assets/SqlWorkbenchPage-CUt4XYev.js           55.83 kB │ gzip:  16.94 kB
../../../../../../mnt/c/Users/USER/projects/aidev/state/runs/2026-10-08-160834-qurio-improve/web-dist/assets/ThemeIcon-BbGft6T9.js                  63.88 kB │ gzip:  21.58 kB
../../../../../../mnt/c/Users/USER/projects/aidev/state/runs/2026-10-08-160834-qurio-improve/web-dist/assets/api-BiburZxh.js                        72.14 kB │ gzip:  22.80 kB
../../../../../../mnt/c/Users/USER/projects/aidev/state/runs/2026-10-08-160834-qurio-improve/web-dist/assets/WorkspacePages-Depl2zS5.js             75.19 kB │ gzip:  21.97 kB
../../../../../../mnt/c/Users/USER/projects/aidev/state/runs/2026-10-08-160834-qurio-improve/web-dist/assets/AdminPages-CrVO3tVq.js                196.23 kB │ gzip:  51.18 kB
../../../../../../mnt/c/Users/USER/projects/aidev/state/runs/2026-10-08-160834-qurio-improve/web-dist/assets/index-DF2Llduv.js                     408.01 kB │ gzip: 125.69 kB

✓ built in 1.20s
