Downloading Chrome for Testing 151.0.7922.34 (playwright chromium v1234)[2m from https://cdn.playwright.dev/builds/cft/151.0.7922.34/linux64/chrome-linux64.zip[22m
|                                                                                |   0% of 184.3 MiB
|■■■■■■■■                                                                        |  10% of 184.3 MiB
|■■■■■■■■■■■■■■■■                                                                |  20% of 184.3 MiB
|■■■■■■■■■■■■■■■■■■■■■■■■                                                        |  30% of 184.3 MiB
|■■■■■■■■■■■■■■■■■■■■■■■■■■■■■■■■                                                |  40% of 184.3 MiB
|■■■■■■■■■■■■■■■■■■■■■■■■■■■■■■■■■■■■■■■■                                        |  50% of 184.3 MiB
|■■■■■■■■■■■■■■■■■■■■■■■■■■■■■■■■■■■■■■■■■■■■■■■■                                |  60% of 184.3 MiB
|■■■■■■■■■■■■■■■■■■■■■■■■■■■■■■■■■■■■■■■■■■■■■■■■■■■■■■■■                        |  70% of 184.3 MiB
|■■■■■■■■■■■■■■■■■■■■■■■■■■■■■■■■■■■■■■■■■■■■■■■■■■■■■■■■■■■■■■■■                |  80% of 184.3 MiB
|■■■■■■■■■■■■■■■■■■■■■■■■■■■■■■■■■■■■■■■■■■■■■■■■■■■■■■■■■■■■■■■■■■■■■■■■        |  90% of 184.3 MiB
|■■■■■■■■■■■■■■■■■■■■■■■■■■■■■■■■■■■■■■■■■■■■■■■■■■■■■■■■■■■■■■■■■■■■■■■■■■■■■■■■| 100% of 184.3 MiB
Error: ENOENT: no such file or directory, chmod '/mnt/c/Users/USER/projects/aidev/state/runs/2026-10-08-104911-appstore-improve/home/.cache/ms-playwright/chromium-1234/chrome-linux64/chrome'
    at async Object.chmod (node:internal/fs/promises:1087:10)
    at async main (/home/hkjang/.cache/auto-improve-wt/appstore/web/node_modules/playwright-core/lib/coreBundle.js:32189:5)
    at async process.<anonymous> (/home/hkjang/.cache/auto-improve-wt/appstore/web/node_modules/playwright-core/lib/coreBundle.js:32198:9) {
  errno: -2,
  code: 'ENOENT',
  syscall: 'chmod',
  path: '/mnt/c/Users/USER/projects/aidev/state/runs/2026-10-08-104911-appstore-improve/home/.cache/ms-playwright/chromium-1234/chrome-linux64/chrome'
}
Downloading Chrome for Testing 151.0.7922.34 (playwright chromium v1234)[2m from https://cdn.playwright.dev/builds/cft/151.0.7922.34/linux64/chrome-linux64.zip[22m
|                                                                                |   0% of 184.3 MiB
|■■■■■■■■                                                                        |  10% of 184.3 MiB
|■■■■■■■■■■■■■■■■                                                                |  20% of 184.3 MiB
|■■■■■■■■■■■■■■■■■■■■■■■■                                                        |  30% of 184.3 MiB
|■■■■■■■■■■■■■■■■■■■■■■■■■■■■■■■■                                                |  40% of 184.3 MiB
